
*** FANTASY LEAGUE CHATBOT - FULL SYSTEM TEST ***

Initializing database...
2025-12-04 17:56:52,616 INFO sqlalchemy.engine.Engine BEGIN (implicit)
2025-12-04 17:56:52,616 INFO sqlalchemy.engine.Engine PRAGMA main.table_info("users")
2025-12-04 17:56:52,616 INFO sqlalchemy.engine.Engine [raw sql] ()
2025-12-04 17:56:52,617 INFO sqlalchemy.engine.Engine PRAGMA main.table_info("leagues")
2025-12-04 17:56:52,617 INFO sqlalchemy.engine.Engine [raw sql] ()
2025-12-04 17:56:52,618 INFO sqlalchemy.engine.Engine PRAGMA main.table_info("players")
2025-12-04 17:56:52,618 INFO sqlalchemy.engine.Engine [raw sql] ()
2025-12-04 17:56:52,618 INFO sqlalchemy.engine.Engine PRAGMA main.table_info("rosters")
2025-12-04 17:56:52,618 INFO sqlalchemy.engine.Engine [raw sql] ()
2025-12-04 17:56:52,618 INFO sqlalchemy.engine.Engine PRAGMA main.table_info("projections_daily")
2025-12-04 17:56:52,618 INFO sqlalchemy.engine.Engine [raw sql] ()
2025-12-04 17:56:52,619 INFO sqlalchemy.engine.Engine PRAGMA main.table_info("projections_weekly")
2025-12-04 17:56:52,619 INFO sqlalchemy.engine.Engine [raw sql] ()
2025-12-04 17:56:52,619 INFO sqlalchemy.engine.Engine PRAGMA main.table_info("projections_ros")
2025-12-04 17:56:52,619 INFO sqlalchemy.engine.Engine [raw sql] ()
2025-12-04 17:56:52,619 INFO sqlalchemy.engine.Engine PRAGMA main.table_info("api_keys")
2025-12-04 17:56:52,619 INFO sqlalchemy.engine.Engine [raw sql] ()
2025-12-04 17:56:52,620 INFO sqlalchemy.engine.Engine COMMIT

[+] Resetting database...
2025-12-04 17:56:52,620 INFO sqlalchemy.engine.Engine BEGIN (implicit)
2025-12-04 17:56:52,621 INFO sqlalchemy.engine.Engine PRAGMA main.table_info("users")
2025-12-04 17:56:52,621 INFO sqlalchemy.engine.Engine [raw sql] ()
2025-12-04 17:56:52,621 INFO sqlalchemy.engine.Engine PRAGMA main.table_info("leagues")
2025-12-04 17:56:52,621 INFO sqlalchemy.engine.Engine [raw sql] ()
2025-12-04 17:56:52,621 INFO sqlalchemy.engine.Engine PRAGMA main.table_info("players")
2025-12-04 17:56:52,621 INFO sqlalchemy.engine.Engine [raw sql] ()
2025-12-04 17:56:52,622 INFO sqlalchemy.engine.Engine PRAGMA main.table_info("rosters")
2025-12-04 17:56:52,622 INFO sqlalchemy.engine.Engine [raw sql] ()
2025-12-04 17:56:52,622 INFO sqlalchemy.engine.Engine PRAGMA main.table_info("projections_daily")
2025-12-04 17:56:52,622 INFO sqlalchemy.engine.Engine [raw sql] ()
2025-12-04 17:56:52,622 INFO sqlalchemy.engine.Engine PRAGMA main.table_info("projections_weekly")
2025-12-04 17:56:52,622 INFO sqlalchemy.engine.Engine [raw sql] ()
2025-12-04 17:56:52,623 INFO sqlalchemy.engine.Engine PRAGMA main.table_info("projections_ros")
2025-12-04 17:56:52,623 INFO sqlalchemy.engine.Engine [raw sql] ()
2025-12-04 17:56:52,623 INFO sqlalchemy.engine.Engine PRAGMA main.table_info("api_keys")
2025-12-04 17:56:52,623 INFO sqlalchemy.engine.Engine [raw sql] ()
2025-12-04 17:56:52,624 INFO sqlalchemy.engine.Engine 
DROP TABLE rosters
2025-12-04 17:56:52,624 INFO sqlalchemy.engine.Engine [no key 0.00010s] ()
2025-12-04 17:56:52,632 INFO sqlalchemy.engine.Engine 
DROP TABLE api_keys
2025-12-04 17:56:52,632 INFO sqlalchemy.engine.Engine [no key 0.00027s] ()
2025-12-04 17:56:52,638 INFO sqlalchemy.engine.Engine 
DROP TABLE projections_ros
2025-12-04 17:56:52,638 INFO sqlalchemy.engine.Engine [no key 0.00026s] ()
2025-12-04 17:56:52,645 INFO sqlalchemy.engine.Engine 
DROP TABLE projections_weekly
2025-12-04 17:56:52,645 INFO sqlalchemy.engine.Engine [no key 0.00031s] ()
2025-12-04 17:56:52,652 INFO sqlalchemy.engine.Engine 
DROP TABLE projections_daily
2025-12-04 17:56:52,652 INFO sqlalchemy.engine.Engine [no key 0.00026s] ()
2025-12-04 17:56:52,659 INFO sqlalchemy.engine.Engine 
DROP TABLE leagues
2025-12-04 17:56:52,659 INFO sqlalchemy.engine.Engine [no key 0.00026s] ()
2025-12-04 17:56:52,666 INFO sqlalchemy.engine.Engine 
DROP TABLE players
2025-12-04 17:56:52,666 INFO sqlalchemy.engine.Engine [no key 0.00024s] ()
2025-12-04 17:56:52,673 INFO sqlalchemy.engine.Engine 
DROP TABLE users
2025-12-04 17:56:52,673 INFO sqlalchemy.engine.Engine [no key 0.00017s] ()
2025-12-04 17:56:52,678 INFO sqlalchemy.engine.Engine COMMIT
2025-12-04 17:56:52,679 INFO sqlalchemy.engine.Engine BEGIN (implicit)
2025-12-04 17:56:52,679 INFO sqlalchemy.engine.Engine PRAGMA main.table_info("users")
2025-12-04 17:56:52,680 INFO sqlalchemy.engine.Engine [raw sql] ()
2025-12-04 17:56:52,681 INFO sqlalchemy.engine.Engine PRAGMA temp.table_info("users")
2025-12-04 17:56:52,681 INFO sqlalchemy.engine.Engine [raw sql] ()
2025-12-04 17:56:52,681 INFO sqlalchemy.engine.Engine PRAGMA main.table_info("leagues")
2025-12-04 17:56:52,681 INFO sqlalchemy.engine.Engine [raw sql] ()
2025-12-04 17:56:52,682 INFO sqlalchemy.engine.Engine PRAGMA temp.table_info("leagues")
2025-12-04 17:56:52,682 INFO sqlalchemy.engine.Engine [raw sql] ()
2025-12-04 17:56:52,682 INFO sqlalchemy.engine.Engine PRAGMA main.table_info("players")
2025-12-04 17:56:52,682 INFO sqlalchemy.engine.Engine [raw sql] ()
2025-12-04 17:56:52,682 INFO sqlalchemy.engine.Engine PRAGMA temp.table_info("players")
2025-12-04 17:56:52,682 INFO sqlalchemy.engine.Engine [raw sql] ()
2025-12-04 17:56:52,682 INFO sqlalchemy.engine.Engine PRAGMA main.table_info("rosters")
2025-12-04 17:56:52,682 INFO sqlalchemy.engine.Engine [raw sql] ()
2025-12-04 17:56:52,683 INFO sqlalchemy.engine.Engine PRAGMA temp.table_info("rosters")
2025-12-04 17:56:52,683 INFO sqlalchemy.engine.Engine [raw sql] ()
2025-12-04 17:56:52,683 INFO sqlalchemy.engine.Engine PRAGMA main.table_info("projections_daily")
2025-12-04 17:56:52,683 INFO sqlalchemy.engine.Engine [raw sql] ()
2025-12-04 17:56:52,683 INFO sqlalchemy.engine.Engine PRAGMA temp.table_info("projections_daily")
2025-12-04 17:56:52,683 INFO sqlalchemy.engine.Engine [raw sql] ()
2025-12-04 17:56:52,683 INFO sqlalchemy.engine.Engine PRAGMA main.table_info("projections_weekly")
2025-12-04 17:56:52,683 INFO sqlalchemy.engine.Engine [raw sql] ()
2025-12-04 17:56:52,684 INFO sqlalchemy.engine.Engine PRAGMA temp.table_info("projections_weekly")
2025-12-04 17:56:52,684 INFO sqlalchemy.engine.Engine [raw sql] ()
2025-12-04 17:56:52,684 INFO sqlalchemy.engine.Engine PRAGMA main.table_info("projections_ros")
2025-12-04 17:56:52,684 INFO sqlalchemy.engine.Engine [raw sql] ()
2025-12-04 17:56:52,684 INFO sqlalchemy.engine.Engine PRAGMA temp.table_info("projections_ros")
2025-12-04 17:56:52,684 INFO sqlalchemy.engine.Engine [raw sql] ()
2025-12-04 17:56:52,684 INFO sqlalchemy.engine.Engine PRAGMA main.table_info("api_keys")
2025-12-04 17:56:52,684 INFO sqlalchemy.engine.Engine [raw sql] ()
2025-12-04 17:56:52,685 INFO sqlalchemy.engine.Engine PRAGMA temp.table_info("api_keys")
2025-12-04 17:56:52,685 INFO sqlalchemy.engine.Engine [raw sql] ()
2025-12-04 17:56:52,685 INFO sqlalchemy.engine.Engine 
CREATE TABLE users (
	id VARCHAR(36) NOT NULL, 
	created_at DATETIME NOT NULL, 
	PRIMARY KEY (id)
)


2025-12-04 17:56:52,685 INFO sqlalchemy.engine.Engine [no key 0.00009s] ()
2025-12-04 17:56:52,692 INFO sqlalchemy.engine.Engine 
CREATE TABLE players (
	id INTEGER NOT NULL, 
	razzball_id INTEGER, 
	name VARCHAR(255) NOT NULL, 
	team VARCHAR(10), 
	position VARCHAR(20), 
	fantrax_id VARCHAR(50), 
	nfbc_id INTEGER, 
	created_at DATETIME NOT NULL, 
	PRIMARY KEY (id)
)


2025-12-04 17:56:52,692 INFO sqlalchemy.engine.Engine [no key 0.00018s] ()
2025-12-04 17:56:52,698 INFO sqlalchemy.engine.Engine CREATE INDEX ix_players_name ON players (name)
2025-12-04 17:56:52,698 INFO sqlalchemy.engine.Engine [no key 0.00026s] ()
2025-12-04 17:56:52,705 INFO sqlalchemy.engine.Engine CREATE UNIQUE INDEX ix_players_razzball_id ON players (razzball_id)
2025-12-04 17:56:52,706 INFO sqlalchemy.engine.Engine [no key 0.00030s] ()
2025-12-04 17:56:52,712 INFO sqlalchemy.engine.Engine CREATE INDEX ix_players_nfbc_id ON players (nfbc_id)
2025-12-04 17:56:52,712 INFO sqlalchemy.engine.Engine [no key 0.00051s] ()
2025-12-04 17:56:52,721 INFO sqlalchemy.engine.Engine CREATE INDEX ix_players_fantrax_id ON players (fantrax_id)
2025-12-04 17:56:52,721 INFO sqlalchemy.engine.Engine [no key 0.00025s] ()
2025-12-04 17:56:52,727 INFO sqlalchemy.engine.Engine 
CREATE TABLE leagues (
	id VARCHAR(36) NOT NULL, 
	user_id VARCHAR(36) NOT NULL, 
	league_type VARCHAR(20) NOT NULL, 
	csv_filename VARCHAR(255), 
	uploaded_at DATETIME NOT NULL, 
	PRIMARY KEY (id), 
	FOREIGN KEY(user_id) REFERENCES users (id)
)


2025-12-04 17:56:52,727 INFO sqlalchemy.engine.Engine [no key 0.00015s] ()
2025-12-04 17:56:52,734 INFO sqlalchemy.engine.Engine 
CREATE TABLE projections_daily (
	id INTEGER NOT NULL, 
	player_id INTEGER NOT NULL, 
	date DATE NOT NULL, 
	pa DECIMAL(5, 2), 
	ab DECIMAL(5, 2), 
	h DECIMAL(5, 2), 
	r DECIMAL(5, 2), 
	hr DECIMAL(5, 2), 
	rbi DECIMAL(5, 2), 
	sb DECIMAL(5, 2), 
	bb DECIMAL(5, 2), 
	so DECIMAL(5, 2), 
	avg DECIMAL(5, 3), 
	obp DECIMAL(5, 3), 
	slg DECIMAL(5, 3), 
	ip DECIMAL(5, 2), 
	k DECIMAL(5, 2), 
	w DECIMAL(5, 2), 
	l DECIMAL(5, 2), 
	sv DECIMAL(5, 2), 
	era DECIMAL(5, 2), 
	whip DECIMAL(5, 2), 
	fetched_at DATETIME NOT NULL, 
	PRIMARY KEY (id), 
	CONSTRAINT unique_daily_projection UNIQUE (player_id, date), 
	FOREIGN KEY(player_id) REFERENCES players (id)
)


2025-12-04 17:56:52,734 INFO sqlalchemy.engine.Engine [no key 0.00017s] ()
2025-12-04 17:56:52,741 INFO sqlalchemy.engine.Engine 
CREATE TABLE projections_weekly (
	id INTEGER NOT NULL, 
	player_id INTEGER NOT NULL, 
	week_start DATE NOT NULL, 
	pa DECIMAL(6, 2), 
	ab DECIMAL(6, 2), 
	h DECIMAL(6, 2), 
	r DECIMAL(6, 2), 
	hr DECIMAL(6, 2), 
	rbi DECIMAL(6, 2), 
	sb DECIMAL(6, 2), 
	bb DECIMAL(6, 2), 
	so DECIMAL(6, 2), 
	avg DECIMAL(5, 3), 
	obp DECIMAL(5, 3), 
	slg DECIMAL(5, 3), 
	ip DECIMAL(6, 2), 
	k DECIMAL(6, 2), 
	w DECIMAL(5, 2), 
	l DECIMAL(5, 2), 
	sv DECIMAL(5, 2), 
	era DECIMAL(5, 2), 
	whip DECIMAL(5, 2), 
	fetched_at DATETIME NOT NULL, 
	PRIMARY KEY (id), 
	CONSTRAINT unique_weekly_projection UNIQUE (player_id, week_start), 
	FOREIGN KEY(player_id) REFERENCES players (id)
)


2025-12-04 17:56:52,741 INFO sqlalchemy.engine.Engine [no key 0.00014s] ()
2025-12-04 17:56:52,748 INFO sqlalchemy.engine.Engine 
CREATE TABLE projections_ros (
	id INTEGER NOT NULL, 
	player_id INTEGER NOT NULL, 
	season INTEGER NOT NULL, 
	pa DECIMAL(7, 2), 
	ab DECIMAL(7, 2), 
	h DECIMAL(7, 2), 
	r DECIMAL(7, 2), 
	hr DECIMAL(7, 2), 
	rbi DECIMAL(7, 2), 
	sb DECIMAL(7, 2), 
	bb DECIMAL(7, 2), 
	so DECIMAL(7, 2), 
	avg DECIMAL(5, 3), 
	obp DECIMAL(5, 3), 
	slg DECIMAL(5, 3), 
	ip DECIMAL(7, 2), 
	k DECIMAL(7, 2), 
	w DECIMAL(5, 2), 
	l DECIMAL(5, 2), 
	sv DECIMAL(5, 2), 
	era DECIMAL(5, 2), 
	whip DECIMAL(5, 2), 
	fetched_at DATETIME NOT NULL, 
	PRIMARY KEY (id), 
	CONSTRAINT unique_ros_projection UNIQUE (player_id, season), 
	FOREIGN KEY(player_id) REFERENCES players (id)
)


2025-12-04 17:56:52,748 INFO sqlalchemy.engine.Engine [no key 0.00035s] ()
2025-12-04 17:56:52,755 INFO sqlalchemy.engine.Engine 
CREATE TABLE api_keys (
	id INTEGER NOT NULL, 
	user_id VARCHAR(36) NOT NULL, 
	provider VARCHAR(20) NOT NULL, 
	encrypted_key TEXT NOT NULL, 
	created_at DATETIME NOT NULL, 
	PRIMARY KEY (id), 
	FOREIGN KEY(user_id) REFERENCES users (id)
)


2025-12-04 17:56:52,755 INFO sqlalchemy.engine.Engine [no key 0.00018s] ()
2025-12-04 17:56:52,761 INFO sqlalchemy.engine.Engine 
CREATE TABLE rosters (
	id INTEGER NOT NULL, 
	league_id VARCHAR(36) NOT NULL, 
	player_id INTEGER NOT NULL, 
	team_owner VARCHAR(255) NOT NULL, 
	status VARCHAR(50), 
	created_at DATETIME NOT NULL, 
	PRIMARY KEY (id), 
	FOREIGN KEY(league_id) REFERENCES leagues (id), 
	FOREIGN KEY(player_id) REFERENCES players (id)
)


2025-12-04 17:56:52,761 INFO sqlalchemy.engine.Engine [no key 0.00016s] ()
2025-12-04 17:56:52,768 INFO sqlalchemy.engine.Engine COMMIT
[DONE] Database reset complete

============================================================
TEST 1: CSV PARSING
============================================================

[OK] Fantrax:
   - Type: fantrax
   - Total players: 9882
   - Owned: 9882
   - Free Agents: 0
   - Sample: Garrett Crochet

[FAIL] CBS Sports: Unknown CSV format. Could not detect league type.

[FAIL] NFBC: 'ID'


============================================================
TEST 2: PROJECTION LOADING
============================================================

2025-12-04 17:56:53,780 INFO sqlalchemy.engine.Engine BEGIN (implicit)
2025-12-04 17:56:53,785 INFO sqlalchemy.engine.Engine SELECT players.id AS players_id, players.razzball_id AS players_razzball_id, players.name AS players_name, players.team AS players_team, players.position AS players_position, players.fantrax_id AS players_fantrax_id, players.nfbc_id AS players_nfbc_id, players.created_at AS players_created_at 
FROM players 
WHERE players.razzball_id = ?
 LIMIT ? OFFSET ?
2025-12-04 17:56:53,785 INFO sqlalchemy.engine.Engine [generated in 0.00030s] (15640, 1, 0)
2025-12-04 17:56:53,787 INFO sqlalchemy.engine.Engine INSERT INTO players (razzball_id, name, team, position, fantrax_id, nfbc_id, created_at) VALUES (?, ?, ?, ?, ?, ?, ?)
2025-12-04 17:56:53,787 INFO sqlalchemy.engine.Engine [generated in 0.00021s] (15640, 'Aaron Judge', 'NYY', 'OF', None, None, '2025-12-04 12:56:53.787222')
2025-12-04 17:56:53,793 INFO sqlalchemy.engine.Engine SELECT projections_daily.id AS projections_daily_id, projections_daily.player_id AS projections_daily_player_id, projections_daily.date AS projections_daily_date, projections_daily.pa AS projections_daily_pa, projections_daily.ab AS projections_daily_ab, projections_daily.h AS projections_daily_h, projections_daily.r AS projections_daily_r, projections_daily.hr AS projections_daily_hr, projections_daily.rbi AS projections_daily_rbi, projections_daily.sb AS projections_daily_sb, projections_daily.bb AS projections_daily_bb, projections_daily.so AS projections_daily_so, projections_daily.avg AS projections_daily_avg, projections_daily.obp AS projections_daily_obp, projections_daily.slg AS projections_daily_slg, projections_daily.ip AS projections_daily_ip, projections_daily.k AS projections_daily_k, projections_daily.w AS projections_daily_w, projections_daily.l AS projections_daily_l, projections_daily.sv AS projections_daily_sv, projections_daily.era AS projections_daily_era, projections_daily.whip AS projections_daily_whip, projections_daily.fetched_at AS projections_daily_fetched_at 
FROM projections_daily 
WHERE projections_daily.player_id = ? AND projections_daily.date = ?
 LIMIT ? OFFSET ?
2025-12-04 17:56:53,793 INFO sqlalchemy.engine.Engine [generated in 0.00023s] (1, '2024-10-04', 1, 0)
2025-12-04 17:56:53,794 INFO sqlalchemy.engine.Engine SELECT players.id AS players_id, players.razzball_id AS players_razzball_id, players.name AS players_name, players.team AS players_team, players.position AS players_position, players.fantrax_id AS players_fantrax_id, players.nfbc_id AS players_nfbc_id, players.created_at AS players_created_at 
FROM players 
WHERE players.razzball_id = ?
 LIMIT ? OFFSET ?
2025-12-04 17:56:53,795 INFO sqlalchemy.engine.Engine [cached since 0.009881s ago] (11477, 1, 0)
2025-12-04 17:56:53,797 INFO sqlalchemy.engine.Engine INSERT INTO players (razzball_id, name, team, position, fantrax_id, nfbc_id, created_at) VALUES (?, ?, ?, ?, ?, ?, ?)
2025-12-04 17:56:53,797 INFO sqlalchemy.engine.Engine [cached since 0.009885s ago] (11477, 'Christian Yelich', 'MIL', 'OF', None, None, '2025-12-04 12:56:53.797163')
2025-12-04 17:56:53,800 INFO sqlalchemy.engine.Engine INSERT INTO projections_daily (player_id, date, pa, ab, h, r, hr, rbi, sb, bb, so, avg, obp, slg, ip, k, w, l, sv, era, whip, fetched_at) VALUES (?, ?, ?, ?, ?, ?, ?, ?, ?, ?, ?, ?, ?, ?, ?, ?, ?, ?, ?, ?, ?, ?)
2025-12-04 17:56:53,800 INFO sqlalchemy.engine.Engine [generated in 0.00033s] (1, '2024-10-04', 4.5, 3.8, 1.0, 0.65, 0.29, 0.58, 0.09, 0.56, 1.31, 0.262, 0.358, 0.541, None, None, None, None, None, None, None, '2025-12-04 12:56:53.800185')
2025-12-04 17:56:53,801 INFO sqlalchemy.engine.Engine SELECT projections_daily.id AS projections_daily_id, projections_daily.player_id AS projections_daily_player_id, projections_daily.date AS projections_daily_date, projections_daily.pa AS projections_daily_pa, projections_daily.ab AS projections_daily_ab, projections_daily.h AS projections_daily_h, projections_daily.r AS projections_daily_r, projections_daily.hr AS projections_daily_hr, projections_daily.rbi AS projections_daily_rbi, projections_daily.sb AS projections_daily_sb, projections_daily.bb AS projections_daily_bb, projections_daily.so AS projections_daily_so, projections_daily.avg AS projections_daily_avg, projections_daily.obp AS projections_daily_obp, projections_daily.slg AS projections_daily_slg, projections_daily.ip AS projections_daily_ip, projections_daily.k AS projections_daily_k, projections_daily.w AS projections_daily_w, projections_daily.l AS projections_daily_l, projections_daily.sv AS projections_daily_sv, projections_daily.era AS projections_daily_era, projections_daily.whip AS projections_daily_whip, projections_daily.fetched_at AS projections_daily_fetched_at 
FROM projections_daily 
WHERE projections_daily.player_id = ? AND projections_daily.date = ?
 LIMIT ? OFFSET ?
2025-12-04 17:56:53,801 INFO sqlalchemy.engine.Engine [cached since 0.00784s ago] (2, '2024-10-04', 1, 0)
2025-12-04 17:56:53,802 INFO sqlalchemy.engine.Engine SELECT players.id AS players_id, players.razzball_id AS players_razzball_id, players.name AS players_name, players.team AS players_team, players.position AS players_position, players.fantrax_id AS players_fantrax_id, players.nfbc_id AS players_nfbc_id, players.created_at AS players_created_at 
FROM players 
WHERE players.razzball_id = ?
 LIMIT ? OFFSET ?
2025-12-04 17:56:53,802 INFO sqlalchemy.engine.Engine [cached since 0.01711s ago] (694192, 1, 0)
2025-12-04 17:56:53,802 INFO sqlalchemy.engine.Engine INSERT INTO players (razzball_id, name, team, position, fantrax_id, nfbc_id, created_at) VALUES (?, ?, ?, ?, ?, ?, ?)
2025-12-04 17:56:53,803 INFO sqlalchemy.engine.Engine [cached since 0.0153s ago] (694192, 'Jackson Chourio', 'MIL', 'OF', None, None, '2025-12-04 12:56:53.802180')
2025-12-04 17:56:53,803 INFO sqlalchemy.engine.Engine INSERT INTO projections_daily (player_id, date, pa, ab, h, r, hr, rbi, sb, bb, so, avg, obp, slg, ip, k, w, l, sv, era, whip, fetched_at) VALUES (?, ?, ?, ?, ?, ?, ?, ?, ?, ?, ?, ?, ?, ?, ?, ?, ?, ?, ?, ?, ?, ?)
2025-12-04 17:56:53,803 INFO sqlalchemy.engine.Engine [cached since 0.003213s ago] (2, '2024-10-04', 4.3, 3.8, 1.01, 0.66, 0.2, 0.51, 0.15, 0.37, 0.97, 0.265, 0.332, 0.478, None, None, None, None, None, None, None, '2025-12-04 12:56:53.803179')
2025-12-04 17:56:53,804 INFO sqlalchemy.engine.Engine SELECT projections_daily.id AS projections_daily_id, projections_daily.player_id AS projections_daily_player_id, projections_daily.date AS projections_daily_date, projections_daily.pa AS projections_daily_pa, projections_daily.ab AS projections_daily_ab, projections_daily.h AS projections_daily_h, projections_daily.r AS projections_daily_r, projections_daily.hr AS projections_daily_hr, projections_daily.rbi AS projections_daily_rbi, projections_daily.sb AS projections_daily_sb, projections_daily.bb AS projections_daily_bb, projections_daily.so AS projections_daily_so, projections_daily.avg AS projections_daily_avg, projections_daily.obp AS projections_daily_obp, projections_daily.slg AS projections_daily_slg, projections_daily.ip AS projections_daily_ip, projections_daily.k AS projections_daily_k, projections_daily.w AS projections_daily_w, projections_daily.l AS projections_daily_l, projections_daily.sv AS projections_daily_sv, projections_daily.era AS projections_daily_era, projections_daily.whip AS projections_daily_whip, projections_daily.fetched_at AS projections_daily_fetched_at 
FROM projections_daily 
WHERE projections_daily.player_id = ? AND projections_daily.date = ?
 LIMIT ? OFFSET ?
2025-12-04 17:56:53,804 INFO sqlalchemy.engine.Engine [cached since 0.01034s ago] (3, '2024-10-04', 1, 0)
2025-12-04 17:56:53,804 INFO sqlalchemy.engine.Engine SELECT players.id AS players_id, players.razzball_id AS players_razzball_id, players.name AS players_name, players.team AS players_team, players.position AS players_position, players.fantrax_id AS players_fantrax_id, players.nfbc_id AS players_nfbc_id, players.created_at AS players_created_at 
FROM players 
WHERE players.razzball_id = ?
 LIMIT ? OFFSET ?
2025-12-04 17:56:53,804 INFO sqlalchemy.engine.Engine [cached since 0.01954s ago] (677594, 1, 0)
2025-12-04 17:56:53,805 INFO sqlalchemy.engine.Engine INSERT INTO players (razzball_id, name, team, position, fantrax_id, nfbc_id, created_at) VALUES (?, ?, ?, ?, ?, ?, ?)
2025-12-04 17:56:53,805 INFO sqlalchemy.engine.Engine [cached since 0.0177s ago] (677594, 'Julio Rodriguez', 'SEA', 'OF', None, None, '2025-12-04 12:56:53.805171')
2025-12-04 17:56:53,805 INFO sqlalchemy.engine.Engine INSERT INTO projections_daily (player_id, date, pa, ab, h, r, hr, rbi, sb, bb, so, avg, obp, slg, ip, k, w, l, sv, era, whip, fetched_at) VALUES (?, ?, ?, ?, ?, ?, ?, ?, ?, ?, ?, ?, ?, ?, ?, ?, ?, ?, ?, ?, ?, ?)
2025-12-04 17:56:53,805 INFO sqlalchemy.engine.Engine [cached since 0.005597s ago] (3, '2024-10-04', 4.2, 3.9, 1.03, 0.59, 0.19, 0.53, 0.17, 0.18, 0.84, 0.264, 0.297, 0.478, None, None, None, None, None, None, None, '2025-12-04 12:56:53.805171')
2025-12-04 17:56:53,806 INFO sqlalchemy.engine.Engine SELECT projections_daily.id AS projections_daily_id, projections_daily.player_id AS projections_daily_player_id, projections_daily.date AS projections_daily_date, projections_daily.pa AS projections_daily_pa, projections_daily.ab AS projections_daily_ab, projections_daily.h AS projections_daily_h, projections_daily.r AS projections_daily_r, projections_daily.hr AS projections_daily_hr, projections_daily.rbi AS projections_daily_rbi, projections_daily.sb AS projections_daily_sb, projections_daily.bb AS projections_daily_bb, projections_daily.so AS projections_daily_so, projections_daily.avg AS projections_daily_avg, projections_daily.obp AS projections_daily_obp, projections_daily.slg AS projections_daily_slg, projections_daily.ip AS projections_daily_ip, projections_daily.k AS projections_daily_k, projections_daily.w AS projections_daily_w, projections_daily.l AS projections_daily_l, projections_daily.sv AS projections_daily_sv, projections_daily.era AS projections_daily_era, projections_daily.whip AS projections_daily_whip, projections_daily.fetched_at AS projections_daily_fetched_at 
FROM projections_daily 
WHERE projections_daily.player_id = ? AND projections_daily.date = ?
 LIMIT ? OFFSET ?
2025-12-04 17:56:53,806 INFO sqlalchemy.engine.Engine [cached since 0.01272s ago] (4, '2024-10-04', 1, 0)
2025-12-04 17:56:53,807 INFO sqlalchemy.engine.Engine SELECT players.id AS players_id, players.razzball_id AS players_razzball_id, players.name AS players_name, players.team AS players_team, players.position AS players_position, players.fantrax_id AS players_fantrax_id, players.nfbc_id AS players_nfbc_id, players.created_at AS players_created_at 
FROM players 
WHERE players.razzball_id = ?
 LIMIT ? OFFSET ?
2025-12-04 17:56:53,807 INFO sqlalchemy.engine.Engine [cached since 0.02192s ago] (663728, 1, 0)
2025-12-04 17:56:53,807 INFO sqlalchemy.engine.Engine INSERT INTO players (razzball_id, name, team, position, fantrax_id, nfbc_id, created_at) VALUES (?, ?, ?, ?, ?, ?, ?)
2025-12-04 17:56:53,807 INFO sqlalchemy.engine.Engine [cached since 0.02007s ago] (663728, 'Cal Raleigh', 'SEA', 'C', None, None, '2025-12-04 12:56:53.807166')
2025-12-04 17:56:53,808 INFO sqlalchemy.engine.Engine INSERT INTO projections_daily (player_id, date, pa, ab, h, r, hr, rbi, sb, bb, so, avg, obp, slg, ip, k, w, l, sv, era, whip, fetched_at) VALUES (?, ?, ?, ?, ?, ?, ?, ?, ?, ?, ?, ?, ?, ?, ?, ?, ?, ?, ?, ?, ?, ?)
2025-12-04 17:56:53,808 INFO sqlalchemy.engine.Engine [cached since 0.007968s ago] (4, '2024-10-04', 4.0, 3.7, 1.0, 0.55, 0.2, 0.6, 0.11, 0.23, 0.86, 0.272, 0.322, 0.484, None, None, None, None, None, None, None, '2025-12-04 12:56:53.808165')
2025-12-04 17:56:53,808 INFO sqlalchemy.engine.Engine SELECT projections_daily.id AS projections_daily_id, projections_daily.player_id AS projections_daily_player_id, projections_daily.date AS projections_daily_date, projections_daily.pa AS projections_daily_pa, projections_daily.ab AS projections_daily_ab, projections_daily.h AS projections_daily_h, projections_daily.r AS projections_daily_r, projections_daily.hr AS projections_daily_hr, projections_daily.rbi AS projections_daily_rbi, projections_daily.sb AS projections_daily_sb, projections_daily.bb AS projections_daily_bb, projections_daily.so AS projections_daily_so, projections_daily.avg AS projections_daily_avg, projections_daily.obp AS projections_daily_obp, projections_daily.slg AS projections_daily_slg, projections_daily.ip AS projections_daily_ip, projections_daily.k AS projections_daily_k, projections_daily.w AS projections_daily_w, projections_daily.l AS projections_daily_l, projections_daily.sv AS projections_daily_sv, projections_daily.era AS projections_daily_era, projections_daily.whip AS projections_daily_whip, projections_daily.fetched_at AS projections_daily_fetched_at 
FROM projections_daily 
WHERE projections_daily.player_id = ? AND projections_daily.date = ?
 LIMIT ? OFFSET ?
2025-12-04 17:56:53,808 INFO sqlalchemy.engine.Engine [cached since 0.01509s ago] (5, '2024-10-04', 1, 0)
2025-12-04 17:56:53,809 INFO sqlalchemy.engine.Engine SELECT players.id AS players_id, players.razzball_id AS players_razzball_id, players.name AS players_name, players.team AS players_team, players.position AS players_position, players.fantrax_id AS players_fantrax_id, players.nfbc_id AS players_nfbc_id, players.created_at AS players_created_at 
FROM players 
WHERE players.razzball_id = ?
 LIMIT ? OFFSET ?
2025-12-04 17:56:53,809 INFO sqlalchemy.engine.Engine [cached since 0.02429s ago] (663656, 1, 0)
2025-12-04 17:56:53,810 INFO sqlalchemy.engine.Engine INSERT INTO players (razzball_id, name, team, position, fantrax_id, nfbc_id, created_at) VALUES (?, ?, ?, ?, ?, ?, ?)
2025-12-04 17:56:53,810 INFO sqlalchemy.engine.Engine [cached since 0.02244s ago] (663656, 'Kyle Tucker', 'CHC', 'OF', None, None, '2025-12-04 12:56:53.810158')
2025-12-04 17:56:53,810 INFO sqlalchemy.engine.Engine INSERT INTO projections_daily (player_id, date, pa, ab, h, r, hr, rbi, sb, bb, so, avg, obp, slg, ip, k, w, l, sv, era, whip, fetched_at) VALUES (?, ?, ?, ?, ?, ?, ?, ?, ?, ?, ?, ?, ?, ?, ?, ?, ?, ?, ?, ?, ?, ?)
2025-12-04 17:56:53,810 INFO sqlalchemy.engine.Engine [cached since 0.01034s ago] (5, '2024-10-04', 4.1, 3.6, 0.81, 0.65, 0.27, 0.59, 0.04, 0.48, 1.09, 0.228, 0.323, 0.494, None, None, None, None, None, None, None, '2025-12-04 12:56:53.810158')
2025-12-04 17:56:53,811 INFO sqlalchemy.engine.Engine SELECT projections_daily.id AS projections_daily_id, projections_daily.player_id AS projections_daily_player_id, projections_daily.date AS projections_daily_date, projections_daily.pa AS projections_daily_pa, projections_daily.ab AS projections_daily_ab, projections_daily.h AS projections_daily_h, projections_daily.r AS projections_daily_r, projections_daily.hr AS projections_daily_hr, projections_daily.rbi AS projections_daily_rbi, projections_daily.sb AS projections_daily_sb, projections_daily.bb AS projections_daily_bb, projections_daily.so AS projections_daily_so, projections_daily.avg AS projections_daily_avg, projections_daily.obp AS projections_daily_obp, projections_daily.slg AS projections_daily_slg, projections_daily.ip AS projections_daily_ip, projections_daily.k AS projections_daily_k, projections_daily.w AS projections_daily_w, projections_daily.l AS projections_daily_l, projections_daily.sv AS projections_daily_sv, projections_daily.era AS projections_daily_era, projections_daily.whip AS projections_daily_whip, projections_daily.fetched_at AS projections_daily_fetched_at 
FROM projections_daily 
WHERE projections_daily.player_id = ? AND projections_daily.date = ?
 LIMIT ? OFFSET ?
2025-12-04 17:56:53,811 INFO sqlalchemy.engine.Engine [cached since 0.01767s ago] (6, '2024-10-04', 1, 0)
2025-12-04 17:56:53,812 INFO sqlalchemy.engine.Engine SELECT players.id AS players_id, players.razzball_id AS players_razzball_id, players.name AS players_name, players.team AS players_team, players.position AS players_position, players.fantrax_id AS players_fantrax_id, players.nfbc_id AS players_nfbc_id, players.created_at AS players_created_at 
FROM players 
WHERE players.razzball_id = ?
 LIMIT ? OFFSET ?
2025-12-04 17:56:53,812 INFO sqlalchemy.engine.Engine [cached since 0.02725s ago] (665489, 1, 0)
2025-12-04 17:56:53,813 INFO sqlalchemy.engine.Engine INSERT INTO players (razzball_id, name, team, position, fantrax_id, nfbc_id, created_at) VALUES (?, ?, ?, ?, ?, ?, ?)
2025-12-04 17:56:53,814 INFO sqlalchemy.engine.Engine [cached since 0.02637s ago] (665489, 'Vladimir Guerrero Jr.', 'TOR', '1B', None, None, '2025-12-04 12:56:53.813119')
2025-12-04 17:56:53,814 INFO sqlalchemy.engine.Engine INSERT INTO projections_daily (player_id, date, pa, ab, h, r, hr, rbi, sb, bb, so, avg, obp, slg, ip, k, w, l, sv, era, whip, fetched_at) VALUES (?, ?, ?, ?, ?, ?, ?, ?, ?, ?, ?, ?, ?, ?, ?, ?, ?, ?, ?, ?, ?, ?)
2025-12-04 17:56:53,815 INFO sqlalchemy.engine.Engine [cached since 0.01492s ago] (6, '2024-10-04', 4.3, 3.7, 0.89, 0.49, 0.2, 0.55, 0.17, 0.57, 0.87, 0.245, 0.349, 0.468, None, None, None, None, None, None, None, '2025-12-04 12:56:53.814117')
2025-12-04 17:56:53,816 INFO sqlalchemy.engine.Engine SELECT projections_daily.id AS projections_daily_id, projections_daily.player_id AS projections_daily_player_id, projections_daily.date AS projections_daily_date, projections_daily.pa AS projections_daily_pa, projections_daily.ab AS projections_daily_ab, projections_daily.h AS projections_daily_h, projections_daily.r AS projections_daily_r, projections_daily.hr AS projections_daily_hr, projections_daily.rbi AS projections_daily_rbi, projections_daily.sb AS projections_daily_sb, projections_daily.bb AS projections_daily_bb, projections_daily.so AS projections_daily_so, projections_daily.avg AS projections_daily_avg, projections_daily.obp AS projections_daily_obp, projections_daily.slg AS projections_daily_slg, projections_daily.ip AS projections_daily_ip, projections_daily.k AS projections_daily_k, projections_daily.w AS projections_daily_w, projections_daily.l AS projections_daily_l, projections_daily.sv AS projections_daily_sv, projections_daily.era AS projections_daily_era, projections_daily.whip AS projections_daily_whip, projections_daily.fetched_at AS projections_daily_fetched_at 
FROM projections_daily 
WHERE projections_daily.player_id = ? AND projections_daily.date = ?
 LIMIT ? OFFSET ?
2025-12-04 17:56:53,816 INFO sqlalchemy.engine.Engine [cached since 0.02253s ago] (7, '2024-10-04', 1, 0)
2025-12-04 17:56:53,817 INFO sqlalchemy.engine.Engine SELECT players.id AS players_id, players.razzball_id AS players_razzball_id, players.name AS players_name, players.team AS players_team, players.position AS players_position, players.fantrax_id AS players_fantrax_id, players.nfbc_id AS players_nfbc_id, players.created_at AS players_created_at 
FROM players 
WHERE players.razzball_id = ?
 LIMIT ? OFFSET ?
2025-12-04 17:56:53,817 INFO sqlalchemy.engine.Engine [cached since 0.03191s ago] (647304, 1, 0)
2025-12-04 17:56:53,817 INFO sqlalchemy.engine.Engine INSERT INTO players (razzball_id, name, team, position, fantrax_id, nfbc_id, created_at) VALUES (?, ?, ?, ?, ?, ?, ?)
2025-12-04 17:56:53,817 INFO sqlalchemy.engine.Engine [cached since 0.03013s ago] (647304, 'Josh Naylor', 'SEA', '1B', None, None, '2025-12-04 12:56:53.817141')
2025-12-04 17:56:53,818 INFO sqlalchemy.engine.Engine INSERT INTO projections_daily (player_id, date, pa, ab, h, r, hr, rbi, sb, bb, so, avg, obp, slg, ip, k, w, l, sv, era, whip, fetched_at) VALUES (?, ?, ?, ?, ?, ?, ?, ?, ?, ?, ?, ?, ?, ?, ?, ?, ?, ?, ?, ?, ?, ?)
2025-12-04 17:56:53,818 INFO sqlalchemy.engine.Engine [cached since 0.01807s ago] (7, '2024-10-04', 4.1, 3.6, 1.0, 0.56, 0.16, 0.58, 0.04, 0.44, 0.66, 0.278, 0.361, 0.468, None, None, None, None, None, None, None, '2025-12-04 12:56:53.818138')
2025-12-04 17:56:53,818 INFO sqlalchemy.engine.Engine SELECT projections_daily.id AS projections_daily_id, projections_daily.player_id AS projections_daily_player_id, projections_daily.date AS projections_daily_date, projections_daily.pa AS projections_daily_pa, projections_daily.ab AS projections_daily_ab, projections_daily.h AS projections_daily_h, projections_daily.r AS projections_daily_r, projections_daily.hr AS projections_daily_hr, projections_daily.rbi AS projections_daily_rbi, projections_daily.sb AS projections_daily_sb, projections_daily.bb AS projections_daily_bb, projections_daily.so AS projections_daily_so, projections_daily.avg AS projections_daily_avg, projections_daily.obp AS projections_daily_obp, projections_daily.slg AS projections_daily_slg, projections_daily.ip AS projections_daily_ip, projections_daily.k AS projections_daily_k, projections_daily.w AS projections_daily_w, projections_daily.l AS projections_daily_l, projections_daily.sv AS projections_daily_sv, projections_daily.era AS projections_daily_era, projections_daily.whip AS projections_daily_whip, projections_daily.fetched_at AS projections_daily_fetched_at 
FROM projections_daily 
WHERE projections_daily.player_id = ? AND projections_daily.date = ?
 LIMIT ? OFFSET ?
2025-12-04 17:56:53,819 INFO sqlalchemy.engine.Engine [cached since 0.02523s ago] (8, '2024-10-04', 1, 0)
2025-12-04 17:56:53,819 INFO sqlalchemy.engine.Engine SELECT players.id AS players_id, players.razzball_id AS players_razzball_id, players.name AS players_name, players.team AS players_team, players.position AS players_position, players.fantrax_id AS players_fantrax_id, players.nfbc_id AS players_nfbc_id, players.created_at AS players_created_at 
FROM players 
WHERE players.razzball_id = ?
 LIMIT ? OFFSET ?
2025-12-04 17:56:53,819 INFO sqlalchemy.engine.Engine [cached since 0.03444s ago] (6602710, 1, 0)
2025-12-04 17:56:53,820 INFO sqlalchemy.engine.Engine INSERT INTO players (razzball_id, name, team, position, fantrax_id, nfbc_id, created_at) VALUES (?, ?, ?, ?, ?, ?, ?)
2025-12-04 17:56:53,820 INFO sqlalchemy.engine.Engine [cached since 0.0326s ago] (6602710, 'Shohei Ohtani', 'LAD', 'DH', None, None, '2025-12-04 12:56:53.820133')
2025-12-04 17:56:53,820 INFO sqlalchemy.engine.Engine INSERT INTO projections_daily (player_id, date, pa, ab, h, r, hr, rbi, sb, bb, so, avg, obp, slg, ip, k, w, l, sv, era, whip, fetched_at) VALUES (?, ?, ?, ?, ?, ?, ?, ?, ?, ?, ?, ?, ?, ?, ?, ?, ?, ?, ?, ?, ?, ?)
2025-12-04 17:56:53,820 INFO sqlalchemy.engine.Engine [cached since 0.02051s ago] (8, '2024-10-04', 3.9, 3.5, 0.94, 0.5, 0.17, 0.58, 0.08, 0.31, 0.58, 0.266, 0.327, 0.463, None, None, None, None, None, None, None, '2025-12-04 12:56:53.820133')
2025-12-04 17:56:53,821 INFO sqlalchemy.engine.Engine SELECT projections_daily.id AS projections_daily_id, projections_daily.player_id AS projections_daily_player_id, projections_daily.date AS projections_daily_date, projections_daily.pa AS projections_daily_pa, projections_daily.ab AS projections_daily_ab, projections_daily.h AS projections_daily_h, projections_daily.r AS projections_daily_r, projections_daily.hr AS projections_daily_hr, projections_daily.rbi AS projections_daily_rbi, projections_daily.sb AS projections_daily_sb, projections_daily.bb AS projections_daily_bb, projections_daily.so AS projections_daily_so, projections_daily.avg AS projections_daily_avg, projections_daily.obp AS projections_daily_obp, projections_daily.slg AS projections_daily_slg, projections_daily.ip AS projections_daily_ip, projections_daily.k AS projections_daily_k, projections_daily.w AS projections_daily_w, projections_daily.l AS projections_daily_l, projections_daily.sv AS projections_daily_sv, projections_daily.era AS projections_daily_era, projections_daily.whip AS projections_daily_whip, projections_daily.fetched_at AS projections_daily_fetched_at 
FROM projections_daily 
WHERE projections_daily.player_id = ? AND projections_daily.date = ?
 LIMIT ? OFFSET ?
2025-12-04 17:56:53,821 INFO sqlalchemy.engine.Engine [cached since 0.02764s ago] (9, '2024-10-04', 1, 0)
2025-12-04 17:56:53,822 INFO sqlalchemy.engine.Engine SELECT players.id AS players_id, players.razzball_id AS players_razzball_id, players.name AS players_name, players.team AS players_team, players.position AS players_position, players.fantrax_id AS players_fantrax_id, players.nfbc_id AS players_nfbc_id, players.created_at AS players_created_at 
FROM players 
WHERE players.razzball_id = ?
 LIMIT ? OFFSET ?
2025-12-04 17:56:53,822 INFO sqlalchemy.engine.Engine [cached since 0.03685s ago] (668930, 1, 0)
2025-12-04 17:56:53,822 INFO sqlalchemy.engine.Engine INSERT INTO players (razzball_id, name, team, position, fantrax_id, nfbc_id, created_at) VALUES (?, ?, ?, ?, ?, ?, ?)
2025-12-04 17:56:53,822 INFO sqlalchemy.engine.Engine [cached since 0.03501s ago] (668930, 'Brice Turang', 'MIL', '2B', None, None, '2025-12-04 12:56:53.822127')
2025-12-04 17:56:53,823 INFO sqlalchemy.engine.Engine INSERT INTO projections_daily (player_id, date, pa, ab, h, r, hr, rbi, sb, bb, so, avg, obp, slg, ip, k, w, l, sv, era, whip, fetched_at) VALUES (?, ?, ?, ?, ?, ?, ?, ?, ?, ?, ?, ?, ?, ?, ?, ?, ?, ?, ?, ?, ?, ?)
2025-12-04 17:56:53,823 INFO sqlalchemy.engine.Engine [cached since 0.02291s ago] (9, '2024-10-04', 4.6, 4.1, 1.0, 0.56, 0.21, 0.45, 0.12, 0.41, 1.3, 0.245, 0.317, 0.452, None, None, None, None, None, None, None, '2025-12-04 12:56:53.823125')
2025-12-04 17:56:53,823 INFO sqlalchemy.engine.Engine SELECT projections_daily.id AS projections_daily_id, projections_daily.player_id AS projections_daily_player_id, projections_daily.date AS projections_daily_date, projections_daily.pa AS projections_daily_pa, projections_daily.ab AS projections_daily_ab, projections_daily.h AS projections_daily_h, projections_daily.r AS projections_daily_r, projections_daily.hr AS projections_daily_hr, projections_daily.rbi AS projections_daily_rbi, projections_daily.sb AS projections_daily_sb, projections_daily.bb AS projections_daily_bb, projections_daily.so AS projections_daily_so, projections_daily.avg AS projections_daily_avg, projections_daily.obp AS projections_daily_obp, projections_daily.slg AS projections_daily_slg, projections_daily.ip AS projections_daily_ip, projections_daily.k AS projections_daily_k, projections_daily.w AS projections_daily_w, projections_daily.l AS projections_daily_l, projections_daily.sv AS projections_daily_sv, projections_daily.era AS projections_daily_era, projections_daily.whip AS projections_daily_whip, projections_daily.fetched_at AS projections_daily_fetched_at 
FROM projections_daily 
WHERE projections_daily.player_id = ? AND projections_daily.date = ?
 LIMIT ? OFFSET ?
2025-12-04 17:56:53,823 INFO sqlalchemy.engine.Engine [cached since 0.03004s ago] (10, '2024-10-04', 1, 0)
2025-12-04 17:56:53,824 INFO sqlalchemy.engine.Engine SELECT players.id AS players_id, players.razzball_id AS players_razzball_id, players.name AS players_name, players.team AS players_team, players.position AS players_position, players.fantrax_id AS players_fantrax_id, players.nfbc_id AS players_nfbc_id, players.created_at AS players_created_at 
FROM players 
WHERE players.razzball_id = ?
 LIMIT ? OFFSET ?
2025-12-04 17:56:53,824 INFO sqlalchemy.engine.Engine [cached since 0.03924s ago] (12856, 1, 0)
2025-12-04 17:56:53,825 INFO sqlalchemy.engine.Engine INSERT INTO players (razzball_id, name, team, position, fantrax_id, nfbc_id, created_at) VALUES (?, ?, ?, ?, ?, ?, ?)
2025-12-04 17:56:53,825 INFO sqlalchemy.engine.Engine [cached since 0.03739s ago] (12856, 'George Springer', 'TOR', 'OF', None, None, '2025-12-04 12:56:53.825119')
2025-12-04 17:56:53,825 INFO sqlalchemy.engine.Engine INSERT INTO projections_daily (player_id, date, pa, ab, h, r, hr, rbi, sb, bb, so, avg, obp, slg, ip, k, w, l, sv, era, whip, fetched_at) VALUES (?, ?, ?, ?, ?, ?, ?, ?, ?, ?, ?, ?, ?, ?, ?, ?, ?, ?, ?, ?, ?, ?)
2025-12-04 17:56:53,825 INFO sqlalchemy.engine.Engine [cached since 0.02529s ago] (10, '2024-10-04', 4.0, 3.7, 0.95, 0.48, 0.12, 0.49, 0.2, 0.28, 0.8, 0.256, 0.309, 0.415, None, None, None, None, None, None, None, '2025-12-04 12:56:53.825119')
2025-12-04 17:56:53,826 INFO sqlalchemy.engine.Engine SELECT projections_daily.id AS projections_daily_id, projections_daily.player_id AS projections_daily_player_id, projections_daily.date AS projections_daily_date, projections_daily.pa AS projections_daily_pa, projections_daily.ab AS projections_daily_ab, projections_daily.h AS projections_daily_h, projections_daily.r AS projections_daily_r, projections_daily.hr AS projections_daily_hr, projections_daily.rbi AS projections_daily_rbi, projections_daily.sb AS projections_daily_sb, projections_daily.bb AS projections_daily_bb, projections_daily.so AS projections_daily_so, projections_daily.avg AS projections_daily_avg, projections_daily.obp AS projections_daily_obp, projections_daily.slg AS projections_daily_slg, projections_daily.ip AS projections_daily_ip, projections_daily.k AS projections_daily_k, projections_daily.w AS projections_daily_w, projections_daily.l AS projections_daily_l, projections_daily.sv AS projections_daily_sv, projections_daily.era AS projections_daily_era, projections_daily.whip AS projections_daily_whip, projections_daily.fetched_at AS projections_daily_fetched_at 
FROM projections_daily 
WHERE projections_daily.player_id = ? AND projections_daily.date = ?
 LIMIT ? OFFSET ?
2025-12-04 17:56:53,826 INFO sqlalchemy.engine.Engine [cached since 0.03261s ago] (11, '2024-10-04', 1, 0)
2025-12-04 17:56:53,827 INFO sqlalchemy.engine.Engine SELECT players.id AS players_id, players.razzball_id AS players_razzball_id, players.name AS players_name, players.team AS players_team, players.position AS players_position, players.fantrax_id AS players_fantrax_id, players.nfbc_id AS players_nfbc_id, players.created_at AS players_created_at 
FROM players 
WHERE players.razzball_id = ?
 LIMIT ? OFFSET ?
2025-12-04 17:56:53,827 INFO sqlalchemy.engine.Engine [cached since 0.04183s ago] (665862, 1, 0)
2025-12-04 17:56:53,827 INFO sqlalchemy.engine.Engine INSERT INTO players (razzball_id, name, team, position, fantrax_id, nfbc_id, created_at) VALUES (?, ?, ?, ?, ?, ?, ?)
2025-12-04 17:56:53,827 INFO sqlalchemy.engine.Engine [cached since 0.04004s ago] (665862, 'Jazz Chisholm Jr.', 'NYY', '2B/3B/ OF', None, None, '2025-12-04 12:56:53.827115')
2025-12-04 17:56:53,828 INFO sqlalchemy.engine.Engine INSERT INTO projections_daily (player_id, date, pa, ab, h, r, hr, rbi, sb, bb, so, avg, obp, slg, ip, k, w, l, sv, era, whip, fetched_at) VALUES (?, ?, ?, ?, ?, ?, ?, ?, ?, ?, ?, ?, ?, ?, ?, ?, ?, ?, ?, ?, ?, ?)
2025-12-04 17:56:53,828 INFO sqlalchemy.engine.Engine [cached since 0.02795s ago] (11, '2024-10-04', 4.3, 3.8, 0.92, 0.63, 0.16, 0.47, 0.1, 0.44, 0.9, 0.244, 0.33, 0.414, None, None, None, None, None, None, None, '2025-12-04 12:56:53.828110')
2025-12-04 17:56:53,829 INFO sqlalchemy.engine.Engine SELECT projections_daily.id AS projections_daily_id, projections_daily.player_id AS projections_daily_player_id, projections_daily.date AS projections_daily_date, projections_daily.pa AS projections_daily_pa, projections_daily.ab AS projections_daily_ab, projections_daily.h AS projections_daily_h, projections_daily.r AS projections_daily_r, projections_daily.hr AS projections_daily_hr, projections_daily.rbi AS projections_daily_rbi, projections_daily.sb AS projections_daily_sb, projections_daily.bb AS projections_daily_bb, projections_daily.so AS projections_daily_so, projections_daily.avg AS projections_daily_avg, projections_daily.obp AS projections_daily_obp, projections_daily.slg AS projections_daily_slg, projections_daily.ip AS projections_daily_ip, projections_daily.k AS projections_daily_k, projections_daily.w AS projections_daily_w, projections_daily.l AS projections_daily_l, projections_daily.sv AS projections_daily_sv, projections_daily.era AS projections_daily_era, projections_daily.whip AS projections_daily_whip, projections_daily.fetched_at AS projections_daily_fetched_at 
FROM projections_daily 
WHERE projections_daily.player_id = ? AND projections_daily.date = ?
 LIMIT ? OFFSET ?
2025-12-04 17:56:53,829 INFO sqlalchemy.engine.Engine [cached since 0.03557s ago] (12, '2024-10-04', 1, 0)
2025-12-04 17:56:53,831 INFO sqlalchemy.engine.Engine SELECT players.id AS players_id, players.razzball_id AS players_razzball_id, players.name AS players_name, players.team AS players_team, players.position AS players_position, players.fantrax_id AS players_fantrax_id, players.nfbc_id AS players_nfbc_id, players.created_at AS players_created_at 
FROM players 
WHERE players.razzball_id = ?
 LIMIT ? OFFSET ?
2025-12-04 17:56:53,831 INFO sqlalchemy.engine.Engine [cached since 0.04609s ago] (661388, 1, 0)
2025-12-04 17:56:53,832 INFO sqlalchemy.engine.Engine INSERT INTO players (razzball_id, name, team, position, fantrax_id, nfbc_id, created_at) VALUES (?, ?, ?, ?, ?, ?, ?)
2025-12-04 17:56:53,832 INFO sqlalchemy.engine.Engine [cached since 0.04506s ago] (661388, 'William Contreras', 'MIL', 'C', None, None, '2025-12-04 12:56:53.832069')
2025-12-04 17:56:53,833 INFO sqlalchemy.engine.Engine INSERT INTO projections_daily (player_id, date, pa, ab, h, r, hr, rbi, sb, bb, so, avg, obp, slg, ip, k, w, l, sv, era, whip, fetched_at) VALUES (?, ?, ?, ?, ?, ?, ?, ?, ?, ?, ?, ?, ?, ?, ?, ?, ?, ?, ?, ?, ?, ?)
2025-12-04 17:56:53,833 INFO sqlalchemy.engine.Engine [cached since 0.03309s ago] (12, '2024-10-04', 4.0, 3.6, 0.81, 0.4, 0.15, 0.42, 0.29, 0.29, 1.21, 0.226, 0.287, 0.405, None, None, None, None, None, None, None, '2025-12-04 12:56:53.833092')
2025-12-04 17:56:53,834 INFO sqlalchemy.engine.Engine SELECT projections_daily.id AS projections_daily_id, projections_daily.player_id AS projections_daily_player_id, projections_daily.date AS projections_daily_date, projections_daily.pa AS projections_daily_pa, projections_daily.ab AS projections_daily_ab, projections_daily.h AS projections_daily_h, projections_daily.r AS projections_daily_r, projections_daily.hr AS projections_daily_hr, projections_daily.rbi AS projections_daily_rbi, projections_daily.sb AS projections_daily_sb, projections_daily.bb AS projections_daily_bb, projections_daily.so AS projections_daily_so, projections_daily.avg AS projections_daily_avg, projections_daily.obp AS projections_daily_obp, projections_daily.slg AS projections_daily_slg, projections_daily.ip AS projections_daily_ip, projections_daily.k AS projections_daily_k, projections_daily.w AS projections_daily_w, projections_daily.l AS projections_daily_l, projections_daily.sv AS projections_daily_sv, projections_daily.era AS projections_daily_era, projections_daily.whip AS projections_daily_whip, projections_daily.fetched_at AS projections_daily_fetched_at 
FROM projections_daily 
WHERE projections_daily.player_id = ? AND projections_daily.date = ?
 LIMIT ? OFFSET ?
2025-12-04 17:56:53,834 INFO sqlalchemy.engine.Engine [cached since 0.04039s ago] (13, '2024-10-04', 1, 0)
2025-12-04 17:56:53,834 INFO sqlalchemy.engine.Engine SELECT players.id AS players_id, players.razzball_id AS players_razzball_id, players.name AS players_name, players.team AS players_team, players.position AS players_position, players.fantrax_id AS players_fantrax_id, players.nfbc_id AS players_nfbc_id, players.created_at AS players_created_at 
FROM players 
WHERE players.razzball_id = ?
 LIMIT ? OFFSET ?
2025-12-04 17:56:53,834 INFO sqlalchemy.engine.Engine [cached since 0.04965s ago] (668227, 1, 0)
2025-12-04 17:56:53,835 INFO sqlalchemy.engine.Engine INSERT INTO players (razzball_id, name, team, position, fantrax_id, nfbc_id, created_at) VALUES (?, ?, ?, ?, ?, ?, ?)
2025-12-04 17:56:53,835 INFO sqlalchemy.engine.Engine [cached since 0.04783s ago] (668227, 'Randy Arozarena', 'SEA', 'OF', None, None, '2025-12-04 12:56:53.835094')
2025-12-04 17:56:53,835 INFO sqlalchemy.engine.Engine INSERT INTO projections_daily (player_id, date, pa, ab, h, r, hr, rbi, sb, bb, so, avg, obp, slg, ip, k, w, l, sv, era, whip, fetched_at) VALUES (?, ?, ?, ?, ?, ?, ?, ?, ?, ?, ?, ?, ?, ?, ?, ?, ?, ?, ?, ?, ?, ?)
2025-12-04 17:56:53,836 INFO sqlalchemy.engine.Engine [cached since 0.03574s ago] (13, '2024-10-04', 3.9, 3.6, 0.95, 0.49, 0.16, 0.56, 0.05, 0.32, 0.75, 0.268, 0.329, 0.458, None, None, None, None, None, None, None, '2025-12-04 12:56:53.835094')
2025-12-04 17:56:53,836 INFO sqlalchemy.engine.Engine SELECT projections_daily.id AS projections_daily_id, projections_daily.player_id AS projections_daily_player_id, projections_daily.date AS projections_daily_date, projections_daily.pa AS projections_daily_pa, projections_daily.ab AS projections_daily_ab, projections_daily.h AS projections_daily_h, projections_daily.r AS projections_daily_r, projections_daily.hr AS projections_daily_hr, projections_daily.rbi AS projections_daily_rbi, projections_daily.sb AS projections_daily_sb, projections_daily.bb AS projections_daily_bb, projections_daily.so AS projections_daily_so, projections_daily.avg AS projections_daily_avg, projections_daily.obp AS projections_daily_obp, projections_daily.slg AS projections_daily_slg, projections_daily.ip AS projections_daily_ip, projections_daily.k AS projections_daily_k, projections_daily.w AS projections_daily_w, projections_daily.l AS projections_daily_l, projections_daily.sv AS projections_daily_sv, projections_daily.era AS projections_daily_era, projections_daily.whip AS projections_daily_whip, projections_daily.fetched_at AS projections_daily_fetched_at 
FROM projections_daily 
WHERE projections_daily.player_id = ? AND projections_daily.date = ?
 LIMIT ? OFFSET ?
2025-12-04 17:56:53,836 INFO sqlalchemy.engine.Engine [cached since 0.04288s ago] (14, '2024-10-04', 1, 0)
2025-12-04 17:56:53,837 INFO sqlalchemy.engine.Engine SELECT players.id AS players_id, players.razzball_id AS players_razzball_id, players.name AS players_name, players.team AS players_team, players.position AS players_position, players.fantrax_id AS players_fantrax_id, players.nfbc_id AS players_nfbc_id, players.created_at AS players_created_at 
FROM players 
WHERE players.razzball_id = ?
 LIMIT ? OFFSET ?
2025-12-04 17:56:53,837 INFO sqlalchemy.engine.Engine [cached since 0.05208s ago] (676609, 1, 0)
2025-12-04 17:56:53,838 INFO sqlalchemy.engine.Engine INSERT INTO players (razzball_id, name, team, position, fantrax_id, nfbc_id, created_at) VALUES (?, ?, ?, ?, ?, ?, ?)
2025-12-04 17:56:53,838 INFO sqlalchemy.engine.Engine [cached since 0.05024s ago] (676609, 'Jose Caballero', 'NYY', '2B/SS/ 3B/OF', None, None, '2025-12-04 12:56:53.837087')
2025-12-04 17:56:53,838 INFO sqlalchemy.engine.Engine INSERT INTO projections_daily (player_id, date, pa, ab, h, r, hr, rbi, sb, bb, so, avg, obp, slg, ip, k, w, l, sv, era, whip, fetched_at) VALUES (?, ?, ?, ?, ?, ?, ?, ?, ?, ?, ?, ?, ?, ?, ?, ?, ?, ?, ?, ?, ?, ?)
2025-12-04 17:56:53,838 INFO sqlalchemy.engine.Engine [cached since 0.03814s ago] (14, '2024-10-04', 4.2, 3.7, 0.87, 0.62, 0.16, 0.45, 0.11, 0.37, 1.11, 0.234, 0.319, 0.416, None, None, None, None, None, None, None, '2025-12-04 12:56:53.838084')
2025-12-04 17:56:53,839 INFO sqlalchemy.engine.Engine SELECT projections_daily.id AS projections_daily_id, projections_daily.player_id AS projections_daily_player_id, projections_daily.date AS projections_daily_date, projections_daily.pa AS projections_daily_pa, projections_daily.ab AS projections_daily_ab, projections_daily.h AS projections_daily_h, projections_daily.r AS projections_daily_r, projections_daily.hr AS projections_daily_hr, projections_daily.rbi AS projections_daily_rbi, projections_daily.sb AS projections_daily_sb, projections_daily.bb AS projections_daily_bb, projections_daily.so AS projections_daily_so, projections_daily.avg AS projections_daily_avg, projections_daily.obp AS projections_daily_obp, projections_daily.slg AS projections_daily_slg, projections_daily.ip AS projections_daily_ip, projections_daily.k AS projections_daily_k, projections_daily.w AS projections_daily_w, projections_daily.l AS projections_daily_l, projections_daily.sv AS projections_daily_sv, projections_daily.era AS projections_daily_era, projections_daily.whip AS projections_daily_whip, projections_daily.fetched_at AS projections_daily_fetched_at 
FROM projections_daily 
WHERE projections_daily.player_id = ? AND projections_daily.date = ?
 LIMIT ? OFFSET ?
2025-12-04 17:56:53,839 INFO sqlalchemy.engine.Engine [cached since 0.04528s ago] (15, '2024-10-04', 1, 0)
2025-12-04 17:56:53,839 INFO sqlalchemy.engine.Engine SELECT players.id AS players_id, players.razzball_id AS players_razzball_id, players.name AS players_name, players.team AS players_team, players.position AS players_position, players.fantrax_id AS players_fantrax_id, players.nfbc_id AS players_nfbc_id, players.created_at AS players_created_at 
FROM players 
WHERE players.razzball_id = ?
 LIMIT ? OFFSET ?
2025-12-04 17:56:53,839 INFO sqlalchemy.engine.Engine [cached since 0.05448s ago] (15998, 1, 0)
2025-12-04 17:56:53,840 INFO sqlalchemy.engine.Engine INSERT INTO players (razzball_id, name, team, position, fantrax_id, nfbc_id, created_at) VALUES (?, ?, ?, ?, ?, ?, ?)
2025-12-04 17:56:53,840 INFO sqlalchemy.engine.Engine [cached since 0.05263s ago] (15998, 'Cody Bellinger', 'NYY', '1B/OF', None, None, '2025-12-04 12:56:53.840085')
2025-12-04 17:56:53,840 INFO sqlalchemy.engine.Engine INSERT INTO projections_daily (player_id, date, pa, ab, h, r, hr, rbi, sb, bb, so, avg, obp, slg, ip, k, w, l, sv, era, whip, fetched_at) VALUES (?, ?, ?, ?, ?, ?, ?, ?, ?, ?, ?, ?, ?, ?, ?, ?, ?, ?, ?, ?, ?, ?)
2025-12-04 17:56:53,840 INFO sqlalchemy.engine.Engine [cached since 0.04053s ago] (15, '2024-10-04', 3.7, 3.3, 0.7, 0.36, 0.06, 0.29, 0.46, 0.28, 1.08, 0.21, 0.279, 0.316, None, None, None, None, None, None, None, '2025-12-04 12:56:53.840085')
2025-12-04 17:56:53,841 INFO sqlalchemy.engine.Engine SELECT projections_daily.id AS projections_daily_id, projections_daily.player_id AS projections_daily_player_id, projections_daily.date AS projections_daily_date, projections_daily.pa AS projections_daily_pa, projections_daily.ab AS projections_daily_ab, projections_daily.h AS projections_daily_h, projections_daily.r AS projections_daily_r, projections_daily.hr AS projections_daily_hr, projections_daily.rbi AS projections_daily_rbi, projections_daily.sb AS projections_daily_sb, projections_daily.bb AS projections_daily_bb, projections_daily.so AS projections_daily_so, projections_daily.avg AS projections_daily_avg, projections_daily.obp AS projections_daily_obp, projections_daily.slg AS projections_daily_slg, projections_daily.ip AS projections_daily_ip, projections_daily.k AS projections_daily_k, projections_daily.w AS projections_daily_w, projections_daily.l AS projections_daily_l, projections_daily.sv AS projections_daily_sv, projections_daily.era AS projections_daily_era, projections_daily.whip AS projections_daily_whip, projections_daily.fetched_at AS projections_daily_fetched_at 
FROM projections_daily 
WHERE projections_daily.player_id = ? AND projections_daily.date = ?
 LIMIT ? OFFSET ?
2025-12-04 17:56:53,841 INFO sqlalchemy.engine.Engine [cached since 0.04799s ago] (16, '2024-10-04', 1, 0)
2025-12-04 17:56:53,842 INFO sqlalchemy.engine.Engine SELECT players.id AS players_id, players.razzball_id AS players_razzball_id, players.name AS players_name, players.team AS players_team, players.position AS players_position, players.fantrax_id AS players_fantrax_id, players.nfbc_id AS players_nfbc_id, players.created_at AS players_created_at 
FROM players 
WHERE players.razzball_id = ?
 LIMIT ? OFFSET ?
2025-12-04 17:56:53,842 INFO sqlalchemy.engine.Engine [cached since 0.0572s ago] (16478, 1, 0)
2025-12-04 17:56:53,843 INFO sqlalchemy.engine.Engine INSERT INTO players (razzball_id, name, team, position, fantrax_id, nfbc_id, created_at) VALUES (?, ?, ?, ?, ?, ?, ?)
2025-12-04 17:56:53,843 INFO sqlalchemy.engine.Engine [cached since 0.05535s ago] (16478, 'Kyle Schwarber', 'PHI', 'DH', None, None, '2025-12-04 12:56:53.843073')
2025-12-04 17:56:53,843 INFO sqlalchemy.engine.Engine INSERT INTO projections_daily (player_id, date, pa, ab, h, r, hr, rbi, sb, bb, so, avg, obp, slg, ip, k, w, l, sv, era, whip, fetched_at) VALUES (?, ?, ?, ?, ?, ?, ?, ?, ?, ?, ?, ?, ?, ?, ?, ?, ?, ?, ?, ?, ?, ?)
2025-12-04 17:56:53,843 INFO sqlalchemy.engine.Engine [cached since 0.04325s ago] (16, '2024-10-04', 4.4, 4.0, 1.0, 0.45, 0.14, 0.49, 0.12, 0.28, 0.83, 0.249, 0.3, 0.422, None, None, None, None, None, None, None, '2025-12-04 12:56:53.843073')
2025-12-04 17:56:53,844 INFO sqlalchemy.engine.Engine SELECT projections_daily.id AS projections_daily_id, projections_daily.player_id AS projections_daily_player_id, projections_daily.date AS projections_daily_date, projections_daily.pa AS projections_daily_pa, projections_daily.ab AS projections_daily_ab, projections_daily.h AS projections_daily_h, projections_daily.r AS projections_daily_r, projections_daily.hr AS projections_daily_hr, projections_daily.rbi AS projections_daily_rbi, projections_daily.sb AS projections_daily_sb, projections_daily.bb AS projections_daily_bb, projections_daily.so AS projections_daily_so, projections_daily.avg AS projections_daily_avg, projections_daily.obp AS projections_daily_obp, projections_daily.slg AS projections_daily_slg, projections_daily.ip AS projections_daily_ip, projections_daily.k AS projections_daily_k, projections_daily.w AS projections_daily_w, projections_daily.l AS projections_daily_l, projections_daily.sv AS projections_daily_sv, projections_daily.era AS projections_daily_era, projections_daily.whip AS projections_daily_whip, projections_daily.fetched_at AS projections_daily_fetched_at 
FROM projections_daily 
WHERE projections_daily.player_id = ? AND projections_daily.date = ?
 LIMIT ? OFFSET ?
2025-12-04 17:56:53,844 INFO sqlalchemy.engine.Engine [cached since 0.05039s ago] (17, '2024-10-04', 1, 0)
2025-12-04 17:56:53,844 INFO sqlalchemy.engine.Engine SELECT players.id AS players_id, players.razzball_id AS players_razzball_id, players.name AS players_name, players.team AS players_team, players.position AS players_position, players.fantrax_id AS players_fantrax_id, players.nfbc_id AS players_nfbc_id, players.created_at AS players_created_at 
FROM players 
WHERE players.razzball_id = ?
 LIMIT ? OFFSET ?
2025-12-04 17:56:53,844 INFO sqlalchemy.engine.Engine [cached since 0.05959s ago] (11579, 1, 0)
2025-12-04 17:56:53,846 INFO sqlalchemy.engine.Engine INSERT INTO players (razzball_id, name, team, position, fantrax_id, nfbc_id, created_at) VALUES (?, ?, ?, ?, ?, ?, ?)
2025-12-04 17:56:53,846 INFO sqlalchemy.engine.Engine [cached since 0.05858s ago] (11579, 'Bryce Harper', 'PHI', '1B', None, None, '2025-12-04 12:56:53.846032')
2025-12-04 17:56:53,847 INFO sqlalchemy.engine.Engine INSERT INTO projections_daily (player_id, date, pa, ab, h, r, hr, rbi, sb, bb, so, avg, obp, slg, ip, k, w, l, sv, era, whip, fetched_at) VALUES (?, ?, ?, ?, ?, ?, ?, ?, ?, ?, ?, ?, ?, ?, ?, ?, ?, ?, ?, ?, ?, ?)
2025-12-04 17:56:53,847 INFO sqlalchemy.engine.Engine [cached since 0.04734s ago] (17, '2024-10-04', 4.1, 3.4, 0.68, 0.55, 0.26, 0.5, 0.04, 0.56, 1.45, 0.2, 0.316, 0.463, None, None, None, None, None, None, None, '2025-12-04 12:56:53.847028')
2025-12-04 17:56:53,849 INFO sqlalchemy.engine.Engine SELECT projections_daily.id AS projections_daily_id, projections_daily.player_id AS projections_daily_player_id, projections_daily.date AS projections_daily_date, projections_daily.pa AS projections_daily_pa, projections_daily.ab AS projections_daily_ab, projections_daily.h AS projections_daily_h, projections_daily.r AS projections_daily_r, projections_daily.hr AS projections_daily_hr, projections_daily.rbi AS projections_daily_rbi, projections_daily.sb AS projections_daily_sb, projections_daily.bb AS projections_daily_bb, projections_daily.so AS projections_daily_so, projections_daily.avg AS projections_daily_avg, projections_daily.obp AS projections_daily_obp, projections_daily.slg AS projections_daily_slg, projections_daily.ip AS projections_daily_ip, projections_daily.k AS projections_daily_k, projections_daily.w AS projections_daily_w, projections_daily.l AS projections_daily_l, projections_daily.sv AS projections_daily_sv, projections_daily.era AS projections_daily_era, projections_daily.whip AS projections_daily_whip, projections_daily.fetched_at AS projections_daily_fetched_at 
FROM projections_daily 
WHERE projections_daily.player_id = ? AND projections_daily.date = ?
 LIMIT ? OFFSET ?
2025-12-04 17:56:53,849 INFO sqlalchemy.engine.Engine [cached since 0.05558s ago] (18, '2024-10-04', 1, 0)
2025-12-04 17:56:53,850 INFO sqlalchemy.engine.Engine SELECT players.id AS players_id, players.razzball_id AS players_razzball_id, players.name AS players_name, players.team AS players_team, players.position AS players_position, players.fantrax_id AS players_fantrax_id, players.nfbc_id AS players_nfbc_id, players.created_at AS players_created_at 
FROM players 
WHERE players.razzball_id = ?
 LIMIT ? OFFSET ?
2025-12-04 17:56:53,850 INFO sqlalchemy.engine.Engine [cached since 0.06517s ago] (691718, 1, 0)
2025-12-04 17:56:53,851 INFO sqlalchemy.engine.Engine INSERT INTO players (razzball_id, name, team, position, fantrax_id, nfbc_id, created_at) VALUES (?, ?, ?, ?, ?, ?, ?)
2025-12-04 17:56:53,851 INFO sqlalchemy.engine.Engine [cached since 0.06343s ago] (691718, 'Pete Crow-Armstrong', 'CHC', 'OF', None, None, '2025-12-04 12:56:53.851052')
2025-12-04 17:56:53,851 INFO sqlalchemy.engine.Engine INSERT INTO projections_daily (player_id, date, pa, ab, h, r, hr, rbi, sb, bb, so, avg, obp, slg, ip, k, w, l, sv, era, whip, fetched_at) VALUES (?, ?, ?, ?, ?, ?, ?, ?, ?, ?, ?, ?, ?, ?, ?, ?, ?, ?, ?, ?, ?, ?)
2025-12-04 17:56:53,851 INFO sqlalchemy.engine.Engine [cached since 0.05135s ago] (18, '2024-10-04', 4.0, 3.4, 0.82, 0.48, 0.19, 0.5, 0.06, 0.47, 1.1, 0.24, 0.334, 0.458, None, None, None, None, None, None, None, '2025-12-04 12:56:53.851052')
2025-12-04 17:56:53,852 INFO sqlalchemy.engine.Engine SELECT projections_daily.id AS projections_daily_id, projections_daily.player_id AS projections_daily_player_id, projections_daily.date AS projections_daily_date, projections_daily.pa AS projections_daily_pa, projections_daily.ab AS projections_daily_ab, projections_daily.h AS projections_daily_h, projections_daily.r AS projections_daily_r, projections_daily.hr AS projections_daily_hr, projections_daily.rbi AS projections_daily_rbi, projections_daily.sb AS projections_daily_sb, projections_daily.bb AS projections_daily_bb, projections_daily.so AS projections_daily_so, projections_daily.avg AS projections_daily_avg, projections_daily.obp AS projections_daily_obp, projections_daily.slg AS projections_daily_slg, projections_daily.ip AS projections_daily_ip, projections_daily.k AS projections_daily_k, projections_daily.w AS projections_daily_w, projections_daily.l AS projections_daily_l, projections_daily.sv AS projections_daily_sv, projections_daily.era AS projections_daily_era, projections_daily.whip AS projections_daily_whip, projections_daily.fetched_at AS projections_daily_fetched_at 
FROM projections_daily 
WHERE projections_daily.player_id = ? AND projections_daily.date = ?
 LIMIT ? OFFSET ?
2025-12-04 17:56:53,852 INFO sqlalchemy.engine.Engine [cached since 0.05854s ago] (19, '2024-10-04', 1, 0)
2025-12-04 17:56:53,853 INFO sqlalchemy.engine.Engine SELECT players.id AS players_id, players.razzball_id AS players_razzball_id, players.name AS players_name, players.team AS players_team, players.position AS players_position, players.fantrax_id AS players_fantrax_id, players.nfbc_id AS players_nfbc_id, players.created_at AS players_created_at 
FROM players 
WHERE players.razzball_id = ?
 LIMIT ? OFFSET ?
2025-12-04 17:56:53,853 INFO sqlalchemy.engine.Engine [cached since 0.06775s ago] (12552, 1, 0)
2025-12-04 17:56:53,853 INFO sqlalchemy.engine.Engine INSERT INTO players (razzball_id, name, team, position, fantrax_id, nfbc_id, created_at) VALUES (?, ?, ?, ?, ?, ?, ?)
2025-12-04 17:56:53,853 INFO sqlalchemy.engine.Engine [cached since 0.0659s ago] (12552, 'Eugenio Suarez', 'SEA', '3B', None, None, '2025-12-04 12:56:53.853045')
2025-12-04 17:56:53,854 INFO sqlalchemy.engine.Engine INSERT INTO projections_daily (player_id, date, pa, ab, h, r, hr, rbi, sb, bb, so, avg, obp, slg, ip, k, w, l, sv, era, whip, fetched_at) VALUES (?, ?, ?, ?, ?, ?, ?, ?, ?, ?, ?, ?, ?, ?, ?, ?, ?, ?, ?, ?, ?, ?)
2025-12-04 17:56:53,854 INFO sqlalchemy.engine.Engine [cached since 0.05382s ago] (19, '2024-10-04', 4.0, 3.7, 0.78, 0.39, 0.17, 0.44, 0.22, 0.2, 1.25, 0.215, 0.264, 0.41, None, None, None, None, None, None, None, '2025-12-04 12:56:53.854042')
2025-12-04 17:56:53,854 INFO sqlalchemy.engine.Engine SELECT projections_daily.id AS projections_daily_id, projections_daily.player_id AS projections_daily_player_id, projections_daily.date AS projections_daily_date, projections_daily.pa AS projections_daily_pa, projections_daily.ab AS projections_daily_ab, projections_daily.h AS projections_daily_h, projections_daily.r AS projections_daily_r, projections_daily.hr AS projections_daily_hr, projections_daily.rbi AS projections_daily_rbi, projections_daily.sb AS projections_daily_sb, projections_daily.bb AS projections_daily_bb, projections_daily.so AS projections_daily_so, projections_daily.avg AS projections_daily_avg, projections_daily.obp AS projections_daily_obp, projections_daily.slg AS projections_daily_slg, projections_daily.ip AS projections_daily_ip, projections_daily.k AS projections_daily_k, projections_daily.w AS projections_daily_w, projections_daily.l AS projections_daily_l, projections_daily.sv AS projections_daily_sv, projections_daily.era AS projections_daily_era, projections_daily.whip AS projections_daily_whip, projections_daily.fetched_at AS projections_daily_fetched_at 
FROM projections_daily 
WHERE projections_daily.player_id = ? AND projections_daily.date = ?
 LIMIT ? OFFSET ?
2025-12-04 17:56:53,854 INFO sqlalchemy.engine.Engine [cached since 0.06095s ago] (20, '2024-10-04', 1, 0)
2025-12-04 17:56:53,855 INFO sqlalchemy.engine.Engine SELECT players.id AS players_id, players.razzball_id AS players_razzball_id, players.name AS players_name, players.team AS players_team, players.position AS players_position, players.fantrax_id AS players_fantrax_id, players.nfbc_id AS players_nfbc_id, players.created_at AS players_created_at 
FROM players 
WHERE players.razzball_id = ?
 LIMIT ? OFFSET ?
2025-12-04 17:56:53,855 INFO sqlalchemy.engine.Engine [cached since 0.07015s ago] (683737, 1, 0)
2025-12-04 17:56:53,856 INFO sqlalchemy.engine.Engine INSERT INTO players (razzball_id, name, team, position, fantrax_id, nfbc_id, created_at) VALUES (?, ?, ?, ?, ?, ?, ?)
2025-12-04 17:56:53,856 INFO sqlalchemy.engine.Engine [cached since 0.06844s ago] (683737, 'Michael Busch', 'CHC', '1B', None, None, '2025-12-04 12:56:53.856035')
2025-12-04 17:56:53,856 INFO sqlalchemy.engine.Engine INSERT INTO projections_daily (player_id, date, pa, ab, h, r, hr, rbi, sb, bb, so, avg, obp, slg, ip, k, w, l, sv, era, whip, fetched_at) VALUES (?, ?, ?, ?, ?, ?, ?, ?, ?, ?, ?, ?, ?, ?, ?, ?, ?, ?, ?, ?, ?, ?)
2025-12-04 17:56:53,856 INFO sqlalchemy.engine.Engine [cached since 0.05637s ago] (20, '2024-10-04', 3.8, 3.4, 0.76, 0.48, 0.22, 0.55, 0.01, 0.27, 1.12, 0.224, 0.291, 0.458, None, None, None, None, None, None, None, '2025-12-04 12:56:53.856035')
2025-12-04 17:56:53,857 INFO sqlalchemy.engine.Engine SELECT projections_daily.id AS projections_daily_id, projections_daily.player_id AS projections_daily_player_id, projections_daily.date AS projections_daily_date, projections_daily.pa AS projections_daily_pa, projections_daily.ab AS projections_daily_ab, projections_daily.h AS projections_daily_h, projections_daily.r AS projections_daily_r, projections_daily.hr AS projections_daily_hr, projections_daily.rbi AS projections_daily_rbi, projections_daily.sb AS projections_daily_sb, projections_daily.bb AS projections_daily_bb, projections_daily.so AS projections_daily_so, projections_daily.avg AS projections_daily_avg, projections_daily.obp AS projections_daily_obp, projections_daily.slg AS projections_daily_slg, projections_daily.ip AS projections_daily_ip, projections_daily.k AS projections_daily_k, projections_daily.w AS projections_daily_w, projections_daily.l AS projections_daily_l, projections_daily.sv AS projections_daily_sv, projections_daily.era AS projections_daily_era, projections_daily.whip AS projections_daily_whip, projections_daily.fetched_at AS projections_daily_fetched_at 
FROM projections_daily 
WHERE projections_daily.player_id = ? AND projections_daily.date = ?
 LIMIT ? OFFSET ?
2025-12-04 17:56:53,857 INFO sqlalchemy.engine.Engine [cached since 0.06351s ago] (21, '2024-10-04', 1, 0)
2025-12-04 17:56:53,858 INFO sqlalchemy.engine.Engine SELECT players.id AS players_id, players.razzball_id AS players_razzball_id, players.name AS players_name, players.team AS players_team, players.position AS players_position, players.fantrax_id AS players_fantrax_id, players.nfbc_id AS players_nfbc_id, players.created_at AS players_created_at 
FROM players 
WHERE players.razzball_id = ?
 LIMIT ? OFFSET ?
2025-12-04 17:56:53,858 INFO sqlalchemy.engine.Engine [cached since 0.07273s ago] (666182, 1, 0)
2025-12-04 17:56:53,858 INFO sqlalchemy.engine.Engine INSERT INTO players (razzball_id, name, team, position, fantrax_id, nfbc_id, created_at) VALUES (?, ?, ?, ?, ?, ?, ?)
2025-12-04 17:56:53,858 INFO sqlalchemy.engine.Engine [cached since 0.07089s ago] (666182, 'Bo Bichette', 'TOR', 'SS', None, None, '2025-12-04 12:56:53.858030')
2025-12-04 17:56:53,859 INFO sqlalchemy.engine.Engine INSERT INTO projections_daily (player_id, date, pa, ab, h, r, hr, rbi, sb, bb, so, avg, obp, slg, ip, k, w, l, sv, era, whip, fetched_at) VALUES (?, ?, ?, ?, ?, ?, ?, ?, ?, ?, ?, ?, ?, ?, ?, ?, ?, ?, ?, ?, ?, ?)
2025-12-04 17:56:53,859 INFO sqlalchemy.engine.Engine [cached since 0.0588s ago] (21, '2024-10-04', 4.6, 4.0, 0.86, 0.58, 0.23, 0.47, 0.03, 0.46, 1.53, 0.213, 0.301, 0.432, None, None, None, None, None, None, None, '2025-12-04 12:56:53.859030')
2025-12-04 17:56:53,859 INFO sqlalchemy.engine.Engine SELECT projections_daily.id AS projections_daily_id, projections_daily.player_id AS projections_daily_player_id, projections_daily.date AS projections_daily_date, projections_daily.pa AS projections_daily_pa, projections_daily.ab AS projections_daily_ab, projections_daily.h AS projections_daily_h, projections_daily.r AS projections_daily_r, projections_daily.hr AS projections_daily_hr, projections_daily.rbi AS projections_daily_rbi, projections_daily.sb AS projections_daily_sb, projections_daily.bb AS projections_daily_bb, projections_daily.so AS projections_daily_so, projections_daily.avg AS projections_daily_avg, projections_daily.obp AS projections_daily_obp, projections_daily.slg AS projections_daily_slg, projections_daily.ip AS projections_daily_ip, projections_daily.k AS projections_daily_k, projections_daily.w AS projections_daily_w, projections_daily.l AS projections_daily_l, projections_daily.sv AS projections_daily_sv, projections_daily.era AS projections_daily_era, projections_daily.whip AS projections_daily_whip, projections_daily.fetched_at AS projections_daily_fetched_at 
FROM projections_daily 
WHERE projections_daily.player_id = ? AND projections_daily.date = ?
 LIMIT ? OFFSET ?
2025-12-04 17:56:53,859 INFO sqlalchemy.engine.Engine [cached since 0.06593s ago] (22, '2024-10-04', 1, 0)
2025-12-04 17:56:53,860 INFO sqlalchemy.engine.Engine SELECT players.id AS players_id, players.razzball_id AS players_razzball_id, players.name AS players_name, players.team AS players_team, players.position AS players_position, players.fantrax_id AS players_fantrax_id, players.nfbc_id AS players_nfbc_id, players.created_at AS players_created_at 
FROM players 
WHERE players.razzball_id = ?
 LIMIT ? OFFSET ?
2025-12-04 17:56:53,860 INFO sqlalchemy.engine.Engine [cached since 0.07515s ago] (13152, 1, 0)
2025-12-04 17:56:53,861 INFO sqlalchemy.engine.Engine INSERT INTO players (razzball_id, name, team, position, fantrax_id, nfbc_id, created_at) VALUES (?, ?, ?, ?, ?, ?, ?)
2025-12-04 17:56:53,861 INFO sqlalchemy.engine.Engine [cached since 0.07334s ago] (13152, 'Jorge Polanco', 'SEA', '2B', None, None, '2025-12-04 12:56:53.861022')
2025-12-04 17:56:53,861 INFO sqlalchemy.engine.Engine INSERT INTO projections_daily (player_id, date, pa, ab, h, r, hr, rbi, sb, bb, so, avg, obp, slg, ip, k, w, l, sv, era, whip, fetched_at) VALUES (?, ?, ?, ?, ?, ?, ?, ?, ?, ?, ?, ?, ?, ?, ?, ?, ?, ?, ?, ?, ?, ?)
2025-12-04 17:56:53,861 INFO sqlalchemy.engine.Engine [cached since 0.06124s ago] (22, '2024-10-04', 4.0, 3.7, 1.02, 0.46, 0.1, 0.52, 0.05, 0.25, 0.76, 0.275, 0.323, 0.418, None, None, None, None, None, None, None, '2025-12-04 12:56:53.861022')
2025-12-04 17:56:53,861 INFO sqlalchemy.engine.Engine SELECT projections_daily.id AS projections_daily_id, projections_daily.player_id AS projections_daily_player_id, projections_daily.date AS projections_daily_date, projections_daily.pa AS projections_daily_pa, projections_daily.ab AS projections_daily_ab, projections_daily.h AS projections_daily_h, projections_daily.r AS projections_daily_r, projections_daily.hr AS projections_daily_hr, projections_daily.rbi AS projections_daily_rbi, projections_daily.sb AS projections_daily_sb, projections_daily.bb AS projections_daily_bb, projections_daily.so AS projections_daily_so, projections_daily.avg AS projections_daily_avg, projections_daily.obp AS projections_daily_obp, projections_daily.slg AS projections_daily_slg, projections_daily.ip AS projections_daily_ip, projections_daily.k AS projections_daily_k, projections_daily.w AS projections_daily_w, projections_daily.l AS projections_daily_l, projections_daily.sv AS projections_daily_sv, projections_daily.era AS projections_daily_era, projections_daily.whip AS projections_daily_whip, projections_daily.fetched_at AS projections_daily_fetched_at 
FROM projections_daily 
WHERE projections_daily.player_id = ? AND projections_daily.date = ?
 LIMIT ? OFFSET ?
2025-12-04 17:56:53,861 INFO sqlalchemy.engine.Engine [cached since 0.06883s ago] (23, '2024-10-04', 1, 0)
2025-12-04 17:56:53,862 INFO sqlalchemy.engine.Engine SELECT players.id AS players_id, players.razzball_id AS players_razzball_id, players.name AS players_name, players.team AS players_team, players.position AS players_position, players.fantrax_id AS players_fantrax_id, players.nfbc_id AS players_nfbc_id, players.created_at AS players_created_at 
FROM players 
WHERE players.razzball_id = ?
 LIMIT ? OFFSET ?
2025-12-04 17:56:53,863 INFO sqlalchemy.engine.Engine [cached since 0.07882s ago] (663538, 1, 0)
2025-12-04 17:56:53,864 INFO sqlalchemy.engine.Engine INSERT INTO players (razzball_id, name, team, position, fantrax_id, nfbc_id, created_at) VALUES (?, ?, ?, ?, ?, ?, ?)
2025-12-04 17:56:53,864 INFO sqlalchemy.engine.Engine [cached since 0.07797s ago] (663538, 'Nico Hoerner', 'CHC', '2B', None, None, '2025-12-04 12:56:53.864987')
2025-12-04 17:56:53,866 INFO sqlalchemy.engine.Engine INSERT INTO projections_daily (player_id, date, pa, ab, h, r, hr, rbi, sb, bb, so, avg, obp, slg, ip, k, w, l, sv, era, whip, fetched_at) VALUES (?, ?, ?, ?, ?, ?, ?, ?, ?, ?, ?, ?, ?, ?, ?, ?, ?, ?, ?, ?, ?, ?)
2025-12-04 17:56:53,866 INFO sqlalchemy.engine.Engine [cached since 0.06603s ago] (23, '2024-10-04', 3.9, 3.4, 0.82, 0.48, 0.17, 0.53, 0.03, 0.36, 0.84, 0.24, 0.315, 0.433, None, None, None, None, None, None, None, '2025-12-04 12:56:53.866006')
2025-12-04 17:56:53,867 INFO sqlalchemy.engine.Engine SELECT projections_daily.id AS projections_daily_id, projections_daily.player_id AS projections_daily_player_id, projections_daily.date AS projections_daily_date, projections_daily.pa AS projections_daily_pa, projections_daily.ab AS projections_daily_ab, projections_daily.h AS projections_daily_h, projections_daily.r AS projections_daily_r, projections_daily.hr AS projections_daily_hr, projections_daily.rbi AS projections_daily_rbi, projections_daily.sb AS projections_daily_sb, projections_daily.bb AS projections_daily_bb, projections_daily.so AS projections_daily_so, projections_daily.avg AS projections_daily_avg, projections_daily.obp AS projections_daily_obp, projections_daily.slg AS projections_daily_slg, projections_daily.ip AS projections_daily_ip, projections_daily.k AS projections_daily_k, projections_daily.w AS projections_daily_w, projections_daily.l AS projections_daily_l, projections_daily.sv AS projections_daily_sv, projections_daily.era AS projections_daily_era, projections_daily.whip AS projections_daily_whip, projections_daily.fetched_at AS projections_daily_fetched_at 
FROM projections_daily 
WHERE projections_daily.player_id = ? AND projections_daily.date = ?
 LIMIT ? OFFSET ?
2025-12-04 17:56:53,867 INFO sqlalchemy.engine.Engine [cached since 0.07339s ago] (24, '2024-10-04', 1, 0)
2025-12-04 17:56:53,867 INFO sqlalchemy.engine.Engine SELECT players.id AS players_id, players.razzball_id AS players_razzball_id, players.name AS players_name, players.team AS players_team, players.position AS players_position, players.fantrax_id AS players_fantrax_id, players.nfbc_id AS players_nfbc_id, players.created_at AS players_created_at 
FROM players 
WHERE players.razzball_id = ?
 LIMIT ? OFFSET ?
2025-12-04 17:56:53,868 INFO sqlalchemy.engine.Engine [cached since 0.08268s ago] (4949, 1, 0)
2025-12-04 17:56:53,868 INFO sqlalchemy.engine.Engine INSERT INTO players (razzball_id, name, team, position, fantrax_id, nfbc_id, created_at) VALUES (?, ?, ?, ?, ?, ?, ?)
2025-12-04 17:56:53,868 INFO sqlalchemy.engine.Engine [cached since 0.08088s ago] (4949, 'Giancarlo Stanton', 'NYY', 'OF', None, None, '2025-12-04 12:56:53.868004')
2025-12-04 17:56:53,869 INFO sqlalchemy.engine.Engine INSERT INTO projections_daily (player_id, date, pa, ab, h, r, hr, rbi, sb, bb, so, avg, obp, slg, ip, k, w, l, sv, era, whip, fetched_at) VALUES (?, ?, ?, ?, ?, ?, ?, ?, ?, ?, ?, ?, ?, ?, ?, ?, ?, ?, ?, ?, ?, ?)
2025-12-04 17:56:53,869 INFO sqlalchemy.engine.Engine [cached since 0.06879s ago] (24, '2024-10-04', 4.5, 4.1, 1.07, 0.47, 0.06, 0.34, 0.21, 0.29, 0.58, 0.261, 0.318, 0.364, None, None, None, None, None, None, None, '2025-12-04 12:56:53.869001')
2025-12-04 17:56:53,869 INFO sqlalchemy.engine.Engine SELECT projections_daily.id AS projections_daily_id, projections_daily.player_id AS projections_daily_player_id, projections_daily.date AS projections_daily_date, projections_daily.pa AS projections_daily_pa, projections_daily.ab AS projections_daily_ab, projections_daily.h AS projections_daily_h, projections_daily.r AS projections_daily_r, projections_daily.hr AS projections_daily_hr, projections_daily.rbi AS projections_daily_rbi, projections_daily.sb AS projections_daily_sb, projections_daily.bb AS projections_daily_bb, projections_daily.so AS projections_daily_so, projections_daily.avg AS projections_daily_avg, projections_daily.obp AS projections_daily_obp, projections_daily.slg AS projections_daily_slg, projections_daily.ip AS projections_daily_ip, projections_daily.k AS projections_daily_k, projections_daily.w AS projections_daily_w, projections_daily.l AS projections_daily_l, projections_daily.sv AS projections_daily_sv, projections_daily.era AS projections_daily_era, projections_daily.whip AS projections_daily_whip, projections_daily.fetched_at AS projections_daily_fetched_at 
FROM projections_daily 
WHERE projections_daily.player_id = ? AND projections_daily.date = ?
 LIMIT ? OFFSET ?
2025-12-04 17:56:53,869 INFO sqlalchemy.engine.Engine [cached since 0.07592s ago] (25, '2024-10-04', 1, 0)
2025-12-04 17:56:53,869 INFO sqlalchemy.engine.Engine SELECT players.id AS players_id, players.razzball_id AS players_razzball_id, players.name AS players_name, players.team AS players_team, players.position AS players_position, players.fantrax_id AS players_fantrax_id, players.nfbc_id AS players_nfbc_id, players.created_at AS players_created_at 
FROM players 
WHERE players.razzball_id = ?
 LIMIT ? OFFSET ?
2025-12-04 17:56:53,869 INFO sqlalchemy.engine.Engine [cached since 0.08514s ago] (691176, 1, 0)
2025-12-04 17:56:53,870 INFO sqlalchemy.engine.Engine INSERT INTO players (razzball_id, name, team, position, fantrax_id, nfbc_id, created_at) VALUES (?, ?, ?, ?, ?, ?, ?)
2025-12-04 17:56:53,870 INFO sqlalchemy.engine.Engine [cached since 0.08346s ago] (691176, 'Jasson Dominguez', 'NYY', 'OF', None, None, '2025-12-04 12:56:53.870990')
2025-12-04 17:56:53,870 INFO sqlalchemy.engine.Engine INSERT INTO projections_daily (player_id, date, pa, ab, h, r, hr, rbi, sb, bb, so, avg, obp, slg, ip, k, w, l, sv, era, whip, fetched_at) VALUES (?, ?, ?, ?, ?, ?, ?, ?, ?, ?, ?, ?, ?, ?, ?, ?, ?, ?, ?, ?, ?, ?)
2025-12-04 17:56:53,871 INFO sqlalchemy.engine.Engine [cached since 0.07161s ago] (25, '2024-10-04', 4.2, 3.9, 0.81, 0.45, 0.25, 0.57, 0.01, 0.3, 1.54, 0.21, 0.267, 0.441, None, None, None, None, None, None, None, '2025-12-04 12:56:53.870990')
2025-12-04 17:56:53,872 INFO sqlalchemy.engine.Engine SELECT projections_daily.id AS projections_daily_id, projections_daily.player_id AS projections_daily_player_id, projections_daily.date AS projections_daily_date, projections_daily.pa AS projections_daily_pa, projections_daily.ab AS projections_daily_ab, projections_daily.h AS projections_daily_h, projections_daily.r AS projections_daily_r, projections_daily.hr AS projections_daily_hr, projections_daily.rbi AS projections_daily_rbi, projections_daily.sb AS projections_daily_sb, projections_daily.bb AS projections_daily_bb, projections_daily.so AS projections_daily_so, projections_daily.avg AS projections_daily_avg, projections_daily.obp AS projections_daily_obp, projections_daily.slg AS projections_daily_slg, projections_daily.ip AS projections_daily_ip, projections_daily.k AS projections_daily_k, projections_daily.w AS projections_daily_w, projections_daily.l AS projections_daily_l, projections_daily.sv AS projections_daily_sv, projections_daily.era AS projections_daily_era, projections_daily.whip AS projections_daily_whip, projections_daily.fetched_at AS projections_daily_fetched_at 
FROM projections_daily 
WHERE projections_daily.player_id = ? AND projections_daily.date = ?
 LIMIT ? OFFSET ?
2025-12-04 17:56:53,872 INFO sqlalchemy.engine.Engine [cached since 0.07931s ago] (26, '2024-10-04', 1, 0)
2025-12-04 17:56:53,872 INFO sqlalchemy.engine.Engine SELECT players.id AS players_id, players.razzball_id AS players_razzball_id, players.name AS players_name, players.team AS players_team, players.position AS players_position, players.fantrax_id AS players_fantrax_id, players.nfbc_id AS players_nfbc_id, players.created_at AS players_created_at 
FROM players 
WHERE players.razzball_id = ?
 LIMIT ? OFFSET ?
2025-12-04 17:56:53,872 INFO sqlalchemy.engine.Engine [cached since 0.08858s ago] (13611, 1, 0)
2025-12-04 17:56:53,873 INFO sqlalchemy.engine.Engine INSERT INTO players (razzball_id, name, team, position, fantrax_id, nfbc_id, created_at) VALUES (?, ?, ?, ?, ?, ?, ?)
2025-12-04 17:56:53,873 INFO sqlalchemy.engine.Engine [cached since 0.08678s ago] (13611, 'Mookie Betts', 'LAD', 'SS/OF', None, None, '2025-12-04 12:56:53.873988')
2025-12-04 17:56:53,874 INFO sqlalchemy.engine.Engine INSERT INTO projections_daily (player_id, date, pa, ab, h, r, hr, rbi, sb, bb, so, avg, obp, slg, ip, k, w, l, sv, era, whip, fetched_at) VALUES (?, ?, ?, ?, ?, ?, ?, ?, ?, ?, ?, ?, ?, ?, ?, ?, ?, ?, ?, ?, ?, ?)
2025-12-04 17:56:53,874 INFO sqlalchemy.engine.Engine [cached since 0.07469s ago] (26, '2024-10-04', 4.1, 3.8, 0.87, 0.38, 0.1, 0.39, 0.25, 0.32, 1.24, 0.232, 0.292, 0.368, None, None, None, None, None, None, None, '2025-12-04 12:56:53.873988')
2025-12-04 17:56:53,874 INFO sqlalchemy.engine.Engine SELECT projections_daily.id AS projections_daily_id, projections_daily.player_id AS projections_daily_player_id, projections_daily.date AS projections_daily_date, projections_daily.pa AS projections_daily_pa, projections_daily.ab AS projections_daily_ab, projections_daily.h AS projections_daily_h, projections_daily.r AS projections_daily_r, projections_daily.hr AS projections_daily_hr, projections_daily.rbi AS projections_daily_rbi, projections_daily.sb AS projections_daily_sb, projections_daily.bb AS projections_daily_bb, projections_daily.so AS projections_daily_so, projections_daily.avg AS projections_daily_avg, projections_daily.obp AS projections_daily_obp, projections_daily.slg AS projections_daily_slg, projections_daily.ip AS projections_daily_ip, projections_daily.k AS projections_daily_k, projections_daily.w AS projections_daily_w, projections_daily.l AS projections_daily_l, projections_daily.sv AS projections_daily_sv, projections_daily.era AS projections_daily_era, projections_daily.whip AS projections_daily_whip, projections_daily.fetched_at AS projections_daily_fetched_at 
FROM projections_daily 
WHERE projections_daily.player_id = ? AND projections_daily.date = ?
 LIMIT ? OFFSET ?
2025-12-04 17:56:53,874 INFO sqlalchemy.engine.Engine [cached since 0.08194s ago] (27, '2024-10-04', 1, 0)
2025-12-04 17:56:53,875 INFO sqlalchemy.engine.Engine SELECT players.id AS players_id, players.razzball_id AS players_razzball_id, players.name AS players_name, players.team AS players_team, players.position AS players_position, players.fantrax_id AS players_fantrax_id, players.nfbc_id AS players_nfbc_id, players.created_at AS players_created_at 
FROM players 
WHERE players.razzball_id = ?
 LIMIT ? OFFSET ?
2025-12-04 17:56:53,875 INFO sqlalchemy.engine.Engine [cached since 0.09115s ago] (16252, 1, 0)
2025-12-04 17:56:53,876 INFO sqlalchemy.engine.Engine INSERT INTO players (razzball_id, name, team, position, fantrax_id, nfbc_id, created_at) VALUES (?, ?, ?, ?, ?, ?, ?)
2025-12-04 17:56:53,876 INFO sqlalchemy.engine.Engine [cached since 0.08934s ago] (16252, 'Trea Turner', 'PHI', 'SS', None, None, '2025-12-04 12:56:53.876979')
2025-12-04 17:56:53,876 INFO sqlalchemy.engine.Engine INSERT INTO projections_daily (player_id, date, pa, ab, h, r, hr, rbi, sb, bb, so, avg, obp, slg, ip, k, w, l, sv, era, whip, fetched_at) VALUES (?, ?, ?, ?, ?, ?, ?, ?, ?, ?, ?, ?, ?, ?, ?, ?, ?, ?, ?, ?, ?, ?)
2025-12-04 17:56:53,876 INFO sqlalchemy.engine.Engine [cached since 0.07724s ago] (27, '2024-10-04', 4.5, 4.0, 1.06, 0.5, 0.13, 0.4, 0.05, 0.4, 0.59, 0.265, 0.333, 0.424, None, None, None, None, None, None, None, '2025-12-04 12:56:53.876979')
2025-12-04 17:56:53,877 INFO sqlalchemy.engine.Engine SELECT projections_daily.id AS projections_daily_id, projections_daily.player_id AS projections_daily_player_id, projections_daily.date AS projections_daily_date, projections_daily.pa AS projections_daily_pa, projections_daily.ab AS projections_daily_ab, projections_daily.h AS projections_daily_h, projections_daily.r AS projections_daily_r, projections_daily.hr AS projections_daily_hr, projections_daily.rbi AS projections_daily_rbi, projections_daily.sb AS projections_daily_sb, projections_daily.bb AS projections_daily_bb, projections_daily.so AS projections_daily_so, projections_daily.avg AS projections_daily_avg, projections_daily.obp AS projections_daily_obp, projections_daily.slg AS projections_daily_slg, projections_daily.ip AS projections_daily_ip, projections_daily.k AS projections_daily_k, projections_daily.w AS projections_daily_w, projections_daily.l AS projections_daily_l, projections_daily.sv AS projections_daily_sv, projections_daily.era AS projections_daily_era, projections_daily.whip AS projections_daily_whip, projections_daily.fetched_at AS projections_daily_fetched_at 
FROM projections_daily 
WHERE projections_daily.player_id = ? AND projections_daily.date = ?
 LIMIT ? OFFSET ?
2025-12-04 17:56:53,877 INFO sqlalchemy.engine.Engine [cached since 0.08438s ago] (28, '2024-10-04', 1, 0)
2025-12-04 17:56:53,878 INFO sqlalchemy.engine.Engine SELECT players.id AS players_id, players.razzball_id AS players_razzball_id, players.name AS players_name, players.team AS players_team, players.position AS players_position, players.fantrax_id AS players_fantrax_id, players.nfbc_id AS players_nfbc_id, players.created_at AS players_created_at 
FROM players 
WHERE players.razzball_id = ?
 LIMIT ? OFFSET ?
2025-12-04 17:56:53,878 INFO sqlalchemy.engine.Engine [cached since 0.09393s ago] (641343, 1, 0)
2025-12-04 17:56:53,879 INFO sqlalchemy.engine.Engine INSERT INTO players (razzball_id, name, team, position, fantrax_id, nfbc_id, created_at) VALUES (?, ?, ?, ?, ?, ?, ?)
2025-12-04 17:56:53,880 INFO sqlalchemy.engine.Engine [cached since 0.09308s ago] (641343, 'Jake Bauers', 'MIL', '1B/OF', None, None, '2025-12-04 12:56:53.879978')
2025-12-04 17:56:53,880 INFO sqlalchemy.engine.Engine INSERT INTO projections_daily (player_id, date, pa, ab, h, r, hr, rbi, sb, bb, so, avg, obp, slg, ip, k, w, l, sv, era, whip, fetched_at) VALUES (?, ?, ?, ?, ?, ?, ?, ?, ?, ?, ?, ?, ?, ?, ?, ?, ?, ?, ?, ?, ?, ?)
2025-12-04 17:56:53,880 INFO sqlalchemy.engine.Engine [cached since 0.08144s ago] (28, '2024-10-04', 4.2, 3.9, 0.94, 0.48, 0.11, 0.37, 0.16, 0.23, 1.04, 0.243, 0.29, 0.387, None, None, None, None, None, None, None, '2025-12-04 12:56:53.880938')
2025-12-04 17:56:53,882 INFO sqlalchemy.engine.Engine SELECT projections_daily.id AS projections_daily_id, projections_daily.player_id AS projections_daily_player_id, projections_daily.date AS projections_daily_date, projections_daily.pa AS projections_daily_pa, projections_daily.ab AS projections_daily_ab, projections_daily.h AS projections_daily_h, projections_daily.r AS projections_daily_r, projections_daily.hr AS projections_daily_hr, projections_daily.rbi AS projections_daily_rbi, projections_daily.sb AS projections_daily_sb, projections_daily.bb AS projections_daily_bb, projections_daily.so AS projections_daily_so, projections_daily.avg AS projections_daily_avg, projections_daily.obp AS projections_daily_obp, projections_daily.slg AS projections_daily_slg, projections_daily.ip AS projections_daily_ip, projections_daily.k AS projections_daily_k, projections_daily.w AS projections_daily_w, projections_daily.l AS projections_daily_l, projections_daily.sv AS projections_daily_sv, projections_daily.era AS projections_daily_era, projections_daily.whip AS projections_daily_whip, projections_daily.fetched_at AS projections_daily_fetched_at 
FROM projections_daily 
WHERE projections_daily.player_id = ? AND projections_daily.date = ?
 LIMIT ? OFFSET ?
2025-12-04 17:56:53,882 INFO sqlalchemy.engine.Engine [cached since 0.08913s ago] (29, '2024-10-04', 1, 0)
2025-12-04 17:56:53,882 INFO sqlalchemy.engine.Engine SELECT players.id AS players_id, players.razzball_id AS players_razzball_id, players.name AS players_name, players.team AS players_team, players.position AS players_position, players.fantrax_id AS players_fantrax_id, players.nfbc_id AS players_nfbc_id, players.created_at AS players_created_at 
FROM players 
WHERE players.razzball_id = ?
 LIMIT ? OFFSET ?
2025-12-04 17:56:53,883 INFO sqlalchemy.engine.Engine [cached since 0.09857s ago] (686217, 1, 0)
2025-12-04 17:56:53,883 INFO sqlalchemy.engine.Engine INSERT INTO players (razzball_id, name, team, position, fantrax_id, nfbc_id, created_at) VALUES (?, ?, ?, ?, ?, ?, ?)
2025-12-04 17:56:53,884 INFO sqlalchemy.engine.Engine [cached since 0.09709s ago] (686217, 'Sal Frelick', 'MIL', 'OF', None, None, '2025-12-04 12:56:53.883956')
2025-12-04 17:56:53,884 INFO sqlalchemy.engine.Engine INSERT INTO projections_daily (player_id, date, pa, ab, h, r, hr, rbi, sb, bb, so, avg, obp, slg, ip, k, w, l, sv, era, whip, fetched_at) VALUES (?, ?, ?, ?, ?, ?, ?, ?, ?, ?, ?, ?, ?, ?, ?, ?, ?, ?, ?, ?, ?, ?)
2025-12-04 17:56:53,884 INFO sqlalchemy.engine.Engine [cached since 0.08522s ago] (29, '2024-10-04', 3.5, 3.1, 0.69, 0.43, 0.17, 0.47, 0.1, 0.31, 1.06, 0.219, 0.291, 0.433, None, None, None, None, None, None, None, '2025-12-04 12:56:53.884967')
2025-12-04 17:56:53,885 INFO sqlalchemy.engine.Engine SELECT projections_daily.id AS projections_daily_id, projections_daily.player_id AS projections_daily_player_id, projections_daily.date AS projections_daily_date, projections_daily.pa AS projections_daily_pa, projections_daily.ab AS projections_daily_ab, projections_daily.h AS projections_daily_h, projections_daily.r AS projections_daily_r, projections_daily.hr AS projections_daily_hr, projections_daily.rbi AS projections_daily_rbi, projections_daily.sb AS projections_daily_sb, projections_daily.bb AS projections_daily_bb, projections_daily.so AS projections_daily_so, projections_daily.avg AS projections_daily_avg, projections_daily.obp AS projections_daily_obp, projections_daily.slg AS projections_daily_slg, projections_daily.ip AS projections_daily_ip, projections_daily.k AS projections_daily_k, projections_daily.w AS projections_daily_w, projections_daily.l AS projections_daily_l, projections_daily.sv AS projections_daily_sv, projections_daily.era AS projections_daily_era, projections_daily.whip AS projections_daily_whip, projections_daily.fetched_at AS projections_daily_fetched_at 
FROM projections_daily 
WHERE projections_daily.player_id = ? AND projections_daily.date = ?
 LIMIT ? OFFSET ?
2025-12-04 17:56:53,885 INFO sqlalchemy.engine.Engine [cached since 0.09246s ago] (30, '2024-10-04', 1, 0)
2025-12-04 17:56:53,886 INFO sqlalchemy.engine.Engine SELECT players.id AS players_id, players.razzball_id AS players_razzball_id, players.name AS players_name, players.team AS players_team, players.position AS players_position, players.fantrax_id AS players_fantrax_id, players.nfbc_id AS players_nfbc_id, players.created_at AS players_created_at 
FROM players 
WHERE players.razzball_id = ?
 LIMIT ? OFFSET ?
2025-12-04 17:56:53,886 INFO sqlalchemy.engine.Engine [cached since 0.1019s ago] (656555, 1, 0)
2025-12-04 17:56:53,887 INFO sqlalchemy.engine.Engine INSERT INTO players (razzball_id, name, team, position, fantrax_id, nfbc_id, created_at) VALUES (?, ?, ?, ?, ?, ?, ?)
2025-12-04 17:56:53,887 INFO sqlalchemy.engine.Engine [cached since 0.1001s ago] (656555, 'Rhys Hoskins', 'MIL', '1B', None, None, '2025-12-04 12:56:53.887950')
2025-12-04 17:56:53,887 INFO sqlalchemy.engine.Engine INSERT INTO projections_daily (player_id, date, pa, ab, h, r, hr, rbi, sb, bb, so, avg, obp, slg, ip, k, w, l, sv, era, whip, fetched_at) VALUES (?, ?, ?, ?, ?, ?, ?, ?, ?, ?, ?, ?, ?, ?, ?, ?, ?, ?, ?, ?, ?, ?)
2025-12-04 17:56:53,887 INFO sqlalchemy.engine.Engine [cached since 0.08805s ago] (30, '2024-10-04', 3.8, 3.5, 0.93, 0.42, 0.09, 0.42, 0.12, 0.24, 0.53, 0.264, 0.313, 0.403, None, None, None, None, None, None, None, '2025-12-04 12:56:53.887950')
2025-12-04 17:56:53,888 INFO sqlalchemy.engine.Engine SELECT projections_daily.id AS projections_daily_id, projections_daily.player_id AS projections_daily_player_id, projections_daily.date AS projections_daily_date, projections_daily.pa AS projections_daily_pa, projections_daily.ab AS projections_daily_ab, projections_daily.h AS projections_daily_h, projections_daily.r AS projections_daily_r, projections_daily.hr AS projections_daily_hr, projections_daily.rbi AS projections_daily_rbi, projections_daily.sb AS projections_daily_sb, projections_daily.bb AS projections_daily_bb, projections_daily.so AS projections_daily_so, projections_daily.avg AS projections_daily_avg, projections_daily.obp AS projections_daily_obp, projections_daily.slg AS projections_daily_slg, projections_daily.ip AS projections_daily_ip, projections_daily.k AS projections_daily_k, projections_daily.w AS projections_daily_w, projections_daily.l AS projections_daily_l, projections_daily.sv AS projections_daily_sv, projections_daily.era AS projections_daily_era, projections_daily.whip AS projections_daily_whip, projections_daily.fetched_at AS projections_daily_fetched_at 
FROM projections_daily 
WHERE projections_daily.player_id = ? AND projections_daily.date = ?
 LIMIT ? OFFSET ?
2025-12-04 17:56:53,888 INFO sqlalchemy.engine.Engine [cached since 0.09519s ago] (31, '2024-10-04', 1, 0)
2025-12-04 17:56:53,888 INFO sqlalchemy.engine.Engine SELECT players.id AS players_id, players.razzball_id AS players_razzball_id, players.name AS players_name, players.team AS players_team, players.position AS players_position, players.fantrax_id AS players_fantrax_id, players.nfbc_id AS players_nfbc_id, players.created_at AS players_created_at 
FROM players 
WHERE players.razzball_id = ?
 LIMIT ? OFFSET ?
2025-12-04 17:56:53,888 INFO sqlalchemy.engine.Engine [cached since 0.1044s ago] (13066, 1, 0)
2025-12-04 17:56:53,889 INFO sqlalchemy.engine.Engine INSERT INTO players (razzball_id, name, team, position, fantrax_id, nfbc_id, created_at) VALUES (?, ?, ?, ?, ?, ?, ?)
2025-12-04 17:56:53,889 INFO sqlalchemy.engine.Engine [cached since 0.1026s ago] (13066, 'Teoscar Hernandez', 'LAD', 'OF', None, None, '2025-12-04 12:56:53.889947')
2025-12-04 17:56:53,889 INFO sqlalchemy.engine.Engine INSERT INTO projections_daily (player_id, date, pa, ab, h, r, hr, rbi, sb, bb, so, avg, obp, slg, ip, k, w, l, sv, era, whip, fetched_at) VALUES (?, ?, ?, ?, ?, ?, ?, ?, ?, ?, ?, ?, ?, ?, ?, ?, ?, ?, ?, ?, ?, ?)
2025-12-04 17:56:53,889 INFO sqlalchemy.engine.Engine [cached since 0.09047s ago] (31, '2024-10-04', 3.7, 3.4, 0.76, 0.46, 0.19, 0.49, 0.03, 0.28, 1.04, 0.224, 0.288, 0.441, None, None, None, None, None, None, None, '2025-12-04 12:56:53.889947')
2025-12-04 17:56:53,890 INFO sqlalchemy.engine.Engine SELECT projections_daily.id AS projections_daily_id, projections_daily.player_id AS projections_daily_player_id, projections_daily.date AS projections_daily_date, projections_daily.pa AS projections_daily_pa, projections_daily.ab AS projections_daily_ab, projections_daily.h AS projections_daily_h, projections_daily.r AS projections_daily_r, projections_daily.hr AS projections_daily_hr, projections_daily.rbi AS projections_daily_rbi, projections_daily.sb AS projections_daily_sb, projections_daily.bb AS projections_daily_bb, projections_daily.so AS projections_daily_so, projections_daily.avg AS projections_daily_avg, projections_daily.obp AS projections_daily_obp, projections_daily.slg AS projections_daily_slg, projections_daily.ip AS projections_daily_ip, projections_daily.k AS projections_daily_k, projections_daily.w AS projections_daily_w, projections_daily.l AS projections_daily_l, projections_daily.sv AS projections_daily_sv, projections_daily.era AS projections_daily_era, projections_daily.whip AS projections_daily_whip, projections_daily.fetched_at AS projections_daily_fetched_at 
FROM projections_daily 
WHERE projections_daily.player_id = ? AND projections_daily.date = ?
 LIMIT ? OFFSET ?
2025-12-04 17:56:53,890 INFO sqlalchemy.engine.Engine [cached since 0.09761s ago] (32, '2024-10-04', 1, 0)
2025-12-04 17:56:53,891 INFO sqlalchemy.engine.Engine SELECT players.id AS players_id, players.razzball_id AS players_razzball_id, players.name AS players_name, players.team AS players_team, players.position AS players_position, players.fantrax_id AS players_fantrax_id, players.nfbc_id AS players_nfbc_id, players.created_at AS players_created_at 
FROM players 
WHERE players.razzball_id = ?
 LIMIT ? OFFSET ?
2025-12-04 17:56:53,891 INFO sqlalchemy.engine.Engine [cached since 0.1068s ago] (702332, 1, 0)
2025-12-04 17:56:53,891 INFO sqlalchemy.engine.Engine INSERT INTO players (razzball_id, name, team, position, fantrax_id, nfbc_id, created_at) VALUES (?, ?, ?, ?, ?, ?, ?)
2025-12-04 17:56:53,891 INFO sqlalchemy.engine.Engine [cached since 0.105s ago] (702332, 'Caleb Durbin', 'MIL', '2B/3B', None, None, '2025-12-04 12:56:53.891942')
2025-12-04 17:56:53,892 INFO sqlalchemy.engine.Engine INSERT INTO projections_daily (player_id, date, pa, ab, h, r, hr, rbi, sb, bb, so, avg, obp, slg, ip, k, w, l, sv, era, whip, fetched_at) VALUES (?, ?, ?, ?, ?, ?, ?, ?, ?, ?, ?, ?, ?, ?, ?, ?, ?, ?, ?, ?, ?, ?)
2025-12-04 17:56:53,892 INFO sqlalchemy.engine.Engine [cached since 0.09286s ago] (32, '2024-10-04', 4.3, 4.1, 1.0, 0.42, 0.16, 0.47, 0.04, 0.22, 1.21, 0.248, 0.29, 0.419, None, None, None, None, None, None, None, '2025-12-04 12:56:53.892937')
2025-12-04 17:56:53,892 INFO sqlalchemy.engine.Engine SELECT projections_daily.id AS projections_daily_id, projections_daily.player_id AS projections_daily_player_id, projections_daily.date AS projections_daily_date, projections_daily.pa AS projections_daily_pa, projections_daily.ab AS projections_daily_ab, projections_daily.h AS projections_daily_h, projections_daily.r AS projections_daily_r, projections_daily.hr AS projections_daily_hr, projections_daily.rbi AS projections_daily_rbi, projections_daily.sb AS projections_daily_sb, projections_daily.bb AS projections_daily_bb, projections_daily.so AS projections_daily_so, projections_daily.avg AS projections_daily_avg, projections_daily.obp AS projections_daily_obp, projections_daily.slg AS projections_daily_slg, projections_daily.ip AS projections_daily_ip, projections_daily.k AS projections_daily_k, projections_daily.w AS projections_daily_w, projections_daily.l AS projections_daily_l, projections_daily.sv AS projections_daily_sv, projections_daily.era AS projections_daily_era, projections_daily.whip AS projections_daily_whip, projections_daily.fetched_at AS projections_daily_fetched_at 
FROM projections_daily 
WHERE projections_daily.player_id = ? AND projections_daily.date = ?
 LIMIT ? OFFSET ?
2025-12-04 17:56:53,893 INFO sqlalchemy.engine.Engine [cached since 0.09999s ago] (33, '2024-10-04', 1, 0)
2025-12-04 17:56:53,893 INFO sqlalchemy.engine.Engine SELECT players.id AS players_id, players.razzball_id AS players_razzball_id, players.name AS players_name, players.team AS players_team, players.position AS players_position, players.fantrax_id AS players_fantrax_id, players.nfbc_id AS players_nfbc_id, players.created_at AS players_created_at 
FROM players 
WHERE players.razzball_id = ?
 LIMIT ? OFFSET ?
2025-12-04 17:56:53,893 INFO sqlalchemy.engine.Engine [cached since 0.1092s ago] (9218, 1, 0)
2025-12-04 17:56:53,894 INFO sqlalchemy.engine.Engine INSERT INTO players (razzball_id, name, team, position, fantrax_id, nfbc_id, created_at) VALUES (?, ?, ?, ?, ?, ?, ?)
2025-12-04 17:56:53,894 INFO sqlalchemy.engine.Engine [cached since 0.1075s ago] (9218, 'Paul Goldschmidt', 'NYY', '1B', None, None, '2025-12-04 12:56:53.894931')
2025-12-04 17:56:53,895 INFO sqlalchemy.engine.Engine INSERT INTO projections_daily (player_id, date, pa, ab, h, r, hr, rbi, sb, bb, so, avg, obp, slg, ip, k, w, l, sv, era, whip, fetched_at) VALUES (?, ?, ?, ?, ?, ?, ?, ?, ?, ?, ?, ?, ?, ?, ?, ?, ?, ?, ?, ?, ?, ?)
2025-12-04 17:56:53,895 INFO sqlalchemy.engine.Engine [cached since 0.09565s ago] (33, '2024-10-04', 3.7, 3.4, 0.84, 0.4, 0.1, 0.39, 0.15, 0.19, 0.42, 0.248, 0.304, 0.393, None, None, None, None, None, None, None, '2025-12-04 12:56:53.895897')
2025-12-04 17:56:53,897 INFO sqlalchemy.engine.Engine SELECT projections_daily.id AS projections_daily_id, projections_daily.player_id AS projections_daily_player_id, projections_daily.date AS projections_daily_date, projections_daily.pa AS projections_daily_pa, projections_daily.ab AS projections_daily_ab, projections_daily.h AS projections_daily_h, projections_daily.r AS projections_daily_r, projections_daily.hr AS projections_daily_hr, projections_daily.rbi AS projections_daily_rbi, projections_daily.sb AS projections_daily_sb, projections_daily.bb AS projections_daily_bb, projections_daily.so AS projections_daily_so, projections_daily.avg AS projections_daily_avg, projections_daily.obp AS projections_daily_obp, projections_daily.slg AS projections_daily_slg, projections_daily.ip AS projections_daily_ip, projections_daily.k AS projections_daily_k, projections_daily.w AS projections_daily_w, projections_daily.l AS projections_daily_l, projections_daily.sv AS projections_daily_sv, projections_daily.era AS projections_daily_era, projections_daily.whip AS projections_daily_whip, projections_daily.fetched_at AS projections_daily_fetched_at 
FROM projections_daily 
WHERE projections_daily.player_id = ? AND projections_daily.date = ?
 LIMIT ? OFFSET ?
2025-12-04 17:56:53,897 INFO sqlalchemy.engine.Engine [cached since 0.1042s ago] (34, '2024-10-04', 1, 0)
2025-12-04 17:56:53,898 INFO sqlalchemy.engine.Engine SELECT players.id AS players_id, players.razzball_id AS players_razzball_id, players.name AS players_name, players.team AS players_team, players.position AS players_position, players.fantrax_id AS players_fantrax_id, players.nfbc_id AS players_nfbc_id, players.created_at AS players_created_at 
FROM players 
WHERE players.razzball_id = ?
 LIMIT ? OFFSET ?
2025-12-04 17:56:53,898 INFO sqlalchemy.engine.Engine [cached since 0.1141s ago] (683734, 1, 0)
2025-12-04 17:56:53,899 INFO sqlalchemy.engine.Engine INSERT INTO players (razzball_id, name, team, position, fantrax_id, nfbc_id, created_at) VALUES (?, ?, ?, ?, ?, ?, ?)
2025-12-04 17:56:53,899 INFO sqlalchemy.engine.Engine [cached since 0.1124s ago] (683734, 'Andrew Vaughn', 'MIL', '1B', None, None, '2025-12-04 12:56:53.899963')
2025-12-04 17:56:53,899 INFO sqlalchemy.engine.Engine INSERT INTO projections_daily (player_id, date, pa, ab, h, r, hr, rbi, sb, bb, so, avg, obp, slg, ip, k, w, l, sv, era, whip, fetched_at) VALUES (?, ?, ?, ?, ?, ?, ?, ?, ?, ?, ?, ?, ?, ?, ?, ?, ?, ?, ?, ?, ?, ?)
2025-12-04 17:56:53,899 INFO sqlalchemy.engine.Engine [cached since 0.1003s ago] (34, '2024-10-04', 4.6, 4.2, 1.0, 0.52, 0.14, 0.39, 0.07, 0.29, 1.24, 0.238, 0.289, 0.388, None, None, None, None, None, None, None, '2025-12-04 12:56:53.899963')
2025-12-04 17:56:53,900 INFO sqlalchemy.engine.Engine SELECT projections_daily.id AS projections_daily_id, projections_daily.player_id AS projections_daily_player_id, projections_daily.date AS projections_daily_date, projections_daily.pa AS projections_daily_pa, projections_daily.ab AS projections_daily_ab, projections_daily.h AS projections_daily_h, projections_daily.r AS projections_daily_r, projections_daily.hr AS projections_daily_hr, projections_daily.rbi AS projections_daily_rbi, projections_daily.sb AS projections_daily_sb, projections_daily.bb AS projections_daily_bb, projections_daily.so AS projections_daily_so, projections_daily.avg AS projections_daily_avg, projections_daily.obp AS projections_daily_obp, projections_daily.slg AS projections_daily_slg, projections_daily.ip AS projections_daily_ip, projections_daily.k AS projections_daily_k, projections_daily.w AS projections_daily_w, projections_daily.l AS projections_daily_l, projections_daily.sv AS projections_daily_sv, projections_daily.era AS projections_daily_era, projections_daily.whip AS projections_daily_whip, projections_daily.fetched_at AS projections_daily_fetched_at 
FROM projections_daily 
WHERE projections_daily.player_id = ? AND projections_daily.date = ?
 LIMIT ? OFFSET ?
2025-12-04 17:56:53,900 INFO sqlalchemy.engine.Engine [cached since 0.1075s ago] (35, '2024-10-04', 1, 0)
2025-12-04 17:56:53,901 INFO sqlalchemy.engine.Engine SELECT players.id AS players_id, players.razzball_id AS players_razzball_id, players.name AS players_name, players.team AS players_team, players.position AS players_position, players.fantrax_id AS players_fantrax_id, players.nfbc_id AS players_nfbc_id, players.created_at AS players_created_at 
FROM players 
WHERE players.razzball_id = ?
 LIMIT ? OFFSET ?
2025-12-04 17:56:53,901 INFO sqlalchemy.engine.Engine [cached since 0.1168s ago] (18123, 1, 0)
2025-12-04 17:56:53,901 INFO sqlalchemy.engine.Engine INSERT INTO players (razzball_id, name, team, position, fantrax_id, nfbc_id, created_at) VALUES (?, ?, ?, ?, ?, ?, ?)
2025-12-04 17:56:53,901 INFO sqlalchemy.engine.Engine [cached since 0.115s ago] (18123, 'Nathan Lukes', 'TOR', 'OF', None, None, '2025-12-04 12:56:53.901919')
2025-12-04 17:56:53,902 INFO sqlalchemy.engine.Engine INSERT INTO projections_daily (player_id, date, pa, ab, h, r, hr, rbi, sb, bb, so, avg, obp, slg, ip, k, w, l, sv, era, whip, fetched_at) VALUES (?, ?, ?, ?, ?, ?, ?, ?, ?, ?, ?, ?, ?, ?, ?, ?, ?, ?, ?, ?, ?, ?)
2025-12-04 17:56:53,902 INFO sqlalchemy.engine.Engine [cached since 0.1031s ago] (35, '2024-10-04', 3.8, 3.5, 0.86, 0.44, 0.16, 0.49, 0.01, 0.19, 0.76, 0.247, 0.29, 0.437, None, None, None, None, None, None, None, '2025-12-04 12:56:53.902910')
2025-12-04 17:56:53,903 INFO sqlalchemy.engine.Engine SELECT projections_daily.id AS projections_daily_id, projections_daily.player_id AS projections_daily_player_id, projections_daily.date AS projections_daily_date, projections_daily.pa AS projections_daily_pa, projections_daily.ab AS projections_daily_ab, projections_daily.h AS projections_daily_h, projections_daily.r AS projections_daily_r, projections_daily.hr AS projections_daily_hr, projections_daily.rbi AS projections_daily_rbi, projections_daily.sb AS projections_daily_sb, projections_daily.bb AS projections_daily_bb, projections_daily.so AS projections_daily_so, projections_daily.avg AS projections_daily_avg, projections_daily.obp AS projections_daily_obp, projections_daily.slg AS projections_daily_slg, projections_daily.ip AS projections_daily_ip, projections_daily.k AS projections_daily_k, projections_daily.w AS projections_daily_w, projections_daily.l AS projections_daily_l, projections_daily.sv AS projections_daily_sv, projections_daily.era AS projections_daily_era, projections_daily.whip AS projections_daily_whip, projections_daily.fetched_at AS projections_daily_fetched_at 
FROM projections_daily 
WHERE projections_daily.player_id = ? AND projections_daily.date = ?
 LIMIT ? OFFSET ?
2025-12-04 17:56:53,903 INFO sqlalchemy.engine.Engine [cached since 0.1109s ago] (36, '2024-10-04', 1, 0)
2025-12-04 17:56:53,904 INFO sqlalchemy.engine.Engine SELECT players.id AS players_id, players.razzball_id AS players_razzball_id, players.name AS players_name, players.team AS players_team, players.position AS players_position, players.fantrax_id AS players_fantrax_id, players.nfbc_id AS players_nfbc_id, players.created_at AS players_created_at 
FROM players 
WHERE players.razzball_id = ?
 LIMIT ? OFFSET ?
2025-12-04 17:56:53,904 INFO sqlalchemy.engine.Engine [cached since 0.1202s ago] (682985, 1, 0)
2025-12-04 17:56:53,905 INFO sqlalchemy.engine.Engine INSERT INTO players (razzball_id, name, team, position, fantrax_id, nfbc_id, created_at) VALUES (?, ?, ?, ?, ?, ?, ?)
2025-12-04 17:56:53,905 INFO sqlalchemy.engine.Engine [cached since 0.1184s ago] (682985, 'Riley Greene', 'DET', 'OF', None, None, '2025-12-04 12:56:53.905903')
2025-12-04 17:56:53,905 INFO sqlalchemy.engine.Engine INSERT INTO projections_daily (player_id, date, pa, ab, h, r, hr, rbi, sb, bb, so, avg, obp, slg, ip, k, w, l, sv, era, whip, fetched_at) VALUES (?, ?, ?, ?, ?, ?, ?, ?, ?, ?, ?, ?, ?, ?, ?, ?, ?, ?, ?, ?, ?, ?)
2025-12-04 17:56:53,905 INFO sqlalchemy.engine.Engine [cached since 0.1064s ago] (36, '2024-10-04', 4.2, 3.7, 0.98, 0.53, 0.08, 0.41, 0.05, 0.37, 0.73, 0.263, 0.334, 0.392, None, None, None, None, None, None, None, '2025-12-04 12:56:53.905903')
2025-12-04 17:56:53,906 INFO sqlalchemy.engine.Engine SELECT projections_daily.id AS projections_daily_id, projections_daily.player_id AS projections_daily_player_id, projections_daily.date AS projections_daily_date, projections_daily.pa AS projections_daily_pa, projections_daily.ab AS projections_daily_ab, projections_daily.h AS projections_daily_h, projections_daily.r AS projections_daily_r, projections_daily.hr AS projections_daily_hr, projections_daily.rbi AS projections_daily_rbi, projections_daily.sb AS projections_daily_sb, projections_daily.bb AS projections_daily_bb, projections_daily.so AS projections_daily_so, projections_daily.avg AS projections_daily_avg, projections_daily.obp AS projections_daily_obp, projections_daily.slg AS projections_daily_slg, projections_daily.ip AS projections_daily_ip, projections_daily.k AS projections_daily_k, projections_daily.w AS projections_daily_w, projections_daily.l AS projections_daily_l, projections_daily.sv AS projections_daily_sv, projections_daily.era AS projections_daily_era, projections_daily.whip AS projections_daily_whip, projections_daily.fetched_at AS projections_daily_fetched_at 
FROM projections_daily 
WHERE projections_daily.player_id = ? AND projections_daily.date = ?
 LIMIT ? OFFSET ?
2025-12-04 17:56:53,906 INFO sqlalchemy.engine.Engine [cached since 0.1135s ago] (37, '2024-10-04', 1, 0)
2025-12-04 17:56:53,907 INFO sqlalchemy.engine.Engine SELECT players.id AS players_id, players.razzball_id AS players_razzball_id, players.name AS players_name, players.team AS players_team, players.position AS players_position, players.fantrax_id AS players_fantrax_id, players.nfbc_id AS players_nfbc_id, players.created_at AS players_created_at 
FROM players 
WHERE players.razzball_id = ?
 LIMIT ? OFFSET ?
2025-12-04 17:56:53,907 INFO sqlalchemy.engine.Engine [cached since 0.1227s ago] (686527, 1, 0)
2025-12-04 17:56:53,907 INFO sqlalchemy.engine.Engine INSERT INTO players (razzball_id, name, team, position, fantrax_id, nfbc_id, created_at) VALUES (?, ?, ?, ?, ?, ?, ?)
2025-12-04 17:56:53,907 INFO sqlalchemy.engine.Engine [cached since 0.1209s ago] (686527, 'Dominic Canzone', 'SEA', 'OF', None, None, '2025-12-04 12:56:53.907897')
2025-12-04 17:56:53,908 INFO sqlalchemy.engine.Engine INSERT INTO projections_daily (player_id, date, pa, ab, h, r, hr, rbi, sb, bb, so, avg, obp, slg, ip, k, w, l, sv, era, whip, fetched_at) VALUES (?, ?, ?, ?, ?, ?, ?, ?, ?, ?, ?, ?, ?, ?, ?, ?, ?, ?, ?, ?, ?, ?)
2025-12-04 17:56:53,908 INFO sqlalchemy.engine.Engine [cached since 0.1088s ago] (37, '2024-10-04', 4.0, 3.7, 0.87, 0.39, 0.18, 0.44, 0.03, 0.22, 1.34, 0.237, 0.285, 0.432, None, None, None, None, None, None, None, '2025-12-04 12:56:53.908896')
2025-12-04 17:56:53,908 INFO sqlalchemy.engine.Engine SELECT projections_daily.id AS projections_daily_id, projections_daily.player_id AS projections_daily_player_id, projections_daily.date AS projections_daily_date, projections_daily.pa AS projections_daily_pa, projections_daily.ab AS projections_daily_ab, projections_daily.h AS projections_daily_h, projections_daily.r AS projections_daily_r, projections_daily.hr AS projections_daily_hr, projections_daily.rbi AS projections_daily_rbi, projections_daily.sb AS projections_daily_sb, projections_daily.bb AS projections_daily_bb, projections_daily.so AS projections_daily_so, projections_daily.avg AS projections_daily_avg, projections_daily.obp AS projections_daily_obp, projections_daily.slg AS projections_daily_slg, projections_daily.ip AS projections_daily_ip, projections_daily.k AS projections_daily_k, projections_daily.w AS projections_daily_w, projections_daily.l AS projections_daily_l, projections_daily.sv AS projections_daily_sv, projections_daily.era AS projections_daily_era, projections_daily.whip AS projections_daily_whip, projections_daily.fetched_at AS projections_daily_fetched_at 
FROM projections_daily 
WHERE projections_daily.player_id = ? AND projections_daily.date = ?
 LIMIT ? OFFSET ?
2025-12-04 17:56:53,909 INFO sqlalchemy.engine.Engine [cached since 0.116s ago] (38, '2024-10-04', 1, 0)
2025-12-04 17:56:53,909 INFO sqlalchemy.engine.Engine SELECT players.id AS players_id, players.razzball_id AS players_razzball_id, players.name AS players_name, players.team AS players_team, players.position AS players_position, players.fantrax_id AS players_fantrax_id, players.nfbc_id AS players_nfbc_id, players.created_at AS players_created_at 
FROM players 
WHERE players.razzball_id = ?
 LIMIT ? OFFSET ?
2025-12-04 17:56:53,909 INFO sqlalchemy.engine.Engine [cached since 0.1252s ago] (681481, 1, 0)
2025-12-04 17:56:53,910 INFO sqlalchemy.engine.Engine INSERT INTO players (razzball_id, name, team, position, fantrax_id, nfbc_id, created_at) VALUES (?, ?, ?, ?, ?, ?, ?)
2025-12-04 17:56:53,910 INFO sqlalchemy.engine.Engine [cached since 0.1233s ago] (681481, 'Kerry Carpenter', 'DET', 'OF', None, None, '2025-12-04 12:56:53.910889')
2025-12-04 17:56:53,910 INFO sqlalchemy.engine.Engine INSERT INTO projections_daily (player_id, date, pa, ab, h, r, hr, rbi, sb, bb, so, avg, obp, slg, ip, k, w, l, sv, era, whip, fetched_at) VALUES (?, ?, ?, ?, ?, ?, ?, ?, ?, ?, ?, ?, ?, ?, ?, ?, ?, ?, ?, ?, ?, ?)
2025-12-04 17:56:53,910 INFO sqlalchemy.engine.Engine [cached since 0.1112s ago] (38, '2024-10-04', 3.3, 3.0, 0.77, 0.42, 0.15, 0.44, 0.02, 0.23, 0.74, 0.254, 0.309, 0.45, None, None, None, None, None, None, None, '2025-12-04 12:56:53.910889')
2025-12-04 17:56:53,911 INFO sqlalchemy.engine.Engine SELECT projections_daily.id AS projections_daily_id, projections_daily.player_id AS projections_daily_player_id, projections_daily.date AS projections_daily_date, projections_daily.pa AS projections_daily_pa, projections_daily.ab AS projections_daily_ab, projections_daily.h AS projections_daily_h, projections_daily.r AS projections_daily_r, projections_daily.hr AS projections_daily_hr, projections_daily.rbi AS projections_daily_rbi, projections_daily.sb AS projections_daily_sb, projections_daily.bb AS projections_daily_bb, projections_daily.so AS projections_daily_so, projections_daily.avg AS projections_daily_avg, projections_daily.obp AS projections_daily_obp, projections_daily.slg AS projections_daily_slg, projections_daily.ip AS projections_daily_ip, projections_daily.k AS projections_daily_k, projections_daily.w AS projections_daily_w, projections_daily.l AS projections_daily_l, projections_daily.sv AS projections_daily_sv, projections_daily.era AS projections_daily_era, projections_daily.whip AS projections_daily_whip, projections_daily.fetched_at AS projections_daily_fetched_at 
FROM projections_daily 
WHERE projections_daily.player_id = ? AND projections_daily.date = ?
 LIMIT ? OFFSET ?
2025-12-04 17:56:53,911 INFO sqlalchemy.engine.Engine [cached since 0.1188s ago] (39, '2024-10-04', 1, 0)
2025-12-04 17:56:53,913 INFO sqlalchemy.engine.Engine SELECT players.id AS players_id, players.razzball_id AS players_razzball_id, players.name AS players_name, players.team AS players_team, players.position AS players_position, players.fantrax_id AS players_fantrax_id, players.nfbc_id AS players_nfbc_id, players.created_at AS players_created_at 
FROM players 
WHERE players.razzball_id = ?
 LIMIT ? OFFSET ?
2025-12-04 17:56:53,913 INFO sqlalchemy.engine.Engine [cached since 0.129s ago] (673548, 1, 0)
2025-12-04 17:56:53,914 INFO sqlalchemy.engine.Engine INSERT INTO players (razzball_id, name, team, position, fantrax_id, nfbc_id, created_at) VALUES (?, ?, ?, ?, ?, ?, ?)
2025-12-04 17:56:53,915 INFO sqlalchemy.engine.Engine [cached since 0.128s ago] (673548, 'Seiya Suzuki', 'CHC', 'OF', None, None, '2025-12-04 12:56:53.914848')
2025-12-04 17:56:53,915 INFO sqlalchemy.engine.Engine INSERT INTO projections_daily (player_id, date, pa, ab, h, r, hr, rbi, sb, bb, so, avg, obp, slg, ip, k, w, l, sv, era, whip, fetched_at) VALUES (?, ?, ?, ?, ?, ?, ?, ?, ?, ?, ?, ?, ?, ?, ?, ?, ?, ?, ?, ?, ?, ?)
2025-12-04 17:56:53,915 INFO sqlalchemy.engine.Engine [cached since 0.116s ago] (39, '2024-10-04', 3.8, 3.6, 0.84, 0.41, 0.19, 0.42, 0.03, 0.13, 1.12, 0.234, 0.269, 0.438, None, None, None, None, None, None, None, '2025-12-04 12:56:53.915874')
2025-12-04 17:56:53,916 INFO sqlalchemy.engine.Engine SELECT projections_daily.id AS projections_daily_id, projections_daily.player_id AS projections_daily_player_id, projections_daily.date AS projections_daily_date, projections_daily.pa AS projections_daily_pa, projections_daily.ab AS projections_daily_ab, projections_daily.h AS projections_daily_h, projections_daily.r AS projections_daily_r, projections_daily.hr AS projections_daily_hr, projections_daily.rbi AS projections_daily_rbi, projections_daily.sb AS projections_daily_sb, projections_daily.bb AS projections_daily_bb, projections_daily.so AS projections_daily_so, projections_daily.avg AS projections_daily_avg, projections_daily.obp AS projections_daily_obp, projections_daily.slg AS projections_daily_slg, projections_daily.ip AS projections_daily_ip, projections_daily.k AS projections_daily_k, projections_daily.w AS projections_daily_w, projections_daily.l AS projections_daily_l, projections_daily.sv AS projections_daily_sv, projections_daily.era AS projections_daily_era, projections_daily.whip AS projections_daily_whip, projections_daily.fetched_at AS projections_daily_fetched_at 
FROM projections_daily 
WHERE projections_daily.player_id = ? AND projections_daily.date = ?
 LIMIT ? OFFSET ?
2025-12-04 17:56:53,916 INFO sqlalchemy.engine.Engine [cached since 0.1234s ago] (40, '2024-10-04', 1, 0)
2025-12-04 17:56:53,917 INFO sqlalchemy.engine.Engine SELECT players.id AS players_id, players.razzball_id AS players_razzball_id, players.name AS players_name, players.team AS players_team, players.position AS players_position, players.fantrax_id AS players_fantrax_id, players.nfbc_id AS players_nfbc_id, players.created_at AS players_created_at 
FROM players 
WHERE players.razzball_id = ?
 LIMIT ? OFFSET ?
2025-12-04 17:56:53,917 INFO sqlalchemy.engine.Engine [cached since 0.1327s ago] (664023, 1, 0)
2025-12-04 17:56:53,917 INFO sqlalchemy.engine.Engine INSERT INTO players (razzball_id, name, team, position, fantrax_id, nfbc_id, created_at) VALUES (?, ?, ?, ?, ?, ?, ?)
2025-12-04 17:56:53,917 INFO sqlalchemy.engine.Engine [cached since 0.1309s ago] (664023, 'Ian Happ', 'CHC', 'OF', None, None, '2025-12-04 12:56:53.917872')
2025-12-04 17:56:53,918 INFO sqlalchemy.engine.Engine INSERT INTO projections_daily (player_id, date, pa, ab, h, r, hr, rbi, sb, bb, so, avg, obp, slg, ip, k, w, l, sv, era, whip, fetched_at) VALUES (?, ?, ?, ?, ?, ?, ?, ?, ?, ?, ?, ?, ?, ?, ?, ?, ?, ?, ?, ?, ?, ?)
2025-12-04 17:56:53,918 INFO sqlalchemy.engine.Engine [cached since 0.1189s ago] (40, '2024-10-04', 4.2, 3.7, 0.81, 0.42, 0.16, 0.46, 0.06, 0.42, 1.39, 0.219, 0.302, 0.405, None, None, None, None, None, None, None, '2025-12-04 12:56:53.918869')
2025-12-04 17:56:53,919 INFO sqlalchemy.engine.Engine SELECT projections_daily.id AS projections_daily_id, projections_daily.player_id AS projections_daily_player_id, projections_daily.date AS projections_daily_date, projections_daily.pa AS projections_daily_pa, projections_daily.ab AS projections_daily_ab, projections_daily.h AS projections_daily_h, projections_daily.r AS projections_daily_r, projections_daily.hr AS projections_daily_hr, projections_daily.rbi AS projections_daily_rbi, projections_daily.sb AS projections_daily_sb, projections_daily.bb AS projections_daily_bb, projections_daily.so AS projections_daily_so, projections_daily.avg AS projections_daily_avg, projections_daily.obp AS projections_daily_obp, projections_daily.slg AS projections_daily_slg, projections_daily.ip AS projections_daily_ip, projections_daily.k AS projections_daily_k, projections_daily.w AS projections_daily_w, projections_daily.l AS projections_daily_l, projections_daily.sv AS projections_daily_sv, projections_daily.era AS projections_daily_era, projections_daily.whip AS projections_daily_whip, projections_daily.fetched_at AS projections_daily_fetched_at 
FROM projections_daily 
WHERE projections_daily.player_id = ? AND projections_daily.date = ?
 LIMIT ? OFFSET ?
2025-12-04 17:56:53,919 INFO sqlalchemy.engine.Engine [cached since 0.1261s ago] (41, '2024-10-04', 1, 0)
2025-12-04 17:56:53,919 INFO sqlalchemy.engine.Engine SELECT players.id AS players_id, players.razzball_id AS players_razzball_id, players.name AS players_name, players.team AS players_team, players.position AS players_position, players.fantrax_id AS players_fantrax_id, players.nfbc_id AS players_nfbc_id, players.created_at AS players_created_at 
FROM players 
WHERE players.razzball_id = ?
 LIMIT ? OFFSET ?
2025-12-04 17:56:53,919 INFO sqlalchemy.engine.Engine [cached since 0.1353s ago] (5361, 1, 0)
2025-12-04 17:56:53,920 INFO sqlalchemy.engine.Engine INSERT INTO players (razzball_id, name, team, position, fantrax_id, nfbc_id, created_at) VALUES (?, ?, ?, ?, ?, ?, ?)
2025-12-04 17:56:53,920 INFO sqlalchemy.engine.Engine [cached since 0.1334s ago] (5361, 'Freddie Freeman', 'LAD', '1B', None, None, '2025-12-04 12:56:53.920863')
2025-12-04 17:56:53,920 INFO sqlalchemy.engine.Engine INSERT INTO projections_daily (player_id, date, pa, ab, h, r, hr, rbi, sb, bb, so, avg, obp, slg, ip, k, w, l, sv, era, whip, fetched_at) VALUES (?, ?, ?, ?, ?, ?, ?, ?, ?, ?, ?, ?, ?, ?, ?, ?, ?, ?, ?, ?, ?, ?)
2025-12-04 17:56:53,920 INFO sqlalchemy.engine.Engine [cached since 0.1213s ago] (41, '2024-10-04', 4.4, 3.8, 0.8, 0.46, 0.16, 0.46, 0.06, 0.54, 1.34, 0.211, 0.314, 0.39, None, None, None, None, None, None, None, '2025-12-04 12:56:53.920863')
2025-12-04 17:56:53,921 INFO sqlalchemy.engine.Engine SELECT projections_daily.id AS projections_daily_id, projections_daily.player_id AS projections_daily_player_id, projections_daily.date AS projections_daily_date, projections_daily.pa AS projections_daily_pa, projections_daily.ab AS projections_daily_ab, projections_daily.h AS projections_daily_h, projections_daily.r AS projections_daily_r, projections_daily.hr AS projections_daily_hr, projections_daily.rbi AS projections_daily_rbi, projections_daily.sb AS projections_daily_sb, projections_daily.bb AS projections_daily_bb, projections_daily.so AS projections_daily_so, projections_daily.avg AS projections_daily_avg, projections_daily.obp AS projections_daily_obp, projections_daily.slg AS projections_daily_slg, projections_daily.ip AS projections_daily_ip, projections_daily.k AS projections_daily_k, projections_daily.w AS projections_daily_w, projections_daily.l AS projections_daily_l, projections_daily.sv AS projections_daily_sv, projections_daily.era AS projections_daily_era, projections_daily.whip AS projections_daily_whip, projections_daily.fetched_at AS projections_daily_fetched_at 
FROM projections_daily 
WHERE projections_daily.player_id = ? AND projections_daily.date = ?
 LIMIT ? OFFSET ?
2025-12-04 17:56:53,921 INFO sqlalchemy.engine.Engine [cached since 0.1285s ago] (42, '2024-10-04', 1, 0)
2025-12-04 17:56:53,922 INFO sqlalchemy.engine.Engine SELECT players.id AS players_id, players.razzball_id AS players_razzball_id, players.name AS players_name, players.team AS players_team, players.position AS players_position, players.fantrax_id AS players_fantrax_id, players.nfbc_id AS players_nfbc_id, players.created_at AS players_created_at 
FROM players 
WHERE players.razzball_id = ?
 LIMIT ? OFFSET ?
2025-12-04 17:56:53,922 INFO sqlalchemy.engine.Engine [cached since 0.1377s ago] (662139, 1, 0)
2025-12-04 17:56:53,922 INFO sqlalchemy.engine.Engine INSERT INTO players (razzball_id, name, team, position, fantrax_id, nfbc_id, created_at) VALUES (?, ?, ?, ?, ?, ?, ?)
2025-12-04 17:56:53,922 INFO sqlalchemy.engine.Engine [cached since 0.1359s ago] (662139, 'Daulton Varsho', 'TOR', 'OF', None, None, '2025-12-04 12:56:53.922860')
2025-12-04 17:56:53,923 INFO sqlalchemy.engine.Engine INSERT INTO projections_daily (player_id, date, pa, ab, h, r, hr, rbi, sb, bb, so, avg, obp, slg, ip, k, w, l, sv, era, whip, fetched_at) VALUES (?, ?, ?, ?, ?, ?, ?, ?, ?, ?, ?, ?, ?, ?, ?, ?, ?, ?, ?, ?, ?, ?)
2025-12-04 17:56:53,923 INFO sqlalchemy.engine.Engine [cached since 0.1238s ago] (42, '2024-10-04', 4.2, 3.9, 0.99, 0.39, 0.12, 0.44, 0.04, 0.3, 0.96, 0.257, 0.316, 0.4, None, None, None, None, None, None, None, '2025-12-04 12:56:53.923854')
2025-12-04 17:56:53,924 INFO sqlalchemy.engine.Engine SELECT projections_daily.id AS projections_daily_id, projections_daily.player_id AS projections_daily_player_id, projections_daily.date AS projections_daily_date, projections_daily.pa AS projections_daily_pa, projections_daily.ab AS projections_daily_ab, projections_daily.h AS projections_daily_h, projections_daily.r AS projections_daily_r, projections_daily.hr AS projections_daily_hr, projections_daily.rbi AS projections_daily_rbi, projections_daily.sb AS projections_daily_sb, projections_daily.bb AS projections_daily_bb, projections_daily.so AS projections_daily_so, projections_daily.avg AS projections_daily_avg, projections_daily.obp AS projections_daily_obp, projections_daily.slg AS projections_daily_slg, projections_daily.ip AS projections_daily_ip, projections_daily.k AS projections_daily_k, projections_daily.w AS projections_daily_w, projections_daily.l AS projections_daily_l, projections_daily.sv AS projections_daily_sv, projections_daily.era AS projections_daily_era, projections_daily.whip AS projections_daily_whip, projections_daily.fetched_at AS projections_daily_fetched_at 
FROM projections_daily 
WHERE projections_daily.player_id = ? AND projections_daily.date = ?
 LIMIT ? OFFSET ?
2025-12-04 17:56:53,924 INFO sqlalchemy.engine.Engine [cached since 0.131s ago] (43, '2024-10-04', 1, 0)
2025-12-04 17:56:53,924 INFO sqlalchemy.engine.Engine SELECT players.id AS players_id, players.razzball_id AS players_razzball_id, players.name AS players_name, players.team AS players_team, players.position AS players_position, players.fantrax_id AS players_fantrax_id, players.nfbc_id AS players_nfbc_id, players.created_at AS players_created_at 
FROM players 
WHERE players.razzball_id = ?
 LIMIT ? OFFSET ?
2025-12-04 17:56:53,924 INFO sqlalchemy.engine.Engine [cached since 0.1402s ago] (683011, 1, 0)
2025-12-04 17:56:53,925 INFO sqlalchemy.engine.Engine INSERT INTO players (razzball_id, name, team, position, fantrax_id, nfbc_id, created_at) VALUES (?, ?, ?, ?, ?, ?, ?)
2025-12-04 17:56:53,925 INFO sqlalchemy.engine.Engine [cached since 0.1384s ago] (683011, 'Anthony Volpe', 'NYY', 'SS', None, None, '2025-12-04 12:56:53.925850')
2025-12-04 17:56:53,925 INFO sqlalchemy.engine.Engine INSERT INTO projections_daily (player_id, date, pa, ab, h, r, hr, rbi, sb, bb, so, avg, obp, slg, ip, k, w, l, sv, era, whip, fetched_at) VALUES (?, ?, ?, ?, ?, ?, ?, ?, ?, ?, ?, ?, ?, ?, ?, ?, ?, ?, ?, ?, ?, ?)
2025-12-04 17:56:53,925 INFO sqlalchemy.engine.Engine [cached since 0.1263s ago] (43, '2024-10-04', 3.8, 3.4, 0.71, 0.44, 0.15, 0.46, 0.07, 0.33, 1.08, 0.209, 0.284, 0.396, None, None, None, None, None, None, None, '2025-12-04 12:56:53.925850')
2025-12-04 17:56:53,926 INFO sqlalchemy.engine.Engine SELECT projections_daily.id AS projections_daily_id, projections_daily.player_id AS projections_daily_player_id, projections_daily.date AS projections_daily_date, projections_daily.pa AS projections_daily_pa, projections_daily.ab AS projections_daily_ab, projections_daily.h AS projections_daily_h, projections_daily.r AS projections_daily_r, projections_daily.hr AS projections_daily_hr, projections_daily.rbi AS projections_daily_rbi, projections_daily.sb AS projections_daily_sb, projections_daily.bb AS projections_daily_bb, projections_daily.so AS projections_daily_so, projections_daily.avg AS projections_daily_avg, projections_daily.obp AS projections_daily_obp, projections_daily.slg AS projections_daily_slg, projections_daily.ip AS projections_daily_ip, projections_daily.k AS projections_daily_k, projections_daily.w AS projections_daily_w, projections_daily.l AS projections_daily_l, projections_daily.sv AS projections_daily_sv, projections_daily.era AS projections_daily_era, projections_daily.whip AS projections_daily_whip, projections_daily.fetched_at AS projections_daily_fetched_at 
FROM projections_daily 
WHERE projections_daily.player_id = ? AND projections_daily.date = ?
 LIMIT ? OFFSET ?
2025-12-04 17:56:53,926 INFO sqlalchemy.engine.Engine [cached since 0.1335s ago] (44, '2024-10-04', 1, 0)
2025-12-04 17:56:53,927 INFO sqlalchemy.engine.Engine SELECT players.id AS players_id, players.razzball_id AS players_razzball_id, players.name AS players_name, players.team AS players_team, players.position AS players_position, players.fantrax_id AS players_fantrax_id, players.nfbc_id AS players_nfbc_id, players.created_at AS players_created_at 
FROM players 
WHERE players.razzball_id = ?
 LIMIT ? OFFSET ?
2025-12-04 17:56:53,927 INFO sqlalchemy.engine.Engine [cached since 0.1428s ago] (680718, 1, 0)
2025-12-04 17:56:53,928 INFO sqlalchemy.engine.Engine INSERT INTO players (razzball_id, name, team, position, fantrax_id, nfbc_id, created_at) VALUES (?, ?, ?, ?, ?, ?, ?)
2025-12-04 17:56:53,928 INFO sqlalchemy.engine.Engine [cached since 0.1413s ago] (680718, 'Addison Barger', 'TOR', '3B/OF', None, None, '2025-12-04 12:56:53.928809')
2025-12-04 17:56:53,929 INFO sqlalchemy.engine.Engine INSERT INTO projections_daily (player_id, date, pa, ab, h, r, hr, rbi, sb, bb, so, avg, obp, slg, ip, k, w, l, sv, era, whip, fetched_at) VALUES (?, ?, ?, ?, ?, ?, ?, ?, ?, ?, ?, ?, ?, ?, ?, ?, ?, ?, ?, ?, ?, ?)
2025-12-04 17:56:53,929 INFO sqlalchemy.engine.Engine [cached since 0.1297s ago] (44, '2024-10-04', 3.8, 3.5, 0.75, 0.36, 0.1, 0.35, 0.2, 0.23, 1.06, 0.213, 0.263, 0.361, None, None, None, None, None, None, None, '2025-12-04 12:56:53.928809')
2025-12-04 17:56:53,930 INFO sqlalchemy.engine.Engine SELECT projections_daily.id AS projections_daily_id, projections_daily.player_id AS projections_daily_player_id, projections_daily.date AS projections_daily_date, projections_daily.pa AS projections_daily_pa, projections_daily.ab AS projections_daily_ab, projections_daily.h AS projections_daily_h, projections_daily.r AS projections_daily_r, projections_daily.hr AS projections_daily_hr, projections_daily.rbi AS projections_daily_rbi, projections_daily.sb AS projections_daily_sb, projections_daily.bb AS projections_daily_bb, projections_daily.so AS projections_daily_so, projections_daily.avg AS projections_daily_avg, projections_daily.obp AS projections_daily_obp, projections_daily.slg AS projections_daily_slg, projections_daily.ip AS projections_daily_ip, projections_daily.k AS projections_daily_k, projections_daily.w AS projections_daily_w, projections_daily.l AS projections_daily_l, projections_daily.sv AS projections_daily_sv, projections_daily.era AS projections_daily_era, projections_daily.whip AS projections_daily_whip, projections_daily.fetched_at AS projections_daily_fetched_at 
FROM projections_daily 
WHERE projections_daily.player_id = ? AND projections_daily.date = ?
 LIMIT ? OFFSET ?
2025-12-04 17:56:53,930 INFO sqlalchemy.engine.Engine [cached since 0.1377s ago] (45, '2024-10-04', 1, 0)
2025-12-04 17:56:53,931 INFO sqlalchemy.engine.Engine SELECT players.id AS players_id, players.razzball_id AS players_razzball_id, players.name AS players_name, players.team AS players_team, players.position AS players_position, players.fantrax_id AS players_fantrax_id, players.nfbc_id AS players_nfbc_id, players.created_at AS players_created_at 
FROM players 
WHERE players.razzball_id = ?
 LIMIT ? OFFSET ?
2025-12-04 17:56:53,931 INFO sqlalchemy.engine.Engine [cached since 0.147s ago] (681624, 1, 0)
2025-12-04 17:56:53,932 INFO sqlalchemy.engine.Engine INSERT INTO players (razzball_id, name, team, position, fantrax_id, nfbc_id, created_at) VALUES (?, ?, ?, ?, ?, ?, ?)
2025-12-04 17:56:53,932 INFO sqlalchemy.engine.Engine [cached since 0.1452s ago] (681624, 'Andy Pages', 'LAD', 'OF', None, None, '2025-12-04 12:56:53.932831')
2025-12-04 17:56:53,932 INFO sqlalchemy.engine.Engine INSERT INTO projections_daily (player_id, date, pa, ab, h, r, hr, rbi, sb, bb, so, avg, obp, slg, ip, k, w, l, sv, era, whip, fetched_at) VALUES (?, ?, ?, ?, ?, ?, ?, ?, ?, ?, ?, ?, ?, ?, ?, ?, ?, ?, ?, ?, ?, ?)
2025-12-04 17:56:53,932 INFO sqlalchemy.engine.Engine [cached since 0.1331s ago] (45, '2024-10-04', 3.7, 3.3, 0.77, 0.42, 0.11, 0.48, 0.03, 0.34, 0.96, 0.234, 0.31, 0.403, None, None, None, None, None, None, None, '2025-12-04 12:56:53.932831')
2025-12-04 17:56:53,933 INFO sqlalchemy.engine.Engine SELECT projections_daily.id AS projections_daily_id, projections_daily.player_id AS projections_daily_player_id, projections_daily.date AS projections_daily_date, projections_daily.pa AS projections_daily_pa, projections_daily.ab AS projections_daily_ab, projections_daily.h AS projections_daily_h, projections_daily.r AS projections_daily_r, projections_daily.hr AS projections_daily_hr, projections_daily.rbi AS projections_daily_rbi, projections_daily.sb AS projections_daily_sb, projections_daily.bb AS projections_daily_bb, projections_daily.so AS projections_daily_so, projections_daily.avg AS projections_daily_avg, projections_daily.obp AS projections_daily_obp, projections_daily.slg AS projections_daily_slg, projections_daily.ip AS projections_daily_ip, projections_daily.k AS projections_daily_k, projections_daily.w AS projections_daily_w, projections_daily.l AS projections_daily_l, projections_daily.sv AS projections_daily_sv, projections_daily.era AS projections_daily_era, projections_daily.whip AS projections_daily_whip, projections_daily.fetched_at AS projections_daily_fetched_at 
FROM projections_daily 
WHERE projections_daily.player_id = ? AND projections_daily.date = ?
 LIMIT ? OFFSET ?
2025-12-04 17:56:53,933 INFO sqlalchemy.engine.Engine [cached since 0.1402s ago] (46, '2024-10-04', 1, 0)
2025-12-04 17:56:53,933 INFO sqlalchemy.engine.Engine SELECT players.id AS players_id, players.razzball_id AS players_razzball_id, players.name AS players_name, players.team AS players_team, players.position AS players_position, players.fantrax_id AS players_fantrax_id, players.nfbc_id AS players_nfbc_id, players.created_at AS players_created_at 
FROM players 
WHERE players.razzball_id = ?
 LIMIT ? OFFSET ?
2025-12-04 17:56:53,933 INFO sqlalchemy.engine.Engine [cached since 0.1494s ago] (686555, 1, 0)
2025-12-04 17:56:53,934 INFO sqlalchemy.engine.Engine INSERT INTO players (razzball_id, name, team, position, fantrax_id, nfbc_id, created_at) VALUES (?, ?, ?, ?, ?, ?, ?)
2025-12-04 17:56:53,934 INFO sqlalchemy.engine.Engine [cached since 0.1477s ago] (686555, 'Isaac Collins', 'MIL', 'OF', None, None, '2025-12-04 12:56:53.934825')
2025-12-04 17:56:53,935 INFO sqlalchemy.engine.Engine INSERT INTO projections_daily (player_id, date, pa, ab, h, r, hr, rbi, sb, bb, so, avg, obp, slg, ip, k, w, l, sv, era, whip, fetched_at) VALUES (?, ?, ?, ?, ?, ?, ?, ?, ?, ?, ?, ?, ?, ?, ?, ?, ?, ?, ?, ?, ?, ?)
2025-12-04 17:56:53,935 INFO sqlalchemy.engine.Engine [cached since 0.1356s ago] (46, '2024-10-04', 4.1, 3.8, 0.94, 0.37, 0.13, 0.41, 0.06, 0.2, 1.0, 0.245, 0.288, 0.399, None, None, None, None, None, None, None, '2025-12-04 12:56:53.935823')
2025-12-04 17:56:53,935 INFO sqlalchemy.engine.Engine SELECT projections_daily.id AS projections_daily_id, projections_daily.player_id AS projections_daily_player_id, projections_daily.date AS projections_daily_date, projections_daily.pa AS projections_daily_pa, projections_daily.ab AS projections_daily_ab, projections_daily.h AS projections_daily_h, projections_daily.r AS projections_daily_r, projections_daily.hr AS projections_daily_hr, projections_daily.rbi AS projections_daily_rbi, projections_daily.sb AS projections_daily_sb, projections_daily.bb AS projections_daily_bb, projections_daily.so AS projections_daily_so, projections_daily.avg AS projections_daily_avg, projections_daily.obp AS projections_daily_obp, projections_daily.slg AS projections_daily_slg, projections_daily.ip AS projections_daily_ip, projections_daily.k AS projections_daily_k, projections_daily.w AS projections_daily_w, projections_daily.l AS projections_daily_l, projections_daily.sv AS projections_daily_sv, projections_daily.era AS projections_daily_era, projections_daily.whip AS projections_daily_whip, projections_daily.fetched_at AS projections_daily_fetched_at 
FROM projections_daily 
WHERE projections_daily.player_id = ? AND projections_daily.date = ?
 LIMIT ? OFFSET ?
2025-12-04 17:56:53,935 INFO sqlalchemy.engine.Engine [cached since 0.1427s ago] (47, '2024-10-04', 1, 0)
2025-12-04 17:56:53,936 INFO sqlalchemy.engine.Engine SELECT players.id AS players_id, players.razzball_id AS players_razzball_id, players.name AS players_name, players.team AS players_team, players.position AS players_position, players.fantrax_id AS players_fantrax_id, players.nfbc_id AS players_nfbc_id, players.created_at AS players_created_at 
FROM players 
WHERE players.razzball_id = ?
 LIMIT ? OFFSET ?
2025-12-04 17:56:53,936 INFO sqlalchemy.engine.Engine [cached since 0.1519s ago] (700250, 1, 0)
2025-12-04 17:56:53,937 INFO sqlalchemy.engine.Engine INSERT INTO players (razzball_id, name, team, position, fantrax_id, nfbc_id, created_at) VALUES (?, ?, ?, ?, ?, ?, ?)
2025-12-04 17:56:53,937 INFO sqlalchemy.engine.Engine [cached since 0.1501s ago] (700250, 'Ben Rice', 'NYY', 'C/1B', None, None, '2025-12-04 12:56:53.937817')
2025-12-04 17:56:53,937 INFO sqlalchemy.engine.Engine INSERT INTO projections_daily (player_id, date, pa, ab, h, r, hr, rbi, sb, bb, so, avg, obp, slg, ip, k, w, l, sv, era, whip, fetched_at) VALUES (?, ?, ?, ?, ?, ?, ?, ?, ?, ?, ?, ?, ?, ?, ?, ?, ?, ?, ?, ?, ?, ?)
2025-12-04 17:56:53,937 INFO sqlalchemy.engine.Engine [cached since 0.138s ago] (47, '2024-10-04', 3.5, 3.1, 0.71, 0.4, 0.1, 0.37, 0.13, 0.33, 0.77, 0.231, 0.311, 0.392, None, None, None, None, None, None, None, '2025-12-04 12:56:53.937817')
2025-12-04 17:56:53,938 INFO sqlalchemy.engine.Engine SELECT projections_daily.id AS projections_daily_id, projections_daily.player_id AS projections_daily_player_id, projections_daily.date AS projections_daily_date, projections_daily.pa AS projections_daily_pa, projections_daily.ab AS projections_daily_ab, projections_daily.h AS projections_daily_h, projections_daily.r AS projections_daily_r, projections_daily.hr AS projections_daily_hr, projections_daily.rbi AS projections_daily_rbi, projections_daily.sb AS projections_daily_sb, projections_daily.bb AS projections_daily_bb, projections_daily.so AS projections_daily_so, projections_daily.avg AS projections_daily_avg, projections_daily.obp AS projections_daily_obp, projections_daily.slg AS projections_daily_slg, projections_daily.ip AS projections_daily_ip, projections_daily.k AS projections_daily_k, projections_daily.w AS projections_daily_w, projections_daily.l AS projections_daily_l, projections_daily.sv AS projections_daily_sv, projections_daily.era AS projections_daily_era, projections_daily.whip AS projections_daily_whip, projections_daily.fetched_at AS projections_daily_fetched_at 
FROM projections_daily 
WHERE projections_daily.player_id = ? AND projections_daily.date = ?
 LIMIT ? OFFSET ?
2025-12-04 17:56:53,938 INFO sqlalchemy.engine.Engine [cached since 0.1452s ago] (48, '2024-10-04', 1, 0)
2025-12-04 17:56:53,938 INFO sqlalchemy.engine.Engine SELECT players.id AS players_id, players.razzball_id AS players_razzball_id, players.name AS players_name, players.team AS players_team, players.position AS players_position, players.fantrax_id AS players_fantrax_id, players.nfbc_id AS players_nfbc_id, players.created_at AS players_created_at 
FROM players 
WHERE players.razzball_id = ?
 LIMIT ? OFFSET ?
2025-12-04 17:56:53,938 INFO sqlalchemy.engine.Engine [cached since 0.1544s ago] (665926, 1, 0)
2025-12-04 17:56:53,939 INFO sqlalchemy.engine.Engine INSERT INTO players (razzball_id, name, team, position, fantrax_id, nfbc_id, created_at) VALUES (?, ?, ?, ?, ?, ?, ?)
2025-12-04 17:56:53,939 INFO sqlalchemy.engine.Engine [cached since 0.1525s ago] (665926, 'Andres Gimenez', 'TOR', '2B', None, None, '2025-12-04 12:56:53.939813')
2025-12-04 17:56:53,939 INFO sqlalchemy.engine.Engine INSERT INTO projections_daily (player_id, date, pa, ab, h, r, hr, rbi, sb, bb, so, avg, obp, slg, ip, k, w, l, sv, era, whip, fetched_at) VALUES (?, ?, ?, ?, ?, ?, ?, ?, ?, ?, ?, ?, ?, ?, ?, ?, ?, ?, ?, ?, ?, ?)
2025-12-04 17:56:53,940 INFO sqlalchemy.engine.Engine [cached since 0.1404s ago] (48, '2024-10-04', 3.7, 3.4, 0.79, 0.38, 0.14, 0.43, 0.05, 0.29, 0.92, 0.233, 0.298, 0.425, None, None, None, None, None, None, None, '2025-12-04 12:56:53.939813')
2025-12-04 17:56:53,940 INFO sqlalchemy.engine.Engine SELECT projections_daily.id AS projections_daily_id, projections_daily.player_id AS projections_daily_player_id, projections_daily.date AS projections_daily_date, projections_daily.pa AS projections_daily_pa, projections_daily.ab AS projections_daily_ab, projections_daily.h AS projections_daily_h, projections_daily.r AS projections_daily_r, projections_daily.hr AS projections_daily_hr, projections_daily.rbi AS projections_daily_rbi, projections_daily.sb AS projections_daily_sb, projections_daily.bb AS projections_daily_bb, projections_daily.so AS projections_daily_so, projections_daily.avg AS projections_daily_avg, projections_daily.obp AS projections_daily_obp, projections_daily.slg AS projections_daily_slg, projections_daily.ip AS projections_daily_ip, projections_daily.k AS projections_daily_k, projections_daily.w AS projections_daily_w, projections_daily.l AS projections_daily_l, projections_daily.sv AS projections_daily_sv, projections_daily.era AS projections_daily_era, projections_daily.whip AS projections_daily_whip, projections_daily.fetched_at AS projections_daily_fetched_at 
FROM projections_daily 
WHERE projections_daily.player_id = ? AND projections_daily.date = ?
 LIMIT ? OFFSET ?
2025-12-04 17:56:53,940 INFO sqlalchemy.engine.Engine [cached since 0.1475s ago] (49, '2024-10-04', 1, 0)
2025-12-04 17:56:53,941 INFO sqlalchemy.engine.Engine SELECT players.id AS players_id, players.razzball_id AS players_razzball_id, players.name AS players_name, players.team AS players_team, players.position AS players_position, players.fantrax_id AS players_fantrax_id, players.nfbc_id AS players_nfbc_id, players.created_at AS players_created_at 
FROM players 
WHERE players.razzball_id = ?
 LIMIT ? OFFSET ?
2025-12-04 17:56:53,941 INFO sqlalchemy.engine.Engine [cached since 0.1567s ago] (807713, 1, 0)
2025-12-04 17:56:53,941 INFO sqlalchemy.engine.Engine INSERT INTO players (razzball_id, name, team, position, fantrax_id, nfbc_id, created_at) VALUES (?, ?, ?, ?, ?, ?, ?)
2025-12-04 17:56:53,942 INFO sqlalchemy.engine.Engine [cached since 0.1549s ago] (807713, 'Matt Shaw', 'CHC', '3B', None, None, '2025-12-04 12:56:53.941807')
2025-12-04 17:56:53,942 INFO sqlalchemy.engine.Engine INSERT INTO projections_daily (player_id, date, pa, ab, h, r, hr, rbi, sb, bb, so, avg, obp, slg, ip, k, w, l, sv, era, whip, fetched_at) VALUES (?, ?, ?, ?, ?, ?, ?, ?, ?, ?, ?, ?, ?, ?, ?, ?, ?, ?, ?, ?, ?, ?)
2025-12-04 17:56:53,942 INFO sqlalchemy.engine.Engine [cached since 0.1428s ago] (49, '2024-10-04', 3.5, 3.1, 0.76, 0.41, 0.06, 0.35, 0.14, 0.22, 0.67, 0.243, 0.309, 0.36, None, None, None, None, None, None, None, '2025-12-04 12:56:53.942799')
2025-12-04 17:56:53,943 INFO sqlalchemy.engine.Engine SELECT projections_daily.id AS projections_daily_id, projections_daily.player_id AS projections_daily_player_id, projections_daily.date AS projections_daily_date, projections_daily.pa AS projections_daily_pa, projections_daily.ab AS projections_daily_ab, projections_daily.h AS projections_daily_h, projections_daily.r AS projections_daily_r, projections_daily.hr AS projections_daily_hr, projections_daily.rbi AS projections_daily_rbi, projections_daily.sb AS projections_daily_sb, projections_daily.bb AS projections_daily_bb, projections_daily.so AS projections_daily_so, projections_daily.avg AS projections_daily_avg, projections_daily.obp AS projections_daily_obp, projections_daily.slg AS projections_daily_slg, projections_daily.ip AS projections_daily_ip, projections_daily.k AS projections_daily_k, projections_daily.w AS projections_daily_w, projections_daily.l AS projections_daily_l, projections_daily.sv AS projections_daily_sv, projections_daily.era AS projections_daily_era, projections_daily.whip AS projections_daily_whip, projections_daily.fetched_at AS projections_daily_fetched_at 
FROM projections_daily 
WHERE projections_daily.player_id = ? AND projections_daily.date = ?
 LIMIT ? OFFSET ?
2025-12-04 17:56:53,943 INFO sqlalchemy.engine.Engine [cached since 0.1499s ago] (50, '2024-10-04', 1, 0)
2025-12-04 17:56:53,943 INFO sqlalchemy.engine.Engine SELECT players.id AS players_id, players.razzball_id AS players_razzball_id, players.name AS players_name, players.team AS players_team, players.position AS players_position, players.fantrax_id AS players_fantrax_id, players.nfbc_id AS players_nfbc_id, players.created_at AS players_created_at 
FROM players 
WHERE players.razzball_id = ?
 LIMIT ? OFFSET ?
2025-12-04 17:56:53,943 INFO sqlalchemy.engine.Engine [cached since 0.1591s ago] (663757, 1, 0)
2025-12-04 17:56:53,944 INFO sqlalchemy.engine.Engine INSERT INTO players (razzball_id, name, team, position, fantrax_id, nfbc_id, created_at) VALUES (?, ?, ?, ?, ?, ?, ?)
2025-12-04 17:56:53,944 INFO sqlalchemy.engine.Engine [cached since 0.1574s ago] (663757, 'Trent Grisham', 'NYY', 'OF', None, None, '2025-12-04 12:56:53.944792')
2025-12-04 17:56:53,945 INFO sqlalchemy.engine.Engine INSERT INTO projections_daily (player_id, date, pa, ab, h, r, hr, rbi, sb, bb, so, avg, obp, slg, ip, k, w, l, sv, era, whip, fetched_at) VALUES (?, ?, ?, ?, ?, ?, ?, ?, ?, ?, ?, ?, ?, ?, ?, ?, ?, ?, ?, ?, ?, ?)
2025-12-04 17:56:53,945 INFO sqlalchemy.engine.Engine [cached since 0.1456s ago] (50, '2024-10-04', 3.7, 3.3, 0.71, 0.4, 0.11, 0.36, 0.15, 0.31, 1.01, 0.214, 0.287, 0.368, None, None, None, None, None, None, None, '2025-12-04 12:56:53.945764')
2025-12-04 17:56:53,946 INFO sqlalchemy.engine.Engine SELECT projections_daily.id AS projections_daily_id, projections_daily.player_id AS projections_daily_player_id, projections_daily.date AS projections_daily_date, projections_daily.pa AS projections_daily_pa, projections_daily.ab AS projections_daily_ab, projections_daily.h AS projections_daily_h, projections_daily.r AS projections_daily_r, projections_daily.hr AS projections_daily_hr, projections_daily.rbi AS projections_daily_rbi, projections_daily.sb AS projections_daily_sb, projections_daily.bb AS projections_daily_bb, projections_daily.so AS projections_daily_so, projections_daily.avg AS projections_daily_avg, projections_daily.obp AS projections_daily_obp, projections_daily.slg AS projections_daily_slg, projections_daily.ip AS projections_daily_ip, projections_daily.k AS projections_daily_k, projections_daily.w AS projections_daily_w, projections_daily.l AS projections_daily_l, projections_daily.sv AS projections_daily_sv, projections_daily.era AS projections_daily_era, projections_daily.whip AS projections_daily_whip, projections_daily.fetched_at AS projections_daily_fetched_at 
FROM projections_daily 
WHERE projections_daily.player_id = ? AND projections_daily.date = ?
 LIMIT ? OFFSET ?
2025-12-04 17:56:53,947 INFO sqlalchemy.engine.Engine [cached since 0.1538s ago] (51, '2024-10-04', 1, 0)
2025-12-04 17:56:53,948 INFO sqlalchemy.engine.Engine SELECT players.id AS players_id, players.razzball_id AS players_razzball_id, players.name AS players_name, players.team AS players_team, players.position AS players_position, players.fantrax_id AS players_fantrax_id, players.nfbc_id AS players_nfbc_id, players.created_at AS players_created_at 
FROM players 
WHERE players.razzball_id = ?
 LIMIT ? OFFSET ?
2025-12-04 17:56:53,948 INFO sqlalchemy.engine.Engine [cached since 0.1636s ago] (670042, 1, 0)
2025-12-04 17:56:53,949 INFO sqlalchemy.engine.Engine INSERT INTO players (razzball_id, name, team, position, fantrax_id, nfbc_id, created_at) VALUES (?, ?, ?, ?, ?, ?, ?)
2025-12-04 17:56:53,949 INFO sqlalchemy.engine.Engine [cached since 0.1622s ago] (670042, 'Luke Raley', 'SEA', '1B/OF', None, None, '2025-12-04 12:56:53.949794')
2025-12-04 17:56:53,949 INFO sqlalchemy.engine.Engine INSERT INTO projections_daily (player_id, date, pa, ab, h, r, hr, rbi, sb, bb, so, avg, obp, slg, ip, k, w, l, sv, era, whip, fetched_at) VALUES (?, ?, ?, ?, ?, ?, ?, ?, ?, ?, ?, ?, ?, ?, ?, ?, ?, ?, ?, ?, ?, ?)
2025-12-04 17:56:53,949 INFO sqlalchemy.engine.Engine [cached since 0.1501s ago] (51, '2024-10-04', 4.4, 3.9, 0.81, 0.49, 0.15, 0.39, 0.07, 0.44, 1.28, 0.207, 0.29, 0.376, None, None, None, None, None, None, None, '2025-12-04 12:56:53.949794')
2025-12-04 17:56:53,950 INFO sqlalchemy.engine.Engine SELECT projections_daily.id AS projections_daily_id, projections_daily.player_id AS projections_daily_player_id, projections_daily.date AS projections_daily_date, projections_daily.pa AS projections_daily_pa, projections_daily.ab AS projections_daily_ab, projections_daily.h AS projections_daily_h, projections_daily.r AS projections_daily_r, projections_daily.hr AS projections_daily_hr, projections_daily.rbi AS projections_daily_rbi, projections_daily.sb AS projections_daily_sb, projections_daily.bb AS projections_daily_bb, projections_daily.so AS projections_daily_so, projections_daily.avg AS projections_daily_avg, projections_daily.obp AS projections_daily_obp, projections_daily.slg AS projections_daily_slg, projections_daily.ip AS projections_daily_ip, projections_daily.k AS projections_daily_k, projections_daily.w AS projections_daily_w, projections_daily.l AS projections_daily_l, projections_daily.sv AS projections_daily_sv, projections_daily.era AS projections_daily_era, projections_daily.whip AS projections_daily_whip, projections_daily.fetched_at AS projections_daily_fetched_at 
FROM projections_daily 
WHERE projections_daily.player_id = ? AND projections_daily.date = ?
 LIMIT ? OFFSET ?
2025-12-04 17:56:53,950 INFO sqlalchemy.engine.Engine [cached since 0.1573s ago] (52, '2024-10-04', 1, 0)
2025-12-04 17:56:53,951 INFO sqlalchemy.engine.Engine SELECT players.id AS players_id, players.razzball_id AS players_razzball_id, players.name AS players_name, players.team AS players_team, players.position AS players_position, players.fantrax_id AS players_fantrax_id, players.nfbc_id AS players_nfbc_id, players.created_at AS players_created_at 
FROM players 
WHERE players.razzball_id = ?
 LIMIT ? OFFSET ?
2025-12-04 17:56:53,951 INFO sqlalchemy.engine.Engine [cached since 0.1668s ago] (16535, 1, 0)
2025-12-04 17:56:53,952 INFO sqlalchemy.engine.Engine INSERT INTO players (razzball_id, name, team, position, fantrax_id, nfbc_id, created_at) VALUES (?, ?, ?, ?, ?, ?, ?)
2025-12-04 17:56:53,952 INFO sqlalchemy.engine.Engine [cached since 0.1651s ago] (16535, 'Danny Jansen', 'MIL', 'C', None, None, '2025-12-04 12:56:53.952777')
2025-12-04 17:56:53,952 INFO sqlalchemy.engine.Engine INSERT INTO projections_daily (player_id, date, pa, ab, h, r, hr, rbi, sb, bb, so, avg, obp, slg, ip, k, w, l, sv, era, whip, fetched_at) VALUES (?, ?, ?, ?, ?, ?, ?, ?, ?, ?, ?, ?, ?, ?, ?, ?, ?, ?, ?, ?, ?, ?)
2025-12-04 17:56:53,952 INFO sqlalchemy.engine.Engine [cached since 0.153s ago] (52, '2024-10-04', 3.3, 3.0, 0.69, 0.41, 0.14, 0.41, 0.03, 0.22, 1.0, 0.23, 0.302, 0.416, None, None, None, None, None, None, None, '2025-12-04 12:56:53.952777')
2025-12-04 17:56:53,953 INFO sqlalchemy.engine.Engine SELECT projections_daily.id AS projections_daily_id, projections_daily.player_id AS projections_daily_player_id, projections_daily.date AS projections_daily_date, projections_daily.pa AS projections_daily_pa, projections_daily.ab AS projections_daily_ab, projections_daily.h AS projections_daily_h, projections_daily.r AS projections_daily_r, projections_daily.hr AS projections_daily_hr, projections_daily.rbi AS projections_daily_rbi, projections_daily.sb AS projections_daily_sb, projections_daily.bb AS projections_daily_bb, projections_daily.so AS projections_daily_so, projections_daily.avg AS projections_daily_avg, projections_daily.obp AS projections_daily_obp, projections_daily.slg AS projections_daily_slg, projections_daily.ip AS projections_daily_ip, projections_daily.k AS projections_daily_k, projections_daily.w AS projections_daily_w, projections_daily.l AS projections_daily_l, projections_daily.sv AS projections_daily_sv, projections_daily.era AS projections_daily_era, projections_daily.whip AS projections_daily_whip, projections_daily.fetched_at AS projections_daily_fetched_at 
FROM projections_daily 
WHERE projections_daily.player_id = ? AND projections_daily.date = ?
 LIMIT ? OFFSET ?
2025-12-04 17:56:53,953 INFO sqlalchemy.engine.Engine [cached since 0.1601s ago] (53, '2024-10-04', 1, 0)
2025-12-04 17:56:53,953 INFO sqlalchemy.engine.Engine SELECT players.id AS players_id, players.razzball_id AS players_razzball_id, players.name AS players_name, players.team AS players_team, players.position AS players_position, players.fantrax_id AS players_fantrax_id, players.nfbc_id AS players_nfbc_id, players.created_at AS players_created_at 
FROM players 
WHERE players.razzball_id = ?
 LIMIT ? OFFSET ?
2025-12-04 17:56:53,953 INFO sqlalchemy.engine.Engine [cached since 0.1693s ago] (672386, 1, 0)
2025-12-04 17:56:53,954 INFO sqlalchemy.engine.Engine INSERT INTO players (razzball_id, name, team, position, fantrax_id, nfbc_id, created_at) VALUES (?, ?, ?, ?, ?, ?, ?)
2025-12-04 17:56:53,954 INFO sqlalchemy.engine.Engine [cached since 0.1675s ago] (672386, 'Alejandro Kirk', 'TOR', 'C', None, None, '2025-12-04 12:56:53.954774')
2025-12-04 17:56:53,954 INFO sqlalchemy.engine.Engine INSERT INTO projections_daily (player_id, date, pa, ab, h, r, hr, rbi, sb, bb, so, avg, obp, slg, ip, k, w, l, sv, era, whip, fetched_at) VALUES (?, ?, ?, ?, ?, ?, ?, ?, ?, ?, ?, ?, ?, ?, ?, ?, ?, ?, ?, ?, ?, ?)
2025-12-04 17:56:53,955 INFO sqlalchemy.engine.Engine [cached since 0.1554s ago] (53, '2024-10-04', 3.4, 3.0, 0.66, 0.45, 0.16, 0.43, 0.01, 0.25, 0.79, 0.217, 0.284, 0.42, None, None, None, None, None, None, None, '2025-12-04 12:56:53.954774')
2025-12-04 17:56:53,955 INFO sqlalchemy.engine.Engine SELECT projections_daily.id AS projections_daily_id, projections_daily.player_id AS projections_daily_player_id, projections_daily.date AS projections_daily_date, projections_daily.pa AS projections_daily_pa, projections_daily.ab AS projections_daily_ab, projections_daily.h AS projections_daily_h, projections_daily.r AS projections_daily_r, projections_daily.hr AS projections_daily_hr, projections_daily.rbi AS projections_daily_rbi, projections_daily.sb AS projections_daily_sb, projections_daily.bb AS projections_daily_bb, projections_daily.so AS projections_daily_so, projections_daily.avg AS projections_daily_avg, projections_daily.obp AS projections_daily_obp, projections_daily.slg AS projections_daily_slg, projections_daily.ip AS projections_daily_ip, projections_daily.k AS projections_daily_k, projections_daily.w AS projections_daily_w, projections_daily.l AS projections_daily_l, projections_daily.sv AS projections_daily_sv, projections_daily.era AS projections_daily_era, projections_daily.whip AS projections_daily_whip, projections_daily.fetched_at AS projections_daily_fetched_at 
FROM projections_daily 
WHERE projections_daily.player_id = ? AND projections_daily.date = ?
 LIMIT ? OFFSET ?
2025-12-04 17:56:53,955 INFO sqlalchemy.engine.Engine [cached since 0.1625s ago] (54, '2024-10-04', 1, 0)
2025-12-04 17:56:53,956 INFO sqlalchemy.engine.Engine SELECT players.id AS players_id, players.razzball_id AS players_razzball_id, players.name AS players_name, players.team AS players_team, players.position AS players_position, players.fantrax_id AS players_fantrax_id, players.nfbc_id AS players_nfbc_id, players.created_at AS players_created_at 
FROM players 
WHERE players.razzball_id = ?
 LIMIT ? OFFSET ?
2025-12-04 17:56:53,956 INFO sqlalchemy.engine.Engine [cached since 0.1717s ago] (672012, 1, 0)
2025-12-04 17:56:53,956 INFO sqlalchemy.engine.Engine INSERT INTO players (razzball_id, name, team, position, fantrax_id, nfbc_id, created_at) VALUES (?, ?, ?, ?, ?, ?, ?)
2025-12-04 17:56:53,957 INFO sqlalchemy.engine.Engine [cached since 0.1699s ago] (672012, 'Tyler Black', 'MIL', '2B', None, None, '2025-12-04 12:56:53.956767')
2025-12-04 17:56:53,957 INFO sqlalchemy.engine.Engine INSERT INTO projections_daily (player_id, date, pa, ab, h, r, hr, rbi, sb, bb, so, avg, obp, slg, ip, k, w, l, sv, era, whip, fetched_at) VALUES (?, ?, ?, ?, ?, ?, ?, ?, ?, ?, ?, ?, ?, ?, ?, ?, ?, ?, ?, ?, ?, ?)
2025-12-04 17:56:53,957 INFO sqlalchemy.engine.Engine [cached since 0.1578s ago] (54, '2024-10-04', 3.7, 3.3, 0.88, 0.43, 0.09, 0.42, 0.01, 0.37, 0.49, 0.266, 0.344, 0.392, None, None, None, None, None, None, None, '2025-12-04 12:56:53.957765')
2025-12-04 17:56:53,958 INFO sqlalchemy.engine.Engine SELECT projections_daily.id AS projections_daily_id, projections_daily.player_id AS projections_daily_player_id, projections_daily.date AS projections_daily_date, projections_daily.pa AS projections_daily_pa, projections_daily.ab AS projections_daily_ab, projections_daily.h AS projections_daily_h, projections_daily.r AS projections_daily_r, projections_daily.hr AS projections_daily_hr, projections_daily.rbi AS projections_daily_rbi, projections_daily.sb AS projections_daily_sb, projections_daily.bb AS projections_daily_bb, projections_daily.so AS projections_daily_so, projections_daily.avg AS projections_daily_avg, projections_daily.obp AS projections_daily_obp, projections_daily.slg AS projections_daily_slg, projections_daily.ip AS projections_daily_ip, projections_daily.k AS projections_daily_k, projections_daily.w AS projections_daily_w, projections_daily.l AS projections_daily_l, projections_daily.sv AS projections_daily_sv, projections_daily.era AS projections_daily_era, projections_daily.whip AS projections_daily_whip, projections_daily.fetched_at AS projections_daily_fetched_at 
FROM projections_daily 
WHERE projections_daily.player_id = ? AND projections_daily.date = ?
 LIMIT ? OFFSET ?
2025-12-04 17:56:53,958 INFO sqlalchemy.engine.Engine [cached since 0.1649s ago] (55, '2024-10-04', 1, 0)
2025-12-04 17:56:53,958 INFO sqlalchemy.engine.Engine SELECT players.id AS players_id, players.razzball_id AS players_razzball_id, players.name AS players_name, players.team AS players_team, players.position AS players_position, players.fantrax_id AS players_fantrax_id, players.nfbc_id AS players_nfbc_id, players.created_at AS players_created_at 
FROM players 
WHERE players.razzball_id = ?
 LIMIT ? OFFSET ?
2025-12-04 17:56:53,958 INFO sqlalchemy.engine.Engine [cached since 0.1741s ago] (623993, 1, 0)
2025-12-04 17:56:53,959 INFO sqlalchemy.engine.Engine INSERT INTO players (razzball_id, name, team, position, fantrax_id, nfbc_id, created_at) VALUES (?, ?, ?, ?, ?, ?, ?)
2025-12-04 17:56:53,959 INFO sqlalchemy.engine.Engine [cached since 0.1722s ago] (623993, 'Anthony Santander', 'TOR', 'OF', None, None, '2025-12-04 12:56:53.959758')
2025-12-04 17:56:53,959 INFO sqlalchemy.engine.Engine INSERT INTO projections_daily (player_id, date, pa, ab, h, r, hr, rbi, sb, bb, so, avg, obp, slg, ip, k, w, l, sv, era, whip, fetched_at) VALUES (?, ?, ?, ?, ?, ?, ?, ?, ?, ?, ?, ?, ?, ?, ?, ?, ?, ?, ?, ?, ?, ?)
2025-12-04 17:56:53,959 INFO sqlalchemy.engine.Engine [cached since 0.1601s ago] (55, '2024-10-04', 3.6, 3.2, 0.69, 0.41, 0.1, 0.37, 0.14, 0.32, 0.94, 0.214, 0.291, 0.363, None, None, None, None, None, None, None, '2025-12-04 12:56:53.959758')
2025-12-04 17:56:53,960 INFO sqlalchemy.engine.Engine SELECT projections_daily.id AS projections_daily_id, projections_daily.player_id AS projections_daily_player_id, projections_daily.date AS projections_daily_date, projections_daily.pa AS projections_daily_pa, projections_daily.ab AS projections_daily_ab, projections_daily.h AS projections_daily_h, projections_daily.r AS projections_daily_r, projections_daily.hr AS projections_daily_hr, projections_daily.rbi AS projections_daily_rbi, projections_daily.sb AS projections_daily_sb, projections_daily.bb AS projections_daily_bb, projections_daily.so AS projections_daily_so, projections_daily.avg AS projections_daily_avg, projections_daily.obp AS projections_daily_obp, projections_daily.slg AS projections_daily_slg, projections_daily.ip AS projections_daily_ip, projections_daily.k AS projections_daily_k, projections_daily.w AS projections_daily_w, projections_daily.l AS projections_daily_l, projections_daily.sv AS projections_daily_sv, projections_daily.era AS projections_daily_era, projections_daily.whip AS projections_daily_whip, projections_daily.fetched_at AS projections_daily_fetched_at 
FROM projections_daily 
WHERE projections_daily.player_id = ? AND projections_daily.date = ?
 LIMIT ? OFFSET ?
2025-12-04 17:56:53,960 INFO sqlalchemy.engine.Engine [cached since 0.1674s ago] (56, '2024-10-04', 1, 0)
2025-12-04 17:56:53,961 INFO sqlalchemy.engine.Engine SELECT players.id AS players_id, players.razzball_id AS players_razzball_id, players.name AS players_name, players.team AS players_team, players.position AS players_position, players.fantrax_id AS players_fantrax_id, players.nfbc_id AS players_nfbc_id, players.created_at AS players_created_at 
FROM players 
WHERE players.razzball_id = ?
 LIMIT ? OFFSET ?
2025-12-04 17:56:53,961 INFO sqlalchemy.engine.Engine [cached since 0.1769s ago] (669257, 1, 0)
2025-12-04 17:56:53,963 INFO sqlalchemy.engine.Engine INSERT INTO players (razzball_id, name, team, position, fantrax_id, nfbc_id, created_at) VALUES (?, ?, ?, ?, ?, ?, ?)
2025-12-04 17:56:53,963 INFO sqlalchemy.engine.Engine [cached since 0.1764s ago] (669257, 'Will Smith', 'LAD', 'C', None, None, '2025-12-04 12:56:53.963717')
2025-12-04 17:56:53,964 INFO sqlalchemy.engine.Engine INSERT INTO projections_daily (player_id, date, pa, ab, h, r, hr, rbi, sb, bb, so, avg, obp, slg, ip, k, w, l, sv, era, whip, fetched_at) VALUES (?, ?, ?, ?, ?, ?, ?, ?, ?, ?, ?, ?, ?, ?, ?, ?, ?, ?, ?, ?, ?, ?)
2025-12-04 17:56:53,964 INFO sqlalchemy.engine.Engine [cached since 0.165s ago] (56, '2024-10-04', 3.7, 3.3, 0.73, 0.44, 0.14, 0.46, 0.01, 0.35, 0.85, 0.22, 0.303, 0.4, None, None, None, None, None, None, None, '2025-12-04 12:56:53.964714')
2025-12-04 17:56:53,965 INFO sqlalchemy.engine.Engine SELECT projections_daily.id AS projections_daily_id, projections_daily.player_id AS projections_daily_player_id, projections_daily.date AS projections_daily_date, projections_daily.pa AS projections_daily_pa, projections_daily.ab AS projections_daily_ab, projections_daily.h AS projections_daily_h, projections_daily.r AS projections_daily_r, projections_daily.hr AS projections_daily_hr, projections_daily.rbi AS projections_daily_rbi, projections_daily.sb AS projections_daily_sb, projections_daily.bb AS projections_daily_bb, projections_daily.so AS projections_daily_so, projections_daily.avg AS projections_daily_avg, projections_daily.obp AS projections_daily_obp, projections_daily.slg AS projections_daily_slg, projections_daily.ip AS projections_daily_ip, projections_daily.k AS projections_daily_k, projections_daily.w AS projections_daily_w, projections_daily.l AS projections_daily_l, projections_daily.sv AS projections_daily_sv, projections_daily.era AS projections_daily_era, projections_daily.whip AS projections_daily_whip, projections_daily.fetched_at AS projections_daily_fetched_at 
FROM projections_daily 
WHERE projections_daily.player_id = ? AND projections_daily.date = ?
 LIMIT ? OFFSET ?
2025-12-04 17:56:53,965 INFO sqlalchemy.engine.Engine [cached since 0.1725s ago] (57, '2024-10-04', 1, 0)
2025-12-04 17:56:53,966 INFO sqlalchemy.engine.Engine SELECT players.id AS players_id, players.razzball_id AS players_razzball_id, players.name AS players_name, players.team AS players_team, players.position AS players_position, players.fantrax_id AS players_fantrax_id, players.nfbc_id AS players_nfbc_id, players.created_at AS players_created_at 
FROM players 
WHERE players.razzball_id = ?
 LIMIT ? OFFSET ?
2025-12-04 17:56:53,966 INFO sqlalchemy.engine.Engine [cached since 0.182s ago] (687401, 1, 0)
2025-12-04 17:56:53,967 INFO sqlalchemy.engine.Engine INSERT INTO players (razzball_id, name, team, position, fantrax_id, nfbc_id, created_at) VALUES (?, ?, ?, ?, ?, ?, ?)
2025-12-04 17:56:53,967 INFO sqlalchemy.engine.Engine [cached since 0.1803s ago] (687401, 'Joey Ortiz', 'MIL', 'SS/3B', None, None, '2025-12-04 12:56:53.967732')
2025-12-04 17:56:53,967 INFO sqlalchemy.engine.Engine INSERT INTO projections_daily (player_id, date, pa, ab, h, r, hr, rbi, sb, bb, so, avg, obp, slg, ip, k, w, l, sv, era, whip, fetched_at) VALUES (?, ?, ?, ?, ?, ?, ?, ?, ?, ?, ?, ?, ?, ?, ?, ?, ?, ?, ?, ?, ?, ?)
2025-12-04 17:56:53,967 INFO sqlalchemy.engine.Engine [cached since 0.1682s ago] (57, '2024-10-04', 4.2, 3.8, 0.91, 0.4, 0.12, 0.43, 0.02, 0.41, 0.88, 0.243, 0.323, 0.395, None, None, None, None, None, None, None, '2025-12-04 12:56:53.967732')
2025-12-04 17:56:53,968 INFO sqlalchemy.engine.Engine SELECT projections_daily.id AS projections_daily_id, projections_daily.player_id AS projections_daily_player_id, projections_daily.date AS projections_daily_date, projections_daily.pa AS projections_daily_pa, projections_daily.ab AS projections_daily_ab, projections_daily.h AS projections_daily_h, projections_daily.r AS projections_daily_r, projections_daily.hr AS projections_daily_hr, projections_daily.rbi AS projections_daily_rbi, projections_daily.sb AS projections_daily_sb, projections_daily.bb AS projections_daily_bb, projections_daily.so AS projections_daily_so, projections_daily.avg AS projections_daily_avg, projections_daily.obp AS projections_daily_obp, projections_daily.slg AS projections_daily_slg, projections_daily.ip AS projections_daily_ip, projections_daily.k AS projections_daily_k, projections_daily.w AS projections_daily_w, projections_daily.l AS projections_daily_l, projections_daily.sv AS projections_daily_sv, projections_daily.era AS projections_daily_era, projections_daily.whip AS projections_daily_whip, projections_daily.fetched_at AS projections_daily_fetched_at 
FROM projections_daily 
WHERE projections_daily.player_id = ? AND projections_daily.date = ?
 LIMIT ? OFFSET ?
2025-12-04 17:56:53,968 INFO sqlalchemy.engine.Engine [cached since 0.1754s ago] (58, '2024-10-04', 1, 0)
2025-12-04 17:56:53,969 INFO sqlalchemy.engine.Engine SELECT players.id AS players_id, players.razzball_id AS players_razzball_id, players.name AS players_name, players.team AS players_team, players.position AS players_position, players.fantrax_id AS players_fantrax_id, players.nfbc_id AS players_nfbc_id, players.created_at AS players_created_at 
FROM players 
WHERE players.razzball_id = ?
 LIMIT ? OFFSET ?
2025-12-04 17:56:53,969 INFO sqlalchemy.engine.Engine [cached since 0.1847s ago] (16997, 1, 0)
2025-12-04 17:56:53,970 INFO sqlalchemy.engine.Engine INSERT INTO players (razzball_id, name, team, position, fantrax_id, nfbc_id, created_at) VALUES (?, ?, ?, ?, ?, ?, ?)
2025-12-04 17:56:53,970 INFO sqlalchemy.engine.Engine [cached since 0.183s ago] (16997, 'Gleyber Torres', 'DET', '2B', None, None, '2025-12-04 12:56:53.970727')
2025-12-04 17:56:53,970 INFO sqlalchemy.engine.Engine INSERT INTO projections_daily (player_id, date, pa, ab, h, r, hr, rbi, sb, bb, so, avg, obp, slg, ip, k, w, l, sv, era, whip, fetched_at) VALUES (?, ?, ?, ?, ?, ?, ?, ?, ?, ?, ?, ?, ?, ?, ?, ?, ?, ?, ?, ?, ?, ?)
2025-12-04 17:56:53,970 INFO sqlalchemy.engine.Engine [cached since 0.171s ago] (58, '2024-10-04', 3.2, 3.0, 0.74, 0.39, 0.08, 0.35, 0.1, 0.17, 0.54, 0.246, 0.291, 0.387, None, None, None, None, None, None, None, '2025-12-04 12:56:53.970727')
2025-12-04 17:56:53,971 INFO sqlalchemy.engine.Engine SELECT projections_daily.id AS projections_daily_id, projections_daily.player_id AS projections_daily_player_id, projections_daily.date AS projections_daily_date, projections_daily.pa AS projections_daily_pa, projections_daily.ab AS projections_daily_ab, projections_daily.h AS projections_daily_h, projections_daily.r AS projections_daily_r, projections_daily.hr AS projections_daily_hr, projections_daily.rbi AS projections_daily_rbi, projections_daily.sb AS projections_daily_sb, projections_daily.bb AS projections_daily_bb, projections_daily.so AS projections_daily_so, projections_daily.avg AS projections_daily_avg, projections_daily.obp AS projections_daily_obp, projections_daily.slg AS projections_daily_slg, projections_daily.ip AS projections_daily_ip, projections_daily.k AS projections_daily_k, projections_daily.w AS projections_daily_w, projections_daily.l AS projections_daily_l, projections_daily.sv AS projections_daily_sv, projections_daily.era AS projections_daily_era, projections_daily.whip AS projections_daily_whip, projections_daily.fetched_at AS projections_daily_fetched_at 
FROM projections_daily 
WHERE projections_daily.player_id = ? AND projections_daily.date = ?
 LIMIT ? OFFSET ?
2025-12-04 17:56:53,971 INFO sqlalchemy.engine.Engine [cached since 0.1782s ago] (59, '2024-10-04', 1, 0)
2025-12-04 17:56:53,972 INFO sqlalchemy.engine.Engine SELECT players.id AS players_id, players.razzball_id AS players_razzball_id, players.name AS players_name, players.team AS players_team, players.position AS players_position, players.fantrax_id AS players_fantrax_id, players.nfbc_id AS players_nfbc_id, players.created_at AS players_created_at 
FROM players 
WHERE players.razzball_id = ?
 LIMIT ? OFFSET ?
2025-12-04 17:56:53,972 INFO sqlalchemy.engine.Engine [cached since 0.1875s ago] (669242, 1, 0)
2025-12-04 17:56:53,972 INFO sqlalchemy.engine.Engine INSERT INTO players (razzball_id, name, team, position, fantrax_id, nfbc_id, created_at) VALUES (?, ?, ?, ?, ?, ?, ?)
2025-12-04 17:56:53,972 INFO sqlalchemy.engine.Engine [cached since 0.1857s ago] (669242, 'Tommy Edman', 'LAD', '2B/3B/ OF', None, None, '2025-12-04 12:56:53.972719')
2025-12-04 17:56:53,973 INFO sqlalchemy.engine.Engine INSERT INTO projections_daily (player_id, date, pa, ab, h, r, hr, rbi, sb, bb, so, avg, obp, slg, ip, k, w, l, sv, era, whip, fetched_at) VALUES (?, ?, ?, ?, ?, ?, ?, ?, ?, ?, ?, ?, ?, ?, ?, ?, ?, ?, ?, ?, ?, ?)
2025-12-04 17:56:53,973 INFO sqlalchemy.engine.Engine [cached since 0.1736s ago] (59, '2024-10-04', 4.3, 4.0, 0.95, 0.45, 0.11, 0.33, 0.05, 0.27, 0.94, 0.238, 0.289, 0.366, None, None, None, None, None, None, None, '2025-12-04 12:56:53.973716')
2025-12-04 17:56:53,973 INFO sqlalchemy.engine.Engine SELECT projections_daily.id AS projections_daily_id, projections_daily.player_id AS projections_daily_player_id, projections_daily.date AS projections_daily_date, projections_daily.pa AS projections_daily_pa, projections_daily.ab AS projections_daily_ab, projections_daily.h AS projections_daily_h, projections_daily.r AS projections_daily_r, projections_daily.hr AS projections_daily_hr, projections_daily.rbi AS projections_daily_rbi, projections_daily.sb AS projections_daily_sb, projections_daily.bb AS projections_daily_bb, projections_daily.so AS projections_daily_so, projections_daily.avg AS projections_daily_avg, projections_daily.obp AS projections_daily_obp, projections_daily.slg AS projections_daily_slg, projections_daily.ip AS projections_daily_ip, projections_daily.k AS projections_daily_k, projections_daily.w AS projections_daily_w, projections_daily.l AS projections_daily_l, projections_daily.sv AS projections_daily_sv, projections_daily.era AS projections_daily_era, projections_daily.whip AS projections_daily_whip, projections_daily.fetched_at AS projections_daily_fetched_at 
FROM projections_daily 
WHERE projections_daily.player_id = ? AND projections_daily.date = ?
 LIMIT ? OFFSET ?
2025-12-04 17:56:53,974 INFO sqlalchemy.engine.Engine [cached since 0.1808s ago] (60, '2024-10-04', 1, 0)
2025-12-04 17:56:53,974 INFO sqlalchemy.engine.Engine SELECT players.id AS players_id, players.razzball_id AS players_razzball_id, players.name AS players_name, players.team AS players_team, players.position AS players_position, players.fantrax_id AS players_fantrax_id, players.nfbc_id AS players_nfbc_id, players.created_at AS players_created_at 
FROM players 
WHERE players.razzball_id = ?
 LIMIT ? OFFSET ?
2025-12-04 17:56:53,974 INFO sqlalchemy.engine.Engine [cached since 0.1901s ago] (645302, 1, 0)
2025-12-04 17:56:53,975 INFO sqlalchemy.engine.Engine INSERT INTO players (razzball_id, name, team, position, fantrax_id, nfbc_id, created_at) VALUES (?, ?, ?, ?, ?, ?, ?)
2025-12-04 17:56:53,975 INFO sqlalchemy.engine.Engine [cached since 0.1883s ago] (645302, 'Victor Robles', 'SEA', 'OF', None, None, '2025-12-04 12:56:53.975711')
2025-12-04 17:56:53,975 INFO sqlalchemy.engine.Engine INSERT INTO projections_daily (player_id, date, pa, ab, h, r, hr, rbi, sb, bb, so, avg, obp, slg, ip, k, w, l, sv, era, whip, fetched_at) VALUES (?, ?, ?, ?, ?, ?, ?, ?, ?, ?, ?, ?, ?, ?, ?, ?, ?, ?, ?, ?, ?, ?)
2025-12-04 17:56:53,975 INFO sqlalchemy.engine.Engine [cached since 0.1762s ago] (60, '2024-10-04', 4.1, 3.9, 0.95, 0.36, 0.1, 0.37, 0.07, 0.18, 0.8, 0.246, 0.284, 0.377, None, None, None, None, None, None, None, '2025-12-04 12:56:53.975711')
2025-12-04 17:56:53,976 INFO sqlalchemy.engine.Engine SELECT projections_daily.id AS projections_daily_id, projections_daily.player_id AS projections_daily_player_id, projections_daily.date AS projections_daily_date, projections_daily.pa AS projections_daily_pa, projections_daily.ab AS projections_daily_ab, projections_daily.h AS projections_daily_h, projections_daily.r AS projections_daily_r, projections_daily.hr AS projections_daily_hr, projections_daily.rbi AS projections_daily_rbi, projections_daily.sb AS projections_daily_sb, projections_daily.bb AS projections_daily_bb, projections_daily.so AS projections_daily_so, projections_daily.avg AS projections_daily_avg, projections_daily.obp AS projections_daily_obp, projections_daily.slg AS projections_daily_slg, projections_daily.ip AS projections_daily_ip, projections_daily.k AS projections_daily_k, projections_daily.w AS projections_daily_w, projections_daily.l AS projections_daily_l, projections_daily.sv AS projections_daily_sv, projections_daily.era AS projections_daily_era, projections_daily.whip AS projections_daily_whip, projections_daily.fetched_at AS projections_daily_fetched_at 
FROM projections_daily 
WHERE projections_daily.player_id = ? AND projections_daily.date = ?
 LIMIT ? OFFSET ?
2025-12-04 17:56:53,976 INFO sqlalchemy.engine.Engine [cached since 0.1835s ago] (61, '2024-10-04', 1, 0)
2025-12-04 17:56:53,977 INFO sqlalchemy.engine.Engine SELECT players.id AS players_id, players.razzball_id AS players_razzball_id, players.name AS players_name, players.team AS players_team, players.position AS players_position, players.fantrax_id AS players_fantrax_id, players.nfbc_id AS players_nfbc_id, players.created_at AS players_created_at 
FROM players 
WHERE players.razzball_id = ?
 LIMIT ? OFFSET ?
2025-12-04 17:56:53,977 INFO sqlalchemy.engine.Engine [cached since 0.1927s ago] (663604, 1, 0)
2025-12-04 17:56:53,978 INFO sqlalchemy.engine.Engine INSERT INTO players (razzball_id, name, team, position, fantrax_id, nfbc_id, created_at) VALUES (?, ?, ?, ?, ?, ?, ?)
2025-12-04 17:56:53,978 INFO sqlalchemy.engine.Engine [cached since 0.1914s ago] (663604, 'Brandon Lockridge', 'MIL', 'OF', None, None, '2025-12-04 12:56:53.978676')
2025-12-04 17:56:53,979 INFO sqlalchemy.engine.Engine INSERT INTO projections_daily (player_id, date, pa, ab, h, r, hr, rbi, sb, bb, so, avg, obp, slg, ip, k, w, l, sv, era, whip, fetched_at) VALUES (?, ?, ?, ?, ?, ?, ?, ?, ?, ?, ?, ?, ?, ?, ?, ?, ?, ?, ?, ?, ?, ?)
2025-12-04 17:56:53,979 INFO sqlalchemy.engine.Engine [cached since 0.1802s ago] (61, '2024-10-04', 3.5, 3.2, 0.75, 0.38, 0.06, 0.33, 0.14, 0.19, 0.8, 0.237, 0.294, 0.348, None, None, None, None, None, None, None, '2025-12-04 12:56:53.979693')
2025-12-04 17:56:53,981 INFO sqlalchemy.engine.Engine SELECT projections_daily.id AS projections_daily_id, projections_daily.player_id AS projections_daily_player_id, projections_daily.date AS projections_daily_date, projections_daily.pa AS projections_daily_pa, projections_daily.ab AS projections_daily_ab, projections_daily.h AS projections_daily_h, projections_daily.r AS projections_daily_r, projections_daily.hr AS projections_daily_hr, projections_daily.rbi AS projections_daily_rbi, projections_daily.sb AS projections_daily_sb, projections_daily.bb AS projections_daily_bb, projections_daily.so AS projections_daily_so, projections_daily.avg AS projections_daily_avg, projections_daily.obp AS projections_daily_obp, projections_daily.slg AS projections_daily_slg, projections_daily.ip AS projections_daily_ip, projections_daily.k AS projections_daily_k, projections_daily.w AS projections_daily_w, projections_daily.l AS projections_daily_l, projections_daily.sv AS projections_daily_sv, projections_daily.era AS projections_daily_era, projections_daily.whip AS projections_daily_whip, projections_daily.fetched_at AS projections_daily_fetched_at 
FROM projections_daily 
WHERE projections_daily.player_id = ? AND projections_daily.date = ?
 LIMIT ? OFFSET ?
2025-12-04 17:56:53,981 INFO sqlalchemy.engine.Engine [cached since 0.188s ago] (62, '2024-10-04', 1, 0)
2025-12-04 17:56:53,982 INFO sqlalchemy.engine.Engine SELECT players.id AS players_id, players.razzball_id AS players_razzball_id, players.name AS players_name, players.team AS players_team, players.position AS players_position, players.fantrax_id AS players_fantrax_id, players.nfbc_id AS players_nfbc_id, players.created_at AS players_created_at 
FROM players 
WHERE players.razzball_id = ?
 LIMIT ? OFFSET ?
2025-12-04 17:56:53,982 INFO sqlalchemy.engine.Engine [cached since 0.1975s ago] (18314, 1, 0)
2025-12-04 17:56:53,983 INFO sqlalchemy.engine.Engine INSERT INTO players (razzball_id, name, team, position, fantrax_id, nfbc_id, created_at) VALUES (?, ?, ?, ?, ?, ?, ?)
2025-12-04 17:56:53,983 INFO sqlalchemy.engine.Engine [cached since 0.196s ago] (18314, 'Dansby Swanson', 'CHC', 'SS', None, None, '2025-12-04 12:56:53.983663')
2025-12-04 17:56:53,983 INFO sqlalchemy.engine.Engine INSERT INTO projections_daily (player_id, date, pa, ab, h, r, hr, rbi, sb, bb, so, avg, obp, slg, ip, k, w, l, sv, era, whip, fetched_at) VALUES (?, ?, ?, ?, ?, ?, ?, ?, ?, ?, ?, ?, ?, ?, ?, ?, ?, ?, ?, ?, ?, ?)
2025-12-04 17:56:53,983 INFO sqlalchemy.engine.Engine [cached since 0.1841s ago] (62, '2024-10-04', 3.5, 3.2, 0.74, 0.36, 0.05, 0.31, 0.19, 0.2, 0.93, 0.23, 0.279, 0.331, None, None, None, None, None, None, None, '2025-12-04 12:56:53.983663')
2025-12-04 17:56:53,984 INFO sqlalchemy.engine.Engine SELECT projections_daily.id AS projections_daily_id, projections_daily.player_id AS projections_daily_player_id, projections_daily.date AS projections_daily_date, projections_daily.pa AS projections_daily_pa, projections_daily.ab AS projections_daily_ab, projections_daily.h AS projections_daily_h, projections_daily.r AS projections_daily_r, projections_daily.hr AS projections_daily_hr, projections_daily.rbi AS projections_daily_rbi, projections_daily.sb AS projections_daily_sb, projections_daily.bb AS projections_daily_bb, projections_daily.so AS projections_daily_so, projections_daily.avg AS projections_daily_avg, projections_daily.obp AS projections_daily_obp, projections_daily.slg AS projections_daily_slg, projections_daily.ip AS projections_daily_ip, projections_daily.k AS projections_daily_k, projections_daily.w AS projections_daily_w, projections_daily.l AS projections_daily_l, projections_daily.sv AS projections_daily_sv, projections_daily.era AS projections_daily_era, projections_daily.whip AS projections_daily_whip, projections_daily.fetched_at AS projections_daily_fetched_at 
FROM projections_daily 
WHERE projections_daily.player_id = ? AND projections_daily.date = ?
 LIMIT ? OFFSET ?
2025-12-04 17:56:53,984 INFO sqlalchemy.engine.Engine [cached since 0.1917s ago] (63, '2024-10-04', 1, 0)
2025-12-04 17:56:53,985 INFO sqlalchemy.engine.Engine SELECT players.id AS players_id, players.razzball_id AS players_razzball_id, players.name AS players_name, players.team AS players_team, players.position AS players_position, players.fantrax_id AS players_fantrax_id, players.nfbc_id AS players_nfbc_id, players.created_at AS players_created_at 
FROM players 
WHERE players.razzball_id = ?
 LIMIT ? OFFSET ?
2025-12-04 17:56:53,985 INFO sqlalchemy.engine.Engine [cached since 0.2009s ago] (664056, 1, 0)
2025-12-04 17:56:53,986 INFO sqlalchemy.engine.Engine INSERT INTO players (razzball_id, name, team, position, fantrax_id, nfbc_id, created_at) VALUES (?, ?, ?, ?, ?, ?, ?)
2025-12-04 17:56:53,986 INFO sqlalchemy.engine.Engine [cached since 0.199s ago] (664056, 'Harrison Bader', 'PHI', 'OF', None, None, '2025-12-04 12:56:53.986655')
2025-12-04 17:56:53,986 INFO sqlalchemy.engine.Engine INSERT INTO projections_daily (player_id, date, pa, ab, h, r, hr, rbi, sb, bb, so, avg, obp, slg, ip, k, w, l, sv, era, whip, fetched_at) VALUES (?, ?, ?, ?, ?, ?, ?, ?, ?, ?, ?, ?, ?, ?, ?, ?, ?, ?, ?, ?, ?, ?)
2025-12-04 17:56:53,986 INFO sqlalchemy.engine.Engine [cached since 0.1869s ago] (63, '2024-10-04', 3.8, 3.5, 0.73, 0.38, 0.12, 0.37, 0.1, 0.3, 1.24, 0.212, 0.279, 0.364, None, None, None, None, None, None, None, '2025-12-04 12:56:53.986655')
2025-12-04 17:56:53,987 INFO sqlalchemy.engine.Engine SELECT projections_daily.id AS projections_daily_id, projections_daily.player_id AS projections_daily_player_id, projections_daily.date AS projections_daily_date, projections_daily.pa AS projections_daily_pa, projections_daily.ab AS projections_daily_ab, projections_daily.h AS projections_daily_h, projections_daily.r AS projections_daily_r, projections_daily.hr AS projections_daily_hr, projections_daily.rbi AS projections_daily_rbi, projections_daily.sb AS projections_daily_sb, projections_daily.bb AS projections_daily_bb, projections_daily.so AS projections_daily_so, projections_daily.avg AS projections_daily_avg, projections_daily.obp AS projections_daily_obp, projections_daily.slg AS projections_daily_slg, projections_daily.ip AS projections_daily_ip, projections_daily.k AS projections_daily_k, projections_daily.w AS projections_daily_w, projections_daily.l AS projections_daily_l, projections_daily.sv AS projections_daily_sv, projections_daily.era AS projections_daily_era, projections_daily.whip AS projections_daily_whip, projections_daily.fetched_at AS projections_daily_fetched_at 
FROM projections_daily 
WHERE projections_daily.player_id = ? AND projections_daily.date = ?
 LIMIT ? OFFSET ?
2025-12-04 17:56:53,987 INFO sqlalchemy.engine.Engine [cached since 0.194s ago] (64, '2024-10-04', 1, 0)
2025-12-04 17:56:53,987 INFO sqlalchemy.engine.Engine SELECT players.id AS players_id, players.razzball_id AS players_razzball_id, players.name AS players_name, players.team AS players_team, players.position AS players_position, players.fantrax_id AS players_fantrax_id, players.nfbc_id AS players_nfbc_id, players.created_at AS players_created_at 
FROM players 
WHERE players.razzball_id = ?
 LIMIT ? OFFSET ?
2025-12-04 17:56:53,988 INFO sqlalchemy.engine.Engine [cached since 0.2033s ago] (676391, 1, 0)
2025-12-04 17:56:53,988 INFO sqlalchemy.engine.Engine INSERT INTO players (razzball_id, name, team, position, fantrax_id, nfbc_id, created_at) VALUES (?, ?, ?, ?, ?, ?, ?)
2025-12-04 17:56:53,988 INFO sqlalchemy.engine.Engine [cached since 0.2014s ago] (676391, 'Ernie Clement', 'TOR', '1B/2B/ SS/3B', None, None, '2025-12-04 12:56:53.988649')
2025-12-04 17:56:53,988 INFO sqlalchemy.engine.Engine INSERT INTO projections_daily (player_id, date, pa, ab, h, r, hr, rbi, sb, bb, so, avg, obp, slg, ip, k, w, l, sv, era, whip, fetched_at) VALUES (?, ?, ?, ?, ?, ?, ?, ?, ?, ?, ?, ?, ?, ?, ?, ?, ?, ?, ?, ?, ?, ?)
2025-12-04 17:56:53,989 INFO sqlalchemy.engine.Engine [cached since 0.1893s ago] (64, '2024-10-04', 4.2, 3.8, 0.79, 0.45, 0.12, 0.34, 0.1, 0.24, 1.32, 0.206, 0.261, 0.341, None, None, None, None, None, None, None, '2025-12-04 12:56:53.988649')
2025-12-04 17:56:53,989 INFO sqlalchemy.engine.Engine SELECT projections_daily.id AS projections_daily_id, projections_daily.player_id AS projections_daily_player_id, projections_daily.date AS projections_daily_date, projections_daily.pa AS projections_daily_pa, projections_daily.ab AS projections_daily_ab, projections_daily.h AS projections_daily_h, projections_daily.r AS projections_daily_r, projections_daily.hr AS projections_daily_hr, projections_daily.rbi AS projections_daily_rbi, projections_daily.sb AS projections_daily_sb, projections_daily.bb AS projections_daily_bb, projections_daily.so AS projections_daily_so, projections_daily.avg AS projections_daily_avg, projections_daily.obp AS projections_daily_obp, projections_daily.slg AS projections_daily_slg, projections_daily.ip AS projections_daily_ip, projections_daily.k AS projections_daily_k, projections_daily.w AS projections_daily_w, projections_daily.l AS projections_daily_l, projections_daily.sv AS projections_daily_sv, projections_daily.era AS projections_daily_era, projections_daily.whip AS projections_daily_whip, projections_daily.fetched_at AS projections_daily_fetched_at 
FROM projections_daily 
WHERE projections_daily.player_id = ? AND projections_daily.date = ?
 LIMIT ? OFFSET ?
2025-12-04 17:56:53,989 INFO sqlalchemy.engine.Engine [cached since 0.1964s ago] (65, '2024-10-04', 1, 0)
2025-12-04 17:56:53,990 INFO sqlalchemy.engine.Engine SELECT players.id AS players_id, players.razzball_id AS players_razzball_id, players.name AS players_name, players.team AS players_team, players.position AS players_position, players.fantrax_id AS players_fantrax_id, players.nfbc_id AS players_nfbc_id, players.created_at AS players_created_at 
FROM players 
WHERE players.razzball_id = ?
 LIMIT ? OFFSET ?
2025-12-04 17:56:53,990 INFO sqlalchemy.engine.Engine [cached since 0.2055s ago] (672642, 1, 0)
2025-12-04 17:56:53,990 INFO sqlalchemy.engine.Engine INSERT INTO players (razzball_id, name, team, position, fantrax_id, nfbc_id, created_at) VALUES (?, ?, ?, ?, ?, ?, ?)
2025-12-04 17:56:53,990 INFO sqlalchemy.engine.Engine [cached since 0.2036s ago] (672642, 'Steward Berroa', 'MIL', 'OF', None, None, '2025-12-04 12:56:53.990644')
2025-12-04 17:56:53,991 INFO sqlalchemy.engine.Engine INSERT INTO projections_daily (player_id, date, pa, ab, h, r, hr, rbi, sb, bb, so, avg, obp, slg, ip, k, w, l, sv, era, whip, fetched_at) VALUES (?, ?, ?, ?, ?, ?, ?, ?, ?, ?, ?, ?, ?, ?, ?, ?, ?, ?, ?, ?, ?, ?)
2025-12-04 17:56:53,991 INFO sqlalchemy.engine.Engine [cached since 0.1915s ago] (65, '2024-10-04', 3.5, 3.3, 0.85, 0.39, 0.06, 0.37, 0.06, 0.17, 0.41, 0.256, 0.296, 0.366, None, None, None, None, None, None, None, '2025-12-04 12:56:53.991641')
2025-12-04 17:56:53,991 INFO sqlalchemy.engine.Engine SELECT projections_daily.id AS projections_daily_id, projections_daily.player_id AS projections_daily_player_id, projections_daily.date AS projections_daily_date, projections_daily.pa AS projections_daily_pa, projections_daily.ab AS projections_daily_ab, projections_daily.h AS projections_daily_h, projections_daily.r AS projections_daily_r, projections_daily.hr AS projections_daily_hr, projections_daily.rbi AS projections_daily_rbi, projections_daily.sb AS projections_daily_sb, projections_daily.bb AS projections_daily_bb, projections_daily.so AS projections_daily_so, projections_daily.avg AS projections_daily_avg, projections_daily.obp AS projections_daily_obp, projections_daily.slg AS projections_daily_slg, projections_daily.ip AS projections_daily_ip, projections_daily.k AS projections_daily_k, projections_daily.w AS projections_daily_w, projections_daily.l AS projections_daily_l, projections_daily.sv AS projections_daily_sv, projections_daily.era AS projections_daily_era, projections_daily.whip AS projections_daily_whip, projections_daily.fetched_at AS projections_daily_fetched_at 
FROM projections_daily 
WHERE projections_daily.player_id = ? AND projections_daily.date = ?
 LIMIT ? OFFSET ?
2025-12-04 17:56:53,991 INFO sqlalchemy.engine.Engine [cached since 0.1985s ago] (66, '2024-10-04', 1, 0)
2025-12-04 17:56:53,992 INFO sqlalchemy.engine.Engine SELECT players.id AS players_id, players.razzball_id AS players_razzball_id, players.name AS players_name, players.team AS players_team, players.position AS players_position, players.fantrax_id AS players_fantrax_id, players.nfbc_id AS players_nfbc_id, players.created_at AS players_created_at 
FROM players 
WHERE players.razzball_id = ?
 LIMIT ? OFFSET ?
2025-12-04 17:56:53,992 INFO sqlalchemy.engine.Engine [cached since 0.2077s ago] (642708, 1, 0)
2025-12-04 17:56:53,993 INFO sqlalchemy.engine.Engine INSERT INTO players (razzball_id, name, team, position, fantrax_id, nfbc_id, created_at) VALUES (?, ?, ?, ?, ?, ?, ?)
2025-12-04 17:56:53,993 INFO sqlalchemy.engine.Engine [cached since 0.2058s ago] (642708, 'Amed Rosario', 'NYY', '2B/3B/ OF', None, None, '2025-12-04 12:56:53.992638')
2025-12-04 17:56:53,993 INFO sqlalchemy.engine.Engine INSERT INTO projections_daily (player_id, date, pa, ab, h, r, hr, rbi, sb, bb, so, avg, obp, slg, ip, k, w, l, sv, era, whip, fetched_at) VALUES (?, ?, ?, ?, ?, ?, ?, ?, ?, ?, ?, ?, ?, ?, ?, ?, ?, ?, ?, ?, ?, ?)
2025-12-04 17:56:53,993 INFO sqlalchemy.engine.Engine [cached since 0.1937s ago] (66, '2024-10-04', 3.5, 3.2, 0.61, 0.36, 0.07, 0.3, 0.23, 0.27, 1.07, 0.195, 0.261, 0.307, None, None, None, None, None, None, None, '2025-12-04 12:56:53.993636')
2025-12-04 17:56:53,993 INFO sqlalchemy.engine.Engine SELECT projections_daily.id AS projections_daily_id, projections_daily.player_id AS projections_daily_player_id, projections_daily.date AS projections_daily_date, projections_daily.pa AS projections_daily_pa, projections_daily.ab AS projections_daily_ab, projections_daily.h AS projections_daily_h, projections_daily.r AS projections_daily_r, projections_daily.hr AS projections_daily_hr, projections_daily.rbi AS projections_daily_rbi, projections_daily.sb AS projections_daily_sb, projections_daily.bb AS projections_daily_bb, projections_daily.so AS projections_daily_so, projections_daily.avg AS projections_daily_avg, projections_daily.obp AS projections_daily_obp, projections_daily.slg AS projections_daily_slg, projections_daily.ip AS projections_daily_ip, projections_daily.k AS projections_daily_k, projections_daily.w AS projections_daily_w, projections_daily.l AS projections_daily_l, projections_daily.sv AS projections_daily_sv, projections_daily.era AS projections_daily_era, projections_daily.whip AS projections_daily_whip, projections_daily.fetched_at AS projections_daily_fetched_at 
FROM projections_daily 
WHERE projections_daily.player_id = ? AND projections_daily.date = ?
 LIMIT ? OFFSET ?
2025-12-04 17:56:53,994 INFO sqlalchemy.engine.Engine [cached since 0.2007s ago] (67, '2024-10-04', 1, 0)
2025-12-04 17:56:53,994 INFO sqlalchemy.engine.Engine SELECT players.id AS players_id, players.razzball_id AS players_razzball_id, players.name AS players_name, players.team AS players_team, players.position AS players_position, players.fantrax_id AS players_fantrax_id, players.nfbc_id AS players_nfbc_id, players.created_at AS players_created_at 
FROM players 
WHERE players.razzball_id = ?
 LIMIT ? OFFSET ?
2025-12-04 17:56:53,994 INFO sqlalchemy.engine.Engine [cached since 0.21s ago] (663330, 1, 0)
2025-12-04 17:56:53,996 INFO sqlalchemy.engine.Engine INSERT INTO players (razzball_id, name, team, position, fantrax_id, nfbc_id, created_at) VALUES (?, ?, ?, ?, ?, ?, ?)
2025-12-04 17:56:53,996 INFO sqlalchemy.engine.Engine [cached since 0.2094s ago] (663330, 'Jahmai Jones', 'DET', 'OF', None, None, '2025-12-04 12:56:53.996631')
2025-12-04 17:56:53,997 INFO sqlalchemy.engine.Engine INSERT INTO projections_daily (player_id, date, pa, ab, h, r, hr, rbi, sb, bb, so, avg, obp, slg, ip, k, w, l, sv, era, whip, fetched_at) VALUES (?, ?, ?, ?, ?, ?, ?, ?, ?, ?, ?, ?, ?, ?, ?, ?, ?, ?, ?, ?, ?, ?)
2025-12-04 17:56:53,997 INFO sqlalchemy.engine.Engine [cached since 0.1981s ago] (67, '2024-10-04', 3.6, 3.5, 0.87, 0.31, 0.06, 0.32, 0.12, 0.12, 0.81, 0.252, 0.28, 0.362, None, None, None, None, None, None, None, '2025-12-04 12:56:53.997632')
2025-12-04 17:56:53,998 INFO sqlalchemy.engine.Engine SELECT projections_daily.id AS projections_daily_id, projections_daily.player_id AS projections_daily_player_id, projections_daily.date AS projections_daily_date, projections_daily.pa AS projections_daily_pa, projections_daily.ab AS projections_daily_ab, projections_daily.h AS projections_daily_h, projections_daily.r AS projections_daily_r, projections_daily.hr AS projections_daily_hr, projections_daily.rbi AS projections_daily_rbi, projections_daily.sb AS projections_daily_sb, projections_daily.bb AS projections_daily_bb, projections_daily.so AS projections_daily_so, projections_daily.avg AS projections_daily_avg, projections_daily.obp AS projections_daily_obp, projections_daily.slg AS projections_daily_slg, projections_daily.ip AS projections_daily_ip, projections_daily.k AS projections_daily_k, projections_daily.w AS projections_daily_w, projections_daily.l AS projections_daily_l, projections_daily.sv AS projections_daily_sv, projections_daily.era AS projections_daily_era, projections_daily.whip AS projections_daily_whip, projections_daily.fetched_at AS projections_daily_fetched_at 
FROM projections_daily 
WHERE projections_daily.player_id = ? AND projections_daily.date = ?
 LIMIT ? OFFSET ?
2025-12-04 17:56:53,998 INFO sqlalchemy.engine.Engine [cached since 0.2055s ago] (68, '2024-10-04', 1, 0)
2025-12-04 17:56:53,999 INFO sqlalchemy.engine.Engine SELECT players.id AS players_id, players.razzball_id AS players_razzball_id, players.name AS players_name, players.team AS players_team, players.position AS players_position, players.fantrax_id AS players_fantrax_id, players.nfbc_id AS players_nfbc_id, players.created_at AS players_created_at 
FROM players 
WHERE players.razzball_id = ?
 LIMIT ? OFFSET ?
2025-12-04 17:56:53,999 INFO sqlalchemy.engine.Engine [cached since 0.2149s ago] (672761, 1, 0)
2025-12-04 17:56:54,000 INFO sqlalchemy.engine.Engine INSERT INTO players (razzball_id, name, team, position, fantrax_id, nfbc_id, created_at) VALUES (?, ?, ?, ?, ?, ?, ?)
2025-12-04 17:56:54,000 INFO sqlalchemy.engine.Engine [cached since 0.2132s ago] (672761, 'Wenceel Perez', 'DET', 'OF', None, None, '2025-12-04 12:56:54.000650')
2025-12-04 17:56:54,000 INFO sqlalchemy.engine.Engine INSERT INTO projections_daily (player_id, date, pa, ab, h, r, hr, rbi, sb, bb, so, avg, obp, slg, ip, k, w, l, sv, era, whip, fetched_at) VALUES (?, ?, ?, ?, ?, ?, ?, ?, ?, ?, ?, ?, ?, ?, ?, ?, ?, ?, ?, ?, ?, ?)
2025-12-04 17:56:54,000 INFO sqlalchemy.engine.Engine [cached since 0.2011s ago] (68, '2024-10-04', 4.1, 3.8, 0.8, 0.42, 0.11, 0.3, 0.12, 0.22, 1.32, 0.213, 0.272, 0.352, None, None, None, None, None, None, None, '2025-12-04 12:56:54.000650')
2025-12-04 17:56:54,001 INFO sqlalchemy.engine.Engine SELECT projections_daily.id AS projections_daily_id, projections_daily.player_id AS projections_daily_player_id, projections_daily.date AS projections_daily_date, projections_daily.pa AS projections_daily_pa, projections_daily.ab AS projections_daily_ab, projections_daily.h AS projections_daily_h, projections_daily.r AS projections_daily_r, projections_daily.hr AS projections_daily_hr, projections_daily.rbi AS projections_daily_rbi, projections_daily.sb AS projections_daily_sb, projections_daily.bb AS projections_daily_bb, projections_daily.so AS projections_daily_so, projections_daily.avg AS projections_daily_avg, projections_daily.obp AS projections_daily_obp, projections_daily.slg AS projections_daily_slg, projections_daily.ip AS projections_daily_ip, projections_daily.k AS projections_daily_k, projections_daily.w AS projections_daily_w, projections_daily.l AS projections_daily_l, projections_daily.sv AS projections_daily_sv, projections_daily.era AS projections_daily_era, projections_daily.whip AS projections_daily_whip, projections_daily.fetched_at AS projections_daily_fetched_at 
FROM projections_daily 
WHERE projections_daily.player_id = ? AND projections_daily.date = ?
 LIMIT ? OFFSET ?
2025-12-04 17:56:54,001 INFO sqlalchemy.engine.Engine [cached since 0.2083s ago] (69, '2024-10-04', 1, 0)
2025-12-04 17:56:54,002 INFO sqlalchemy.engine.Engine SELECT players.id AS players_id, players.razzball_id AS players_razzball_id, players.name AS players_name, players.team AS players_team, players.position AS players_position, players.fantrax_id AS players_fantrax_id, players.nfbc_id AS players_nfbc_id, players.created_at AS players_created_at 
FROM players 
WHERE players.razzball_id = ?
 LIMIT ? OFFSET ?
2025-12-04 17:56:54,002 INFO sqlalchemy.engine.Engine [cached since 0.2175s ago] (682729, 1, 0)
2025-12-04 17:56:54,002 INFO sqlalchemy.engine.Engine INSERT INTO players (razzball_id, name, team, position, fantrax_id, nfbc_id, created_at) VALUES (?, ?, ?, ?, ?, ?, ?)
2025-12-04 17:56:54,002 INFO sqlalchemy.engine.Engine [cached since 0.2157s ago] (682729, 'Jonatan Clase', 'TOR', 'OF', None, None, '2025-12-04 12:56:54.002647')
2025-12-04 17:56:54,003 INFO sqlalchemy.engine.Engine INSERT INTO projections_daily (player_id, date, pa, ab, h, r, hr, rbi, sb, bb, so, avg, obp, slg, ip, k, w, l, sv, era, whip, fetched_at) VALUES (?, ?, ?, ?, ?, ?, ?, ?, ?, ?, ?, ?, ?, ?, ?, ?, ?, ?, ?, ?, ?, ?)
2025-12-04 17:56:54,003 INFO sqlalchemy.engine.Engine [cached since 0.2036s ago] (69, '2024-10-04', 4.0, 3.7, 0.8, 0.34, 0.1, 0.34, 0.13, 0.2, 1.08, 0.217, 0.263, 0.35, None, None, None, None, None, None, None, '2025-12-04 12:56:54.003642')
2025-12-04 17:56:54,003 INFO sqlalchemy.engine.Engine SELECT projections_daily.id AS projections_daily_id, projections_daily.player_id AS projections_daily_player_id, projections_daily.date AS projections_daily_date, projections_daily.pa AS projections_daily_pa, projections_daily.ab AS projections_daily_ab, projections_daily.h AS projections_daily_h, projections_daily.r AS projections_daily_r, projections_daily.hr AS projections_daily_hr, projections_daily.rbi AS projections_daily_rbi, projections_daily.sb AS projections_daily_sb, projections_daily.bb AS projections_daily_bb, projections_daily.so AS projections_daily_so, projections_daily.avg AS projections_daily_avg, projections_daily.obp AS projections_daily_obp, projections_daily.slg AS projections_daily_slg, projections_daily.ip AS projections_daily_ip, projections_daily.k AS projections_daily_k, projections_daily.w AS projections_daily_w, projections_daily.l AS projections_daily_l, projections_daily.sv AS projections_daily_sv, projections_daily.era AS projections_daily_era, projections_daily.whip AS projections_daily_whip, projections_daily.fetched_at AS projections_daily_fetched_at 
FROM projections_daily 
WHERE projections_daily.player_id = ? AND projections_daily.date = ?
 LIMIT ? OFFSET ?
2025-12-04 17:56:54,004 INFO sqlalchemy.engine.Engine [cached since 0.2107s ago] (70, '2024-10-04', 1, 0)
2025-12-04 17:56:54,004 INFO sqlalchemy.engine.Engine SELECT players.id AS players_id, players.razzball_id AS players_razzball_id, players.name AS players_name, players.team AS players_team, players.position AS players_position, players.fantrax_id AS players_fantrax_id, players.nfbc_id AS players_nfbc_id, players.created_at AS players_created_at 
FROM players 
WHERE players.razzball_id = ?
 LIMIT ? OFFSET ?
2025-12-04 17:56:54,004 INFO sqlalchemy.engine.Engine [cached since 0.2199s ago] (663368, 1, 0)
2025-12-04 17:56:54,005 INFO sqlalchemy.engine.Engine INSERT INTO players (razzball_id, name, team, position, fantrax_id, nfbc_id, created_at) VALUES (?, ?, ?, ?, ?, ?, ?)
2025-12-04 17:56:54,005 INFO sqlalchemy.engine.Engine [cached since 0.2181s ago] (663368, 'Blake Perkins', 'MIL', 'OF', None, None, '2025-12-04 12:56:54.005637')
2025-12-04 17:56:54,005 INFO sqlalchemy.engine.Engine INSERT INTO projections_daily (player_id, date, pa, ab, h, r, hr, rbi, sb, bb, so, avg, obp, slg, ip, k, w, l, sv, era, whip, fetched_at) VALUES (?, ?, ?, ?, ?, ?, ?, ?, ?, ?, ?, ?, ?, ?, ?, ?, ?, ?, ?, ?, ?, ?)
2025-12-04 17:56:54,005 INFO sqlalchemy.engine.Engine [cached since 0.206s ago] (70, '2024-10-04', 3.5, 3.2, 0.64, 0.37, 0.06, 0.32, 0.2, 0.3, 1.11, 0.204, 0.279, 0.313, None, None, None, None, None, None, None, '2025-12-04 12:56:54.005637')
2025-12-04 17:56:54,006 INFO sqlalchemy.engine.Engine SELECT projections_daily.id AS projections_daily_id, projections_daily.player_id AS projections_daily_player_id, projections_daily.date AS projections_daily_date, projections_daily.pa AS projections_daily_pa, projections_daily.ab AS projections_daily_ab, projections_daily.h AS projections_daily_h, projections_daily.r AS projections_daily_r, projections_daily.hr AS projections_daily_hr, projections_daily.rbi AS projections_daily_rbi, projections_daily.sb AS projections_daily_sb, projections_daily.bb AS projections_daily_bb, projections_daily.so AS projections_daily_so, projections_daily.avg AS projections_daily_avg, projections_daily.obp AS projections_daily_obp, projections_daily.slg AS projections_daily_slg, projections_daily.ip AS projections_daily_ip, projections_daily.k AS projections_daily_k, projections_daily.w AS projections_daily_w, projections_daily.l AS projections_daily_l, projections_daily.sv AS projections_daily_sv, projections_daily.era AS projections_daily_era, projections_daily.whip AS projections_daily_whip, projections_daily.fetched_at AS projections_daily_fetched_at 
FROM projections_daily 
WHERE projections_daily.player_id = ? AND projections_daily.date = ?
 LIMIT ? OFFSET ?
2025-12-04 17:56:54,006 INFO sqlalchemy.engine.Engine [cached since 0.2131s ago] (71, '2024-10-04', 1, 0)
2025-12-04 17:56:54,006 INFO sqlalchemy.engine.Engine SELECT players.id AS players_id, players.razzball_id AS players_razzball_id, players.name AS players_name, players.team AS players_team, players.position AS players_position, players.fantrax_id AS players_fantrax_id, players.nfbc_id AS players_nfbc_id, players.created_at AS players_created_at 
FROM players 
WHERE players.razzball_id = ?
 LIMIT ? OFFSET ?
2025-12-04 17:56:54,007 INFO sqlalchemy.engine.Engine [cached since 0.2223s ago] (669224, 1, 0)
2025-12-04 17:56:54,007 INFO sqlalchemy.engine.Engine INSERT INTO players (razzball_id, name, team, position, fantrax_id, nfbc_id, created_at) VALUES (?, ?, ?, ?, ?, ?, ?)
2025-12-04 17:56:54,007 INFO sqlalchemy.engine.Engine [cached since 0.2204s ago] (669224, 'Austin Wells', 'NYY', 'C', None, None, '2025-12-04 12:56:54.007630')
2025-12-04 17:56:54,008 INFO sqlalchemy.engine.Engine INSERT INTO projections_daily (player_id, date, pa, ab, h, r, hr, rbi, sb, bb, so, avg, obp, slg, ip, k, w, l, sv, era, whip, fetched_at) VALUES (?, ?, ?, ?, ?, ?, ?, ?, ?, ?, ?, ?, ?, ?, ?, ?, ?, ?, ?, ?, ?, ?)
2025-12-04 17:56:54,008 INFO sqlalchemy.engine.Engine [cached since 0.2083s ago] (71, '2024-10-04', 3.2, 2.9, 0.63, 0.36, 0.08, 0.32, 0.13, 0.25, 0.89, 0.218, 0.283, 0.358, None, None, None, None, None, None, None, '2025-12-04 12:56:54.007630')
2025-12-04 17:56:54,008 INFO sqlalchemy.engine.Engine SELECT projections_daily.id AS projections_daily_id, projections_daily.player_id AS projections_daily_player_id, projections_daily.date AS projections_daily_date, projections_daily.pa AS projections_daily_pa, projections_daily.ab AS projections_daily_ab, projections_daily.h AS projections_daily_h, projections_daily.r AS projections_daily_r, projections_daily.hr AS projections_daily_hr, projections_daily.rbi AS projections_daily_rbi, projections_daily.sb AS projections_daily_sb, projections_daily.bb AS projections_daily_bb, projections_daily.so AS projections_daily_so, projections_daily.avg AS projections_daily_avg, projections_daily.obp AS projections_daily_obp, projections_daily.slg AS projections_daily_slg, projections_daily.ip AS projections_daily_ip, projections_daily.k AS projections_daily_k, projections_daily.w AS projections_daily_w, projections_daily.l AS projections_daily_l, projections_daily.sv AS projections_daily_sv, projections_daily.era AS projections_daily_era, projections_daily.whip AS projections_daily_whip, projections_daily.fetched_at AS projections_daily_fetched_at 
FROM projections_daily 
WHERE projections_daily.player_id = ? AND projections_daily.date = ?
 LIMIT ? OFFSET ?
2025-12-04 17:56:54,008 INFO sqlalchemy.engine.Engine [cached since 0.2154s ago] (72, '2024-10-04', 1, 0)
2025-12-04 17:56:54,009 INFO sqlalchemy.engine.Engine SELECT players.id AS players_id, players.razzball_id AS players_razzball_id, players.name AS players_name, players.team AS players_team, players.position AS players_position, players.fantrax_id AS players_fantrax_id, players.nfbc_id AS players_nfbc_id, players.created_at AS players_created_at 
FROM players 
WHERE players.razzball_id = ?
 LIMIT ? OFFSET ?
2025-12-04 17:56:54,009 INFO sqlalchemy.engine.Engine [cached since 0.2246s ago] (694208, 1, 0)
2025-12-04 17:56:54,010 INFO sqlalchemy.engine.Engine INSERT INTO players (razzball_id, name, team, position, fantrax_id, nfbc_id, created_at) VALUES (?, ?, ?, ?, ?, ?, ?)
2025-12-04 17:56:54,010 INFO sqlalchemy.engine.Engine [cached since 0.2228s ago] (694208, 'Moises Ballesteros', 'CHC', 'C', None, None, '2025-12-04 12:56:54.009625')
2025-12-04 17:56:54,010 INFO sqlalchemy.engine.Engine INSERT INTO projections_daily (player_id, date, pa, ab, h, r, hr, rbi, sb, bb, so, avg, obp, slg, ip, k, w, l, sv, era, whip, fetched_at) VALUES (?, ?, ?, ?, ?, ?, ?, ?, ?, ?, ?, ?, ?, ?, ?, ?, ?, ?, ?, ?, ?, ?)
2025-12-04 17:56:54,010 INFO sqlalchemy.engine.Engine [cached since 0.2107s ago] (72, '2024-10-04', 3.8, 3.5, 0.74, 0.38, 0.12, 0.38, 0.06, 0.26, 1.07, 0.214, 0.272, 0.383, None, None, None, None, None, None, None, '2025-12-04 12:56:54.010626')
2025-12-04 17:56:54,011 INFO sqlalchemy.engine.Engine SELECT projections_daily.id AS projections_daily_id, projections_daily.player_id AS projections_daily_player_id, projections_daily.date AS projections_daily_date, projections_daily.pa AS projections_daily_pa, projections_daily.ab AS projections_daily_ab, projections_daily.h AS projections_daily_h, projections_daily.r AS projections_daily_r, projections_daily.hr AS projections_daily_hr, projections_daily.rbi AS projections_daily_rbi, projections_daily.sb AS projections_daily_sb, projections_daily.bb AS projections_daily_bb, projections_daily.so AS projections_daily_so, projections_daily.avg AS projections_daily_avg, projections_daily.obp AS projections_daily_obp, projections_daily.slg AS projections_daily_slg, projections_daily.ip AS projections_daily_ip, projections_daily.k AS projections_daily_k, projections_daily.w AS projections_daily_w, projections_daily.l AS projections_daily_l, projections_daily.sv AS projections_daily_sv, projections_daily.era AS projections_daily_era, projections_daily.whip AS projections_daily_whip, projections_daily.fetched_at AS projections_daily_fetched_at 
FROM projections_daily 
WHERE projections_daily.player_id = ? AND projections_daily.date = ?
 LIMIT ? OFFSET ?
2025-12-04 17:56:54,011 INFO sqlalchemy.engine.Engine [cached since 0.2179s ago] (73, '2024-10-04', 1, 0)
2025-12-04 17:56:54,012 INFO sqlalchemy.engine.Engine SELECT players.id AS players_id, players.razzball_id AS players_razzball_id, players.name AS players_name, players.team AS players_team, players.position AS players_position, players.fantrax_id AS players_fantrax_id, players.nfbc_id AS players_nfbc_id, players.created_at AS players_created_at 
FROM players 
WHERE players.razzball_id = ?
 LIMIT ? OFFSET ?
2025-12-04 17:56:54,012 INFO sqlalchemy.engine.Engine [cached since 0.2277s ago] (664034, 1, 0)
2025-12-04 17:56:54,014 INFO sqlalchemy.engine.Engine INSERT INTO players (razzball_id, name, team, position, fantrax_id, nfbc_id, created_at) VALUES (?, ?, ?, ?, ?, ?, ?)
2025-12-04 17:56:54,014 INFO sqlalchemy.engine.Engine [cached since 0.2275s ago] (664034, 'Ty France', 'TOR', '1B', None, None, '2025-12-04 12:56:54.014580')
2025-12-04 17:56:54,015 INFO sqlalchemy.engine.Engine INSERT INTO projections_daily (player_id, date, pa, ab, h, r, hr, rbi, sb, bb, so, avg, obp, slg, ip, k, w, l, sv, era, whip, fetched_at) VALUES (?, ?, ?, ?, ?, ?, ?, ?, ?, ?, ?, ?, ?, ?, ?, ?, ?, ?, ?, ?, ?, ?)
2025-12-04 17:56:54,015 INFO sqlalchemy.engine.Engine [cached since 0.2158s ago] (73, '2024-10-04', 4.1, 3.7, 0.86, 0.38, 0.11, 0.4, 0.02, 0.32, 1.02, 0.231, 0.295, 0.371, None, None, None, None, None, None, None, '2025-12-04 12:56:54.015578')
2025-12-04 17:56:54,016 INFO sqlalchemy.engine.Engine SELECT projections_daily.id AS projections_daily_id, projections_daily.player_id AS projections_daily_player_id, projections_daily.date AS projections_daily_date, projections_daily.pa AS projections_daily_pa, projections_daily.ab AS projections_daily_ab, projections_daily.h AS projections_daily_h, projections_daily.r AS projections_daily_r, projections_daily.hr AS projections_daily_hr, projections_daily.rbi AS projections_daily_rbi, projections_daily.sb AS projections_daily_sb, projections_daily.bb AS projections_daily_bb, projections_daily.so AS projections_daily_so, projections_daily.avg AS projections_daily_avg, projections_daily.obp AS projections_daily_obp, projections_daily.slg AS projections_daily_slg, projections_daily.ip AS projections_daily_ip, projections_daily.k AS projections_daily_k, projections_daily.w AS projections_daily_w, projections_daily.l AS projections_daily_l, projections_daily.sv AS projections_daily_sv, projections_daily.era AS projections_daily_era, projections_daily.whip AS projections_daily_whip, projections_daily.fetched_at AS projections_daily_fetched_at 
FROM projections_daily 
WHERE projections_daily.player_id = ? AND projections_daily.date = ?
 LIMIT ? OFFSET ?
2025-12-04 17:56:54,016 INFO sqlalchemy.engine.Engine [cached since 0.2233s ago] (74, '2024-10-04', 1, 0)
2025-12-04 17:56:54,017 INFO sqlalchemy.engine.Engine SELECT players.id AS players_id, players.razzball_id AS players_razzball_id, players.name AS players_name, players.team AS players_team, players.position AS players_position, players.fantrax_id AS players_fantrax_id, players.nfbc_id AS players_nfbc_id, players.created_at AS players_created_at 
FROM players 
WHERE players.razzball_id = ?
 LIMIT ? OFFSET ?
2025-12-04 17:56:54,017 INFO sqlalchemy.engine.Engine [cached since 0.2328s ago] (678009, 1, 0)
2025-12-04 17:56:54,018 INFO sqlalchemy.engine.Engine INSERT INTO players (razzball_id, name, team, position, fantrax_id, nfbc_id, created_at) VALUES (?, ?, ?, ?, ?, ?, ?)
2025-12-04 17:56:54,018 INFO sqlalchemy.engine.Engine [cached since 0.2312s ago] (678009, 'Parker Meadows', 'DET', 'OF', None, None, '2025-12-04 12:56:54.018595')
2025-12-04 17:56:54,018 INFO sqlalchemy.engine.Engine INSERT INTO projections_daily (player_id, date, pa, ab, h, r, hr, rbi, sb, bb, so, avg, obp, slg, ip, k, w, l, sv, era, whip, fetched_at) VALUES (?, ?, ?, ?, ?, ?, ?, ?, ?, ?, ?, ?, ?, ?, ?, ?, ?, ?, ?, ?, ?, ?)
2025-12-04 17:56:54,019 INFO sqlalchemy.engine.Engine [cached since 0.2192s ago] (74, '2024-10-04', 3.8, 3.4, 0.84, 0.4, 0.08, 0.4, 0.01, 0.24, 0.76, 0.245, 0.318, 0.361, None, None, None, None, None, None, None, '2025-12-04 12:56:54.018595')
2025-12-04 17:56:54,019 INFO sqlalchemy.engine.Engine SELECT projections_daily.id AS projections_daily_id, projections_daily.player_id AS projections_daily_player_id, projections_daily.date AS projections_daily_date, projections_daily.pa AS projections_daily_pa, projections_daily.ab AS projections_daily_ab, projections_daily.h AS projections_daily_h, projections_daily.r AS projections_daily_r, projections_daily.hr AS projections_daily_hr, projections_daily.rbi AS projections_daily_rbi, projections_daily.sb AS projections_daily_sb, projections_daily.bb AS projections_daily_bb, projections_daily.so AS projections_daily_so, projections_daily.avg AS projections_daily_avg, projections_daily.obp AS projections_daily_obp, projections_daily.slg AS projections_daily_slg, projections_daily.ip AS projections_daily_ip, projections_daily.k AS projections_daily_k, projections_daily.w AS projections_daily_w, projections_daily.l AS projections_daily_l, projections_daily.sv AS projections_daily_sv, projections_daily.era AS projections_daily_era, projections_daily.whip AS projections_daily_whip, projections_daily.fetched_at AS projections_daily_fetched_at 
FROM projections_daily 
WHERE projections_daily.player_id = ? AND projections_daily.date = ?
 LIMIT ? OFFSET ?
2025-12-04 17:56:54,019 INFO sqlalchemy.engine.Engine [cached since 0.2265s ago] (75, '2024-10-04', 1, 0)
2025-12-04 17:56:54,020 INFO sqlalchemy.engine.Engine SELECT players.id AS players_id, players.razzball_id AS players_razzball_id, players.name AS players_name, players.team AS players_team, players.position AS players_position, players.fantrax_id AS players_fantrax_id, players.nfbc_id AS players_nfbc_id, players.created_at AS players_created_at 
FROM players 
WHERE players.razzball_id = ?
 LIMIT ? OFFSET ?
2025-12-04 17:56:54,020 INFO sqlalchemy.engine.Engine [cached since 0.2357s ago] (681082, 1, 0)
2025-12-04 17:56:54,021 INFO sqlalchemy.engine.Engine INSERT INTO players (razzball_id, name, team, position, fantrax_id, nfbc_id, created_at) VALUES (?, ?, ?, ?, ?, ?, ?)
2025-12-04 17:56:54,021 INFO sqlalchemy.engine.Engine [cached since 0.2339s ago] (681082, 'Bryson Stott', 'PHI', '2B/SS', None, None, '2025-12-04 12:56:54.021586')
2025-12-04 17:56:54,021 INFO sqlalchemy.engine.Engine INSERT INTO projections_daily (player_id, date, pa, ab, h, r, hr, rbi, sb, bb, so, avg, obp, slg, ip, k, w, l, sv, era, whip, fetched_at) VALUES (?, ?, ?, ?, ?, ?, ?, ?, ?, ?, ?, ?, ?, ?, ?, ?, ?, ?, ?, ?, ?, ?)
2025-12-04 17:56:54,021 INFO sqlalchemy.engine.Engine [cached since 0.2217s ago] (75, '2024-10-04', 3.8, 3.5, 0.74, 0.37, 0.1, 0.29, 0.14, 0.21, 1.17, 0.209, 0.257, 0.341, None, None, None, None, None, None, None, '2025-12-04 12:56:54.021586')
2025-12-04 17:56:54,022 INFO sqlalchemy.engine.Engine SELECT projections_daily.id AS projections_daily_id, projections_daily.player_id AS projections_daily_player_id, projections_daily.date AS projections_daily_date, projections_daily.pa AS projections_daily_pa, projections_daily.ab AS projections_daily_ab, projections_daily.h AS projections_daily_h, projections_daily.r AS projections_daily_r, projections_daily.hr AS projections_daily_hr, projections_daily.rbi AS projections_daily_rbi, projections_daily.sb AS projections_daily_sb, projections_daily.bb AS projections_daily_bb, projections_daily.so AS projections_daily_so, projections_daily.avg AS projections_daily_avg, projections_daily.obp AS projections_daily_obp, projections_daily.slg AS projections_daily_slg, projections_daily.ip AS projections_daily_ip, projections_daily.k AS projections_daily_k, projections_daily.w AS projections_daily_w, projections_daily.l AS projections_daily_l, projections_daily.sv AS projections_daily_sv, projections_daily.era AS projections_daily_era, projections_daily.whip AS projections_daily_whip, projections_daily.fetched_at AS projections_daily_fetched_at 
FROM projections_daily 
WHERE projections_daily.player_id = ? AND projections_daily.date = ?
 LIMIT ? OFFSET ?
2025-12-04 17:56:54,022 INFO sqlalchemy.engine.Engine [cached since 0.2288s ago] (76, '2024-10-04', 1, 0)
2025-12-04 17:56:54,022 INFO sqlalchemy.engine.Engine SELECT players.id AS players_id, players.razzball_id AS players_razzball_id, players.name AS players_name, players.team AS players_team, players.position AS players_position, players.fantrax_id AS players_fantrax_id, players.nfbc_id AS players_nfbc_id, players.created_at AS players_created_at 
FROM players 
WHERE players.razzball_id = ?
 LIMIT ? OFFSET ?
2025-12-04 17:56:54,022 INFO sqlalchemy.engine.Engine [cached since 0.2379s ago] (15491, 1, 0)
2025-12-04 17:56:54,023 INFO sqlalchemy.engine.Engine INSERT INTO players (razzball_id, name, team, position, fantrax_id, nfbc_id, created_at) VALUES (?, ?, ?, ?, ?, ?, ?)
2025-12-04 17:56:54,023 INFO sqlalchemy.engine.Engine [cached since 0.236s ago] (15491, 'J.P. Crawford', 'SEA', 'SS', None, None, '2025-12-04 12:56:54.023581')
2025-12-04 17:56:54,023 INFO sqlalchemy.engine.Engine INSERT INTO projections_daily (player_id, date, pa, ab, h, r, hr, rbi, sb, bb, so, avg, obp, slg, ip, k, w, l, sv, era, whip, fetched_at) VALUES (?, ?, ?, ?, ?, ?, ?, ?, ?, ?, ?, ?, ?, ?, ?, ?, ?, ?, ?, ?, ?, ?)
2025-12-04 17:56:54,023 INFO sqlalchemy.engine.Engine [cached since 0.2239s ago] (76, '2024-10-04', 3.4, 3.1, 0.69, 0.34, 0.08, 0.31, 0.12, 0.28, 0.76, 0.224, 0.292, 0.353, None, None, None, None, None, None, None, '2025-12-04 12:56:54.023581')
2025-12-04 17:56:54,024 INFO sqlalchemy.engine.Engine SELECT projections_daily.id AS projections_daily_id, projections_daily.player_id AS projections_daily_player_id, projections_daily.date AS projections_daily_date, projections_daily.pa AS projections_daily_pa, projections_daily.ab AS projections_daily_ab, projections_daily.h AS projections_daily_h, projections_daily.r AS projections_daily_r, projections_daily.hr AS projections_daily_hr, projections_daily.rbi AS projections_daily_rbi, projections_daily.sb AS projections_daily_sb, projections_daily.bb AS projections_daily_bb, projections_daily.so AS projections_daily_so, projections_daily.avg AS projections_daily_avg, projections_daily.obp AS projections_daily_obp, projections_daily.slg AS projections_daily_slg, projections_daily.ip AS projections_daily_ip, projections_daily.k AS projections_daily_k, projections_daily.w AS projections_daily_w, projections_daily.l AS projections_daily_l, projections_daily.sv AS projections_daily_sv, projections_daily.era AS projections_daily_era, projections_daily.whip AS projections_daily_whip, projections_daily.fetched_at AS projections_daily_fetched_at 
FROM projections_daily 
WHERE projections_daily.player_id = ? AND projections_daily.date = ?
 LIMIT ? OFFSET ?
2025-12-04 17:56:54,024 INFO sqlalchemy.engine.Engine [cached since 0.231s ago] (77, '2024-10-04', 1, 0)
2025-12-04 17:56:54,024 INFO sqlalchemy.engine.Engine SELECT players.id AS players_id, players.razzball_id AS players_razzball_id, players.name AS players_name, players.team AS players_team, players.position AS players_position, players.fantrax_id AS players_fantrax_id, players.nfbc_id AS players_nfbc_id, players.created_at AS players_created_at 
FROM players 
WHERE players.razzball_id = ?
 LIMIT ? OFFSET ?
2025-12-04 17:56:54,024 INFO sqlalchemy.engine.Engine [cached since 0.2401s ago] (689041, 1, 0)
2025-12-04 17:56:54,025 INFO sqlalchemy.engine.Engine INSERT INTO players (razzball_id, name, team, position, fantrax_id, nfbc_id, created_at) VALUES (?, ?, ?, ?, ?, ?, ?)
2025-12-04 17:56:54,025 INFO sqlalchemy.engine.Engine [cached since 0.2382s ago] (689041, 'Rhylan Thomas', 'SEA', 'OF', None, None, '2025-12-04 12:56:54.025576')
2025-12-04 17:56:54,025 INFO sqlalchemy.engine.Engine INSERT INTO projections_daily (player_id, date, pa, ab, h, r, hr, rbi, sb, bb, so, avg, obp, slg, ip, k, w, l, sv, era, whip, fetched_at) VALUES (?, ?, ?, ?, ?, ?, ?, ?, ?, ?, ?, ?, ?, ?, ?, ?, ?, ?, ?, ?, ?, ?)
2025-12-04 17:56:54,025 INFO sqlalchemy.engine.Engine [cached since 0.226s ago] (77, '2024-10-04', 3.4, 3.0, 0.71, 0.42, 0.08, 0.34, 0.02, 0.36, 0.64, 0.241, 0.328, 0.366, None, None, None, None, None, None, None, '2025-12-04 12:56:54.025576')
2025-12-04 17:56:54,026 INFO sqlalchemy.engine.Engine SELECT projections_daily.id AS projections_daily_id, projections_daily.player_id AS projections_daily_player_id, projections_daily.date AS projections_daily_date, projections_daily.pa AS projections_daily_pa, projections_daily.ab AS projections_daily_ab, projections_daily.h AS projections_daily_h, projections_daily.r AS projections_daily_r, projections_daily.hr AS projections_daily_hr, projections_daily.rbi AS projections_daily_rbi, projections_daily.sb AS projections_daily_sb, projections_daily.bb AS projections_daily_bb, projections_daily.so AS projections_daily_so, projections_daily.avg AS projections_daily_avg, projections_daily.obp AS projections_daily_obp, projections_daily.slg AS projections_daily_slg, projections_daily.ip AS projections_daily_ip, projections_daily.k AS projections_daily_k, projections_daily.w AS projections_daily_w, projections_daily.l AS projections_daily_l, projections_daily.sv AS projections_daily_sv, projections_daily.era AS projections_daily_era, projections_daily.whip AS projections_daily_whip, projections_daily.fetched_at AS projections_daily_fetched_at 
FROM projections_daily 
WHERE projections_daily.player_id = ? AND projections_daily.date = ?
 LIMIT ? OFFSET ?
2025-12-04 17:56:54,026 INFO sqlalchemy.engine.Engine [cached since 0.2331s ago] (78, '2024-10-04', 1, 0)
2025-12-04 17:56:54,027 INFO sqlalchemy.engine.Engine SELECT players.id AS players_id, players.razzball_id AS players_razzball_id, players.name AS players_name, players.team AS players_team, players.position AS players_position, players.fantrax_id AS players_fantrax_id, players.nfbc_id AS players_nfbc_id, players.created_at AS players_created_at 
FROM players 
WHERE players.razzball_id = ?
 LIMIT ? OFFSET ?
2025-12-04 17:56:54,027 INFO sqlalchemy.engine.Engine [cached since 0.2424s ago] (655316, 1, 0)
2025-12-04 17:56:54,027 INFO sqlalchemy.engine.Engine INSERT INTO players (razzball_id, name, team, position, fantrax_id, nfbc_id, created_at) VALUES (?, ?, ?, ?, ?, ?, ?)
2025-12-04 17:56:54,028 INFO sqlalchemy.engine.Engine [cached since 0.2406s ago] (655316, 'Andruw Monasterio', 'MIL', '1B/2B/ SS/3B', None, None, '2025-12-04 12:56:54.027571')
2025-12-04 17:56:54,028 INFO sqlalchemy.engine.Engine INSERT INTO projections_daily (player_id, date, pa, ab, h, r, hr, rbi, sb, bb, so, avg, obp, slg, ip, k, w, l, sv, era, whip, fetched_at) VALUES (?, ?, ?, ?, ?, ?, ?, ?, ?, ?, ?, ?, ?, ?, ?, ?, ?, ?, ?, ?, ?, ?)
2025-12-04 17:56:54,028 INFO sqlalchemy.engine.Engine [cached since 0.2287s ago] (78, '2024-10-04', 3.5, 3.2, 0.83, 0.37, 0.04, 0.32, 0.07, 0.21, 0.34, 0.256, 0.302, 0.34, None, None, None, None, None, None, None, '2025-12-04 12:56:54.028542')
2025-12-04 17:56:54,030 INFO sqlalchemy.engine.Engine SELECT projections_daily.id AS projections_daily_id, projections_daily.player_id AS projections_daily_player_id, projections_daily.date AS projections_daily_date, projections_daily.pa AS projections_daily_pa, projections_daily.ab AS projections_daily_ab, projections_daily.h AS projections_daily_h, projections_daily.r AS projections_daily_r, projections_daily.hr AS projections_daily_hr, projections_daily.rbi AS projections_daily_rbi, projections_daily.sb AS projections_daily_sb, projections_daily.bb AS projections_daily_bb, projections_daily.so AS projections_daily_so, projections_daily.avg AS projections_daily_avg, projections_daily.obp AS projections_daily_obp, projections_daily.slg AS projections_daily_slg, projections_daily.ip AS projections_daily_ip, projections_daily.k AS projections_daily_k, projections_daily.w AS projections_daily_w, projections_daily.l AS projections_daily_l, projections_daily.sv AS projections_daily_sv, projections_daily.era AS projections_daily_era, projections_daily.whip AS projections_daily_whip, projections_daily.fetched_at AS projections_daily_fetched_at 
FROM projections_daily 
WHERE projections_daily.player_id = ? AND projections_daily.date = ?
 LIMIT ? OFFSET ?
2025-12-04 17:56:54,030 INFO sqlalchemy.engine.Engine [cached since 0.2369s ago] (79, '2024-10-04', 1, 0)
2025-12-04 17:56:54,031 INFO sqlalchemy.engine.Engine SELECT players.id AS players_id, players.razzball_id AS players_razzball_id, players.name AS players_name, players.team AS players_team, players.position AS players_position, players.fantrax_id AS players_fantrax_id, players.nfbc_id AS players_nfbc_id, players.created_at AS players_created_at 
FROM players 
WHERE players.razzball_id = ?
 LIMIT ? OFFSET ?
2025-12-04 17:56:54,031 INFO sqlalchemy.engine.Engine [cached since 0.2469s ago] (13620, 1, 0)
2025-12-04 17:56:54,032 INFO sqlalchemy.engine.Engine INSERT INTO players (razzball_id, name, team, position, fantrax_id, nfbc_id, created_at) VALUES (?, ?, ?, ?, ?, ?, ?)
2025-12-04 17:56:54,032 INFO sqlalchemy.engine.Engine [cached since 0.2454s ago] (13620, 'Carson Kelly', 'CHC', 'C', None, None, '2025-12-04 12:56:54.032532')
2025-12-04 17:56:54,033 INFO sqlalchemy.engine.Engine INSERT INTO projections_daily (player_id, date, pa, ab, h, r, hr, rbi, sb, bb, so, avg, obp, slg, ip, k, w, l, sv, era, whip, fetched_at) VALUES (?, ?, ?, ?, ?, ?, ?, ?, ?, ?, ?, ?, ?, ?, ?, ?, ?, ?, ?, ?, ?, ?)
2025-12-04 17:56:54,033 INFO sqlalchemy.engine.Engine [cached since 0.2335s ago] (79, '2024-10-04', 3.2, 2.9, 0.68, 0.35, 0.06, 0.3, 0.11, 0.21, 0.77, 0.234, 0.289, 0.354, None, None, None, None, None, None, None, '2025-12-04 12:56:54.033558')
2025-12-04 17:56:54,034 INFO sqlalchemy.engine.Engine SELECT projections_daily.id AS projections_daily_id, projections_daily.player_id AS projections_daily_player_id, projections_daily.date AS projections_daily_date, projections_daily.pa AS projections_daily_pa, projections_daily.ab AS projections_daily_ab, projections_daily.h AS projections_daily_h, projections_daily.r AS projections_daily_r, projections_daily.hr AS projections_daily_hr, projections_daily.rbi AS projections_daily_rbi, projections_daily.sb AS projections_daily_sb, projections_daily.bb AS projections_daily_bb, projections_daily.so AS projections_daily_so, projections_daily.avg AS projections_daily_avg, projections_daily.obp AS projections_daily_obp, projections_daily.slg AS projections_daily_slg, projections_daily.ip AS projections_daily_ip, projections_daily.k AS projections_daily_k, projections_daily.w AS projections_daily_w, projections_daily.l AS projections_daily_l, projections_daily.sv AS projections_daily_sv, projections_daily.era AS projections_daily_era, projections_daily.whip AS projections_daily_whip, projections_daily.fetched_at AS projections_daily_fetched_at 
FROM projections_daily 
WHERE projections_daily.player_id = ? AND projections_daily.date = ?
 LIMIT ? OFFSET ?
2025-12-04 17:56:54,034 INFO sqlalchemy.engine.Engine [cached since 0.2407s ago] (80, '2024-10-04', 1, 0)
2025-12-04 17:56:54,034 INFO sqlalchemy.engine.Engine SELECT players.id AS players_id, players.razzball_id AS players_razzball_id, players.name AS players_name, players.team AS players_team, players.position AS players_position, players.fantrax_id AS players_fantrax_id, players.nfbc_id AS players_nfbc_id, players.created_at AS players_created_at 
FROM players 
WHERE players.razzball_id = ?
 LIMIT ? OFFSET ?
2025-12-04 17:56:54,034 INFO sqlalchemy.engine.Engine [cached since 0.25s ago] (664761, 1, 0)
2025-12-04 17:56:54,035 INFO sqlalchemy.engine.Engine INSERT INTO players (razzball_id, name, team, position, fantrax_id, nfbc_id, created_at) VALUES (?, ?, ?, ?, ?, ?, ?)
2025-12-04 17:56:54,035 INFO sqlalchemy.engine.Engine [cached since 0.2482s ago] (664761, 'Alec Bohm', 'PHI', '1B/3B', None, None, '2025-12-04 12:56:54.035550')
2025-12-04 17:56:54,035 INFO sqlalchemy.engine.Engine INSERT INTO projections_daily (player_id, date, pa, ab, h, r, hr, rbi, sb, bb, so, avg, obp, slg, ip, k, w, l, sv, era, whip, fetched_at) VALUES (?, ?, ?, ?, ?, ?, ?, ?, ?, ?, ?, ?, ?, ?, ?, ?, ?, ?, ?, ?, ?, ?)
2025-12-04 17:56:54,035 INFO sqlalchemy.engine.Engine [cached since 0.2361s ago] (80, '2024-10-04', 4.1, 3.6, 0.77, 0.38, 0.14, 0.39, 0.02, 0.37, 1.06, 0.213, 0.292, 0.367, None, None, None, None, None, None, None, '2025-12-04 12:56:54.035550')
2025-12-04 17:56:54,036 INFO sqlalchemy.engine.Engine SELECT projections_daily.id AS projections_daily_id, projections_daily.player_id AS projections_daily_player_id, projections_daily.date AS projections_daily_date, projections_daily.pa AS projections_daily_pa, projections_daily.ab AS projections_daily_ab, projections_daily.h AS projections_daily_h, projections_daily.r AS projections_daily_r, projections_daily.hr AS projections_daily_hr, projections_daily.rbi AS projections_daily_rbi, projections_daily.sb AS projections_daily_sb, projections_daily.bb AS projections_daily_bb, projections_daily.so AS projections_daily_so, projections_daily.avg AS projections_daily_avg, projections_daily.obp AS projections_daily_obp, projections_daily.slg AS projections_daily_slg, projections_daily.ip AS projections_daily_ip, projections_daily.k AS projections_daily_k, projections_daily.w AS projections_daily_w, projections_daily.l AS projections_daily_l, projections_daily.sv AS projections_daily_sv, projections_daily.era AS projections_daily_era, projections_daily.whip AS projections_daily_whip, projections_daily.fetched_at AS projections_daily_fetched_at 
FROM projections_daily 
WHERE projections_daily.player_id = ? AND projections_daily.date = ?
 LIMIT ? OFFSET ?
2025-12-04 17:56:54,036 INFO sqlalchemy.engine.Engine [cached since 0.2432s ago] (81, '2024-10-04', 1, 0)
2025-12-04 17:56:54,037 INFO sqlalchemy.engine.Engine SELECT players.id AS players_id, players.razzball_id AS players_razzball_id, players.name AS players_name, players.team AS players_team, players.position AS players_position, players.fantrax_id AS players_fantrax_id, players.nfbc_id AS players_nfbc_id, players.created_at AS players_created_at 
FROM players 
WHERE players.razzball_id = ?
 LIMIT ? OFFSET ?
2025-12-04 17:56:54,037 INFO sqlalchemy.engine.Engine [cached since 0.2525s ago] (676914, 1, 0)
2025-12-04 17:56:54,038 INFO sqlalchemy.engine.Engine INSERT INTO players (razzball_id, name, team, position, fantrax_id, nfbc_id, created_at) VALUES (?, ?, ?, ?, ?, ?, ?)
2025-12-04 17:56:54,038 INFO sqlalchemy.engine.Engine [cached since 0.2507s ago] (676914, 'Davis Schneider', 'TOR', '2B/OF', None, None, '2025-12-04 12:56:54.037546')
2025-12-04 17:56:54,038 INFO sqlalchemy.engine.Engine INSERT INTO projections_daily (player_id, date, pa, ab, h, r, hr, rbi, sb, bb, so, avg, obp, slg, ip, k, w, l, sv, era, whip, fetched_at) VALUES (?, ?, ?, ?, ?, ?, ?, ?, ?, ?, ?, ?, ?, ?, ?, ?, ?, ?, ?, ?, ?, ?)
2025-12-04 17:56:54,038 INFO sqlalchemy.engine.Engine [cached since 0.2386s ago] (81, '2024-10-04', 3.8, 3.6, 0.84, 0.36, 0.09, 0.41, 0.02, 0.22, 0.85, 0.237, 0.287, 0.368, None, None, None, None, None, None, None, '2025-12-04 12:56:54.038542')
2025-12-04 17:56:54,039 INFO sqlalchemy.engine.Engine SELECT projections_daily.id AS projections_daily_id, projections_daily.player_id AS projections_daily_player_id, projections_daily.date AS projections_daily_date, projections_daily.pa AS projections_daily_pa, projections_daily.ab AS projections_daily_ab, projections_daily.h AS projections_daily_h, projections_daily.r AS projections_daily_r, projections_daily.hr AS projections_daily_hr, projections_daily.rbi AS projections_daily_rbi, projections_daily.sb AS projections_daily_sb, projections_daily.bb AS projections_daily_bb, projections_daily.so AS projections_daily_so, projections_daily.avg AS projections_daily_avg, projections_daily.obp AS projections_daily_obp, projections_daily.slg AS projections_daily_slg, projections_daily.ip AS projections_daily_ip, projections_daily.k AS projections_daily_k, projections_daily.w AS projections_daily_w, projections_daily.l AS projections_daily_l, projections_daily.sv AS projections_daily_sv, projections_daily.era AS projections_daily_era, projections_daily.whip AS projections_daily_whip, projections_daily.fetched_at AS projections_daily_fetched_at 
FROM projections_daily 
WHERE projections_daily.player_id = ? AND projections_daily.date = ?
 LIMIT ? OFFSET ?
2025-12-04 17:56:54,039 INFO sqlalchemy.engine.Engine [cached since 0.2458s ago] (82, '2024-10-04', 1, 0)
2025-12-04 17:56:54,039 INFO sqlalchemy.engine.Engine SELECT players.id AS players_id, players.razzball_id AS players_razzball_id, players.name AS players_name, players.team AS players_team, players.position AS players_position, players.fantrax_id AS players_fantrax_id, players.nfbc_id AS players_nfbc_id, players.created_at AS players_created_at 
FROM players 
WHERE players.razzball_id = ?
 LIMIT ? OFFSET ?
2025-12-04 17:56:54,039 INFO sqlalchemy.engine.Engine [cached since 0.255s ago] (669392, 1, 0)
2025-12-04 17:56:54,040 INFO sqlalchemy.engine.Engine INSERT INTO players (razzball_id, name, team, position, fantrax_id, nfbc_id, created_at) VALUES (?, ?, ?, ?, ?, ?, ?)
2025-12-04 17:56:54,040 INFO sqlalchemy.engine.Engine [cached since 0.2532s ago] (669392, 'Samad Taylor', 'SEA', 'OF', None, None, '2025-12-04 12:56:54.040537')
2025-12-04 17:56:54,040 INFO sqlalchemy.engine.Engine INSERT INTO projections_daily (player_id, date, pa, ab, h, r, hr, rbi, sb, bb, so, avg, obp, slg, ip, k, w, l, sv, era, whip, fetched_at) VALUES (?, ?, ?, ?, ?, ?, ?, ?, ?, ?, ?, ?, ?, ?, ?, ?, ?, ?, ?, ?, ?, ?)
2025-12-04 17:56:54,040 INFO sqlalchemy.engine.Engine [cached since 0.2411s ago] (82, '2024-10-04', 3.5, 3.0, 0.62, 0.4, 0.1, 0.38, 0.05, 0.45, 1.08, 0.207, 0.318, 0.358, None, None, None, None, None, None, None, '2025-12-04 12:56:54.040537')
2025-12-04 17:56:54,041 INFO sqlalchemy.engine.Engine SELECT projections_daily.id AS projections_daily_id, projections_daily.player_id AS projections_daily_player_id, projections_daily.date AS projections_daily_date, projections_daily.pa AS projections_daily_pa, projections_daily.ab AS projections_daily_ab, projections_daily.h AS projections_daily_h, projections_daily.r AS projections_daily_r, projections_daily.hr AS projections_daily_hr, projections_daily.rbi AS projections_daily_rbi, projections_daily.sb AS projections_daily_sb, projections_daily.bb AS projections_daily_bb, projections_daily.so AS projections_daily_so, projections_daily.avg AS projections_daily_avg, projections_daily.obp AS projections_daily_obp, projections_daily.slg AS projections_daily_slg, projections_daily.ip AS projections_daily_ip, projections_daily.k AS projections_daily_k, projections_daily.w AS projections_daily_w, projections_daily.l AS projections_daily_l, projections_daily.sv AS projections_daily_sv, projections_daily.era AS projections_daily_era, projections_daily.whip AS projections_daily_whip, projections_daily.fetched_at AS projections_daily_fetched_at 
FROM projections_daily 
WHERE projections_daily.player_id = ? AND projections_daily.date = ?
 LIMIT ? OFFSET ?
2025-12-04 17:56:54,041 INFO sqlalchemy.engine.Engine [cached since 0.2482s ago] (83, '2024-10-04', 1, 0)
2025-12-04 17:56:54,042 INFO sqlalchemy.engine.Engine SELECT players.id AS players_id, players.razzball_id AS players_razzball_id, players.name AS players_name, players.team AS players_team, players.position AS players_position, players.fantrax_id AS players_fantrax_id, players.nfbc_id AS players_nfbc_id, players.created_at AS players_created_at 
FROM players 
WHERE players.razzball_id = ?
 LIMIT ? OFFSET ?
2025-12-04 17:56:54,042 INFO sqlalchemy.engine.Engine [cached since 0.2575s ago] (678011, 1, 0)
2025-12-04 17:56:54,043 INFO sqlalchemy.engine.Engine INSERT INTO players (razzball_id, name, team, position, fantrax_id, nfbc_id, created_at) VALUES (?, ?, ?, ?, ?, ?, ?)
2025-12-04 17:56:54,043 INFO sqlalchemy.engine.Engine [cached since 0.2558s ago] (678011, 'Anthony Seigler', 'MIL', 'C', None, None, '2025-12-04 12:56:54.043534')
2025-12-04 17:56:54,043 INFO sqlalchemy.engine.Engine INSERT INTO projections_daily (player_id, date, pa, ab, h, r, hr, rbi, sb, bb, so, avg, obp, slg, ip, k, w, l, sv, era, whip, fetched_at) VALUES (?, ?, ?, ?, ?, ?, ?, ?, ?, ?, ?, ?, ?, ?, ?, ?, ?, ?, ?, ?, ?, ?)
2025-12-04 17:56:54,043 INFO sqlalchemy.engine.Engine [cached since 0.2438s ago] (83, '2024-10-04', 3.5, 3.2, 0.69, 0.37, 0.07, 0.33, 0.11, 0.27, 0.92, 0.219, 0.284, 0.331, None, None, None, None, None, None, None, '2025-12-04 12:56:54.043534')
2025-12-04 17:56:54,044 INFO sqlalchemy.engine.Engine SELECT projections_daily.id AS projections_daily_id, projections_daily.player_id AS projections_daily_player_id, projections_daily.date AS projections_daily_date, projections_daily.pa AS projections_daily_pa, projections_daily.ab AS projections_daily_ab, projections_daily.h AS projections_daily_h, projections_daily.r AS projections_daily_r, projections_daily.hr AS projections_daily_hr, projections_daily.rbi AS projections_daily_rbi, projections_daily.sb AS projections_daily_sb, projections_daily.bb AS projections_daily_bb, projections_daily.so AS projections_daily_so, projections_daily.avg AS projections_daily_avg, projections_daily.obp AS projections_daily_obp, projections_daily.slg AS projections_daily_slg, projections_daily.ip AS projections_daily_ip, projections_daily.k AS projections_daily_k, projections_daily.w AS projections_daily_w, projections_daily.l AS projections_daily_l, projections_daily.sv AS projections_daily_sv, projections_daily.era AS projections_daily_era, projections_daily.whip AS projections_daily_whip, projections_daily.fetched_at AS projections_daily_fetched_at 
FROM projections_daily 
WHERE projections_daily.player_id = ? AND projections_daily.date = ?
 LIMIT ? OFFSET ?
2025-12-04 17:56:54,044 INFO sqlalchemy.engine.Engine [cached since 0.2514s ago] (84, '2024-10-04', 1, 0)
2025-12-04 17:56:54,046 INFO sqlalchemy.engine.Engine SELECT players.id AS players_id, players.razzball_id AS players_razzball_id, players.name AS players_name, players.team AS players_team, players.position AS players_position, players.fantrax_id AS players_fantrax_id, players.nfbc_id AS players_nfbc_id, players.created_at AS players_created_at 
FROM players 
WHERE players.razzball_id = ?
 LIMIT ? OFFSET ?
2025-12-04 17:56:54,046 INFO sqlalchemy.engine.Engine [cached since 0.2618s ago] (15161, 1, 0)
2025-12-04 17:56:54,048 INFO sqlalchemy.engine.Engine INSERT INTO players (razzball_id, name, team, position, fantrax_id, nfbc_id, created_at) VALUES (?, ?, ?, ?, ?, ?, ?)
2025-12-04 17:56:54,048 INFO sqlalchemy.engine.Engine [cached since 0.2612s ago] (15161, 'Mitch Garver', 'SEA', 'C', None, None, '2025-12-04 12:56:54.048493')
2025-12-04 17:56:54,049 INFO sqlalchemy.engine.Engine INSERT INTO projections_daily (player_id, date, pa, ab, h, r, hr, rbi, sb, bb, so, avg, obp, slg, ip, k, w, l, sv, era, whip, fetched_at) VALUES (?, ?, ?, ?, ?, ?, ?, ?, ?, ?, ?, ?, ?, ?, ?, ?, ?, ?, ?, ?, ?, ?)
2025-12-04 17:56:54,049 INFO sqlalchemy.engine.Engine [cached since 0.2493s ago] (84, '2024-10-04', 3.4, 3.0, 0.64, 0.37, 0.08, 0.32, 0.12, 0.31, 0.8, 0.209, 0.286, 0.345, None, None, None, None, None, None, None, '2025-12-04 12:56:54.049501')
2025-12-04 17:56:54,050 INFO sqlalchemy.engine.Engine SELECT projections_daily.id AS projections_daily_id, projections_daily.player_id AS projections_daily_player_id, projections_daily.date AS projections_daily_date, projections_daily.pa AS projections_daily_pa, projections_daily.ab AS projections_daily_ab, projections_daily.h AS projections_daily_h, projections_daily.r AS projections_daily_r, projections_daily.hr AS projections_daily_hr, projections_daily.rbi AS projections_daily_rbi, projections_daily.sb AS projections_daily_sb, projections_daily.bb AS projections_daily_bb, projections_daily.so AS projections_daily_so, projections_daily.avg AS projections_daily_avg, projections_daily.obp AS projections_daily_obp, projections_daily.slg AS projections_daily_slg, projections_daily.ip AS projections_daily_ip, projections_daily.k AS projections_daily_k, projections_daily.w AS projections_daily_w, projections_daily.l AS projections_daily_l, projections_daily.sv AS projections_daily_sv, projections_daily.era AS projections_daily_era, projections_daily.whip AS projections_daily_whip, projections_daily.fetched_at AS projections_daily_fetched_at 
FROM projections_daily 
WHERE projections_daily.player_id = ? AND projections_daily.date = ?
 LIMIT ? OFFSET ?
2025-12-04 17:56:54,050 INFO sqlalchemy.engine.Engine [cached since 0.2566s ago] (85, '2024-10-04', 1, 0)
2025-12-04 17:56:54,050 INFO sqlalchemy.engine.Engine SELECT players.id AS players_id, players.razzball_id AS players_razzball_id, players.name AS players_name, players.team AS players_team, players.position AS players_position, players.fantrax_id AS players_fantrax_id, players.nfbc_id AS players_nfbc_id, players.created_at AS players_created_at 
FROM players 
WHERE players.razzball_id = ?
 LIMIT ? OFFSET ?
2025-12-04 17:56:54,050 INFO sqlalchemy.engine.Engine [cached since 0.2659s ago] (679529, 1, 0)
2025-12-04 17:56:54,051 INFO sqlalchemy.engine.Engine INSERT INTO players (razzball_id, name, team, position, fantrax_id, nfbc_id, created_at) VALUES (?, ?, ?, ?, ?, ?, ?)
2025-12-04 17:56:54,051 INFO sqlalchemy.engine.Engine [cached since 0.264s ago] (679529, 'Spencer Torkelson', 'DET', '1B', None, None, '2025-12-04 12:56:54.051482')
2025-12-04 17:56:54,051 INFO sqlalchemy.engine.Engine INSERT INTO projections_daily (player_id, date, pa, ab, h, r, hr, rbi, sb, bb, so, avg, obp, slg, ip, k, w, l, sv, era, whip, fetched_at) VALUES (?, ?, ?, ?, ?, ?, ?, ?, ?, ?, ?, ?, ?, ?, ?, ?, ?, ?, ?, ?, ?, ?)
2025-12-04 17:56:54,051 INFO sqlalchemy.engine.Engine [cached since 0.2519s ago] (85, '2024-10-04', 3.2, 2.9, 0.59, 0.4, 0.13, 0.38, 0.01, 0.31, 0.95, 0.205, 0.288, 0.382, None, None, None, None, None, None, None, '2025-12-04 12:56:54.051482')
2025-12-04 17:56:54,052 INFO sqlalchemy.engine.Engine SELECT projections_daily.id AS projections_daily_id, projections_daily.player_id AS projections_daily_player_id, projections_daily.date AS projections_daily_date, projections_daily.pa AS projections_daily_pa, projections_daily.ab AS projections_daily_ab, projections_daily.h AS projections_daily_h, projections_daily.r AS projections_daily_r, projections_daily.hr AS projections_daily_hr, projections_daily.rbi AS projections_daily_rbi, projections_daily.sb AS projections_daily_sb, projections_daily.bb AS projections_daily_bb, projections_daily.so AS projections_daily_so, projections_daily.avg AS projections_daily_avg, projections_daily.obp AS projections_daily_obp, projections_daily.slg AS projections_daily_slg, projections_daily.ip AS projections_daily_ip, projections_daily.k AS projections_daily_k, projections_daily.w AS projections_daily_w, projections_daily.l AS projections_daily_l, projections_daily.sv AS projections_daily_sv, projections_daily.era AS projections_daily_era, projections_daily.whip AS projections_daily_whip, projections_daily.fetched_at AS projections_daily_fetched_at 
FROM projections_daily 
WHERE projections_daily.player_id = ? AND projections_daily.date = ?
 LIMIT ? OFFSET ?
2025-12-04 17:56:54,052 INFO sqlalchemy.engine.Engine [cached since 0.2591s ago] (86, '2024-10-04', 1, 0)
2025-12-04 17:56:54,053 INFO sqlalchemy.engine.Engine SELECT players.id AS players_id, players.razzball_id AS players_razzball_id, players.name AS players_name, players.team AS players_team, players.position AS players_position, players.fantrax_id AS players_fantrax_id, players.nfbc_id AS players_nfbc_id, players.created_at AS players_created_at 
FROM players 
WHERE players.razzball_id = ?
 LIMIT ? OFFSET ?
2025-12-04 17:56:54,053 INFO sqlalchemy.engine.Engine [cached since 0.2683s ago] (691620, 1, 0)
2025-12-04 17:56:54,053 INFO sqlalchemy.engine.Engine INSERT INTO players (razzball_id, name, team, position, fantrax_id, nfbc_id, created_at) VALUES (?, ?, ?, ?, ?, ?, ?)
2025-12-04 17:56:54,053 INFO sqlalchemy.engine.Engine [cached since 0.2664s ago] (691620, 'Jeferson Quero', 'MIL', 'C', None, None, '2025-12-04 12:56:54.053477')
2025-12-04 17:56:54,054 INFO sqlalchemy.engine.Engine INSERT INTO projections_daily (player_id, date, pa, ab, h, r, hr, rbi, sb, bb, so, avg, obp, slg, ip, k, w, l, sv, era, whip, fetched_at) VALUES (?, ?, ?, ?, ?, ?, ?, ?, ?, ?, ?, ?, ?, ?, ?, ?, ?, ?, ?, ?, ?, ?)
2025-12-04 17:56:54,054 INFO sqlalchemy.engine.Engine [cached since 0.2543s ago] (86, '2024-10-04', 4.1, 3.7, 0.74, 0.36, 0.16, 0.42, 0.02, 0.25, 1.38, 0.199, 0.256, 0.37, None, None, None, None, None, None, None, '2025-12-04 12:56:54.054475')
2025-12-04 17:56:54,054 INFO sqlalchemy.engine.Engine SELECT projections_daily.id AS projections_daily_id, projections_daily.player_id AS projections_daily_player_id, projections_daily.date AS projections_daily_date, projections_daily.pa AS projections_daily_pa, projections_daily.ab AS projections_daily_ab, projections_daily.h AS projections_daily_h, projections_daily.r AS projections_daily_r, projections_daily.hr AS projections_daily_hr, projections_daily.rbi AS projections_daily_rbi, projections_daily.sb AS projections_daily_sb, projections_daily.bb AS projections_daily_bb, projections_daily.so AS projections_daily_so, projections_daily.avg AS projections_daily_avg, projections_daily.obp AS projections_daily_obp, projections_daily.slg AS projections_daily_slg, projections_daily.ip AS projections_daily_ip, projections_daily.k AS projections_daily_k, projections_daily.w AS projections_daily_w, projections_daily.l AS projections_daily_l, projections_daily.sv AS projections_daily_sv, projections_daily.era AS projections_daily_era, projections_daily.whip AS projections_daily_whip, projections_daily.fetched_at AS projections_daily_fetched_at 
FROM projections_daily 
WHERE projections_daily.player_id = ? AND projections_daily.date = ?
 LIMIT ? OFFSET ?
2025-12-04 17:56:54,054 INFO sqlalchemy.engine.Engine [cached since 0.2615s ago] (87, '2024-10-04', 1, 0)
2025-12-04 17:56:54,055 INFO sqlalchemy.engine.Engine SELECT players.id AS players_id, players.razzball_id AS players_razzball_id, players.name AS players_name, players.team AS players_team, players.position AS players_position, players.fantrax_id AS players_fantrax_id, players.nfbc_id AS players_nfbc_id, players.created_at AS players_created_at 
FROM players 
WHERE players.razzball_id = ?
 LIMIT ? OFFSET ?
2025-12-04 17:56:54,055 INFO sqlalchemy.engine.Engine [cached since 0.2707s ago] (650489, 1, 0)
2025-12-04 17:56:54,056 INFO sqlalchemy.engine.Engine INSERT INTO players (razzball_id, name, team, position, fantrax_id, nfbc_id, created_at) VALUES (?, ?, ?, ?, ?, ?, ?)
2025-12-04 17:56:54,056 INFO sqlalchemy.engine.Engine [cached since 0.2688s ago] (650489, 'Willi Castro', 'CHC', '2B/SS/ 3B/OF', None, None, '2025-12-04 12:56:54.056469')
2025-12-04 17:56:54,056 INFO sqlalchemy.engine.Engine INSERT INTO projections_daily (player_id, date, pa, ab, h, r, hr, rbi, sb, bb, so, avg, obp, slg, ip, k, w, l, sv, era, whip, fetched_at) VALUES (?, ?, ?, ?, ?, ?, ?, ?, ?, ?, ?, ?, ?, ?, ?, ?, ?, ?, ?, ?, ?, ?)
2025-12-04 17:56:54,056 INFO sqlalchemy.engine.Engine [cached since 0.2567s ago] (87, '2024-10-04', 3.6, 3.3, 0.72, 0.39, 0.11, 0.37, 0.02, 0.2, 0.71, 0.219, 0.267, 0.363, None, None, None, None, None, None, None, '2025-12-04 12:56:54.056469')
2025-12-04 17:56:54,057 INFO sqlalchemy.engine.Engine SELECT projections_daily.id AS projections_daily_id, projections_daily.player_id AS projections_daily_player_id, projections_daily.date AS projections_daily_date, projections_daily.pa AS projections_daily_pa, projections_daily.ab AS projections_daily_ab, projections_daily.h AS projections_daily_h, projections_daily.r AS projections_daily_r, projections_daily.hr AS projections_daily_hr, projections_daily.rbi AS projections_daily_rbi, projections_daily.sb AS projections_daily_sb, projections_daily.bb AS projections_daily_bb, projections_daily.so AS projections_daily_so, projections_daily.avg AS projections_daily_avg, projections_daily.obp AS projections_daily_obp, projections_daily.slg AS projections_daily_slg, projections_daily.ip AS projections_daily_ip, projections_daily.k AS projections_daily_k, projections_daily.w AS projections_daily_w, projections_daily.l AS projections_daily_l, projections_daily.sv AS projections_daily_sv, projections_daily.era AS projections_daily_era, projections_daily.whip AS projections_daily_whip, projections_daily.fetched_at AS projections_daily_fetched_at 
FROM projections_daily 
WHERE projections_daily.player_id = ? AND projections_daily.date = ?
 LIMIT ? OFFSET ?
2025-12-04 17:56:54,057 INFO sqlalchemy.engine.Engine [cached since 0.2638s ago] (88, '2024-10-04', 1, 0)
2025-12-04 17:56:54,057 INFO sqlalchemy.engine.Engine SELECT players.id AS players_id, players.razzball_id AS players_razzball_id, players.name AS players_name, players.team AS players_team, players.position AS players_position, players.fantrax_id AS players_fantrax_id, players.nfbc_id AS players_nfbc_id, players.created_at AS players_created_at 
FROM players 
WHERE players.razzball_id = ?
 LIMIT ? OFFSET ?
2025-12-04 17:56:54,057 INFO sqlalchemy.engine.Engine [cached since 0.273s ago] (694388, 1, 0)
2025-12-04 17:56:54,058 INFO sqlalchemy.engine.Engine INSERT INTO players (razzball_id, name, team, position, fantrax_id, nfbc_id, created_at) VALUES (?, ?, ?, ?, ?, ?, ?)
2025-12-04 17:56:54,059 INFO sqlalchemy.engine.Engine [cached since 0.2715s ago] (694388, 'Joey Loperfido', 'TOR', 'OF', None, None, '2025-12-04 12:56:54.058464')
2025-12-04 17:56:54,059 INFO sqlalchemy.engine.Engine INSERT INTO projections_daily (player_id, date, pa, ab, h, r, hr, rbi, sb, bb, so, avg, obp, slg, ip, k, w, l, sv, era, whip, fetched_at) VALUES (?, ?, ?, ?, ?, ?, ?, ?, ?, ?, ?, ?, ?, ?, ?, ?, ?, ?, ?, ?, ?, ?)
2025-12-04 17:56:54,059 INFO sqlalchemy.engine.Engine [cached since 0.2594s ago] (88, '2024-10-04', 3.7, 3.3, 0.68, 0.38, 0.09, 0.33, 0.1, 0.28, 1.17, 0.204, 0.281, 0.335, None, None, None, None, None, None, None, '2025-12-04 12:56:54.059461')
2025-12-04 17:56:54,059 INFO sqlalchemy.engine.Engine SELECT projections_daily.id AS projections_daily_id, projections_daily.player_id AS projections_daily_player_id, projections_daily.date AS projections_daily_date, projections_daily.pa AS projections_daily_pa, projections_daily.ab AS projections_daily_ab, projections_daily.h AS projections_daily_h, projections_daily.r AS projections_daily_r, projections_daily.hr AS projections_daily_hr, projections_daily.rbi AS projections_daily_rbi, projections_daily.sb AS projections_daily_sb, projections_daily.bb AS projections_daily_bb, projections_daily.so AS projections_daily_so, projections_daily.avg AS projections_daily_avg, projections_daily.obp AS projections_daily_obp, projections_daily.slg AS projections_daily_slg, projections_daily.ip AS projections_daily_ip, projections_daily.k AS projections_daily_k, projections_daily.w AS projections_daily_w, projections_daily.l AS projections_daily_l, projections_daily.sv AS projections_daily_sv, projections_daily.era AS projections_daily_era, projections_daily.whip AS projections_daily_whip, projections_daily.fetched_at AS projections_daily_fetched_at 
FROM projections_daily 
WHERE projections_daily.player_id = ? AND projections_daily.date = ?
 LIMIT ? OFFSET ?
2025-12-04 17:56:54,060 INFO sqlalchemy.engine.Engine [cached since 0.2666s ago] (89, '2024-10-04', 1, 0)
2025-12-04 17:56:54,060 INFO sqlalchemy.engine.Engine SELECT players.id AS players_id, players.razzball_id AS players_razzball_id, players.name AS players_name, players.team AS players_team, players.position AS players_position, players.fantrax_id AS players_fantrax_id, players.nfbc_id AS players_nfbc_id, players.created_at AS players_created_at 
FROM players 
WHERE players.razzball_id = ?
 LIMIT ? OFFSET ?
2025-12-04 17:56:54,060 INFO sqlalchemy.engine.Engine [cached since 0.2758s ago] (670156, 1, 0)
2025-12-04 17:56:54,061 INFO sqlalchemy.engine.Engine INSERT INTO players (razzball_id, name, team, position, fantrax_id, nfbc_id, created_at) VALUES (?, ?, ?, ?, ?, ?, ?)
2025-12-04 17:56:54,061 INFO sqlalchemy.engine.Engine [cached since 0.2742s ago] (670156, 'Miles Mastrobuoni', 'SEA', '3B', None, None, '2025-12-04 12:56:54.061456')
2025-12-04 17:56:54,062 INFO sqlalchemy.engine.Engine INSERT INTO projections_daily (player_id, date, pa, ab, h, r, hr, rbi, sb, bb, so, avg, obp, slg, ip, k, w, l, sv, era, whip, fetched_at) VALUES (?, ?, ?, ?, ?, ?, ?, ?, ?, ?, ?, ?, ?, ?, ?, ?, ?, ?, ?, ?, ?, ?)
2025-12-04 17:56:54,062 INFO sqlalchemy.engine.Engine [cached since 0.2623s ago] (89, '2024-10-04', 3.3, 3.0, 0.67, 0.37, 0.07, 0.34, 0.06, 0.23, 1.01, 0.225, 0.29, 0.352, None, None, None, None, None, None, None, '2025-12-04 12:56:54.062454')
2025-12-04 17:56:54,064 INFO sqlalchemy.engine.Engine SELECT projections_daily.id AS projections_daily_id, projections_daily.player_id AS projections_daily_player_id, projections_daily.date AS projections_daily_date, projections_daily.pa AS projections_daily_pa, projections_daily.ab AS projections_daily_ab, projections_daily.h AS projections_daily_h, projections_daily.r AS projections_daily_r, projections_daily.hr AS projections_daily_hr, projections_daily.rbi AS projections_daily_rbi, projections_daily.sb AS projections_daily_sb, projections_daily.bb AS projections_daily_bb, projections_daily.so AS projections_daily_so, projections_daily.avg AS projections_daily_avg, projections_daily.obp AS projections_daily_obp, projections_daily.slg AS projections_daily_slg, projections_daily.ip AS projections_daily_ip, projections_daily.k AS projections_daily_k, projections_daily.w AS projections_daily_w, projections_daily.l AS projections_daily_l, projections_daily.sv AS projections_daily_sv, projections_daily.era AS projections_daily_era, projections_daily.whip AS projections_daily_whip, projections_daily.fetched_at AS projections_daily_fetched_at 
FROM projections_daily 
WHERE projections_daily.player_id = ? AND projections_daily.date = ?
 LIMIT ? OFFSET ?
2025-12-04 17:56:54,064 INFO sqlalchemy.engine.Engine [cached since 0.271s ago] (90, '2024-10-04', 1, 0)
2025-12-04 17:56:54,065 INFO sqlalchemy.engine.Engine SELECT players.id AS players_id, players.razzball_id AS players_razzball_id, players.name AS players_name, players.team AS players_team, players.position AS players_position, players.fantrax_id AS players_fantrax_id, players.nfbc_id AS players_nfbc_id, players.created_at AS players_created_at 
FROM players 
WHERE players.razzball_id = ?
 LIMIT ? OFFSET ?
2025-12-04 17:56:54,065 INFO sqlalchemy.engine.Engine [cached since 0.2804s ago] (7802, 1, 0)
2025-12-04 17:56:54,066 INFO sqlalchemy.engine.Engine INSERT INTO players (razzball_id, name, team, position, fantrax_id, nfbc_id, created_at) VALUES (?, ?, ?, ?, ?, ?, ?)
2025-12-04 17:56:54,066 INFO sqlalchemy.engine.Engine [cached since 0.2787s ago] (7802, 'Miguel Rojas', 'LAD', '2B/SS/ 3B', None, None, '2025-12-04 12:56:54.066477')
2025-12-04 17:56:54,066 INFO sqlalchemy.engine.Engine INSERT INTO projections_daily (player_id, date, pa, ab, h, r, hr, rbi, sb, bb, so, avg, obp, slg, ip, k, w, l, sv, era, whip, fetched_at) VALUES (?, ?, ?, ?, ?, ?, ?, ?, ?, ?, ?, ?, ?, ?, ?, ?, ?, ?, ?, ?, ?, ?)
2025-12-04 17:56:54,066 INFO sqlalchemy.engine.Engine [cached since 0.2666s ago] (90, '2024-10-04', 3.3, 2.9, 0.69, 0.38, 0.04, 0.29, 0.08, 0.31, 0.65, 0.238, 0.311, 0.331, None, None, None, None, None, None, None, '2025-12-04 12:56:54.066477')
2025-12-04 17:56:54,067 INFO sqlalchemy.engine.Engine SELECT projections_daily.id AS projections_daily_id, projections_daily.player_id AS projections_daily_player_id, projections_daily.date AS projections_daily_date, projections_daily.pa AS projections_daily_pa, projections_daily.ab AS projections_daily_ab, projections_daily.h AS projections_daily_h, projections_daily.r AS projections_daily_r, projections_daily.hr AS projections_daily_hr, projections_daily.rbi AS projections_daily_rbi, projections_daily.sb AS projections_daily_sb, projections_daily.bb AS projections_daily_bb, projections_daily.so AS projections_daily_so, projections_daily.avg AS projections_daily_avg, projections_daily.obp AS projections_daily_obp, projections_daily.slg AS projections_daily_slg, projections_daily.ip AS projections_daily_ip, projections_daily.k AS projections_daily_k, projections_daily.w AS projections_daily_w, projections_daily.l AS projections_daily_l, projections_daily.sv AS projections_daily_sv, projections_daily.era AS projections_daily_era, projections_daily.whip AS projections_daily_whip, projections_daily.fetched_at AS projections_daily_fetched_at 
FROM projections_daily 
WHERE projections_daily.player_id = ? AND projections_daily.date = ?
 LIMIT ? OFFSET ?
2025-12-04 17:56:54,067 INFO sqlalchemy.engine.Engine [cached since 0.2738s ago] (91, '2024-10-04', 1, 0)
2025-12-04 17:56:54,067 INFO sqlalchemy.engine.Engine SELECT players.id AS players_id, players.razzball_id AS players_razzball_id, players.name AS players_name, players.team AS players_team, players.position AS players_position, players.fantrax_id AS players_fantrax_id, players.nfbc_id AS players_nfbc_id, players.created_at AS players_created_at 
FROM players 
WHERE players.razzball_id = ?
 LIMIT ? OFFSET ?
2025-12-04 17:56:54,068 INFO sqlalchemy.engine.Engine [cached since 0.2831s ago] (643396, 1, 0)
2025-12-04 17:56:54,068 INFO sqlalchemy.engine.Engine INSERT INTO players (razzball_id, name, team, position, fantrax_id, nfbc_id, created_at) VALUES (?, ?, ?, ?, ?, ?, ?)
2025-12-04 17:56:54,068 INFO sqlalchemy.engine.Engine [cached since 0.2813s ago] (643396, 'Isiah Kiner-Falefa', 'TOR', '2B/SS/ 3B', None, None, '2025-12-04 12:56:54.068468')
2025-12-04 17:56:54,069 INFO sqlalchemy.engine.Engine INSERT INTO projections_daily (player_id, date, pa, ab, h, r, hr, rbi, sb, bb, so, avg, obp, slg, ip, k, w, l, sv, era, whip, fetched_at) VALUES (?, ?, ?, ?, ?, ?, ?, ?, ?, ?, ?, ?, ?, ?, ?, ?, ?, ?, ?, ?, ?, ?)
2025-12-04 17:56:54,069 INFO sqlalchemy.engine.Engine [cached since 0.2692s ago] (91, '2024-10-04', 3.9, 3.6, 0.92, 0.32, 0.06, 0.31, 0.05, 0.21, 0.55, 0.253, 0.296, 0.355, None, None, None, None, None, None, None, '2025-12-04 12:56:54.069466')
2025-12-04 17:56:54,069 INFO sqlalchemy.engine.Engine SELECT projections_daily.id AS projections_daily_id, projections_daily.player_id AS projections_daily_player_id, projections_daily.date AS projections_daily_date, projections_daily.pa AS projections_daily_pa, projections_daily.ab AS projections_daily_ab, projections_daily.h AS projections_daily_h, projections_daily.r AS projections_daily_r, projections_daily.hr AS projections_daily_hr, projections_daily.rbi AS projections_daily_rbi, projections_daily.sb AS projections_daily_sb, projections_daily.bb AS projections_daily_bb, projections_daily.so AS projections_daily_so, projections_daily.avg AS projections_daily_avg, projections_daily.obp AS projections_daily_obp, projections_daily.slg AS projections_daily_slg, projections_daily.ip AS projections_daily_ip, projections_daily.k AS projections_daily_k, projections_daily.w AS projections_daily_w, projections_daily.l AS projections_daily_l, projections_daily.sv AS projections_daily_sv, projections_daily.era AS projections_daily_era, projections_daily.whip AS projections_daily_whip, projections_daily.fetched_at AS projections_daily_fetched_at 
FROM projections_daily 
WHERE projections_daily.player_id = ? AND projections_daily.date = ?
 LIMIT ? OFFSET ?
2025-12-04 17:56:54,069 INFO sqlalchemy.engine.Engine [cached since 0.2764s ago] (92, '2024-10-04', 1, 0)
2025-12-04 17:56:54,070 INFO sqlalchemy.engine.Engine SELECT players.id AS players_id, players.razzball_id AS players_razzball_id, players.name AS players_name, players.team AS players_team, players.position AS players_position, players.fantrax_id AS players_fantrax_id, players.nfbc_id AS players_nfbc_id, players.created_at AS players_created_at 
FROM players 
WHERE players.razzball_id = ?
 LIMIT ? OFFSET ?
2025-12-04 17:56:54,070 INFO sqlalchemy.engine.Engine [cached since 0.2856s ago] (669016, 1, 0)
2025-12-04 17:56:54,071 INFO sqlalchemy.engine.Engine INSERT INTO players (razzball_id, name, team, position, fantrax_id, nfbc_id, created_at) VALUES (?, ?, ?, ?, ?, ?, ?)
2025-12-04 17:56:54,071 INFO sqlalchemy.engine.Engine [cached since 0.2837s ago] (669016, 'Brandon Marsh', 'PHI', 'OF', None, None, '2025-12-04 12:56:54.071459')
2025-12-04 17:56:54,071 INFO sqlalchemy.engine.Engine INSERT INTO projections_daily (player_id, date, pa, ab, h, r, hr, rbi, sb, bb, so, avg, obp, slg, ip, k, w, l, sv, era, whip, fetched_at) VALUES (?, ?, ?, ?, ?, ?, ?, ?, ?, ?, ?, ?, ?, ?, ?, ?, ?, ?, ?, ?, ?, ?)
2025-12-04 17:56:54,071 INFO sqlalchemy.engine.Engine [cached since 0.2716s ago] (92, '2024-10-04', 3.0, 2.8, 0.7, 0.32, 0.03, 0.28, 0.1, 0.15, 0.56, 0.252, 0.298, 0.331, None, None, None, None, None, None, None, '2025-12-04 12:56:54.071459')
2025-12-04 17:56:54,072 INFO sqlalchemy.engine.Engine SELECT projections_daily.id AS projections_daily_id, projections_daily.player_id AS projections_daily_player_id, projections_daily.date AS projections_daily_date, projections_daily.pa AS projections_daily_pa, projections_daily.ab AS projections_daily_ab, projections_daily.h AS projections_daily_h, projections_daily.r AS projections_daily_r, projections_daily.hr AS projections_daily_hr, projections_daily.rbi AS projections_daily_rbi, projections_daily.sb AS projections_daily_sb, projections_daily.bb AS projections_daily_bb, projections_daily.so AS projections_daily_so, projections_daily.avg AS projections_daily_avg, projections_daily.obp AS projections_daily_obp, projections_daily.slg AS projections_daily_slg, projections_daily.ip AS projections_daily_ip, projections_daily.k AS projections_daily_k, projections_daily.w AS projections_daily_w, projections_daily.l AS projections_daily_l, projections_daily.sv AS projections_daily_sv, projections_daily.era AS projections_daily_era, projections_daily.whip AS projections_daily_whip, projections_daily.fetched_at AS projections_daily_fetched_at 
FROM projections_daily 
WHERE projections_daily.player_id = ? AND projections_daily.date = ?
 LIMIT ? OFFSET ?
2025-12-04 17:56:54,072 INFO sqlalchemy.engine.Engine [cached since 0.2788s ago] (93, '2024-10-04', 1, 0)
2025-12-04 17:56:54,072 INFO sqlalchemy.engine.Engine SELECT players.id AS players_id, players.razzball_id AS players_razzball_id, players.name AS players_name, players.team AS players_team, players.position AS players_position, players.fantrax_id AS players_fantrax_id, players.nfbc_id AS players_nfbc_id, players.created_at AS players_created_at 
FROM players 
WHERE players.razzball_id = ?
 LIMIT ? OFFSET ?
2025-12-04 17:56:54,072 INFO sqlalchemy.engine.Engine [cached since 0.2879s ago] (660844, 1, 0)
2025-12-04 17:56:54,073 INFO sqlalchemy.engine.Engine INSERT INTO players (razzball_id, name, team, position, fantrax_id, nfbc_id, created_at) VALUES (?, ?, ?, ?, ?, ?, ?)
2025-12-04 17:56:54,073 INFO sqlalchemy.engine.Engine [cached since 0.2861s ago] (660844, 'Leo Rivas', 'SEA', '2B/SS', None, None, '2025-12-04 12:56:54.073454')
2025-12-04 17:56:54,073 INFO sqlalchemy.engine.Engine INSERT INTO projections_daily (player_id, date, pa, ab, h, r, hr, rbi, sb, bb, so, avg, obp, slg, ip, k, w, l, sv, era, whip, fetched_at) VALUES (?, ?, ?, ?, ?, ?, ?, ?, ?, ?, ?, ?, ?, ?, ?, ?, ?, ?, ?, ?, ?, ?)
2025-12-04 17:56:54,073 INFO sqlalchemy.engine.Engine [cached since 0.274s ago] (93, '2024-10-04', 3.4, 3.0, 0.67, 0.32, 0.09, 0.34, 0.06, 0.3, 1.24, 0.218, 0.291, 0.366, None, None, None, None, None, None, None, '2025-12-04 12:56:54.073454')
2025-12-04 17:56:54,075 INFO sqlalchemy.engine.Engine SELECT projections_daily.id AS projections_daily_id, projections_daily.player_id AS projections_daily_player_id, projections_daily.date AS projections_daily_date, projections_daily.pa AS projections_daily_pa, projections_daily.ab AS projections_daily_ab, projections_daily.h AS projections_daily_h, projections_daily.r AS projections_daily_r, projections_daily.hr AS projections_daily_hr, projections_daily.rbi AS projections_daily_rbi, projections_daily.sb AS projections_daily_sb, projections_daily.bb AS projections_daily_bb, projections_daily.so AS projections_daily_so, projections_daily.avg AS projections_daily_avg, projections_daily.obp AS projections_daily_obp, projections_daily.slg AS projections_daily_slg, projections_daily.ip AS projections_daily_ip, projections_daily.k AS projections_daily_k, projections_daily.w AS projections_daily_w, projections_daily.l AS projections_daily_l, projections_daily.sv AS projections_daily_sv, projections_daily.era AS projections_daily_era, projections_daily.whip AS projections_daily_whip, projections_daily.fetched_at AS projections_daily_fetched_at 
FROM projections_daily 
WHERE projections_daily.player_id = ? AND projections_daily.date = ?
 LIMIT ? OFFSET ?
2025-12-04 17:56:54,075 INFO sqlalchemy.engine.Engine [cached since 0.282s ago] (94, '2024-10-04', 1, 0)
2025-12-04 17:56:54,076 INFO sqlalchemy.engine.Engine SELECT players.id AS players_id, players.razzball_id AS players_razzball_id, players.name AS players_name, players.team AS players_team, players.position AS players_position, players.fantrax_id AS players_fantrax_id, players.nfbc_id AS players_nfbc_id, players.created_at AS players_created_at 
FROM players 
WHERE players.razzball_id = ?
 LIMIT ? OFFSET ?
2025-12-04 17:56:54,076 INFO sqlalchemy.engine.Engine [cached since 0.2913s ago] (810938, 1, 0)
2025-12-04 17:56:54,077 INFO sqlalchemy.engine.Engine INSERT INTO players (razzball_id, name, team, position, fantrax_id, nfbc_id, created_at) VALUES (?, ?, ?, ?, ?, ?, ?)
2025-12-04 17:56:54,077 INFO sqlalchemy.engine.Engine [cached since 0.2896s ago] (810938, 'Ben Williamson', 'SEA', '3B', None, None, '2025-12-04 12:56:54.076418')
2025-12-04 17:56:54,077 INFO sqlalchemy.engine.Engine INSERT INTO projections_daily (player_id, date, pa, ab, h, r, hr, rbi, sb, bb, so, avg, obp, slg, ip, k, w, l, sv, era, whip, fetched_at) VALUES (?, ?, ?, ?, ?, ?, ?, ?, ?, ?, ?, ?, ?, ?, ?, ?, ?, ?, ?, ?, ?, ?)
2025-12-04 17:56:54,077 INFO sqlalchemy.engine.Engine [cached since 0.2775s ago] (94, '2024-10-04', 3.5, 2.9, 0.62, 0.39, 0.05, 0.29, 0.1, 0.47, 0.9, 0.211, 0.325, 0.304, None, None, None, None, None, None, None, '2025-12-04 12:56:54.077439')
2025-12-04 17:56:54,078 INFO sqlalchemy.engine.Engine SELECT projections_daily.id AS projections_daily_id, projections_daily.player_id AS projections_daily_player_id, projections_daily.date AS projections_daily_date, projections_daily.pa AS projections_daily_pa, projections_daily.ab AS projections_daily_ab, projections_daily.h AS projections_daily_h, projections_daily.r AS projections_daily_r, projections_daily.hr AS projections_daily_hr, projections_daily.rbi AS projections_daily_rbi, projections_daily.sb AS projections_daily_sb, projections_daily.bb AS projections_daily_bb, projections_daily.so AS projections_daily_so, projections_daily.avg AS projections_daily_avg, projections_daily.obp AS projections_daily_obp, projections_daily.slg AS projections_daily_slg, projections_daily.ip AS projections_daily_ip, projections_daily.k AS projections_daily_k, projections_daily.w AS projections_daily_w, projections_daily.l AS projections_daily_l, projections_daily.sv AS projections_daily_sv, projections_daily.era AS projections_daily_era, projections_daily.whip AS projections_daily_whip, projections_daily.fetched_at AS projections_daily_fetched_at 
FROM projections_daily 
WHERE projections_daily.player_id = ? AND projections_daily.date = ?
 LIMIT ? OFFSET ?
2025-12-04 17:56:54,078 INFO sqlalchemy.engine.Engine [cached since 0.2851s ago] (95, '2024-10-04', 1, 0)
2025-12-04 17:56:54,080 INFO sqlalchemy.engine.Engine SELECT players.id AS players_id, players.razzball_id AS players_razzball_id, players.name AS players_name, players.team AS players_team, players.position AS players_position, players.fantrax_id AS players_fantrax_id, players.nfbc_id AS players_nfbc_id, players.created_at AS players_created_at 
FROM players 
WHERE players.razzball_id = ?
 LIMIT ? OFFSET ?
2025-12-04 17:56:54,080 INFO sqlalchemy.engine.Engine [cached since 0.2954s ago] (702284, 1, 0)
2025-12-04 17:56:54,082 INFO sqlalchemy.engine.Engine INSERT INTO players (razzball_id, name, team, position, fantrax_id, nfbc_id, created_at) VALUES (?, ?, ?, ?, ?, ?, ?)
2025-12-04 17:56:54,082 INFO sqlalchemy.engine.Engine [cached since 0.2948s ago] (702284, 'Cole Young', 'SEA', '2B/SS', None, None, '2025-12-04 12:56:54.082406')
2025-12-04 17:56:54,082 INFO sqlalchemy.engine.Engine INSERT INTO projections_daily (player_id, date, pa, ab, h, r, hr, rbi, sb, bb, so, avg, obp, slg, ip, k, w, l, sv, era, whip, fetched_at) VALUES (?, ?, ?, ?, ?, ?, ?, ?, ?, ?, ?, ?, ?, ?, ?, ?, ?, ?, ?, ?, ?, ?)
2025-12-04 17:56:54,082 INFO sqlalchemy.engine.Engine [cached since 0.2828s ago] (95, '2024-10-04', 3.4, 3.1, 0.76, 0.38, 0.04, 0.31, 0.05, 0.2, 0.76, 0.243, 0.294, 0.34, None, None, None, None, None, None, None, '2025-12-04 12:56:54.082406')
2025-12-04 17:56:54,083 INFO sqlalchemy.engine.Engine SELECT projections_daily.id AS projections_daily_id, projections_daily.player_id AS projections_daily_player_id, projections_daily.date AS projections_daily_date, projections_daily.pa AS projections_daily_pa, projections_daily.ab AS projections_daily_ab, projections_daily.h AS projections_daily_h, projections_daily.r AS projections_daily_r, projections_daily.hr AS projections_daily_hr, projections_daily.rbi AS projections_daily_rbi, projections_daily.sb AS projections_daily_sb, projections_daily.bb AS projections_daily_bb, projections_daily.so AS projections_daily_so, projections_daily.avg AS projections_daily_avg, projections_daily.obp AS projections_daily_obp, projections_daily.slg AS projections_daily_slg, projections_daily.ip AS projections_daily_ip, projections_daily.k AS projections_daily_k, projections_daily.w AS projections_daily_w, projections_daily.l AS projections_daily_l, projections_daily.sv AS projections_daily_sv, projections_daily.era AS projections_daily_era, projections_daily.whip AS projections_daily_whip, projections_daily.fetched_at AS projections_daily_fetched_at 
FROM projections_daily 
WHERE projections_daily.player_id = ? AND projections_daily.date = ?
 LIMIT ? OFFSET ?
2025-12-04 17:56:54,083 INFO sqlalchemy.engine.Engine [cached since 0.29s ago] (96, '2024-10-04', 1, 0)
2025-12-04 17:56:54,084 INFO sqlalchemy.engine.Engine SELECT players.id AS players_id, players.razzball_id AS players_razzball_id, players.name AS players_name, players.team AS players_team, players.position AS players_position, players.fantrax_id AS players_fantrax_id, players.nfbc_id AS players_nfbc_id, players.created_at AS players_created_at 
FROM players 
WHERE players.razzball_id = ?
 LIMIT ? OFFSET ?
2025-12-04 17:56:54,084 INFO sqlalchemy.engine.Engine [cached since 0.2993s ago] (641555, 1, 0)
2025-12-04 17:56:54,084 INFO sqlalchemy.engine.Engine INSERT INTO players (razzball_id, name, team, position, fantrax_id, nfbc_id, created_at) VALUES (?, ?, ?, ?, ?, ?, ?)
2025-12-04 17:56:54,085 INFO sqlalchemy.engine.Engine [cached since 0.2975s ago] (641555, 'J.C. Escarra', 'NYY', 'C', None, None, '2025-12-04 12:56:54.084426')
2025-12-04 17:56:54,085 INFO sqlalchemy.engine.Engine INSERT INTO projections_daily (player_id, date, pa, ab, h, r, hr, rbi, sb, bb, so, avg, obp, slg, ip, k, w, l, sv, era, whip, fetched_at) VALUES (?, ?, ?, ?, ?, ?, ?, ?, ?, ?, ?, ?, ?, ?, ?, ?, ?, ?, ?, ?, ?, ?)
2025-12-04 17:56:54,085 INFO sqlalchemy.engine.Engine [cached since 0.2855s ago] (96, '2024-10-04', 3.1, 2.7, 0.65, 0.38, 0.06, 0.31, 0.03, 0.28, 0.56, 0.238, 0.315, 0.355, None, None, None, None, None, None, None, '2025-12-04 12:56:54.085423')
2025-12-04 17:56:54,086 INFO sqlalchemy.engine.Engine SELECT projections_daily.id AS projections_daily_id, projections_daily.player_id AS projections_daily_player_id, projections_daily.date AS projections_daily_date, projections_daily.pa AS projections_daily_pa, projections_daily.ab AS projections_daily_ab, projections_daily.h AS projections_daily_h, projections_daily.r AS projections_daily_r, projections_daily.hr AS projections_daily_hr, projections_daily.rbi AS projections_daily_rbi, projections_daily.sb AS projections_daily_sb, projections_daily.bb AS projections_daily_bb, projections_daily.so AS projections_daily_so, projections_daily.avg AS projections_daily_avg, projections_daily.obp AS projections_daily_obp, projections_daily.slg AS projections_daily_slg, projections_daily.ip AS projections_daily_ip, projections_daily.k AS projections_daily_k, projections_daily.w AS projections_daily_w, projections_daily.l AS projections_daily_l, projections_daily.sv AS projections_daily_sv, projections_daily.era AS projections_daily_era, projections_daily.whip AS projections_daily_whip, projections_daily.fetched_at AS projections_daily_fetched_at 
FROM projections_daily 
WHERE projections_daily.player_id = ? AND projections_daily.date = ?
 LIMIT ? OFFSET ?
2025-12-04 17:56:54,086 INFO sqlalchemy.engine.Engine [cached since 0.2926s ago] (97, '2024-10-04', 1, 0)
2025-12-04 17:56:54,086 INFO sqlalchemy.engine.Engine SELECT players.id AS players_id, players.razzball_id AS players_razzball_id, players.name AS players_name, players.team AS players_team, players.position AS players_position, players.fantrax_id AS players_fantrax_id, players.nfbc_id AS players_nfbc_id, players.created_at AS players_created_at 
FROM players 
WHERE players.razzball_id = ?
 LIMIT ? OFFSET ?
2025-12-04 17:56:54,086 INFO sqlalchemy.engine.Engine [cached since 0.3018s ago] (677870, 1, 0)
2025-12-04 17:56:54,087 INFO sqlalchemy.engine.Engine INSERT INTO players (razzball_id, name, team, position, fantrax_id, nfbc_id, created_at) VALUES (?, ?, ?, ?, ?, ?, ?)
2025-12-04 17:56:54,087 INFO sqlalchemy.engine.Engine [cached since 0.3s ago] (677870, 'Leo Jimenez', 'TOR', 'SS', None, None, '2025-12-04 12:56:54.087417')
2025-12-04 17:56:54,087 INFO sqlalchemy.engine.Engine INSERT INTO projections_daily (player_id, date, pa, ab, h, r, hr, rbi, sb, bb, so, avg, obp, slg, ip, k, w, l, sv, era, whip, fetched_at) VALUES (?, ?, ?, ?, ?, ?, ?, ?, ?, ?, ?, ?, ?, ?, ?, ?, ?, ?, ?, ?, ?, ?)
2025-12-04 17:56:54,087 INFO sqlalchemy.engine.Engine [cached since 0.2879s ago] (97, '2024-10-04', 3.8, 3.5, 0.79, 0.36, 0.07, 0.32, 0.05, 0.28, 0.84, 0.227, 0.289, 0.352, None, None, None, None, None, None, None, '2025-12-04 12:56:54.087417')
2025-12-04 17:56:54,088 INFO sqlalchemy.engine.Engine SELECT projections_daily.id AS projections_daily_id, projections_daily.player_id AS projections_daily_player_id, projections_daily.date AS projections_daily_date, projections_daily.pa AS projections_daily_pa, projections_daily.ab AS projections_daily_ab, projections_daily.h AS projections_daily_h, projections_daily.r AS projections_daily_r, projections_daily.hr AS projections_daily_hr, projections_daily.rbi AS projections_daily_rbi, projections_daily.sb AS projections_daily_sb, projections_daily.bb AS projections_daily_bb, projections_daily.so AS projections_daily_so, projections_daily.avg AS projections_daily_avg, projections_daily.obp AS projections_daily_obp, projections_daily.slg AS projections_daily_slg, projections_daily.ip AS projections_daily_ip, projections_daily.k AS projections_daily_k, projections_daily.w AS projections_daily_w, projections_daily.l AS projections_daily_l, projections_daily.sv AS projections_daily_sv, projections_daily.era AS projections_daily_era, projections_daily.whip AS projections_daily_whip, projections_daily.fetched_at AS projections_daily_fetched_at 
FROM projections_daily 
WHERE projections_daily.player_id = ? AND projections_daily.date = ?
 LIMIT ? OFFSET ?
2025-12-04 17:56:54,088 INFO sqlalchemy.engine.Engine [cached since 0.2951s ago] (98, '2024-10-04', 1, 0)
2025-12-04 17:56:54,089 INFO sqlalchemy.engine.Engine SELECT players.id AS players_id, players.razzball_id AS players_razzball_id, players.name AS players_name, players.team AS players_team, players.position AS players_position, players.fantrax_id AS players_fantrax_id, players.nfbc_id AS players_nfbc_id, players.created_at AS players_created_at 
FROM players 
WHERE players.razzball_id = ?
 LIMIT ? OFFSET ?
2025-12-04 17:56:54,089 INFO sqlalchemy.engine.Engine [cached since 0.3043s ago] (13301, 1, 0)
2025-12-04 17:56:54,089 INFO sqlalchemy.engine.Engine INSERT INTO players (razzball_id, name, team, position, fantrax_id, nfbc_id, created_at) VALUES (?, ?, ?, ?, ?, ?, ?)
2025-12-04 17:56:54,089 INFO sqlalchemy.engine.Engine [cached since 0.3025s ago] (13301, 'Max Muncy', 'LAD', '3B', None, None, '2025-12-04 12:56:54.089413')
2025-12-04 17:56:54,090 INFO sqlalchemy.engine.Engine INSERT INTO projections_daily (player_id, date, pa, ab, h, r, hr, rbi, sb, bb, so, avg, obp, slg, ip, k, w, l, sv, era, whip, fetched_at) VALUES (?, ?, ?, ?, ?, ?, ?, ?, ?, ?, ?, ?, ?, ?, ?, ?, ?, ?, ?, ?, ?, ?)
2025-12-04 17:56:54,090 INFO sqlalchemy.engine.Engine [cached since 0.2906s ago] (98, '2024-10-04', 3.5, 3.0, 0.67, 0.41, 0.06, 0.33, 0.03, 0.29, 0.84, 0.224, 0.316, 0.332, None, None, None, None, None, None, None, '2025-12-04 12:56:54.090411')
2025-12-04 17:56:54,091 INFO sqlalchemy.engine.Engine SELECT projections_daily.id AS projections_daily_id, projections_daily.player_id AS projections_daily_player_id, projections_daily.date AS projections_daily_date, projections_daily.pa AS projections_daily_pa, projections_daily.ab AS projections_daily_ab, projections_daily.h AS projections_daily_h, projections_daily.r AS projections_daily_r, projections_daily.hr AS projections_daily_hr, projections_daily.rbi AS projections_daily_rbi, projections_daily.sb AS projections_daily_sb, projections_daily.bb AS projections_daily_bb, projections_daily.so AS projections_daily_so, projections_daily.avg AS projections_daily_avg, projections_daily.obp AS projections_daily_obp, projections_daily.slg AS projections_daily_slg, projections_daily.ip AS projections_daily_ip, projections_daily.k AS projections_daily_k, projections_daily.w AS projections_daily_w, projections_daily.l AS projections_daily_l, projections_daily.sv AS projections_daily_sv, projections_daily.era AS projections_daily_era, projections_daily.whip AS projections_daily_whip, projections_daily.fetched_at AS projections_daily_fetched_at 
FROM projections_daily 
WHERE projections_daily.player_id = ? AND projections_daily.date = ?
 LIMIT ? OFFSET ?
2025-12-04 17:56:54,091 INFO sqlalchemy.engine.Engine [cached since 0.2978s ago] (99, '2024-10-04', 1, 0)
2025-12-04 17:56:54,092 INFO sqlalchemy.engine.Engine SELECT players.id AS players_id, players.razzball_id AS players_razzball_id, players.name AS players_name, players.team AS players_team, players.position AS players_position, players.fantrax_id AS players_fantrax_id, players.nfbc_id AS players_nfbc_id, players.created_at AS players_created_at 
FROM players 
WHERE players.razzball_id = ?
 LIMIT ? OFFSET ?
2025-12-04 17:56:54,092 INFO sqlalchemy.engine.Engine [cached since 0.3073s ago] (15112, 1, 0)
2025-12-04 17:56:54,093 INFO sqlalchemy.engine.Engine INSERT INTO players (razzball_id, name, team, position, fantrax_id, nfbc_id, created_at) VALUES (?, ?, ?, ?, ?, ?, ?)
2025-12-04 17:56:54,093 INFO sqlalchemy.engine.Engine [cached since 0.3061s ago] (15112, 'Ryan McMahon', 'NYY', '3B', None, None, '2025-12-04 12:56:54.093372')
2025-12-04 17:56:54,094 INFO sqlalchemy.engine.Engine INSERT INTO projections_daily (player_id, date, pa, ab, h, r, hr, rbi, sb, bb, so, avg, obp, slg, ip, k, w, l, sv, era, whip, fetched_at) VALUES (?, ?, ?, ?, ?, ?, ?, ?, ?, ?, ?, ?, ?, ?, ?, ?, ?, ?, ?, ?, ?, ?)
2025-12-04 17:56:54,094 INFO sqlalchemy.engine.Engine [cached since 0.2942s ago] (99, '2024-10-04', 3.8, 3.4, 0.67, 0.34, 0.14, 0.36, 0.01, 0.37, 1.08, 0.199, 0.285, 0.356, None, None, None, None, None, None, None, '2025-12-04 12:56:54.094399')
2025-12-04 17:56:54,095 INFO sqlalchemy.engine.Engine SELECT projections_daily.id AS projections_daily_id, projections_daily.player_id AS projections_daily_player_id, projections_daily.date AS projections_daily_date, projections_daily.pa AS projections_daily_pa, projections_daily.ab AS projections_daily_ab, projections_daily.h AS projections_daily_h, projections_daily.r AS projections_daily_r, projections_daily.hr AS projections_daily_hr, projections_daily.rbi AS projections_daily_rbi, projections_daily.sb AS projections_daily_sb, projections_daily.bb AS projections_daily_bb, projections_daily.so AS projections_daily_so, projections_daily.avg AS projections_daily_avg, projections_daily.obp AS projections_daily_obp, projections_daily.slg AS projections_daily_slg, projections_daily.ip AS projections_daily_ip, projections_daily.k AS projections_daily_k, projections_daily.w AS projections_daily_w, projections_daily.l AS projections_daily_l, projections_daily.sv AS projections_daily_sv, projections_daily.era AS projections_daily_era, projections_daily.whip AS projections_daily_whip, projections_daily.fetched_at AS projections_daily_fetched_at 
FROM projections_daily 
WHERE projections_daily.player_id = ? AND projections_daily.date = ?
 LIMIT ? OFFSET ?
2025-12-04 17:56:54,096 INFO sqlalchemy.engine.Engine [cached since 0.3027s ago] (100, '2024-10-04', 1, 0)
2025-12-04 17:56:54,097 INFO sqlalchemy.engine.Engine SELECT players.id AS players_id, players.razzball_id AS players_razzball_id, players.name AS players_name, players.team AS players_team, players.position AS players_position, players.fantrax_id AS players_fantrax_id, players.nfbc_id AS players_nfbc_id, players.created_at AS players_created_at 
FROM players 
WHERE players.razzball_id = ?
 LIMIT ? OFFSET ?
2025-12-04 17:56:54,097 INFO sqlalchemy.engine.Engine [cached since 0.3129s ago] (11739, 1, 0)
2025-12-04 17:56:54,098 INFO sqlalchemy.engine.Engine INSERT INTO players (razzball_id, name, team, position, fantrax_id, nfbc_id, created_at) VALUES (?, ?, ?, ?, ?, ?, ?)
2025-12-04 17:56:54,098 INFO sqlalchemy.engine.Engine [cached since 0.3114s ago] (11739, 'J.T. Realmuto', 'PHI', 'C', None, None, '2025-12-04 12:56:54.098358')
2025-12-04 17:56:54,099 INFO sqlalchemy.engine.Engine INSERT INTO projections_daily (player_id, date, pa, ab, h, r, hr, rbi, sb, bb, so, avg, obp, slg, ip, k, w, l, sv, era, whip, fetched_at) VALUES (?, ?, ?, ?, ?, ?, ?, ?, ?, ?, ?, ?, ?, ?, ?, ?, ?, ?, ?, ?, ?, ?)
2025-12-04 17:56:54,099 INFO sqlalchemy.engine.Engine [cached since 0.2993s ago] (100, '2024-10-04', 3.7, 3.3, 0.65, 0.38, 0.1, 0.34, 0.04, 0.33, 1.34, 0.199, 0.274, 0.345, None, None, None, None, None, None, None, '2025-12-04 12:56:54.099355')
2025-12-04 17:56:54,100 INFO sqlalchemy.engine.Engine SELECT projections_daily.id AS projections_daily_id, projections_daily.player_id AS projections_daily_player_id, projections_daily.date AS projections_daily_date, projections_daily.pa AS projections_daily_pa, projections_daily.ab AS projections_daily_ab, projections_daily.h AS projections_daily_h, projections_daily.r AS projections_daily_r, projections_daily.hr AS projections_daily_hr, projections_daily.rbi AS projections_daily_rbi, projections_daily.sb AS projections_daily_sb, projections_daily.bb AS projections_daily_bb, projections_daily.so AS projections_daily_so, projections_daily.avg AS projections_daily_avg, projections_daily.obp AS projections_daily_obp, projections_daily.slg AS projections_daily_slg, projections_daily.ip AS projections_daily_ip, projections_daily.k AS projections_daily_k, projections_daily.w AS projections_daily_w, projections_daily.l AS projections_daily_l, projections_daily.sv AS projections_daily_sv, projections_daily.era AS projections_daily_era, projections_daily.whip AS projections_daily_whip, projections_daily.fetched_at AS projections_daily_fetched_at 
FROM projections_daily 
WHERE projections_daily.player_id = ? AND projections_daily.date = ?
 LIMIT ? OFFSET ?
2025-12-04 17:56:54,100 INFO sqlalchemy.engine.Engine [cached since 0.3066s ago] (101, '2024-10-04', 1, 0)
2025-12-04 17:56:54,100 INFO sqlalchemy.engine.Engine SELECT players.id AS players_id, players.razzball_id AS players_razzball_id, players.name AS players_name, players.team AS players_team, players.position AS players_position, players.fantrax_id AS players_fantrax_id, players.nfbc_id AS players_nfbc_id, players.created_at AS players_created_at 
FROM players 
WHERE players.razzball_id = ?
 LIMIT ? OFFSET ?
2025-12-04 17:56:54,100 INFO sqlalchemy.engine.Engine [cached since 0.3159s ago] (656716, 1, 0)
2025-12-04 17:56:54,101 INFO sqlalchemy.engine.Engine INSERT INTO players (razzball_id, name, team, position, fantrax_id, nfbc_id, created_at) VALUES (?, ?, ?, ?, ?, ?, ?)
2025-12-04 17:56:54,101 INFO sqlalchemy.engine.Engine [cached since 0.3141s ago] (656716, 'Zach McKinstry', 'DET', 'SS/3B/ OF', None, None, '2025-12-04 12:56:54.101349')
2025-12-04 17:56:54,102 INFO sqlalchemy.engine.Engine INSERT INTO projections_daily (player_id, date, pa, ab, h, r, hr, rbi, sb, bb, so, avg, obp, slg, ip, k, w, l, sv, era, whip, fetched_at) VALUES (?, ?, ?, ?, ?, ?, ?, ?, ?, ?, ?, ?, ?, ?, ?, ?, ?, ?, ?, ?, ?, ?)
2025-12-04 17:56:54,102 INFO sqlalchemy.engine.Engine [cached since 0.3021s ago] (101, '2024-10-04', 3.6, 3.3, 0.7, 0.33, 0.1, 0.34, 0.04, 0.22, 1.14, 0.209, 0.267, 0.346, None, None, None, None, None, None, None, '2025-12-04 12:56:54.102347')
2025-12-04 17:56:54,102 INFO sqlalchemy.engine.Engine SELECT projections_daily.id AS projections_daily_id, projections_daily.player_id AS projections_daily_player_id, projections_daily.date AS projections_daily_date, projections_daily.pa AS projections_daily_pa, projections_daily.ab AS projections_daily_ab, projections_daily.h AS projections_daily_h, projections_daily.r AS projections_daily_r, projections_daily.hr AS projections_daily_hr, projections_daily.rbi AS projections_daily_rbi, projections_daily.sb AS projections_daily_sb, projections_daily.bb AS projections_daily_bb, projections_daily.so AS projections_daily_so, projections_daily.avg AS projections_daily_avg, projections_daily.obp AS projections_daily_obp, projections_daily.slg AS projections_daily_slg, projections_daily.ip AS projections_daily_ip, projections_daily.k AS projections_daily_k, projections_daily.w AS projections_daily_w, projections_daily.l AS projections_daily_l, projections_daily.sv AS projections_daily_sv, projections_daily.era AS projections_daily_era, projections_daily.whip AS projections_daily_whip, projections_daily.fetched_at AS projections_daily_fetched_at 
FROM projections_daily 
WHERE projections_daily.player_id = ? AND projections_daily.date = ?
 LIMIT ? OFFSET ?
2025-12-04 17:56:54,102 INFO sqlalchemy.engine.Engine [cached since 0.3092s ago] (102, '2024-10-04', 1, 0)
2025-12-04 17:56:54,103 INFO sqlalchemy.engine.Engine SELECT players.id AS players_id, players.razzball_id AS players_razzball_id, players.name AS players_name, players.team AS players_team, players.position AS players_position, players.fantrax_id AS players_fantrax_id, players.nfbc_id AS players_nfbc_id, players.created_at AS players_created_at 
FROM players 
WHERE players.razzball_id = ?
 LIMIT ? OFFSET ?
2025-12-04 17:56:54,103 INFO sqlalchemy.engine.Engine [cached since 0.3185s ago] (11737, 1, 0)
2025-12-04 17:56:54,104 INFO sqlalchemy.engine.Engine INSERT INTO players (razzball_id, name, team, position, fantrax_id, nfbc_id, created_at) VALUES (?, ?, ?, ?, ?, ?, ?)
2025-12-04 17:56:54,104 INFO sqlalchemy.engine.Engine [cached since 0.3172s ago] (11737, 'Nick Castellanos', 'PHI', 'OF', None, None, '2025-12-04 12:56:54.104341')
2025-12-04 17:56:54,105 INFO sqlalchemy.engine.Engine INSERT INTO projections_daily (player_id, date, pa, ab, h, r, hr, rbi, sb, bb, so, avg, obp, slg, ip, k, w, l, sv, era, whip, fetched_at) VALUES (?, ?, ?, ?, ?, ?, ?, ?, ?, ?, ?, ?, ?, ?, ?, ?, ?, ?, ?, ?, ?, ?)
2025-12-04 17:56:54,105 INFO sqlalchemy.engine.Engine [cached since 0.3052s ago] (102, '2024-10-04', 3.0, 2.8, 0.61, 0.26, 0.07, 0.24, 0.14, 0.15, 0.82, 0.217, 0.262, 0.339, None, None, None, None, None, None, None, '2025-12-04 12:56:54.105340')
2025-12-04 17:56:54,106 INFO sqlalchemy.engine.Engine SELECT projections_daily.id AS projections_daily_id, projections_daily.player_id AS projections_daily_player_id, projections_daily.date AS projections_daily_date, projections_daily.pa AS projections_daily_pa, projections_daily.ab AS projections_daily_ab, projections_daily.h AS projections_daily_h, projections_daily.r AS projections_daily_r, projections_daily.hr AS projections_daily_hr, projections_daily.rbi AS projections_daily_rbi, projections_daily.sb AS projections_daily_sb, projections_daily.bb AS projections_daily_bb, projections_daily.so AS projections_daily_so, projections_daily.avg AS projections_daily_avg, projections_daily.obp AS projections_daily_obp, projections_daily.slg AS projections_daily_slg, projections_daily.ip AS projections_daily_ip, projections_daily.k AS projections_daily_k, projections_daily.w AS projections_daily_w, projections_daily.l AS projections_daily_l, projections_daily.sv AS projections_daily_sv, projections_daily.era AS projections_daily_era, projections_daily.whip AS projections_daily_whip, projections_daily.fetched_at AS projections_daily_fetched_at 
FROM projections_daily 
WHERE projections_daily.player_id = ? AND projections_daily.date = ?
 LIMIT ? OFFSET ?
2025-12-04 17:56:54,106 INFO sqlalchemy.engine.Engine [cached since 0.3127s ago] (103, '2024-10-04', 1, 0)
2025-12-04 17:56:54,107 INFO sqlalchemy.engine.Engine SELECT players.id AS players_id, players.razzball_id AS players_razzball_id, players.name AS players_name, players.team AS players_team, players.position AS players_position, players.fantrax_id AS players_fantrax_id, players.nfbc_id AS players_nfbc_id, players.created_at AS players_created_at 
FROM players 
WHERE players.razzball_id = ?
 LIMIT ? OFFSET ?
2025-12-04 17:56:54,107 INFO sqlalchemy.engine.Engine [cached since 0.322s ago] (664702, 1, 0)
2025-12-04 17:56:54,107 INFO sqlalchemy.engine.Engine INSERT INTO players (razzball_id, name, team, position, fantrax_id, nfbc_id, created_at) VALUES (?, ?, ?, ?, ?, ?, ?)
2025-12-04 17:56:54,107 INFO sqlalchemy.engine.Engine [cached since 0.3202s ago] (664702, 'Myles Straw', 'TOR', 'OF', None, None, '2025-12-04 12:56:54.107334')
2025-12-04 17:56:54,108 INFO sqlalchemy.engine.Engine INSERT INTO projections_daily (player_id, date, pa, ab, h, r, hr, rbi, sb, bb, so, avg, obp, slg, ip, k, w, l, sv, era, whip, fetched_at) VALUES (?, ?, ?, ?, ?, ?, ?, ?, ?, ?, ?, ?, ?, ?, ?, ?, ?, ?, ?, ?, ?, ?)
2025-12-04 17:56:54,108 INFO sqlalchemy.engine.Engine [cached since 0.3081s ago] (103, '2024-10-04', 3.6, 3.3, 0.7, 0.33, 0.11, 0.35, 0.02, 0.19, 1.09, 0.212, 0.258, 0.359, None, None, None, None, None, None, None, '2025-12-04 12:56:54.108331')
2025-12-04 17:56:54,108 INFO sqlalchemy.engine.Engine SELECT projections_daily.id AS projections_daily_id, projections_daily.player_id AS projections_daily_player_id, projections_daily.date AS projections_daily_date, projections_daily.pa AS projections_daily_pa, projections_daily.ab AS projections_daily_ab, projections_daily.h AS projections_daily_h, projections_daily.r AS projections_daily_r, projections_daily.hr AS projections_daily_hr, projections_daily.rbi AS projections_daily_rbi, projections_daily.sb AS projections_daily_sb, projections_daily.bb AS projections_daily_bb, projections_daily.so AS projections_daily_so, projections_daily.avg AS projections_daily_avg, projections_daily.obp AS projections_daily_obp, projections_daily.slg AS projections_daily_slg, projections_daily.ip AS projections_daily_ip, projections_daily.k AS projections_daily_k, projections_daily.w AS projections_daily_w, projections_daily.l AS projections_daily_l, projections_daily.sv AS projections_daily_sv, projections_daily.era AS projections_daily_era, projections_daily.whip AS projections_daily_whip, projections_daily.fetched_at AS projections_daily_fetched_at 
FROM projections_daily 
WHERE projections_daily.player_id = ? AND projections_daily.date = ?
 LIMIT ? OFFSET ?
2025-12-04 17:56:54,108 INFO sqlalchemy.engine.Engine [cached since 0.3152s ago] (104, '2024-10-04', 1, 0)
2025-12-04 17:56:54,109 INFO sqlalchemy.engine.Engine SELECT players.id AS players_id, players.razzball_id AS players_razzball_id, players.name AS players_name, players.team AS players_team, players.position AS players_position, players.fantrax_id AS players_fantrax_id, players.nfbc_id AS players_nfbc_id, players.created_at AS players_created_at 
FROM players 
WHERE players.razzball_id = ?
 LIMIT ? OFFSET ?
2025-12-04 17:56:54,109 INFO sqlalchemy.engine.Engine [cached since 0.3245s ago] (10472, 1, 0)
2025-12-04 17:56:54,110 INFO sqlalchemy.engine.Engine INSERT INTO players (razzball_id, name, team, position, fantrax_id, nfbc_id, created_at) VALUES (?, ?, ?, ?, ?, ?, ?)
2025-12-04 17:56:54,110 INFO sqlalchemy.engine.Engine [cached since 0.3226s ago] (10472, 'Enrique Hernandez', 'LAD', '1B/2B/ 3B/OF', None, None, '2025-12-04 12:56:54.110325')
2025-12-04 17:56:54,110 INFO sqlalchemy.engine.Engine INSERT INTO projections_daily (player_id, date, pa, ab, h, r, hr, rbi, sb, bb, so, avg, obp, slg, ip, k, w, l, sv, era, whip, fetched_at) VALUES (?, ?, ?, ?, ?, ?, ?, ?, ?, ?, ?, ?, ?, ?, ?, ?, ?, ?, ?, ?, ?, ?)
2025-12-04 17:56:54,110 INFO sqlalchemy.engine.Engine [cached since 0.3105s ago] (104, '2024-10-04', 3.0, 2.7, 0.63, 0.32, 0.02, 0.25, 0.12, 0.25, 0.62, 0.231, 0.299, 0.302, None, None, None, None, None, None, None, '2025-12-04 12:56:54.110325')
2025-12-04 17:56:54,111 INFO sqlalchemy.engine.Engine SELECT projections_daily.id AS projections_daily_id, projections_daily.player_id AS projections_daily_player_id, projections_daily.date AS projections_daily_date, projections_daily.pa AS projections_daily_pa, projections_daily.ab AS projections_daily_ab, projections_daily.h AS projections_daily_h, projections_daily.r AS projections_daily_r, projections_daily.hr AS projections_daily_hr, projections_daily.rbi AS projections_daily_rbi, projections_daily.sb AS projections_daily_sb, projections_daily.bb AS projections_daily_bb, projections_daily.so AS projections_daily_so, projections_daily.avg AS projections_daily_avg, projections_daily.obp AS projections_daily_obp, projections_daily.slg AS projections_daily_slg, projections_daily.ip AS projections_daily_ip, projections_daily.k AS projections_daily_k, projections_daily.w AS projections_daily_w, projections_daily.l AS projections_daily_l, projections_daily.sv AS projections_daily_sv, projections_daily.era AS projections_daily_era, projections_daily.whip AS projections_daily_whip, projections_daily.fetched_at AS projections_daily_fetched_at 
FROM projections_daily 
WHERE projections_daily.player_id = ? AND projections_daily.date = ?
 LIMIT ? OFFSET ?
2025-12-04 17:56:54,111 INFO sqlalchemy.engine.Engine [cached since 0.3176s ago] (105, '2024-10-04', 1, 0)
2025-12-04 17:56:54,112 INFO sqlalchemy.engine.Engine SELECT players.id AS players_id, players.razzball_id AS players_razzball_id, players.name AS players_name, players.team AS players_team, players.position AS players_position, players.fantrax_id AS players_fantrax_id, players.nfbc_id AS players_nfbc_id, players.created_at AS players_created_at 
FROM players 
WHERE players.razzball_id = ?
 LIMIT ? OFFSET ?
2025-12-04 17:56:54,113 INFO sqlalchemy.engine.Engine [cached since 0.328s ago] (15674, 1, 0)
2025-12-04 17:56:54,114 INFO sqlalchemy.engine.Engine INSERT INTO players (razzball_id, name, team, position, fantrax_id, nfbc_id, created_at) VALUES (?, ?, ?, ?, ?, ?, ?)
2025-12-04 17:56:54,115 INFO sqlalchemy.engine.Engine [cached since 0.3275s ago] (15674, 'Reese McGuire', 'CHC', 'C', None, None, '2025-12-04 12:56:54.114314')
2025-12-04 17:56:54,115 INFO sqlalchemy.engine.Engine INSERT INTO projections_daily (player_id, date, pa, ab, h, r, hr, rbi, sb, bb, so, avg, obp, slg, ip, k, w, l, sv, era, whip, fetched_at) VALUES (?, ?, ?, ?, ?, ?, ?, ?, ?, ?, ?, ?, ?, ?, ?, ?, ?, ?, ?, ?, ?, ?)
2025-12-04 17:56:54,115 INFO sqlalchemy.engine.Engine [cached since 0.3157s ago] (105, '2024-10-04', 3.8, 3.5, 0.79, 0.34, 0.09, 0.32, 0.01, 0.22, 0.87, 0.226, 0.274, 0.353, None, None, None, None, None, None, None, '2025-12-04 12:56:54.115320')
2025-12-04 17:56:54,116 INFO sqlalchemy.engine.Engine SELECT projections_daily.id AS projections_daily_id, projections_daily.player_id AS projections_daily_player_id, projections_daily.date AS projections_daily_date, projections_daily.pa AS projections_daily_pa, projections_daily.ab AS projections_daily_ab, projections_daily.h AS projections_daily_h, projections_daily.r AS projections_daily_r, projections_daily.hr AS projections_daily_hr, projections_daily.rbi AS projections_daily_rbi, projections_daily.sb AS projections_daily_sb, projections_daily.bb AS projections_daily_bb, projections_daily.so AS projections_daily_so, projections_daily.avg AS projections_daily_avg, projections_daily.obp AS projections_daily_obp, projections_daily.slg AS projections_daily_slg, projections_daily.ip AS projections_daily_ip, projections_daily.k AS projections_daily_k, projections_daily.w AS projections_daily_w, projections_daily.l AS projections_daily_l, projections_daily.sv AS projections_daily_sv, projections_daily.era AS projections_daily_era, projections_daily.whip AS projections_daily_whip, projections_daily.fetched_at AS projections_daily_fetched_at 
FROM projections_daily 
WHERE projections_daily.player_id = ? AND projections_daily.date = ?
 LIMIT ? OFFSET ?
2025-12-04 17:56:54,117 INFO sqlalchemy.engine.Engine [cached since 0.3235s ago] (106, '2024-10-04', 1, 0)
2025-12-04 17:56:54,117 INFO sqlalchemy.engine.Engine SELECT players.id AS players_id, players.razzball_id AS players_razzball_id, players.name AS players_name, players.team AS players_team, players.position AS players_position, players.fantrax_id AS players_fantrax_id, players.nfbc_id AS players_nfbc_id, players.created_at AS players_created_at 
FROM players 
WHERE players.razzball_id = ?
 LIMIT ? OFFSET ?
2025-12-04 17:56:54,117 INFO sqlalchemy.engine.Engine [cached since 0.3327s ago] (679032, 1, 0)
2025-12-04 17:56:54,118 INFO sqlalchemy.engine.Engine INSERT INTO players (razzball_id, name, team, position, fantrax_id, nfbc_id, created_at) VALUES (?, ?, ?, ?, ?, ?, ?)
2025-12-04 17:56:54,118 INFO sqlalchemy.engine.Engine [cached since 0.3308s ago] (679032, 'Johan Rojas', 'PHI', 'OF', None, None, '2025-12-04 12:56:54.118334')
2025-12-04 17:56:54,118 INFO sqlalchemy.engine.Engine INSERT INTO projections_daily (player_id, date, pa, ab, h, r, hr, rbi, sb, bb, so, avg, obp, slg, ip, k, w, l, sv, era, whip, fetched_at) VALUES (?, ?, ?, ?, ?, ?, ?, ?, ?, ?, ?, ?, ?, ?, ?, ?, ?, ?, ?, ?, ?, ?)
2025-12-04 17:56:54,118 INFO sqlalchemy.engine.Engine [cached since 0.3188s ago] (106, '2024-10-04', 3.8, 3.5, 0.72, 0.35, 0.11, 0.34, 0.03, 0.22, 1.13, 0.204, 0.256, 0.336, None, None, None, None, None, None, None, '2025-12-04 12:56:54.118334')
2025-12-04 17:56:54,119 INFO sqlalchemy.engine.Engine SELECT projections_daily.id AS projections_daily_id, projections_daily.player_id AS projections_daily_player_id, projections_daily.date AS projections_daily_date, projections_daily.pa AS projections_daily_pa, projections_daily.ab AS projections_daily_ab, projections_daily.h AS projections_daily_h, projections_daily.r AS projections_daily_r, projections_daily.hr AS projections_daily_hr, projections_daily.rbi AS projections_daily_rbi, projections_daily.sb AS projections_daily_sb, projections_daily.bb AS projections_daily_bb, projections_daily.so AS projections_daily_so, projections_daily.avg AS projections_daily_avg, projections_daily.obp AS projections_daily_obp, projections_daily.slg AS projections_daily_slg, projections_daily.ip AS projections_daily_ip, projections_daily.k AS projections_daily_k, projections_daily.w AS projections_daily_w, projections_daily.l AS projections_daily_l, projections_daily.sv AS projections_daily_sv, projections_daily.era AS projections_daily_era, projections_daily.whip AS projections_daily_whip, projections_daily.fetched_at AS projections_daily_fetched_at 
FROM projections_daily 
WHERE projections_daily.player_id = ? AND projections_daily.date = ?
 LIMIT ? OFFSET ?
2025-12-04 17:56:54,119 INFO sqlalchemy.engine.Engine [cached since 0.3258s ago] (107, '2024-10-04', 1, 0)
2025-12-04 17:56:54,119 INFO sqlalchemy.engine.Engine SELECT players.id AS players_id, players.razzball_id AS players_razzball_id, players.name AS players_name, players.team AS players_team, players.position AS players_position, players.fantrax_id AS players_fantrax_id, players.nfbc_id AS players_nfbc_id, players.created_at AS players_created_at 
FROM players 
WHERE players.razzball_id = ?
 LIMIT ? OFFSET ?
2025-12-04 17:56:54,120 INFO sqlalchemy.engine.Engine [cached since 0.335s ago] (12144, 1, 0)
2025-12-04 17:56:54,120 INFO sqlalchemy.engine.Engine INSERT INTO players (razzball_id, name, team, position, fantrax_id, nfbc_id, created_at) VALUES (?, ?, ?, ?, ?, ?, ?)
2025-12-04 17:56:54,120 INFO sqlalchemy.engine.Engine [cached since 0.3331s ago] (12144, 'Max Kepler', 'PHI', 'OF', None, None, '2025-12-04 12:56:54.120330')
2025-12-04 17:56:54,120 INFO sqlalchemy.engine.Engine INSERT INTO projections_daily (player_id, date, pa, ab, h, r, hr, rbi, sb, bb, so, avg, obp, slg, ip, k, w, l, sv, era, whip, fetched_at) VALUES (?, ?, ?, ?, ?, ?, ?, ?, ?, ?, ?, ?, ?, ?, ?, ?, ?, ?, ?, ?, ?, ?)
2025-12-04 17:56:54,121 INFO sqlalchemy.engine.Engine [cached since 0.321s ago] (107, '2024-10-04', 3.4, 3.1, 0.65, 0.29, 0.04, 0.26, 0.15, 0.17, 0.96, 0.208, 0.253, 0.3, None, None, None, None, None, None, None, '2025-12-04 12:56:54.120330')
2025-12-04 17:56:54,121 INFO sqlalchemy.engine.Engine SELECT projections_daily.id AS projections_daily_id, projections_daily.player_id AS projections_daily_player_id, projections_daily.date AS projections_daily_date, projections_daily.pa AS projections_daily_pa, projections_daily.ab AS projections_daily_ab, projections_daily.h AS projections_daily_h, projections_daily.r AS projections_daily_r, projections_daily.hr AS projections_daily_hr, projections_daily.rbi AS projections_daily_rbi, projections_daily.sb AS projections_daily_sb, projections_daily.bb AS projections_daily_bb, projections_daily.so AS projections_daily_so, projections_daily.avg AS projections_daily_avg, projections_daily.obp AS projections_daily_obp, projections_daily.slg AS projections_daily_slg, projections_daily.ip AS projections_daily_ip, projections_daily.k AS projections_daily_k, projections_daily.w AS projections_daily_w, projections_daily.l AS projections_daily_l, projections_daily.sv AS projections_daily_sv, projections_daily.era AS projections_daily_era, projections_daily.whip AS projections_daily_whip, projections_daily.fetched_at AS projections_daily_fetched_at 
FROM projections_daily 
WHERE projections_daily.player_id = ? AND projections_daily.date = ?
 LIMIT ? OFFSET ?
2025-12-04 17:56:54,121 INFO sqlalchemy.engine.Engine [cached since 0.328s ago] (108, '2024-10-04', 1, 0)
2025-12-04 17:56:54,122 INFO sqlalchemy.engine.Engine SELECT players.id AS players_id, players.razzball_id AS players_razzball_id, players.name AS players_name, players.team AS players_team, players.position AS players_position, players.fantrax_id AS players_fantrax_id, players.nfbc_id AS players_nfbc_id, players.created_at AS players_created_at 
FROM players 
WHERE players.razzball_id = ?
 LIMIT ? OFFSET ?
2025-12-04 17:56:54,122 INFO sqlalchemy.engine.Engine [cached since 0.3377s ago] (693307, 1, 0)
2025-12-04 17:56:54,123 INFO sqlalchemy.engine.Engine INSERT INTO players (razzball_id, name, team, position, fantrax_id, nfbc_id, created_at) VALUES (?, ?, ?, ?, ?, ?, ?)
2025-12-04 17:56:54,123 INFO sqlalchemy.engine.Engine [cached since 0.3359s ago] (693307, 'Dillon Dingler', 'DET', 'C', None, None, '2025-12-04 12:56:54.123321')
2025-12-04 17:56:54,123 INFO sqlalchemy.engine.Engine INSERT INTO projections_daily (player_id, date, pa, ab, h, r, hr, rbi, sb, bb, so, avg, obp, slg, ip, k, w, l, sv, era, whip, fetched_at) VALUES (?, ?, ?, ?, ?, ?, ?, ?, ?, ?, ?, ?, ?, ?, ?, ?, ?, ?, ?, ?, ?, ?)
2025-12-04 17:56:54,123 INFO sqlalchemy.engine.Engine [cached since 0.3238s ago] (108, '2024-10-04', 3.2, 2.9, 0.6, 0.31, 0.11, 0.32, 0.01, 0.26, 0.86, 0.209, 0.281, 0.37, None, None, None, None, None, None, None, '2025-12-04 12:56:54.123321')
2025-12-04 17:56:54,124 INFO sqlalchemy.engine.Engine SELECT projections_daily.id AS projections_daily_id, projections_daily.player_id AS projections_daily_player_id, projections_daily.date AS projections_daily_date, projections_daily.pa AS projections_daily_pa, projections_daily.ab AS projections_daily_ab, projections_daily.h AS projections_daily_h, projections_daily.r AS projections_daily_r, projections_daily.hr AS projections_daily_hr, projections_daily.rbi AS projections_daily_rbi, projections_daily.sb AS projections_daily_sb, projections_daily.bb AS projections_daily_bb, projections_daily.so AS projections_daily_so, projections_daily.avg AS projections_daily_avg, projections_daily.obp AS projections_daily_obp, projections_daily.slg AS projections_daily_slg, projections_daily.ip AS projections_daily_ip, projections_daily.k AS projections_daily_k, projections_daily.w AS projections_daily_w, projections_daily.l AS projections_daily_l, projections_daily.sv AS projections_daily_sv, projections_daily.era AS projections_daily_era, projections_daily.whip AS projections_daily_whip, projections_daily.fetched_at AS projections_daily_fetched_at 
FROM projections_daily 
WHERE projections_daily.player_id = ? AND projections_daily.date = ?
 LIMIT ? OFFSET ?
2025-12-04 17:56:54,124 INFO sqlalchemy.engine.Engine [cached since 0.3311s ago] (109, '2024-10-04', 1, 0)
2025-12-04 17:56:54,125 INFO sqlalchemy.engine.Engine SELECT players.id AS players_id, players.razzball_id AS players_razzball_id, players.name AS players_name, players.team AS players_team, players.position AS players_position, players.fantrax_id AS players_fantrax_id, players.nfbc_id AS players_nfbc_id, players.created_at AS players_created_at 
FROM players 
WHERE players.razzball_id = ?
 LIMIT ? OFFSET ?
2025-12-04 17:56:54,125 INFO sqlalchemy.engine.Engine [cached since 0.3403s ago] (624641, 1, 0)
2025-12-04 17:56:54,125 INFO sqlalchemy.engine.Engine INSERT INTO players (razzball_id, name, team, position, fantrax_id, nfbc_id, created_at) VALUES (?, ?, ?, ?, ?, ?, ?)
2025-12-04 17:56:54,125 INFO sqlalchemy.engine.Engine [cached since 0.3384s ago] (624641, 'Edmundo Sosa', 'PHI', '2B/SS/ 3B', None, None, '2025-12-04 12:56:54.125317')
2025-12-04 17:56:54,126 INFO sqlalchemy.engine.Engine INSERT INTO projections_daily (player_id, date, pa, ab, h, r, hr, rbi, sb, bb, so, avg, obp, slg, ip, k, w, l, sv, era, whip, fetched_at) VALUES (?, ?, ?, ?, ?, ?, ?, ?, ?, ?, ?, ?, ?, ?, ?, ?, ?, ?, ?, ?, ?, ?)
2025-12-04 17:56:54,126 INFO sqlalchemy.engine.Engine [cached since 0.3263s ago] (109, '2024-10-04', 3.8, 3.5, 0.78, 0.32, 0.11, 0.32, 0.01, 0.13, 1.19, 0.219, 0.258, 0.355, None, None, None, None, None, None, None, '2025-12-04 12:56:54.126316')
2025-12-04 17:56:54,126 INFO sqlalchemy.engine.Engine SELECT projections_daily.id AS projections_daily_id, projections_daily.player_id AS projections_daily_player_id, projections_daily.date AS projections_daily_date, projections_daily.pa AS projections_daily_pa, projections_daily.ab AS projections_daily_ab, projections_daily.h AS projections_daily_h, projections_daily.r AS projections_daily_r, projections_daily.hr AS projections_daily_hr, projections_daily.rbi AS projections_daily_rbi, projections_daily.sb AS projections_daily_sb, projections_daily.bb AS projections_daily_bb, projections_daily.so AS projections_daily_so, projections_daily.avg AS projections_daily_avg, projections_daily.obp AS projections_daily_obp, projections_daily.slg AS projections_daily_slg, projections_daily.ip AS projections_daily_ip, projections_daily.k AS projections_daily_k, projections_daily.w AS projections_daily_w, projections_daily.l AS projections_daily_l, projections_daily.sv AS projections_daily_sv, projections_daily.era AS projections_daily_era, projections_daily.whip AS projections_daily_whip, projections_daily.fetched_at AS projections_daily_fetched_at 
FROM projections_daily 
WHERE projections_daily.player_id = ? AND projections_daily.date = ?
 LIMIT ? OFFSET ?
2025-12-04 17:56:54,127 INFO sqlalchemy.engine.Engine [cached since 0.3334s ago] (110, '2024-10-04', 1, 0)
2025-12-04 17:56:54,127 INFO sqlalchemy.engine.Engine SELECT players.id AS players_id, players.razzball_id AS players_razzball_id, players.name AS players_name, players.team AS players_team, players.position AS players_position, players.fantrax_id AS players_fantrax_id, players.nfbc_id AS players_nfbc_id, players.created_at AS players_created_at 
FROM players 
WHERE players.razzball_id = ?
 LIMIT ? OFFSET ?
2025-12-04 17:56:54,127 INFO sqlalchemy.engine.Engine [cached since 0.3425s ago] (669743, 1, 0)
2025-12-04 17:56:54,128 INFO sqlalchemy.engine.Engine INSERT INTO players (razzball_id, name, team, position, fantrax_id, nfbc_id, created_at) VALUES (?, ?, ?, ?, ?, ?, ?)
2025-12-04 17:56:54,128 INFO sqlalchemy.engine.Engine [cached since 0.3408s ago] (669743, 'Alex Call', 'LAD', 'OF', None, None, '2025-12-04 12:56:54.128309')
2025-12-04 17:56:54,128 INFO sqlalchemy.engine.Engine INSERT INTO projections_daily (player_id, date, pa, ab, h, r, hr, rbi, sb, bb, so, avg, obp, slg, ip, k, w, l, sv, era, whip, fetched_at) VALUES (?, ?, ?, ?, ?, ?, ?, ?, ?, ?, ?, ?, ?, ?, ?, ?, ?, ?, ?, ?, ?, ?)
2025-12-04 17:56:54,128 INFO sqlalchemy.engine.Engine [cached since 0.3288s ago] (110, '2024-10-04', 3.3, 3.1, 0.65, 0.33, 0.09, 0.32, 0.03, 0.12, 1.01, 0.21, 0.252, 0.347, None, None, None, None, None, None, None, '2025-12-04 12:56:54.128309')
2025-12-04 17:56:54,130 INFO sqlalchemy.engine.Engine SELECT projections_daily.id AS projections_daily_id, projections_daily.player_id AS projections_daily_player_id, projections_daily.date AS projections_daily_date, projections_daily.pa AS projections_daily_pa, projections_daily.ab AS projections_daily_ab, projections_daily.h AS projections_daily_h, projections_daily.r AS projections_daily_r, projections_daily.hr AS projections_daily_hr, projections_daily.rbi AS projections_daily_rbi, projections_daily.sb AS projections_daily_sb, projections_daily.bb AS projections_daily_bb, projections_daily.so AS projections_daily_so, projections_daily.avg AS projections_daily_avg, projections_daily.obp AS projections_daily_obp, projections_daily.slg AS projections_daily_slg, projections_daily.ip AS projections_daily_ip, projections_daily.k AS projections_daily_k, projections_daily.w AS projections_daily_w, projections_daily.l AS projections_daily_l, projections_daily.sv AS projections_daily_sv, projections_daily.era AS projections_daily_era, projections_daily.whip AS projections_daily_whip, projections_daily.fetched_at AS projections_daily_fetched_at 
FROM projections_daily 
WHERE projections_daily.player_id = ? AND projections_daily.date = ?
 LIMIT ? OFFSET ?
2025-12-04 17:56:54,130 INFO sqlalchemy.engine.Engine [cached since 0.3368s ago] (111, '2024-10-04', 1, 0)
2025-12-04 17:56:54,131 INFO sqlalchemy.engine.Engine SELECT players.id AS players_id, players.razzball_id AS players_razzball_id, players.name AS players_name, players.team AS players_team, players.position AS players_position, players.fantrax_id AS players_fantrax_id, players.nfbc_id AS players_nfbc_id, players.created_at AS players_created_at 
FROM players 
WHERE players.razzball_id = ?
 LIMIT ? OFFSET ?
2025-12-04 17:56:54,132 INFO sqlalchemy.engine.Engine [cached since 0.347s ago] (695670, 1, 0)
2025-12-04 17:56:54,132 INFO sqlalchemy.engine.Engine INSERT INTO players (razzball_id, name, team, position, fantrax_id, nfbc_id, created_at) VALUES (?, ?, ?, ?, ?, ?, ?)
2025-12-04 17:56:54,133 INFO sqlalchemy.engine.Engine [cached since 0.3453s ago] (695670, 'Harry Ford', 'SEA', 'C', None, None, '2025-12-04 12:56:54.132266')
2025-12-04 17:56:54,133 INFO sqlalchemy.engine.Engine INSERT INTO projections_daily (player_id, date, pa, ab, h, r, hr, rbi, sb, bb, so, avg, obp, slg, ip, k, w, l, sv, era, whip, fetched_at) VALUES (?, ?, ?, ?, ?, ?, ?, ?, ?, ?, ?, ?, ?, ?, ?, ?, ?, ?, ?, ?, ?, ?)
2025-12-04 17:56:54,133 INFO sqlalchemy.engine.Engine [cached since 0.3333s ago] (111, '2024-10-04', 3.7, 3.3, 0.75, 0.32, 0.07, 0.29, 0.04, 0.34, 0.82, 0.227, 0.304, 0.342, None, None, None, None, None, None, None, '2025-12-04 12:56:54.133262')
2025-12-04 17:56:54,134 INFO sqlalchemy.engine.Engine SELECT projections_daily.id AS projections_daily_id, projections_daily.player_id AS projections_daily_player_id, projections_daily.date AS projections_daily_date, projections_daily.pa AS projections_daily_pa, projections_daily.ab AS projections_daily_ab, projections_daily.h AS projections_daily_h, projections_daily.r AS projections_daily_r, projections_daily.hr AS projections_daily_hr, projections_daily.rbi AS projections_daily_rbi, projections_daily.sb AS projections_daily_sb, projections_daily.bb AS projections_daily_bb, projections_daily.so AS projections_daily_so, projections_daily.avg AS projections_daily_avg, projections_daily.obp AS projections_daily_obp, projections_daily.slg AS projections_daily_slg, projections_daily.ip AS projections_daily_ip, projections_daily.k AS projections_daily_k, projections_daily.w AS projections_daily_w, projections_daily.l AS projections_daily_l, projections_daily.sv AS projections_daily_sv, projections_daily.era AS projections_daily_era, projections_daily.whip AS projections_daily_whip, projections_daily.fetched_at AS projections_daily_fetched_at 
FROM projections_daily 
WHERE projections_daily.player_id = ? AND projections_daily.date = ?
 LIMIT ? OFFSET ?
2025-12-04 17:56:54,134 INFO sqlalchemy.engine.Engine [cached since 0.3405s ago] (112, '2024-10-04', 1, 0)
2025-12-04 17:56:54,134 INFO sqlalchemy.engine.Engine SELECT players.id AS players_id, players.razzball_id AS players_razzball_id, players.name AS players_name, players.team AS players_team, players.position AS players_position, players.fantrax_id AS players_fantrax_id, players.nfbc_id AS players_nfbc_id, players.created_at AS players_created_at 
FROM players 
WHERE players.razzball_id = ?
 LIMIT ? OFFSET ?
2025-12-04 17:56:54,134 INFO sqlalchemy.engine.Engine [cached since 0.3497s ago] (12979, 1, 0)
2025-12-04 17:56:54,135 INFO sqlalchemy.engine.Engine INSERT INTO players (razzball_id, name, team, position, fantrax_id, nfbc_id, created_at) VALUES (?, ?, ?, ?, ?, ?, ?)
2025-12-04 17:56:54,135 INFO sqlalchemy.engine.Engine [cached since 0.3479s ago] (12979, 'Javier Baez', 'DET', 'SS/3B/ OF', None, None, '2025-12-04 12:56:54.135289')
2025-12-04 17:56:54,135 INFO sqlalchemy.engine.Engine INSERT INTO projections_daily (player_id, date, pa, ab, h, r, hr, rbi, sb, bb, so, avg, obp, slg, ip, k, w, l, sv, era, whip, fetched_at) VALUES (?, ?, ?, ?, ?, ?, ?, ?, ?, ?, ?, ?, ?, ?, ?, ?, ?, ?, ?, ?, ?, ?)
2025-12-04 17:56:54,135 INFO sqlalchemy.engine.Engine [cached since 0.3358s ago] (112, '2024-10-04', 3.3, 2.8, 0.58, 0.38, 0.07, 0.3, 0.04, 0.33, 0.86, 0.204, 0.296, 0.318, None, None, None, None, None, None, None, '2025-12-04 12:56:54.135289')
2025-12-04 17:56:54,136 INFO sqlalchemy.engine.Engine SELECT projections_daily.id AS projections_daily_id, projections_daily.player_id AS projections_daily_player_id, projections_daily.date AS projections_daily_date, projections_daily.pa AS projections_daily_pa, projections_daily.ab AS projections_daily_ab, projections_daily.h AS projections_daily_h, projections_daily.r AS projections_daily_r, projections_daily.hr AS projections_daily_hr, projections_daily.rbi AS projections_daily_rbi, projections_daily.sb AS projections_daily_sb, projections_daily.bb AS projections_daily_bb, projections_daily.so AS projections_daily_so, projections_daily.avg AS projections_daily_avg, projections_daily.obp AS projections_daily_obp, projections_daily.slg AS projections_daily_slg, projections_daily.ip AS projections_daily_ip, projections_daily.k AS projections_daily_k, projections_daily.w AS projections_daily_w, projections_daily.l AS projections_daily_l, projections_daily.sv AS projections_daily_sv, projections_daily.era AS projections_daily_era, projections_daily.whip AS projections_daily_whip, projections_daily.fetched_at AS projections_daily_fetched_at 
FROM projections_daily 
WHERE projections_daily.player_id = ? AND projections_daily.date = ?
 LIMIT ? OFFSET ?
2025-12-04 17:56:54,136 INFO sqlalchemy.engine.Engine [cached since 0.3429s ago] (113, '2024-10-04', 1, 0)
2025-12-04 17:56:54,137 INFO sqlalchemy.engine.Engine SELECT players.id AS players_id, players.razzball_id AS players_razzball_id, players.name AS players_name, players.team AS players_team, players.position AS players_position, players.fantrax_id AS players_fantrax_id, players.nfbc_id AS players_nfbc_id, players.created_at AS players_created_at 
FROM players 
WHERE players.razzball_id = ?
 LIMIT ? OFFSET ?
2025-12-04 17:56:54,137 INFO sqlalchemy.engine.Engine [cached since 0.3521s ago] (808975, 1, 0)
2025-12-04 17:56:54,137 INFO sqlalchemy.engine.Engine INSERT INTO players (razzball_id, name, team, position, fantrax_id, nfbc_id, created_at) VALUES (?, ?, ?, ?, ?, ?, ?)
2025-12-04 17:56:54,137 INFO sqlalchemy.engine.Engine [cached since 0.3503s ago] (808975, 'Hyeseong Kim', 'LAD', '2B/OF', None, None, '2025-12-04 12:56:54.137284')
2025-12-04 17:56:54,138 INFO sqlalchemy.engine.Engine INSERT INTO projections_daily (player_id, date, pa, ab, h, r, hr, rbi, sb, bb, so, avg, obp, slg, ip, k, w, l, sv, era, whip, fetched_at) VALUES (?, ?, ?, ?, ?, ?, ?, ?, ?, ?, ?, ?, ?, ?, ?, ?, ?, ?, ?, ?, ?, ?)
2025-12-04 17:56:54,138 INFO sqlalchemy.engine.Engine [cached since 0.3386s ago] (113, '2024-10-04', 3.3, 3.1, 0.66, 0.29, 0.09, 0.27, 0.07, 0.07, 0.99, 0.211, 0.237, 0.336, None, None, None, None, None, None, None, '2025-12-04 12:56:54.138283')
2025-12-04 17:56:54,140 INFO sqlalchemy.engine.Engine SELECT projections_daily.id AS projections_daily_id, projections_daily.player_id AS projections_daily_player_id, projections_daily.date AS projections_daily_date, projections_daily.pa AS projections_daily_pa, projections_daily.ab AS projections_daily_ab, projections_daily.h AS projections_daily_h, projections_daily.r AS projections_daily_r, projections_daily.hr AS projections_daily_hr, projections_daily.rbi AS projections_daily_rbi, projections_daily.sb AS projections_daily_sb, projections_daily.bb AS projections_daily_bb, projections_daily.so AS projections_daily_so, projections_daily.avg AS projections_daily_avg, projections_daily.obp AS projections_daily_obp, projections_daily.slg AS projections_daily_slg, projections_daily.ip AS projections_daily_ip, projections_daily.k AS projections_daily_k, projections_daily.w AS projections_daily_w, projections_daily.l AS projections_daily_l, projections_daily.sv AS projections_daily_sv, projections_daily.era AS projections_daily_era, projections_daily.whip AS projections_daily_whip, projections_daily.fetched_at AS projections_daily_fetched_at 
FROM projections_daily 
WHERE projections_daily.player_id = ? AND projections_daily.date = ?
 LIMIT ? OFFSET ?
2025-12-04 17:56:54,140 INFO sqlalchemy.engine.Engine [cached since 0.3468s ago] (114, '2024-10-04', 1, 0)
2025-12-04 17:56:54,141 INFO sqlalchemy.engine.Engine SELECT players.id AS players_id, players.razzball_id AS players_razzball_id, players.name AS players_name, players.team AS players_team, players.position AS players_position, players.fantrax_id AS players_fantrax_id, players.nfbc_id AS players_nfbc_id, players.created_at AS players_created_at 
FROM players 
WHERE players.razzball_id = ?
 LIMIT ? OFFSET ?
2025-12-04 17:56:54,141 INFO sqlalchemy.engine.Engine [cached since 0.3561s ago] (13897, 1, 0)
2025-12-04 17:56:54,141 INFO sqlalchemy.engine.Engine INSERT INTO players (razzball_id, name, team, position, fantrax_id, nfbc_id, created_at) VALUES (?, ?, ?, ?, ?, ?, ?)
2025-12-04 17:56:54,141 INFO sqlalchemy.engine.Engine [cached since 0.3542s ago] (13897, 'Tyler Heineman', 'TOR', 'C', None, None, '2025-12-04 12:56:54.141274')
2025-12-04 17:56:54,142 INFO sqlalchemy.engine.Engine INSERT INTO projections_daily (player_id, date, pa, ab, h, r, hr, rbi, sb, bb, so, avg, obp, slg, ip, k, w, l, sv, era, whip, fetched_at) VALUES (?, ?, ?, ?, ?, ?, ?, ?, ?, ?, ?, ?, ?, ?, ?, ?, ?, ?, ?, ?, ?, ?)
2025-12-04 17:56:54,142 INFO sqlalchemy.engine.Engine [cached since 0.3421s ago] (114, '2024-10-04', 3.9, 3.7, 0.79, 0.28, 0.04, 0.27, 0.13, 0.13, 1.29, 0.213, 0.247, 0.29, None, None, None, None, None, None, None, '2025-12-04 12:56:54.142272')
2025-12-04 17:56:54,142 INFO sqlalchemy.engine.Engine SELECT projections_daily.id AS projections_daily_id, projections_daily.player_id AS projections_daily_player_id, projections_daily.date AS projections_daily_date, projections_daily.pa AS projections_daily_pa, projections_daily.ab AS projections_daily_ab, projections_daily.h AS projections_daily_h, projections_daily.r AS projections_daily_r, projections_daily.hr AS projections_daily_hr, projections_daily.rbi AS projections_daily_rbi, projections_daily.sb AS projections_daily_sb, projections_daily.bb AS projections_daily_bb, projections_daily.so AS projections_daily_so, projections_daily.avg AS projections_daily_avg, projections_daily.obp AS projections_daily_obp, projections_daily.slg AS projections_daily_slg, projections_daily.ip AS projections_daily_ip, projections_daily.k AS projections_daily_k, projections_daily.w AS projections_daily_w, projections_daily.l AS projections_daily_l, projections_daily.sv AS projections_daily_sv, projections_daily.era AS projections_daily_era, projections_daily.whip AS projections_daily_whip, projections_daily.fetched_at AS projections_daily_fetched_at 
FROM projections_daily 
WHERE projections_daily.player_id = ? AND projections_daily.date = ?
 LIMIT ? OFFSET ?
2025-12-04 17:56:54,142 INFO sqlalchemy.engine.Engine [cached since 0.3492s ago] (115, '2024-10-04', 1, 0)
2025-12-04 17:56:54,143 INFO sqlalchemy.engine.Engine SELECT players.id AS players_id, players.razzball_id AS players_razzball_id, players.name AS players_name, players.team AS players_team, players.position AS players_position, players.fantrax_id AS players_fantrax_id, players.nfbc_id AS players_nfbc_id, players.created_at AS players_created_at 
FROM players 
WHERE players.razzball_id = ?
 LIMIT ? OFFSET ?
2025-12-04 17:56:54,143 INFO sqlalchemy.engine.Engine [cached since 0.3584s ago] (5235, 1, 0)
2025-12-04 17:56:54,144 INFO sqlalchemy.engine.Engine INSERT INTO players (razzball_id, name, team, position, fantrax_id, nfbc_id, created_at) VALUES (?, ?, ?, ?, ?, ?, ?)
2025-12-04 17:56:54,144 INFO sqlalchemy.engine.Engine [cached since 0.3565s ago] (5235, 'Justin Turner', 'CHC', '1B/3B', None, None, '2025-12-04 12:56:54.144265')
2025-12-04 17:56:54,144 INFO sqlalchemy.engine.Engine INSERT INTO projections_daily (player_id, date, pa, ab, h, r, hr, rbi, sb, bb, so, avg, obp, slg, ip, k, w, l, sv, era, whip, fetched_at) VALUES (?, ?, ?, ?, ?, ?, ?, ?, ?, ?, ?, ?, ?, ?, ?, ?, ?, ?, ?, ?, ?, ?)
2025-12-04 17:56:54,144 INFO sqlalchemy.engine.Engine [cached since 0.3444s ago] (115, '2024-10-04', 3.1, 2.7, 0.61, 0.37, 0.04, 0.28, 0.04, 0.3, 0.72, 0.223, 0.313, 0.318, None, None, None, None, None, None, None, '2025-12-04 12:56:54.144265')
2025-12-04 17:56:54,145 INFO sqlalchemy.engine.Engine SELECT projections_daily.id AS projections_daily_id, projections_daily.player_id AS projections_daily_player_id, projections_daily.date AS projections_daily_date, projections_daily.pa AS projections_daily_pa, projections_daily.ab AS projections_daily_ab, projections_daily.h AS projections_daily_h, projections_daily.r AS projections_daily_r, projections_daily.hr AS projections_daily_hr, projections_daily.rbi AS projections_daily_rbi, projections_daily.sb AS projections_daily_sb, projections_daily.bb AS projections_daily_bb, projections_daily.so AS projections_daily_so, projections_daily.avg AS projections_daily_avg, projections_daily.obp AS projections_daily_obp, projections_daily.slg AS projections_daily_slg, projections_daily.ip AS projections_daily_ip, projections_daily.k AS projections_daily_k, projections_daily.w AS projections_daily_w, projections_daily.l AS projections_daily_l, projections_daily.sv AS projections_daily_sv, projections_daily.era AS projections_daily_era, projections_daily.whip AS projections_daily_whip, projections_daily.fetched_at AS projections_daily_fetched_at 
FROM projections_daily 
WHERE projections_daily.player_id = ? AND projections_daily.date = ?
 LIMIT ? OFFSET ?
2025-12-04 17:56:54,145 INFO sqlalchemy.engine.Engine [cached since 0.3517s ago] (116, '2024-10-04', 1, 0)
2025-12-04 17:56:54,146 INFO sqlalchemy.engine.Engine SELECT players.id AS players_id, players.razzball_id AS players_razzball_id, players.name AS players_name, players.team AS players_team, players.position AS players_position, players.fantrax_id AS players_fantrax_id, players.nfbc_id AS players_nfbc_id, players.created_at AS players_created_at 
FROM players 
WHERE players.razzball_id = ?
 LIMIT ? OFFSET ?
2025-12-04 17:56:54,147 INFO sqlalchemy.engine.Engine [cached since 0.3621s ago] (642215, 1, 0)
2025-12-04 17:56:54,149 INFO sqlalchemy.engine.Engine INSERT INTO players (razzball_id, name, team, position, fantrax_id, nfbc_id, created_at) VALUES (?, ?, ?, ?, ?, ?, ?)
2025-12-04 17:56:54,149 INFO sqlalchemy.engine.Engine [cached since 0.3616s ago] (642215, 'Weston Wilson', 'PHI', 'OF', None, None, '2025-12-04 12:56:54.149223')
2025-12-04 17:56:54,150 INFO sqlalchemy.engine.Engine INSERT INTO projections_daily (player_id, date, pa, ab, h, r, hr, rbi, sb, bb, so, avg, obp, slg, ip, k, w, l, sv, era, whip, fetched_at) VALUES (?, ?, ?, ?, ?, ?, ?, ?, ?, ?, ?, ?, ?, ?, ?, ?, ?, ?, ?, ?, ?, ?)
2025-12-04 17:56:54,150 INFO sqlalchemy.engine.Engine [cached since 0.35s ago] (116, '2024-10-04', 3.5, 3.1, 0.67, 0.31, 0.08, 0.3, 0.02, 0.3, 0.89, 0.22, 0.298, 0.341, None, None, None, None, None, None, None, '2025-12-04 12:56:54.149223')
2025-12-04 17:56:54,151 INFO sqlalchemy.engine.Engine SELECT projections_daily.id AS projections_daily_id, projections_daily.player_id AS projections_daily_player_id, projections_daily.date AS projections_daily_date, projections_daily.pa AS projections_daily_pa, projections_daily.ab AS projections_daily_ab, projections_daily.h AS projections_daily_h, projections_daily.r AS projections_daily_r, projections_daily.hr AS projections_daily_hr, projections_daily.rbi AS projections_daily_rbi, projections_daily.sb AS projections_daily_sb, projections_daily.bb AS projections_daily_bb, projections_daily.so AS projections_daily_so, projections_daily.avg AS projections_daily_avg, projections_daily.obp AS projections_daily_obp, projections_daily.slg AS projections_daily_slg, projections_daily.ip AS projections_daily_ip, projections_daily.k AS projections_daily_k, projections_daily.w AS projections_daily_w, projections_daily.l AS projections_daily_l, projections_daily.sv AS projections_daily_sv, projections_daily.era AS projections_daily_era, projections_daily.whip AS projections_daily_whip, projections_daily.fetched_at AS projections_daily_fetched_at 
FROM projections_daily 
WHERE projections_daily.player_id = ? AND projections_daily.date = ?
 LIMIT ? OFFSET ?
2025-12-04 17:56:54,151 INFO sqlalchemy.engine.Engine [cached since 0.3578s ago] (117, '2024-10-04', 1, 0)
2025-12-04 17:56:54,152 INFO sqlalchemy.engine.Engine SELECT players.id AS players_id, players.razzball_id AS players_razzball_id, players.name AS players_name, players.team AS players_team, players.position AS players_position, players.fantrax_id AS players_fantrax_id, players.nfbc_id AS players_nfbc_id, players.created_at AS players_created_at 
FROM players 
WHERE players.razzball_id = ?
 LIMIT ? OFFSET ?
2025-12-04 17:56:54,152 INFO sqlalchemy.engine.Engine [cached since 0.3671s ago] (669234, 1, 0)
2025-12-04 17:56:54,152 INFO sqlalchemy.engine.Engine INSERT INTO players (razzball_id, name, team, position, fantrax_id, nfbc_id, created_at) VALUES (?, ?, ?, ?, ?, ?, ?)
2025-12-04 17:56:54,153 INFO sqlalchemy.engine.Engine [cached since 0.3653s ago] (669234, 'Justyn-Henry Malloy', 'DET', 'OF', None, None, '2025-12-04 12:56:54.152244')
2025-12-04 17:56:54,153 INFO sqlalchemy.engine.Engine INSERT INTO projections_daily (player_id, date, pa, ab, h, r, hr, rbi, sb, bb, so, avg, obp, slg, ip, k, w, l, sv, era, whip, fetched_at) VALUES (?, ?, ?, ?, ?, ?, ?, ?, ?, ?, ?, ?, ?, ?, ?, ?, ?, ?, ?, ?, ?, ?)
2025-12-04 17:56:54,153 INFO sqlalchemy.engine.Engine [cached since 0.3533s ago] (117, '2024-10-04', 3.5, 3.2, 0.56, 0.31, 0.11, 0.31, 0.08, 0.3, 1.31, 0.178, 0.253, 0.316, None, None, None, None, None, None, None, '2025-12-04 12:56:54.153241')
2025-12-04 17:56:54,154 INFO sqlalchemy.engine.Engine SELECT projections_daily.id AS projections_daily_id, projections_daily.player_id AS projections_daily_player_id, projections_daily.date AS projections_daily_date, projections_daily.pa AS projections_daily_pa, projections_daily.ab AS projections_daily_ab, projections_daily.h AS projections_daily_h, projections_daily.r AS projections_daily_r, projections_daily.hr AS projections_daily_hr, projections_daily.rbi AS projections_daily_rbi, projections_daily.sb AS projections_daily_sb, projections_daily.bb AS projections_daily_bb, projections_daily.so AS projections_daily_so, projections_daily.avg AS projections_daily_avg, projections_daily.obp AS projections_daily_obp, projections_daily.slg AS projections_daily_slg, projections_daily.ip AS projections_daily_ip, projections_daily.k AS projections_daily_k, projections_daily.w AS projections_daily_w, projections_daily.l AS projections_daily_l, projections_daily.sv AS projections_daily_sv, projections_daily.era AS projections_daily_era, projections_daily.whip AS projections_daily_whip, projections_daily.fetched_at AS projections_daily_fetched_at 
FROM projections_daily 
WHERE projections_daily.player_id = ? AND projections_daily.date = ?
 LIMIT ? OFFSET ?
2025-12-04 17:56:54,154 INFO sqlalchemy.engine.Engine [cached since 0.3605s ago] (118, '2024-10-04', 1, 0)
2025-12-04 17:56:54,154 INFO sqlalchemy.engine.Engine SELECT players.id AS players_id, players.razzball_id AS players_razzball_id, players.name AS players_name, players.team AS players_team, players.position AS players_position, players.fantrax_id AS players_fantrax_id, players.nfbc_id AS players_nfbc_id, players.created_at AS players_created_at 
FROM players 
WHERE players.razzball_id = ?
 LIMIT ? OFFSET ?
2025-12-04 17:56:54,154 INFO sqlalchemy.engine.Engine [cached since 0.3696s ago] (700242, 1, 0)
2025-12-04 17:56:54,155 INFO sqlalchemy.engine.Engine INSERT INTO players (razzball_id, name, team, position, fantrax_id, nfbc_id, created_at) VALUES (?, ?, ?, ?, ?, ?, ?)
2025-12-04 17:56:54,155 INFO sqlalchemy.engine.Engine [cached since 0.3678s ago] (700242, 'Trey Sweeney', 'DET', 'SS', None, None, '2025-12-04 12:56:54.155236')
2025-12-04 17:56:54,155 INFO sqlalchemy.engine.Engine INSERT INTO projections_daily (player_id, date, pa, ab, h, r, hr, rbi, sb, bb, so, avg, obp, slg, ip, k, w, l, sv, era, whip, fetched_at) VALUES (?, ?, ?, ?, ?, ?, ?, ?, ?, ?, ?, ?, ?, ?, ?, ?, ?, ?, ?, ?, ?, ?)
2025-12-04 17:56:54,155 INFO sqlalchemy.engine.Engine [cached since 0.3556s ago] (118, '2024-10-04', 4.0, 3.6, 0.73, 0.34, 0.09, 0.32, 0.04, 0.29, 1.41, 0.202, 0.271, 0.319, None, None, None, None, None, None, None, '2025-12-04 12:56:54.155236')
2025-12-04 17:56:54,156 INFO sqlalchemy.engine.Engine SELECT projections_daily.id AS projections_daily_id, projections_daily.player_id AS projections_daily_player_id, projections_daily.date AS projections_daily_date, projections_daily.pa AS projections_daily_pa, projections_daily.ab AS projections_daily_ab, projections_daily.h AS projections_daily_h, projections_daily.r AS projections_daily_r, projections_daily.hr AS projections_daily_hr, projections_daily.rbi AS projections_daily_rbi, projections_daily.sb AS projections_daily_sb, projections_daily.bb AS projections_daily_bb, projections_daily.so AS projections_daily_so, projections_daily.avg AS projections_daily_avg, projections_daily.obp AS projections_daily_obp, projections_daily.slg AS projections_daily_slg, projections_daily.ip AS projections_daily_ip, projections_daily.k AS projections_daily_k, projections_daily.w AS projections_daily_w, projections_daily.l AS projections_daily_l, projections_daily.sv AS projections_daily_sv, projections_daily.era AS projections_daily_era, projections_daily.whip AS projections_daily_whip, projections_daily.fetched_at AS projections_daily_fetched_at 
FROM projections_daily 
WHERE projections_daily.player_id = ? AND projections_daily.date = ?
 LIMIT ? OFFSET ?
2025-12-04 17:56:54,156 INFO sqlalchemy.engine.Engine [cached since 0.3627s ago] (119, '2024-10-04', 1, 0)
2025-12-04 17:56:54,157 INFO sqlalchemy.engine.Engine SELECT players.id AS players_id, players.razzball_id AS players_razzball_id, players.name AS players_name, players.team AS players_team, players.position AS players_position, players.fantrax_id AS players_fantrax_id, players.nfbc_id AS players_nfbc_id, players.created_at AS players_created_at 
FROM players 
WHERE players.razzball_id = ?
 LIMIT ? OFFSET ?
2025-12-04 17:56:54,157 INFO sqlalchemy.engine.Engine [cached since 0.3719s ago] (628451, 1, 0)
2025-12-04 17:56:54,157 INFO sqlalchemy.engine.Engine INSERT INTO players (razzball_id, name, team, position, fantrax_id, nfbc_id, created_at) VALUES (?, ?, ?, ?, ?, ?, ?)
2025-12-04 17:56:54,157 INFO sqlalchemy.engine.Engine [cached since 0.37s ago] (628451, 'Andy Ibanez', 'DET', '2B', None, None, '2025-12-04 12:56:54.157231')
2025-12-04 17:56:54,157 INFO sqlalchemy.engine.Engine INSERT INTO projections_daily (player_id, date, pa, ab, h, r, hr, rbi, sb, bb, so, avg, obp, slg, ip, k, w, l, sv, era, whip, fetched_at) VALUES (?, ?, ?, ?, ?, ?, ?, ?, ?, ?, ?, ?, ?, ?, ?, ?, ?, ?, ?, ?, ?, ?)
2025-12-04 17:56:54,158 INFO sqlalchemy.engine.Engine [cached since 0.3579s ago] (119, '2024-10-04', 3.7, 3.4, 0.68, 0.3, 0.08, 0.28, 0.09, 0.19, 1.21, 0.198, 0.244, 0.311, None, None, None, None, None, None, None, '2025-12-04 12:56:54.157231')
2025-12-04 17:56:54,158 INFO sqlalchemy.engine.Engine SELECT projections_daily.id AS projections_daily_id, projections_daily.player_id AS projections_daily_player_id, projections_daily.date AS projections_daily_date, projections_daily.pa AS projections_daily_pa, projections_daily.ab AS projections_daily_ab, projections_daily.h AS projections_daily_h, projections_daily.r AS projections_daily_r, projections_daily.hr AS projections_daily_hr, projections_daily.rbi AS projections_daily_rbi, projections_daily.sb AS projections_daily_sb, projections_daily.bb AS projections_daily_bb, projections_daily.so AS projections_daily_so, projections_daily.avg AS projections_daily_avg, projections_daily.obp AS projections_daily_obp, projections_daily.slg AS projections_daily_slg, projections_daily.ip AS projections_daily_ip, projections_daily.k AS projections_daily_k, projections_daily.w AS projections_daily_w, projections_daily.l AS projections_daily_l, projections_daily.sv AS projections_daily_sv, projections_daily.era AS projections_daily_era, projections_daily.whip AS projections_daily_whip, projections_daily.fetched_at AS projections_daily_fetched_at 
FROM projections_daily 
WHERE projections_daily.player_id = ? AND projections_daily.date = ?
 LIMIT ? OFFSET ?
2025-12-04 17:56:54,158 INFO sqlalchemy.engine.Engine [cached since 0.365s ago] (120, '2024-10-04', 1, 0)
2025-12-04 17:56:54,159 INFO sqlalchemy.engine.Engine SELECT players.id AS players_id, players.razzball_id AS players_razzball_id, players.name AS players_name, players.team AS players_team, players.position AS players_position, players.fantrax_id AS players_fantrax_id, players.nfbc_id AS players_nfbc_id, players.created_at AS players_created_at 
FROM players 
WHERE players.razzball_id = ?
 LIMIT ? OFFSET ?
2025-12-04 17:56:54,159 INFO sqlalchemy.engine.Engine [cached since 0.3742s ago] (668670, 1, 0)
2025-12-04 17:56:54,159 INFO sqlalchemy.engine.Engine INSERT INTO players (razzball_id, name, team, position, fantrax_id, nfbc_id, created_at) VALUES (?, ?, ?, ?, ?, ?, ?)
2025-12-04 17:56:54,159 INFO sqlalchemy.engine.Engine [cached since 0.3723s ago] (668670, 'Jake Rogers', 'DET', 'C', None, None, '2025-12-04 12:56:54.159226')
2025-12-04 17:56:54,160 INFO sqlalchemy.engine.Engine INSERT INTO projections_daily (player_id, date, pa, ab, h, r, hr, rbi, sb, bb, so, avg, obp, slg, ip, k, w, l, sv, era, whip, fetched_at) VALUES (?, ?, ?, ?, ?, ?, ?, ?, ?, ?, ?, ?, ?, ?, ?, ?, ?, ?, ?, ?, ?, ?)
2025-12-04 17:56:54,160 INFO sqlalchemy.engine.Engine [cached since 0.3602s ago] (120, '2024-10-04', 3.2, 3.0, 0.66, 0.27, 0.06, 0.25, 0.07, 0.12, 0.78, 0.221, 0.259, 0.333, None, None, None, None, None, None, None, '2025-12-04 12:56:54.160223')
2025-12-04 17:56:54,160 INFO sqlalchemy.engine.Engine SELECT projections_daily.id AS projections_daily_id, projections_daily.player_id AS projections_daily_player_id, projections_daily.date AS projections_daily_date, projections_daily.pa AS projections_daily_pa, projections_daily.ab AS projections_daily_ab, projections_daily.h AS projections_daily_h, projections_daily.r AS projections_daily_r, projections_daily.hr AS projections_daily_hr, projections_daily.rbi AS projections_daily_rbi, projections_daily.sb AS projections_daily_sb, projections_daily.bb AS projections_daily_bb, projections_daily.so AS projections_daily_so, projections_daily.avg AS projections_daily_avg, projections_daily.obp AS projections_daily_obp, projections_daily.slg AS projections_daily_slg, projections_daily.ip AS projections_daily_ip, projections_daily.k AS projections_daily_k, projections_daily.w AS projections_daily_w, projections_daily.l AS projections_daily_l, projections_daily.sv AS projections_daily_sv, projections_daily.era AS projections_daily_era, projections_daily.whip AS projections_daily_whip, projections_daily.fetched_at AS projections_daily_fetched_at 
FROM projections_daily 
WHERE projections_daily.player_id = ? AND projections_daily.date = ?
 LIMIT ? OFFSET ?
2025-12-04 17:56:54,161 INFO sqlalchemy.engine.Engine [cached since 0.3673s ago] (121, '2024-10-04', 1, 0)
2025-12-04 17:56:54,161 INFO sqlalchemy.engine.Engine SELECT players.id AS players_id, players.razzball_id AS players_razzball_id, players.name AS players_name, players.team AS players_team, players.position AS players_position, players.fantrax_id AS players_fantrax_id, players.nfbc_id AS players_nfbc_id, players.created_at AS players_created_at 
FROM players 
WHERE players.razzball_id = ?
 LIMIT ? OFFSET ?
2025-12-04 17:56:54,161 INFO sqlalchemy.engine.Engine [cached since 0.3765s ago] (681909, 1, 0)
2025-12-04 17:56:54,162 INFO sqlalchemy.engine.Engine INSERT INTO players (razzball_id, name, team, position, fantrax_id, nfbc_id, created_at) VALUES (?, ?, ?, ?, ?, ?, ?)
2025-12-04 17:56:54,163 INFO sqlalchemy.engine.Engine [cached since 0.3755s ago] (681909, 'Justin Dean', 'LAD', 'OF', None, None, '2025-12-04 12:56:54.162186')
2025-12-04 17:56:54,164 INFO sqlalchemy.engine.Engine INSERT INTO projections_daily (player_id, date, pa, ab, h, r, hr, rbi, sb, bb, so, avg, obp, slg, ip, k, w, l, sv, era, whip, fetched_at) VALUES (?, ?, ?, ?, ?, ?, ?, ?, ?, ?, ?, ?, ?, ?, ?, ?, ?, ?, ?, ?, ?, ?)
2025-12-04 17:56:54,164 INFO sqlalchemy.engine.Engine [cached since 0.3642s ago] (121, '2024-10-04', 3.5, 3.3, 0.62, 0.33, 0.11, 0.3, 0.02, 0.17, 1.23, 0.19, 0.236, 0.338, None, None, None, None, None, None, None, '2025-12-04 12:56:54.164180')
2025-12-04 17:56:54,165 INFO sqlalchemy.engine.Engine SELECT projections_daily.id AS projections_daily_id, projections_daily.player_id AS projections_daily_player_id, projections_daily.date AS projections_daily_date, projections_daily.pa AS projections_daily_pa, projections_daily.ab AS projections_daily_ab, projections_daily.h AS projections_daily_h, projections_daily.r AS projections_daily_r, projections_daily.hr AS projections_daily_hr, projections_daily.rbi AS projections_daily_rbi, projections_daily.sb AS projections_daily_sb, projections_daily.bb AS projections_daily_bb, projections_daily.so AS projections_daily_so, projections_daily.avg AS projections_daily_avg, projections_daily.obp AS projections_daily_obp, projections_daily.slg AS projections_daily_slg, projections_daily.ip AS projections_daily_ip, projections_daily.k AS projections_daily_k, projections_daily.w AS projections_daily_w, projections_daily.l AS projections_daily_l, projections_daily.sv AS projections_daily_sv, projections_daily.era AS projections_daily_era, projections_daily.whip AS projections_daily_whip, projections_daily.fetched_at AS projections_daily_fetched_at 
FROM projections_daily 
WHERE projections_daily.player_id = ? AND projections_daily.date = ?
 LIMIT ? OFFSET ?
2025-12-04 17:56:54,165 INFO sqlalchemy.engine.Engine [cached since 0.3719s ago] (122, '2024-10-04', 1, 0)
2025-12-04 17:56:54,166 INFO sqlalchemy.engine.Engine SELECT players.id AS players_id, players.razzball_id AS players_razzball_id, players.name AS players_name, players.team AS players_team, players.position AS players_position, players.fantrax_id AS players_fantrax_id, players.nfbc_id AS players_nfbc_id, players.created_at AS players_created_at 
FROM players 
WHERE players.razzball_id = ?
 LIMIT ? OFFSET ?
2025-12-04 17:56:54,166 INFO sqlalchemy.engine.Engine [cached since 0.3812s ago] (805249, 1, 0)
2025-12-04 17:56:54,167 INFO sqlalchemy.engine.Engine INSERT INTO players (razzball_id, name, team, position, fantrax_id, nfbc_id, created_at) VALUES (?, ?, ?, ?, ?, ?, ?)
2025-12-04 17:56:54,167 INFO sqlalchemy.engine.Engine [cached since 0.3793s ago] (805249, 'Otto Kemp', 'PHI', '1B/3B/ OF', None, None, '2025-12-04 12:56:54.166174')
2025-12-04 17:56:54,167 INFO sqlalchemy.engine.Engine INSERT INTO projections_daily (player_id, date, pa, ab, h, r, hr, rbi, sb, bb, so, avg, obp, slg, ip, k, w, l, sv, era, whip, fetched_at) VALUES (?, ?, ?, ?, ?, ?, ?, ?, ?, ?, ?, ?, ?, ?, ?, ?, ?, ?, ?, ?, ?, ?)
2025-12-04 17:56:54,167 INFO sqlalchemy.engine.Engine [cached since 0.3672s ago] (122, '2024-10-04', 3.9, 3.5, 0.7, 0.3, 0.04, 0.25, 0.14, 0.27, 1.3, 0.199, 0.259, 0.277, None, None, None, None, None, None, None, '2025-12-04 12:56:54.167204')
2025-12-04 17:56:54,168 INFO sqlalchemy.engine.Engine SELECT projections_daily.id AS projections_daily_id, projections_daily.player_id AS projections_daily_player_id, projections_daily.date AS projections_daily_date, projections_daily.pa AS projections_daily_pa, projections_daily.ab AS projections_daily_ab, projections_daily.h AS projections_daily_h, projections_daily.r AS projections_daily_r, projections_daily.hr AS projections_daily_hr, projections_daily.rbi AS projections_daily_rbi, projections_daily.sb AS projections_daily_sb, projections_daily.bb AS projections_daily_bb, projections_daily.so AS projections_daily_so, projections_daily.avg AS projections_daily_avg, projections_daily.obp AS projections_daily_obp, projections_daily.slg AS projections_daily_slg, projections_daily.ip AS projections_daily_ip, projections_daily.k AS projections_daily_k, projections_daily.w AS projections_daily_w, projections_daily.l AS projections_daily_l, projections_daily.sv AS projections_daily_sv, projections_daily.era AS projections_daily_era, projections_daily.whip AS projections_daily_whip, projections_daily.fetched_at AS projections_daily_fetched_at 
FROM projections_daily 
WHERE projections_daily.player_id = ? AND projections_daily.date = ?
 LIMIT ? OFFSET ?
2025-12-04 17:56:54,168 INFO sqlalchemy.engine.Engine [cached since 0.3743s ago] (123, '2024-10-04', 1, 0)
2025-12-04 17:56:54,168 INFO sqlalchemy.engine.Engine SELECT players.id AS players_id, players.razzball_id AS players_razzball_id, players.name AS players_name, players.team AS players_team, players.position AS players_position, players.fantrax_id AS players_fantrax_id, players.nfbc_id AS players_nfbc_id, players.created_at AS players_created_at 
FROM players 
WHERE players.razzball_id = ?
 LIMIT ? OFFSET ?
2025-12-04 17:56:54,168 INFO sqlalchemy.engine.Engine [cached since 0.3835s ago] (682634, 1, 0)
2025-12-04 17:56:54,169 INFO sqlalchemy.engine.Engine INSERT INTO players (razzball_id, name, team, position, fantrax_id, nfbc_id, created_at) VALUES (?, ?, ?, ?, ?, ?, ?)
2025-12-04 17:56:54,169 INFO sqlalchemy.engine.Engine [cached since 0.3818s ago] (682634, 'Kevin Alcantara', 'CHC', 'OF', None, None, '2025-12-04 12:56:54.169198')
2025-12-04 17:56:54,169 INFO sqlalchemy.engine.Engine INSERT INTO projections_daily (player_id, date, pa, ab, h, r, hr, rbi, sb, bb, so, avg, obp, slg, ip, k, w, l, sv, era, whip, fetched_at) VALUES (?, ?, ?, ?, ?, ?, ?, ?, ?, ?, ?, ?, ?, ?, ?, ?, ?, ?, ?, ?, ?, ?)
2025-12-04 17:56:54,169 INFO sqlalchemy.engine.Engine [cached since 0.3697s ago] (123, '2024-10-04', 3.3, 3.0, 0.56, 0.33, 0.08, 0.29, 0.05, 0.21, 1.22, 0.189, 0.26, 0.317, None, None, None, None, None, None, None, '2025-12-04 12:56:54.169198')
2025-12-04 17:56:54,170 INFO sqlalchemy.engine.Engine SELECT projections_daily.id AS projections_daily_id, projections_daily.player_id AS projections_daily_player_id, projections_daily.date AS projections_daily_date, projections_daily.pa AS projections_daily_pa, projections_daily.ab AS projections_daily_ab, projections_daily.h AS projections_daily_h, projections_daily.r AS projections_daily_r, projections_daily.hr AS projections_daily_hr, projections_daily.rbi AS projections_daily_rbi, projections_daily.sb AS projections_daily_sb, projections_daily.bb AS projections_daily_bb, projections_daily.so AS projections_daily_so, projections_daily.avg AS projections_daily_avg, projections_daily.obp AS projections_daily_obp, projections_daily.slg AS projections_daily_slg, projections_daily.ip AS projections_daily_ip, projections_daily.k AS projections_daily_k, projections_daily.w AS projections_daily_w, projections_daily.l AS projections_daily_l, projections_daily.sv AS projections_daily_sv, projections_daily.era AS projections_daily_era, projections_daily.whip AS projections_daily_whip, projections_daily.fetched_at AS projections_daily_fetched_at 
FROM projections_daily 
WHERE projections_daily.player_id = ? AND projections_daily.date = ?
 LIMIT ? OFFSET ?
2025-12-04 17:56:54,170 INFO sqlalchemy.engine.Engine [cached since 0.3769s ago] (124, '2024-10-04', 1, 0)
2025-12-04 17:56:54,171 INFO sqlalchemy.engine.Engine SELECT players.id AS players_id, players.razzball_id AS players_razzball_id, players.name AS players_name, players.team AS players_team, players.position AS players_position, players.fantrax_id AS players_fantrax_id, players.nfbc_id AS players_nfbc_id, players.created_at AS players_created_at 
FROM players 
WHERE players.razzball_id = ?
 LIMIT ? OFFSET ?
2025-12-04 17:56:54,171 INFO sqlalchemy.engine.Engine [cached since 0.3861s ago] (665561, 1, 0)
2025-12-04 17:56:54,172 INFO sqlalchemy.engine.Engine INSERT INTO players (razzball_id, name, team, position, fantrax_id, nfbc_id, created_at) VALUES (?, ?, ?, ?, ?, ?, ?)
2025-12-04 17:56:54,172 INFO sqlalchemy.engine.Engine [cached since 0.3845s ago] (665561, 'Rafael Marchan', 'PHI', 'C', None, None, '2025-12-04 12:56:54.172166')
2025-12-04 17:56:54,172 INFO sqlalchemy.engine.Engine INSERT INTO projections_daily (player_id, date, pa, ab, h, r, hr, rbi, sb, bb, so, avg, obp, slg, ip, k, w, l, sv, era, whip, fetched_at) VALUES (?, ?, ?, ?, ?, ?, ?, ?, ?, ?, ?, ?, ?, ?, ?, ?, ?, ?, ?, ?, ?, ?)
2025-12-04 17:56:54,172 INFO sqlalchemy.engine.Engine [cached since 0.3724s ago] (124, '2024-10-04', 3.6, 3.3, 0.61, 0.31, 0.08, 0.29, 0.06, 0.25, 1.48, 0.184, 0.245, 0.297, None, None, None, None, None, None, None, '2025-12-04 12:56:54.172166')
2025-12-04 17:56:54,173 INFO sqlalchemy.engine.Engine SELECT projections_daily.id AS projections_daily_id, projections_daily.player_id AS projections_daily_player_id, projections_daily.date AS projections_daily_date, projections_daily.pa AS projections_daily_pa, projections_daily.ab AS projections_daily_ab, projections_daily.h AS projections_daily_h, projections_daily.r AS projections_daily_r, projections_daily.hr AS projections_daily_hr, projections_daily.rbi AS projections_daily_rbi, projections_daily.sb AS projections_daily_sb, projections_daily.bb AS projections_daily_bb, projections_daily.so AS projections_daily_so, projections_daily.avg AS projections_daily_avg, projections_daily.obp AS projections_daily_obp, projections_daily.slg AS projections_daily_slg, projections_daily.ip AS projections_daily_ip, projections_daily.k AS projections_daily_k, projections_daily.w AS projections_daily_w, projections_daily.l AS projections_daily_l, projections_daily.sv AS projections_daily_sv, projections_daily.era AS projections_daily_era, projections_daily.whip AS projections_daily_whip, projections_daily.fetched_at AS projections_daily_fetched_at 
FROM projections_daily 
WHERE projections_daily.player_id = ? AND projections_daily.date = ?
 LIMIT ? OFFSET ?
2025-12-04 17:56:54,173 INFO sqlalchemy.engine.Engine [cached since 0.3795s ago] (125, '2024-10-04', 1, 0)
2025-12-04 17:56:54,173 INFO sqlalchemy.engine.Engine SELECT players.id AS players_id, players.razzball_id AS players_razzball_id, players.name AS players_name, players.team AS players_team, players.position AS players_position, players.fantrax_id AS players_fantrax_id, players.nfbc_id AS players_nfbc_id, players.created_at AS players_created_at 
FROM players 
WHERE players.razzball_id = ?
 LIMIT ? OFFSET ?
2025-12-04 17:56:54,173 INFO sqlalchemy.engine.Engine [cached since 0.3887s ago] (687221, 1, 0)
2025-12-04 17:56:54,174 INFO sqlalchemy.engine.Engine INSERT INTO players (razzball_id, name, team, position, fantrax_id, nfbc_id, created_at) VALUES (?, ?, ?, ?, ?, ?, ?)
2025-12-04 17:56:54,174 INFO sqlalchemy.engine.Engine [cached since 0.3869s ago] (687221, 'Dalton Rushing', 'LAD', 'C', None, None, '2025-12-04 12:56:54.174185')
2025-12-04 17:56:54,174 INFO sqlalchemy.engine.Engine INSERT INTO projections_daily (player_id, date, pa, ab, h, r, hr, rbi, sb, bb, so, avg, obp, slg, ip, k, w, l, sv, era, whip, fetched_at) VALUES (?, ?, ?, ?, ?, ?, ?, ?, ?, ?, ?, ?, ?, ?, ?, ?, ?, ?, ?, ?, ?, ?)
2025-12-04 17:56:54,175 INFO sqlalchemy.engine.Engine [cached since 0.3748s ago] (125, '2024-10-04', 3.0, 2.7, 0.56, 0.31, 0.07, 0.26, 0.01, 0.24, 0.71, 0.209, 0.281, 0.329, None, None, None, None, None, None, None, '2025-12-04 12:56:54.174185')
2025-12-04 17:56:54,175 INFO sqlalchemy.engine.Engine SELECT projections_daily.id AS projections_daily_id, projections_daily.player_id AS projections_daily_player_id, projections_daily.date AS projections_daily_date, projections_daily.pa AS projections_daily_pa, projections_daily.ab AS projections_daily_ab, projections_daily.h AS projections_daily_h, projections_daily.r AS projections_daily_r, projections_daily.hr AS projections_daily_hr, projections_daily.rbi AS projections_daily_rbi, projections_daily.sb AS projections_daily_sb, projections_daily.bb AS projections_daily_bb, projections_daily.so AS projections_daily_so, projections_daily.avg AS projections_daily_avg, projections_daily.obp AS projections_daily_obp, projections_daily.slg AS projections_daily_slg, projections_daily.ip AS projections_daily_ip, projections_daily.k AS projections_daily_k, projections_daily.w AS projections_daily_w, projections_daily.l AS projections_daily_l, projections_daily.sv AS projections_daily_sv, projections_daily.era AS projections_daily_era, projections_daily.whip AS projections_daily_whip, projections_daily.fetched_at AS projections_daily_fetched_at 
FROM projections_daily 
WHERE projections_daily.player_id = ? AND projections_daily.date = ?
 LIMIT ? OFFSET ?
2025-12-04 17:56:54,175 INFO sqlalchemy.engine.Engine [cached since 0.3819s ago] (126, '2024-10-04', 1, 0)
2025-12-04 17:56:54,176 INFO sqlalchemy.engine.Engine SELECT players.id AS players_id, players.razzball_id AS players_razzball_id, players.name AS players_name, players.team AS players_team, players.position AS players_position, players.fantrax_id AS players_fantrax_id, players.nfbc_id AS players_nfbc_id, players.created_at AS players_created_at 
FROM players 
WHERE players.razzball_id = ?
 LIMIT ? OFFSET ?
2025-12-04 17:56:54,176 INFO sqlalchemy.engine.Engine [cached since 0.3911s ago] (596117, 1, 0)
2025-12-04 17:56:54,176 INFO sqlalchemy.engine.Engine INSERT INTO players (razzball_id, name, team, position, fantrax_id, nfbc_id, created_at) VALUES (?, ?, ?, ?, ?, ?, ?)
2025-12-04 17:56:54,177 INFO sqlalchemy.engine.Engine [cached since 0.3893s ago] (596117, 'Garrett Stubbs', 'PHI', 'C', None, None, '2025-12-04 12:56:54.176183')
2025-12-04 17:56:54,177 INFO sqlalchemy.engine.Engine INSERT INTO projections_daily (player_id, date, pa, ab, h, r, hr, rbi, sb, bb, so, avg, obp, slg, ip, k, w, l, sv, era, whip, fetched_at) VALUES (?, ?, ?, ?, ?, ?, ?, ?, ?, ?, ?, ?, ?, ?, ?, ?, ?, ?, ?, ?, ?, ?)
2025-12-04 17:56:54,177 INFO sqlalchemy.engine.Engine [cached since 0.3772s ago] (126, '2024-10-04', 3.1, 2.8, 0.57, 0.28, 0.07, 0.24, 0.01, 0.22, 1.04, 0.2, 0.267, 0.303, None, None, None, None, None, None, None, '2025-12-04 12:56:54.177177')
2025-12-04 17:56:54,178 INFO sqlalchemy.engine.Engine SELECT projections_daily.id AS projections_daily_id, projections_daily.player_id AS projections_daily_player_id, projections_daily.date AS projections_daily_date, projections_daily.pa AS projections_daily_pa, projections_daily.ab AS projections_daily_ab, projections_daily.h AS projections_daily_h, projections_daily.r AS projections_daily_r, projections_daily.hr AS projections_daily_hr, projections_daily.rbi AS projections_daily_rbi, projections_daily.sb AS projections_daily_sb, projections_daily.bb AS projections_daily_bb, projections_daily.so AS projections_daily_so, projections_daily.avg AS projections_daily_avg, projections_daily.obp AS projections_daily_obp, projections_daily.slg AS projections_daily_slg, projections_daily.ip AS projections_daily_ip, projections_daily.k AS projections_daily_k, projections_daily.w AS projections_daily_w, projections_daily.l AS projections_daily_l, projections_daily.sv AS projections_daily_sv, projections_daily.era AS projections_daily_era, projections_daily.whip AS projections_daily_whip, projections_daily.fetched_at AS projections_daily_fetched_at 
FROM projections_daily 
WHERE projections_daily.player_id = ? AND projections_daily.date = ?
 LIMIT ? OFFSET ?
2025-12-04 17:56:54,178 INFO sqlalchemy.engine.Engine [cached since 0.3843s ago] (127, '2024-10-04', 1, 0)
2025-12-04 17:56:54,179 INFO sqlalchemy.engine.Engine SELECT players.id AS players_id, players.razzball_id AS players_razzball_id, players.name AS players_name, players.team AS players_team, players.position AS players_position, players.fantrax_id AS players_fantrax_id, players.nfbc_id AS players_nfbc_id, players.created_at AS players_created_at 
FROM players 
WHERE players.razzball_id = ?
 LIMIT ? OFFSET ?
2025-12-04 17:56:54,179 INFO sqlalchemy.engine.Engine [cached since 0.3939s ago] (672463, 1, 0)
2025-12-04 17:56:54,180 INFO sqlalchemy.engine.Engine INSERT INTO players (razzball_id, name, team, position, fantrax_id, nfbc_id, created_at) VALUES (?, ?, ?, ?, ?, ?, ?)
2025-12-04 17:56:54,180 INFO sqlalchemy.engine.Engine [cached since 0.3931s ago] (672463, 'Rafael Lantigua', 'PHI', '2B', None, None, '2025-12-04 12:56:54.180138')
2025-12-04 17:56:54,181 INFO sqlalchemy.engine.Engine INSERT INTO projections_daily (player_id, date, pa, ab, h, r, hr, rbi, sb, bb, so, avg, obp, slg, ip, k, w, l, sv, era, whip, fetched_at) VALUES (?, ?, ?, ?, ?, ?, ?, ?, ?, ?, ?, ?, ?, ?, ?, ?, ?, ?, ?, ?, ?, ?)
2025-12-04 17:56:54,181 INFO sqlalchemy.engine.Engine [cached since 0.3816s ago] (127, '2024-10-04', 3.4, 3.0, 0.55, 0.3, 0.06, 0.26, 0.04, 0.26, 1.1, 0.18, 0.253, 0.275, None, None, None, None, None, None, None, '2025-12-04 12:56:54.181135')
2025-12-04 17:56:54,182 INFO sqlalchemy.engine.Engine SELECT projections_daily.id AS projections_daily_id, projections_daily.player_id AS projections_daily_player_id, projections_daily.date AS projections_daily_date, projections_daily.pa AS projections_daily_pa, projections_daily.ab AS projections_daily_ab, projections_daily.h AS projections_daily_h, projections_daily.r AS projections_daily_r, projections_daily.hr AS projections_daily_hr, projections_daily.rbi AS projections_daily_rbi, projections_daily.sb AS projections_daily_sb, projections_daily.bb AS projections_daily_bb, projections_daily.so AS projections_daily_so, projections_daily.avg AS projections_daily_avg, projections_daily.obp AS projections_daily_obp, projections_daily.slg AS projections_daily_slg, projections_daily.ip AS projections_daily_ip, projections_daily.k AS projections_daily_k, projections_daily.w AS projections_daily_w, projections_daily.l AS projections_daily_l, projections_daily.sv AS projections_daily_sv, projections_daily.era AS projections_daily_era, projections_daily.whip AS projections_daily_whip, projections_daily.fetched_at AS projections_daily_fetched_at 
FROM projections_daily 
WHERE projections_daily.player_id = ? AND projections_daily.date = ?
 LIMIT ? OFFSET ?
2025-12-04 17:56:54,182 INFO sqlalchemy.engine.Engine [cached since 0.3892s ago] (128, '2024-10-04', 1, 0)
2025-12-04 17:56:54,183 INFO sqlalchemy.engine.Engine SELECT players.id AS players_id, players.razzball_id AS players_razzball_id, players.name AS players_name, players.team AS players_team, players.position AS players_position, players.fantrax_id AS players_fantrax_id, players.nfbc_id AS players_nfbc_id, players.created_at AS players_created_at 
FROM players 
WHERE players.razzball_id = ?
 LIMIT ? OFFSET ?
2025-12-04 17:56:54,183 INFO sqlalchemy.engine.Engine [cached since 0.3986s ago] (666163, 1, 0)
2025-12-04 17:56:54,184 INFO sqlalchemy.engine.Engine INSERT INTO players (razzball_id, name, team, position, fantrax_id, nfbc_id, created_at) VALUES (?, ?, ?, ?, ?, ?, ?)
2025-12-04 17:56:54,184 INFO sqlalchemy.engine.Engine [cached since 0.3968s ago] (666163, 'Ben Rortvedt', 'LAD', 'C', None, None, '2025-12-04 12:56:54.184160')
2025-12-04 17:56:54,184 INFO sqlalchemy.engine.Engine INSERT INTO projections_daily (player_id, date, pa, ab, h, r, hr, rbi, sb, bb, so, avg, obp, slg, ip, k, w, l, sv, era, whip, fetched_at) VALUES (?, ?, ?, ?, ?, ?, ?, ?, ?, ?, ?, ?, ?, ?, ?, ?, ?, ?, ?, ?, ?, ?)
2025-12-04 17:56:54,184 INFO sqlalchemy.engine.Engine [cached since 0.3847s ago] (128, '2024-10-04', 3.5, 3.1, 0.57, 0.3, 0.03, 0.23, 0.06, 0.35, 0.99, 0.186, 0.274, 0.263, None, None, None, None, None, None, None, '2025-12-04 12:56:54.184160')
2025-12-04 17:56:54,185 INFO sqlalchemy.engine.Engine SELECT projections_daily.id AS projections_daily_id, projections_daily.player_id AS projections_daily_player_id, projections_daily.date AS projections_daily_date, projections_daily.pa AS projections_daily_pa, projections_daily.ab AS projections_daily_ab, projections_daily.h AS projections_daily_h, projections_daily.r AS projections_daily_r, projections_daily.hr AS projections_daily_hr, projections_daily.rbi AS projections_daily_rbi, projections_daily.sb AS projections_daily_sb, projections_daily.bb AS projections_daily_bb, projections_daily.so AS projections_daily_so, projections_daily.avg AS projections_daily_avg, projections_daily.obp AS projections_daily_obp, projections_daily.slg AS projections_daily_slg, projections_daily.ip AS projections_daily_ip, projections_daily.k AS projections_daily_k, projections_daily.w AS projections_daily_w, projections_daily.l AS projections_daily_l, projections_daily.sv AS projections_daily_sv, projections_daily.era AS projections_daily_era, projections_daily.whip AS projections_daily_whip, projections_daily.fetched_at AS projections_daily_fetched_at 
FROM projections_daily 
WHERE projections_daily.player_id = ? AND projections_daily.date = ?
 LIMIT ? OFFSET ?
2025-12-04 17:56:54,185 INFO sqlalchemy.engine.Engine [cached since 0.3921s ago] (129, '2024-10-04', 1, 0)
2025-12-04 17:56:54,186 INFO sqlalchemy.engine.Engine INSERT INTO projections_daily (player_id, date, pa, ab, h, r, hr, rbi, sb, bb, so, avg, obp, slg, ip, k, w, l, sv, era, whip, fetched_at) VALUES (?, ?, ?, ?, ?, ?, ?, ?, ?, ?, ?, ?, ?, ?, ?, ?, ?, ?, ?, ?, ?, ?)
2025-12-04 17:56:54,186 INFO sqlalchemy.engine.Engine [cached since 0.3863s ago] (129, '2024-10-04', 3.7, 3.4, 0.65, 0.3, 0.05, 0.25, 0.01, 0.25, 1.12, 0.193, 0.257, 0.269, None, None, None, None, None, None, None, '2025-12-04 12:56:54.186156')
2025-12-04 17:56:54,186 INFO sqlalchemy.engine.Engine COMMIT
[OK] Loaded 129 hitter projections
   - Sample: Aaron Judge - 0.29 HR

2025-12-04 17:56:54,193 INFO sqlalchemy.engine.Engine BEGIN (implicit)
2025-12-04 17:56:54,199 INFO sqlalchemy.engine.Engine SELECT count(*) AS count_1 
FROM (SELECT players.id AS players_id, players.razzball_id AS players_razzball_id, players.name AS players_name, players.team AS players_team, players.position AS players_position, players.fantrax_id AS players_fantrax_id, players.nfbc_id AS players_nfbc_id, players.created_at AS players_created_at 
FROM players) AS anon_1
2025-12-04 17:56:54,199 INFO sqlalchemy.engine.Engine [generated in 0.00032s] ()
2025-12-04 17:56:54,203 INFO sqlalchemy.engine.Engine SELECT count(*) AS count_1 
FROM (SELECT projections_daily.id AS projections_daily_id, projections_daily.player_id AS projections_daily_player_id, projections_daily.date AS projections_daily_date, projections_daily.pa AS projections_daily_pa, projections_daily.ab AS projections_daily_ab, projections_daily.h AS projections_daily_h, projections_daily.r AS projections_daily_r, projections_daily.hr AS projections_daily_hr, projections_daily.rbi AS projections_daily_rbi, projections_daily.sb AS projections_daily_sb, projections_daily.bb AS projections_daily_bb, projections_daily.so AS projections_daily_so, projections_daily.avg AS projections_daily_avg, projections_daily.obp AS projections_daily_obp, projections_daily.slg AS projections_daily_slg, projections_daily.ip AS projections_daily_ip, projections_daily.k AS projections_daily_k, projections_daily.w AS projections_daily_w, projections_daily.l AS projections_daily_l, projections_daily.sv AS projections_daily_sv, projections_daily.era AS projections_daily_era, projections_daily.whip AS projections_daily_whip, projections_daily.fetched_at AS projections_daily_fetched_at 
FROM projections_daily) AS anon_1
2025-12-04 17:56:54,203 INFO sqlalchemy.engine.Engine [generated in 0.00019s] ()
[DATA] Database Stats:
   - Players in DB: 129
   - Projections in DB: 129


============================================================
TEST 3: PLAYER MATCHING
============================================================

2025-12-04 17:56:54,204 INFO sqlalchemy.engine.Engine SELECT players.id AS players_id, players.razzball_id AS players_razzball_id, players.name AS players_name, players.team AS players_team, players.position AS players_position, players.fantrax_id AS players_fantrax_id, players.nfbc_id AS players_nfbc_id, players.created_at AS players_created_at 
FROM players 
WHERE players.team = ?
2025-12-04 17:56:54,204 INFO sqlalchemy.engine.Engine [generated in 0.00014s] ('NYY',)
[OK] Matched: Aaron Judge -> Aaron Judge (ID: 1)
2025-12-04 17:56:54,205 INFO sqlalchemy.engine.Engine SELECT players.id AS players_id, players.razzball_id AS players_razzball_id, players.name AS players_name, players.team AS players_team, players.position AS players_position, players.fantrax_id AS players_fantrax_id, players.nfbc_id AS players_nfbc_id, players.created_at AS players_created_at 
FROM players 
WHERE players.team = ?
2025-12-04 17:56:54,205 INFO sqlalchemy.engine.Engine [cached since 0.001628s ago] ('LAD',)
[OK] Matched: Shohei Ohtani -> Shohei Ohtani (ID: 9)
2025-12-04 17:56:54,207 INFO sqlalchemy.engine.Engine SELECT players.id AS players_id, players.razzball_id AS players_razzball_id, players.name AS players_name, players.team AS players_team, players.position AS players_position, players.fantrax_id AS players_fantrax_id, players.nfbc_id AS players_nfbc_id, players.created_at AS players_created_at 
FROM players 
WHERE players.team = ?
2025-12-04 17:56:54,207 INFO sqlalchemy.engine.Engine [cached since 0.003014s ago] ('NYM',)
2025-12-04 17:56:54,208 INFO sqlalchemy.engine.Engine SELECT players.id AS players_id, players.razzball_id AS players_razzball_id, players.name AS players_name, players.team AS players_team, players.position AS players_position, players.fantrax_id AS players_fantrax_id, players.nfbc_id AS players_nfbc_id, players.created_at AS players_created_at 
FROM players
2025-12-04 17:56:54,208 INFO sqlalchemy.engine.Engine [generated in 0.00012s] ()
[FAIL] No match: Juan Soto

[DATA] Match Rate: 2/3


============================================================
TEST 4: FULL WORKFLOW (Fantrax)
============================================================

Step 1: Parsing CSV...
   [OK] Parsed 9882 players

Step 2: Creating league record...
2025-12-04 17:56:55,120 INFO sqlalchemy.engine.Engine INSERT INTO users (id, created_at) VALUES (?, ?)
2025-12-04 17:56:55,121 INFO sqlalchemy.engine.Engine [generated in 0.00029s] ('28116c56-eada-4360-b890-ca6843688242', '2025-12-04 12:56:55.120468')
2025-12-04 17:56:55,124 INFO sqlalchemy.engine.Engine INSERT INTO leagues (id, user_id, league_type, csv_filename, uploaded_at) VALUES (?, ?, ?, ?, ?)
2025-12-04 17:56:55,124 INFO sqlalchemy.engine.Engine [generated in 0.00025s] ('98107dd6-e7e6-4cb2-a703-326c3b1816d2', '28116c56-eada-4360-b890-ca6843688242', 'fantrax', 'test_fantrax.csv', '2025-12-04 12:56:55.124457')
   [OK] League created: 98107dd6-e7e6-4cb2-a703-326c3b1816d2

Step 3: Matching and storing players...
2025-12-04 17:56:55,126 INFO sqlalchemy.engine.Engine SELECT players.id AS players_id, players.razzball_id AS players_razzball_id, players.name AS players_name, players.team AS players_team, players.position AS players_position, players.fantrax_id AS players_fantrax_id, players.nfbc_id AS players_nfbc_id, players.created_at AS players_created_at 
FROM players 
WHERE players.fantrax_id = ?
 LIMIT ? OFFSET ?
2025-12-04 17:56:55,126 INFO sqlalchemy.engine.Engine [generated in 0.00015s] ('*05ajh*', 1, 0)
2025-12-04 17:56:55,127 INFO sqlalchemy.engine.Engine SELECT players.id AS players_id, players.razzball_id AS players_razzball_id, players.name AS players_name, players.team AS players_team, players.position AS players_position, players.fantrax_id AS players_fantrax_id, players.nfbc_id AS players_nfbc_id, players.created_at AS players_created_at 
FROM players 
WHERE players.team = ? AND players.position LIKE ?
2025-12-04 17:56:55,128 INFO sqlalchemy.engine.Engine [generated in 0.00025s] ('BOS', '%SP%')
2025-12-04 17:56:55,129 INFO sqlalchemy.engine.Engine SELECT players.id AS players_id, players.razzball_id AS players_razzball_id, players.name AS players_name, players.team AS players_team, players.position AS players_position, players.fantrax_id AS players_fantrax_id, players.nfbc_id AS players_nfbc_id, players.created_at AS players_created_at 
FROM players
2025-12-04 17:56:55,129 INFO sqlalchemy.engine.Engine [cached since 0.9213s ago] ()
2025-12-04 17:56:55,140 INFO sqlalchemy.engine.Engine INSERT INTO players (razzball_id, name, team, position, fantrax_id, nfbc_id, created_at) VALUES (?, ?, ?, ?, ?, ?, ?)
2025-12-04 17:56:55,140 INFO sqlalchemy.engine.Engine [cached since 1.353s ago] (None, 'Garrett Crochet', 'BOS', 'SP', '*05ajh*', None, '2025-12-04 12:56:55.140415')
2025-12-04 17:56:55,141 INFO sqlalchemy.engine.Engine COMMIT
2025-12-04 17:56:55,148 INFO sqlalchemy.engine.Engine BEGIN (implicit)
2025-12-04 17:56:55,149 INFO sqlalchemy.engine.Engine SELECT players.id, players.razzball_id, players.name, players.team, players.position, players.fantrax_id, players.nfbc_id, players.created_at 
FROM players 
WHERE players.id = ?
2025-12-04 17:56:55,149 INFO sqlalchemy.engine.Engine [generated in 0.00020s] (130,)
2025-12-04 17:56:55,151 INFO sqlalchemy.engine.Engine SELECT leagues.id AS leagues_id, leagues.user_id AS leagues_user_id, leagues.league_type AS leagues_league_type, leagues.csv_filename AS leagues_csv_filename, leagues.uploaded_at AS leagues_uploaded_at 
FROM leagues 
WHERE leagues.id = ?
2025-12-04 17:56:55,151 INFO sqlalchemy.engine.Engine [generated in 0.00018s] ('98107dd6-e7e6-4cb2-a703-326c3b1816d2',)
2025-12-04 17:56:55,152 INFO sqlalchemy.engine.Engine SELECT players.id AS players_id, players.razzball_id AS players_razzball_id, players.name AS players_name, players.team AS players_team, players.position AS players_position, players.fantrax_id AS players_fantrax_id, players.nfbc_id AS players_nfbc_id, players.created_at AS players_created_at 
FROM players 
WHERE players.fantrax_id = ?
 LIMIT ? OFFSET ?
2025-12-04 17:56:55,152 INFO sqlalchemy.engine.Engine [cached since 0.02622s ago] ('*03ynj*', 1, 0)
2025-12-04 17:56:55,153 INFO sqlalchemy.engine.Engine SELECT players.id AS players_id, players.razzball_id AS players_razzball_id, players.name AS players_name, players.team AS players_team, players.position AS players_position, players.fantrax_id AS players_fantrax_id, players.nfbc_id AS players_nfbc_id, players.created_at AS players_created_at 
FROM players 
WHERE players.team = ? AND players.position LIKE ?
2025-12-04 17:56:55,153 INFO sqlalchemy.engine.Engine [cached since 0.02545s ago] ('NYM', '%OF%')
2025-12-04 17:56:55,153 INFO sqlalchemy.engine.Engine SELECT players.id AS players_id, players.razzball_id AS players_razzball_id, players.name AS players_name, players.team AS players_team, players.position AS players_position, players.fantrax_id AS players_fantrax_id, players.nfbc_id AS players_nfbc_id, players.created_at AS players_created_at 
FROM players
2025-12-04 17:56:55,153 INFO sqlalchemy.engine.Engine [cached since 0.9453s ago] ()
2025-12-04 17:56:55,166 INFO sqlalchemy.engine.Engine INSERT INTO players (razzball_id, name, team, position, fantrax_id, nfbc_id, created_at) VALUES (?, ?, ?, ?, ?, ?, ?)
2025-12-04 17:56:55,166 INFO sqlalchemy.engine.Engine [cached since 1.379s ago] (None, 'Juan Soto', 'NYM', 'OF', '*03ynj*', None, '2025-12-04 12:56:55.166346')
2025-12-04 17:56:55,168 INFO sqlalchemy.engine.Engine INSERT INTO rosters (league_id, player_id, team_owner, status, created_at) VALUES (?, ?, ?, ?, ?)
2025-12-04 17:56:55,168 INFO sqlalchemy.engine.Engine [generated in 0.00028s] ('98107dd6-e7e6-4cb2-a703-326c3b1816d2', 130, 'AA', None, '2025-12-04 12:56:55.168315')
2025-12-04 17:56:55,169 INFO sqlalchemy.engine.Engine COMMIT
2025-12-04 17:56:55,175 INFO sqlalchemy.engine.Engine BEGIN (implicit)
2025-12-04 17:56:55,175 INFO sqlalchemy.engine.Engine SELECT players.id, players.razzball_id, players.name, players.team, players.position, players.fantrax_id, players.nfbc_id, players.created_at 
FROM players 
WHERE players.id = ?
2025-12-04 17:56:55,175 INFO sqlalchemy.engine.Engine [cached since 0.02598s ago] (131,)
2025-12-04 17:56:55,176 INFO sqlalchemy.engine.Engine SELECT leagues.id AS leagues_id, leagues.user_id AS leagues_user_id, leagues.league_type AS leagues_league_type, leagues.csv_filename AS leagues_csv_filename, leagues.uploaded_at AS leagues_uploaded_at 
FROM leagues 
WHERE leagues.id = ?
2025-12-04 17:56:55,176 INFO sqlalchemy.engine.Engine [cached since 0.02496s ago] ('98107dd6-e7e6-4cb2-a703-326c3b1816d2',)
2025-12-04 17:56:55,177 INFO sqlalchemy.engine.Engine SELECT players.id AS players_id, players.razzball_id AS players_razzball_id, players.name AS players_name, players.team AS players_team, players.position AS players_position, players.fantrax_id AS players_fantrax_id, players.nfbc_id AS players_nfbc_id, players.created_at AS players_created_at 
FROM players 
WHERE players.fantrax_id = ?
 LIMIT ? OFFSET ?
2025-12-04 17:56:55,177 INFO sqlalchemy.engine.Engine [cached since 0.05088s ago] ('*01gya*', 1, 0)
2025-12-04 17:56:55,178 INFO sqlalchemy.engine.Engine SELECT players.id AS players_id, players.razzball_id AS players_razzball_id, players.name AS players_name, players.team AS players_team, players.position AS players_position, players.fantrax_id AS players_fantrax_id, players.nfbc_id AS players_nfbc_id, players.created_at AS players_created_at 
FROM players 
WHERE players.team = ? AND players.position LIKE ?
2025-12-04 17:56:55,178 INFO sqlalchemy.engine.Engine [cached since 0.05025s ago] ('BOS', '%RP%')
2025-12-04 17:56:55,179 INFO sqlalchemy.engine.Engine SELECT players.id AS players_id, players.razzball_id AS players_razzball_id, players.name AS players_name, players.team AS players_team, players.position AS players_position, players.fantrax_id AS players_fantrax_id, players.nfbc_id AS players_nfbc_id, players.created_at AS players_created_at 
FROM players
2025-12-04 17:56:55,180 INFO sqlalchemy.engine.Engine [cached since 0.9715s ago] ()
2025-12-04 17:56:55,192 INFO sqlalchemy.engine.Engine INSERT INTO players (razzball_id, name, team, position, fantrax_id, nfbc_id, created_at) VALUES (?, ?, ?, ?, ?, ?, ?)
2025-12-04 17:56:55,192 INFO sqlalchemy.engine.Engine [cached since 1.405s ago] (None, 'Aroldis Chapman', 'BOS', 'RP', '*01gya*', None, '2025-12-04 12:56:55.192276')
2025-12-04 17:56:55,194 INFO sqlalchemy.engine.Engine INSERT INTO rosters (league_id, player_id, team_owner, status, created_at) VALUES (?, ?, ?, ?, ?)
2025-12-04 17:56:55,195 INFO sqlalchemy.engine.Engine [cached since 0.02661s ago] ('98107dd6-e7e6-4cb2-a703-326c3b1816d2', 131, 'MG', None, '2025-12-04 12:56:55.194243')
2025-12-04 17:56:55,196 INFO sqlalchemy.engine.Engine COMMIT
2025-12-04 17:56:55,203 INFO sqlalchemy.engine.Engine BEGIN (implicit)
2025-12-04 17:56:55,203 INFO sqlalchemy.engine.Engine SELECT players.id, players.razzball_id, players.name, players.team, players.position, players.fantrax_id, players.nfbc_id, players.created_at 
FROM players 
WHERE players.id = ?
2025-12-04 17:56:55,204 INFO sqlalchemy.engine.Engine [cached since 0.0544s ago] (132,)
2025-12-04 17:56:55,205 INFO sqlalchemy.engine.Engine SELECT leagues.id AS leagues_id, leagues.user_id AS leagues_user_id, leagues.league_type AS leagues_league_type, leagues.csv_filename AS leagues_csv_filename, leagues.uploaded_at AS leagues_uploaded_at 
FROM leagues 
WHERE leagues.id = ?
2025-12-04 17:56:55,205 INFO sqlalchemy.engine.Engine [cached since 0.05382s ago] ('98107dd6-e7e6-4cb2-a703-326c3b1816d2',)
2025-12-04 17:56:55,206 INFO sqlalchemy.engine.Engine SELECT players.id AS players_id, players.razzball_id AS players_razzball_id, players.name AS players_name, players.team AS players_team, players.position AS players_position, players.fantrax_id AS players_fantrax_id, players.nfbc_id AS players_nfbc_id, players.created_at AS players_created_at 
FROM players 
WHERE players.fantrax_id = ?
 LIMIT ? OFFSET ?
2025-12-04 17:56:55,206 INFO sqlalchemy.engine.Engine [cached since 0.08026s ago] ('*02my5*', 1, 0)
2025-12-04 17:56:55,207 INFO sqlalchemy.engine.Engine SELECT players.id AS players_id, players.razzball_id AS players_razzball_id, players.name AS players_name, players.team AS players_team, players.position AS players_position, players.fantrax_id AS players_fantrax_id, players.nfbc_id AS players_nfbc_id, players.created_at AS players_created_at 
FROM players 
WHERE players.team = ? AND players.position LIKE ?
2025-12-04 17:56:55,207 INFO sqlalchemy.engine.Engine [cached since 0.07949s ago] ('NYM', '%RP%')
2025-12-04 17:56:55,208 INFO sqlalchemy.engine.Engine SELECT players.id AS players_id, players.razzball_id AS players_razzball_id, players.name AS players_name, players.team AS players_team, players.position AS players_position, players.fantrax_id AS players_fantrax_id, players.nfbc_id AS players_nfbc_id, players.created_at AS players_created_at 
FROM players
2025-12-04 17:56:55,208 INFO sqlalchemy.engine.Engine [cached since 0.9994s ago] ()
2025-12-04 17:56:55,217 INFO sqlalchemy.engine.Engine INSERT INTO players (razzball_id, name, team, position, fantrax_id, nfbc_id, created_at) VALUES (?, ?, ?, ?, ?, ?, ?)
2025-12-04 17:56:55,218 INFO sqlalchemy.engine.Engine [cached since 1.43s ago] (None, 'Edwin Diaz', 'NYM', 'RP', '*02my5*', None, '2025-12-04 12:56:55.217210')
2025-12-04 17:56:55,219 INFO sqlalchemy.engine.Engine INSERT INTO rosters (league_id, player_id, team_owner, status, created_at) VALUES (?, ?, ?, ?, ?)
2025-12-04 17:56:55,220 INFO sqlalchemy.engine.Engine [cached since 0.05132s ago] ('98107dd6-e7e6-4cb2-a703-326c3b1816d2', 132, 'Doc', None, '2025-12-04 12:56:55.219178')
2025-12-04 17:56:55,220 INFO sqlalchemy.engine.Engine COMMIT
2025-12-04 17:56:55,226 INFO sqlalchemy.engine.Engine BEGIN (implicit)
2025-12-04 17:56:55,226 INFO sqlalchemy.engine.Engine SELECT players.id, players.razzball_id, players.name, players.team, players.position, players.fantrax_id, players.nfbc_id, players.created_at 
FROM players 
WHERE players.id = ?
2025-12-04 17:56:55,226 INFO sqlalchemy.engine.Engine [cached since 0.07678s ago] (133,)
2025-12-04 17:56:55,227 INFO sqlalchemy.engine.Engine SELECT leagues.id AS leagues_id, leagues.user_id AS leagues_user_id, leagues.league_type AS leagues_league_type, leagues.csv_filename AS leagues_csv_filename, leagues.uploaded_at AS leagues_uploaded_at 
FROM leagues 
WHERE leagues.id = ?
2025-12-04 17:56:55,227 INFO sqlalchemy.engine.Engine [cached since 0.07575s ago] ('98107dd6-e7e6-4cb2-a703-326c3b1816d2',)
2025-12-04 17:56:55,228 INFO sqlalchemy.engine.Engine SELECT players.id AS players_id, players.razzball_id AS players_razzball_id, players.name AS players_name, players.team AS players_team, players.position AS players_position, players.fantrax_id AS players_fantrax_id, players.nfbc_id AS players_nfbc_id, players.created_at AS players_created_at 
FROM players 
WHERE players.fantrax_id = ?
 LIMIT ? OFFSET ?
2025-12-04 17:56:55,228 INFO sqlalchemy.engine.Engine [cached since 0.1021s ago] ('*04ptt*', 1, 0)
2025-12-04 17:56:55,230 INFO sqlalchemy.engine.Engine SELECT players.id AS players_id, players.razzball_id AS players_razzball_id, players.name AS players_name, players.team AS players_team, players.position AS players_position, players.fantrax_id AS players_fantrax_id, players.nfbc_id AS players_nfbc_id, players.created_at AS players_created_at 
FROM players 
WHERE players.team = ? AND players.position LIKE ?
2025-12-04 17:56:55,230 INFO sqlalchemy.engine.Engine [cached since 0.1022s ago] ('DET', '%SP%')
2025-12-04 17:56:55,231 INFO sqlalchemy.engine.Engine SELECT players.id AS players_id, players.razzball_id AS players_razzball_id, players.name AS players_name, players.team AS players_team, players.position AS players_position, players.fantrax_id AS players_fantrax_id, players.nfbc_id AS players_nfbc_id, players.created_at AS players_created_at 
FROM players
2025-12-04 17:56:55,231 INFO sqlalchemy.engine.Engine [cached since 1.023s ago] ()
2025-12-04 17:56:55,241 INFO sqlalchemy.engine.Engine INSERT INTO players (razzball_id, name, team, position, fantrax_id, nfbc_id, created_at) VALUES (?, ?, ?, ?, ?, ?, ?)
2025-12-04 17:56:55,242 INFO sqlalchemy.engine.Engine [cached since 1.454s ago] (None, 'Tarik Skubal', 'DET', 'SP', '*04ptt*', None, '2025-12-04 12:56:55.241152')
2025-12-04 17:56:55,243 INFO sqlalchemy.engine.Engine INSERT INTO rosters (league_id, player_id, team_owner, status, created_at) VALUES (?, ?, ?, ?, ?)
2025-12-04 17:56:55,243 INFO sqlalchemy.engine.Engine [cached since 0.0749s ago] ('98107dd6-e7e6-4cb2-a703-326c3b1816d2', 133, 'AA', None, '2025-12-04 12:56:55.243114')
2025-12-04 17:56:55,244 INFO sqlalchemy.engine.Engine COMMIT
2025-12-04 17:56:55,250 INFO sqlalchemy.engine.Engine BEGIN (implicit)
2025-12-04 17:56:55,251 INFO sqlalchemy.engine.Engine SELECT players.id, players.razzball_id, players.name, players.team, players.position, players.fantrax_id, players.nfbc_id, players.created_at 
FROM players 
WHERE players.id = ?
2025-12-04 17:56:55,251 INFO sqlalchemy.engine.Engine [cached since 0.1013s ago] (134,)
2025-12-04 17:56:55,251 INFO sqlalchemy.engine.Engine SELECT leagues.id AS leagues_id, leagues.user_id AS leagues_user_id, leagues.league_type AS leagues_league_type, leagues.csv_filename AS leagues_csv_filename, leagues.uploaded_at AS leagues_uploaded_at 
FROM leagues 
WHERE leagues.id = ?
2025-12-04 17:56:55,251 INFO sqlalchemy.engine.Engine [cached since 0.1004s ago] ('98107dd6-e7e6-4cb2-a703-326c3b1816d2',)
2025-12-04 17:56:55,252 INFO sqlalchemy.engine.Engine SELECT players.id AS players_id, players.razzball_id AS players_razzball_id, players.name AS players_name, players.team AS players_team, players.position AS players_position, players.fantrax_id AS players_fantrax_id, players.nfbc_id AS players_nfbc_id, players.created_at AS players_created_at 
FROM players 
WHERE players.fantrax_id = ?
 LIMIT ? OFFSET ?
2025-12-04 17:56:55,252 INFO sqlalchemy.engine.Engine [cached since 0.1262s ago] ('*02i2j*', 1, 0)
2025-12-04 17:56:55,253 INFO sqlalchemy.engine.Engine SELECT players.id AS players_id, players.razzball_id AS players_razzball_id, players.name AS players_name, players.team AS players_team, players.position AS players_position, players.fantrax_id AS players_fantrax_id, players.nfbc_id AS players_nfbc_id, players.created_at AS players_created_at 
FROM players 
WHERE players.team = ? AND players.position LIKE ?
2025-12-04 17:56:55,253 INFO sqlalchemy.engine.Engine [cached since 0.1254s ago] ('NYY', '%SP%')
2025-12-04 17:56:55,253 INFO sqlalchemy.engine.Engine SELECT players.id AS players_id, players.razzball_id AS players_razzball_id, players.name AS players_name, players.team AS players_team, players.position AS players_position, players.fantrax_id AS players_fantrax_id, players.nfbc_id AS players_nfbc_id, players.created_at AS players_created_at 
FROM players
2025-12-04 17:56:55,254 INFO sqlalchemy.engine.Engine [cached since 1.045s ago] ()
2025-12-04 17:56:55,263 INFO sqlalchemy.engine.Engine INSERT INTO players (razzball_id, name, team, position, fantrax_id, nfbc_id, created_at) VALUES (?, ?, ?, ?, ?, ?, ?)
2025-12-04 17:56:55,264 INFO sqlalchemy.engine.Engine [cached since 1.476s ago] (None, 'Max Fried', 'NYY', 'SP', '*02i2j*', None, '2025-12-04 12:56:55.263062')
2025-12-04 17:56:55,266 INFO sqlalchemy.engine.Engine INSERT INTO rosters (league_id, player_id, team_owner, status, created_at) VALUES (?, ?, ?, ?, ?)
2025-12-04 17:56:55,266 INFO sqlalchemy.engine.Engine [cached since 0.09735s ago] ('98107dd6-e7e6-4cb2-a703-326c3b1816d2', 134, 'SW', None, '2025-12-04 12:56:55.266055')
2025-12-04 17:56:55,266 INFO sqlalchemy.engine.Engine COMMIT
2025-12-04 17:56:55,272 INFO sqlalchemy.engine.Engine BEGIN (implicit)
2025-12-04 17:56:55,272 INFO sqlalchemy.engine.Engine SELECT players.id, players.razzball_id, players.name, players.team, players.position, players.fantrax_id, players.nfbc_id, players.created_at 
FROM players 
WHERE players.id = ?
2025-12-04 17:56:55,273 INFO sqlalchemy.engine.Engine [cached since 0.1232s ago] (135,)
2025-12-04 17:56:55,273 INFO sqlalchemy.engine.Engine SELECT leagues.id AS leagues_id, leagues.user_id AS leagues_user_id, leagues.league_type AS leagues_league_type, leagues.csv_filename AS leagues_csv_filename, leagues.uploaded_at AS leagues_uploaded_at 
FROM leagues 
WHERE leagues.id = ?
2025-12-04 17:56:55,273 INFO sqlalchemy.engine.Engine [cached since 0.1221s ago] ('98107dd6-e7e6-4cb2-a703-326c3b1816d2',)
2025-12-04 17:56:55,274 INFO sqlalchemy.engine.Engine SELECT players.id AS players_id, players.razzball_id AS players_razzball_id, players.name AS players_name, players.team AS players_team, players.position AS players_position, players.fantrax_id AS players_fantrax_id, players.nfbc_id AS players_nfbc_id, players.created_at AS players_created_at 
FROM players 
WHERE players.fantrax_id = ?
 LIMIT ? OFFSET ?
2025-12-04 17:56:55,274 INFO sqlalchemy.engine.Engine [cached since 0.148s ago] ('*03dc4*', 1, 0)
2025-12-04 17:56:55,275 INFO sqlalchemy.engine.Engine SELECT players.id AS players_id, players.razzball_id AS players_razzball_id, players.name AS players_name, players.team AS players_team, players.position AS players_position, players.fantrax_id AS players_fantrax_id, players.nfbc_id AS players_nfbc_id, players.created_at AS players_created_at 
FROM players 
WHERE players.team = ? AND players.position LIKE ?
2025-12-04 17:56:55,275 INFO sqlalchemy.engine.Engine [cached since 0.147s ago] ('MIL', '%SP%')
2025-12-04 17:56:55,275 INFO sqlalchemy.engine.Engine SELECT players.id AS players_id, players.razzball_id AS players_razzball_id, players.name AS players_name, players.team AS players_team, players.position AS players_position, players.fantrax_id AS players_fantrax_id, players.nfbc_id AS players_nfbc_id, players.created_at AS players_created_at 
FROM players
2025-12-04 17:56:55,275 INFO sqlalchemy.engine.Engine [cached since 1.067s ago] ()
2025-12-04 17:56:55,287 INFO sqlalchemy.engine.Engine INSERT INTO players (razzball_id, name, team, position, fantrax_id, nfbc_id, created_at) VALUES (?, ?, ?, ?, ?, ?, ?)
2025-12-04 17:56:55,288 INFO sqlalchemy.engine.Engine [cached since 1.5s ago] (None, 'Freddy Peralta', 'MIL', 'SP', '*03dc4*', None, '2025-12-04 12:56:55.287022')
2025-12-04 17:56:55,289 INFO sqlalchemy.engine.Engine INSERT INTO rosters (league_id, player_id, team_owner, status, created_at) VALUES (?, ?, ?, ?, ?)
2025-12-04 17:56:55,289 INFO sqlalchemy.engine.Engine [cached since 0.1215s ago] ('98107dd6-e7e6-4cb2-a703-326c3b1816d2', 135, 'Doc', None, '2025-12-04 12:56:55.289993')
2025-12-04 17:56:55,290 INFO sqlalchemy.engine.Engine COMMIT
2025-12-04 17:56:55,296 INFO sqlalchemy.engine.Engine BEGIN (implicit)
2025-12-04 17:56:55,297 INFO sqlalchemy.engine.Engine SELECT players.id, players.razzball_id, players.name, players.team, players.position, players.fantrax_id, players.nfbc_id, players.created_at 
FROM players 
WHERE players.id = ?
2025-12-04 17:56:55,297 INFO sqlalchemy.engine.Engine [cached since 0.1483s ago] (136,)
2025-12-04 17:56:55,298 INFO sqlalchemy.engine.Engine SELECT leagues.id AS leagues_id, leagues.user_id AS leagues_user_id, leagues.league_type AS leagues_league_type, leagues.csv_filename AS leagues_csv_filename, leagues.uploaded_at AS leagues_uploaded_at 
FROM leagues 
WHERE leagues.id = ?
2025-12-04 17:56:55,298 INFO sqlalchemy.engine.Engine [cached since 0.1475s ago] ('98107dd6-e7e6-4cb2-a703-326c3b1816d2',)
2025-12-04 17:56:55,299 INFO sqlalchemy.engine.Engine SELECT players.id AS players_id, players.razzball_id AS players_razzball_id, players.name AS players_name, players.team AS players_team, players.position AS players_position, players.fantrax_id AS players_fantrax_id, players.nfbc_id AS players_nfbc_id, players.created_at AS players_created_at 
FROM players 
WHERE players.fantrax_id = ?
 LIMIT ? OFFSET ?
2025-12-04 17:56:55,299 INFO sqlalchemy.engine.Engine [cached since 0.1737s ago] ('*05y62*', 1, 0)
2025-12-04 17:56:55,300 INFO sqlalchemy.engine.Engine SELECT players.id AS players_id, players.razzball_id AS players_razzball_id, players.name AS players_name, players.team AS players_team, players.position AS players_position, players.fantrax_id AS players_fantrax_id, players.nfbc_id AS players_nfbc_id, players.created_at AS players_created_at 
FROM players 
WHERE players.team = ? AND players.position LIKE ?
2025-12-04 17:56:55,300 INFO sqlalchemy.engine.Engine [cached since 0.1729s ago] ('SEA', '%SP%')
2025-12-04 17:56:55,300 INFO sqlalchemy.engine.Engine SELECT players.id AS players_id, players.razzball_id AS players_razzball_id, players.name AS players_name, players.team AS players_team, players.position AS players_position, players.fantrax_id AS players_fantrax_id, players.nfbc_id AS players_nfbc_id, players.created_at AS players_created_at 
FROM players
2025-12-04 17:56:55,300 INFO sqlalchemy.engine.Engine [cached since 1.093s ago] ()
2025-12-04 17:56:55,309 INFO sqlalchemy.engine.Engine INSERT INTO players (razzball_id, name, team, position, fantrax_id, nfbc_id, created_at) VALUES (?, ?, ?, ?, ?, ?, ?)
2025-12-04 17:56:55,309 INFO sqlalchemy.engine.Engine [cached since 1.523s ago] (None, 'Bryan Woo', 'SEA', 'SP', '*05y62*', None, '2025-12-04 12:56:55.309936')
2025-12-04 17:56:55,313 INFO sqlalchemy.engine.Engine INSERT INTO rosters (league_id, player_id, team_owner, status, created_at) VALUES (?, ?, ?, ?, ?)
2025-12-04 17:56:55,313 INFO sqlalchemy.engine.Engine [cached since 0.1454s ago] ('98107dd6-e7e6-4cb2-a703-326c3b1816d2', 136, 'AR', None, '2025-12-04 12:56:55.312929')
2025-12-04 17:56:55,314 INFO sqlalchemy.engine.Engine COMMIT
2025-12-04 17:56:55,320 INFO sqlalchemy.engine.Engine BEGIN (implicit)
2025-12-04 17:56:55,320 INFO sqlalchemy.engine.Engine SELECT players.id, players.razzball_id, players.name, players.team, players.position, players.fantrax_id, players.nfbc_id, players.created_at 
FROM players 
WHERE players.id = ?
2025-12-04 17:56:55,320 INFO sqlalchemy.engine.Engine [cached since 0.1719s ago] (137,)
2025-12-04 17:56:55,321 INFO sqlalchemy.engine.Engine SELECT leagues.id AS leagues_id, leagues.user_id AS leagues_user_id, leagues.league_type AS leagues_league_type, leagues.csv_filename AS leagues_csv_filename, leagues.uploaded_at AS leagues_uploaded_at 
FROM leagues 
WHERE leagues.id = ?
2025-12-04 17:56:55,321 INFO sqlalchemy.engine.Engine [cached since 0.1708s ago] ('98107dd6-e7e6-4cb2-a703-326c3b1816d2',)
2025-12-04 17:56:55,322 INFO sqlalchemy.engine.Engine SELECT players.id AS players_id, players.razzball_id AS players_razzball_id, players.name AS players_name, players.team AS players_team, players.position AS players_position, players.fantrax_id AS players_fantrax_id, players.nfbc_id AS players_nfbc_id, players.created_at AS players_created_at 
FROM players 
WHERE players.fantrax_id = ?
 LIMIT ? OFFSET ?
2025-12-04 17:56:55,322 INFO sqlalchemy.engine.Engine [cached since 0.1967s ago] ('*02c2r*', 1, 0)
2025-12-04 17:56:55,323 INFO sqlalchemy.engine.Engine SELECT players.id AS players_id, players.razzball_id AS players_razzball_id, players.name AS players_name, players.team AS players_team, players.position AS players_position, players.fantrax_id AS players_fantrax_id, players.nfbc_id AS players_nfbc_id, players.created_at AS players_created_at 
FROM players 
WHERE players.team = ? AND players.position LIKE ?
2025-12-04 17:56:55,323 INFO sqlalchemy.engine.Engine [cached since 0.1958s ago] ('NYY', '%SP%')
2025-12-04 17:56:55,324 INFO sqlalchemy.engine.Engine INSERT INTO players (razzball_id, name, team, position, fantrax_id, nfbc_id, created_at) VALUES (?, ?, ?, ?, ?, ?, ?)
2025-12-04 17:56:55,324 INFO sqlalchemy.engine.Engine [cached since 1.537s ago] (None, 'Carlos Rodon', 'NYY', 'SP', '*02c2r*', None, '2025-12-04 12:56:55.324894')
2025-12-04 17:56:55,325 INFO sqlalchemy.engine.Engine INSERT INTO rosters (league_id, player_id, team_owner, status, created_at) VALUES (?, ?, ?, ?, ?)
2025-12-04 17:56:55,325 INFO sqlalchemy.engine.Engine [cached since 0.1576s ago] ('98107dd6-e7e6-4cb2-a703-326c3b1816d2', 137, 'SW', None, '2025-12-04 12:56:55.325891')
2025-12-04 17:56:55,326 INFO sqlalchemy.engine.Engine COMMIT
2025-12-04 17:56:55,333 INFO sqlalchemy.engine.Engine BEGIN (implicit)
2025-12-04 17:56:55,333 INFO sqlalchemy.engine.Engine SELECT players.id, players.razzball_id, players.name, players.team, players.position, players.fantrax_id, players.nfbc_id, players.created_at 
FROM players 
WHERE players.id = ?
2025-12-04 17:56:55,333 INFO sqlalchemy.engine.Engine [cached since 0.1846s ago] (138,)
2025-12-04 17:56:55,334 INFO sqlalchemy.engine.Engine SELECT leagues.id AS leagues_id, leagues.user_id AS leagues_user_id, leagues.league_type AS leagues_league_type, leagues.csv_filename AS leagues_csv_filename, leagues.uploaded_at AS leagues_uploaded_at 
FROM leagues 
WHERE leagues.id = ?
2025-12-04 17:56:55,334 INFO sqlalchemy.engine.Engine [cached since 0.1837s ago] ('98107dd6-e7e6-4cb2-a703-326c3b1816d2',)
2025-12-04 17:56:55,335 INFO sqlalchemy.engine.Engine SELECT players.id AS players_id, players.razzball_id AS players_razzball_id, players.name AS players_name, players.team AS players_team, players.position AS players_position, players.fantrax_id AS players_fantrax_id, players.nfbc_id AS players_nfbc_id, players.created_at AS players_created_at 
FROM players 
WHERE players.fantrax_id = ?
 LIMIT ? OFFSET ?
2025-12-04 17:56:55,335 INFO sqlalchemy.engine.Engine [cached since 0.2101s ago] ('*02n96*', 1, 0)
2025-12-04 17:56:55,336 INFO sqlalchemy.engine.Engine SELECT players.id AS players_id, players.razzball_id AS players_razzball_id, players.name AS players_name, players.team AS players_team, players.position AS players_position, players.fantrax_id AS players_fantrax_id, players.nfbc_id AS players_nfbc_id, players.created_at AS players_created_at 
FROM players 
WHERE players.team = ? AND players.position LIKE ?
2025-12-04 17:56:55,336 INFO sqlalchemy.engine.Engine [cached since 0.2093s ago] ('HOU', '%RP%')
2025-12-04 17:56:55,337 INFO sqlalchemy.engine.Engine SELECT players.id AS players_id, players.razzball_id AS players_razzball_id, players.name AS players_name, players.team AS players_team, players.position AS players_position, players.fantrax_id AS players_fantrax_id, players.nfbc_id AS players_nfbc_id, players.created_at AS players_created_at 
FROM players
2025-12-04 17:56:55,337 INFO sqlalchemy.engine.Engine [cached since 1.129s ago] ()
2025-12-04 17:56:55,349 INFO sqlalchemy.engine.Engine INSERT INTO players (razzball_id, name, team, position, fantrax_id, nfbc_id, created_at) VALUES (?, ?, ?, ?, ?, ?, ?)
2025-12-04 17:56:55,349 INFO sqlalchemy.engine.Engine [cached since 1.562s ago] (None, 'Josh Hader', 'HOU', 'RP', '*02n96*', None, '2025-12-04 12:56:55.349830')
2025-12-04 17:56:55,351 INFO sqlalchemy.engine.Engine INSERT INTO rosters (league_id, player_id, team_owner, status, created_at) VALUES (?, ?, ?, ?, ?)
2025-12-04 17:56:55,351 INFO sqlalchemy.engine.Engine [cached since 0.1834s ago] ('98107dd6-e7e6-4cb2-a703-326c3b1816d2', 138, 'BE', None, '2025-12-04 12:56:55.351834')
2025-12-04 17:56:55,351 INFO sqlalchemy.engine.Engine COMMIT
2025-12-04 17:56:55,358 INFO sqlalchemy.engine.Engine BEGIN (implicit)
2025-12-04 17:56:55,358 INFO sqlalchemy.engine.Engine SELECT players.id, players.razzball_id, players.name, players.team, players.position, players.fantrax_id, players.nfbc_id, players.created_at 
FROM players 
WHERE players.id = ?
2025-12-04 17:56:55,358 INFO sqlalchemy.engine.Engine [cached since 0.2094s ago] (139,)
2025-12-04 17:56:55,359 INFO sqlalchemy.engine.Engine SELECT leagues.id AS leagues_id, leagues.user_id AS leagues_user_id, leagues.league_type AS leagues_league_type, leagues.csv_filename AS leagues_csv_filename, leagues.uploaded_at AS leagues_uploaded_at 
FROM leagues 
WHERE leagues.id = ?
2025-12-04 17:56:55,359 INFO sqlalchemy.engine.Engine [cached since 0.2084s ago] ('98107dd6-e7e6-4cb2-a703-326c3b1816d2',)
2025-12-04 17:56:55,359 INFO sqlalchemy.engine.Engine SELECT players.id AS players_id, players.razzball_id AS players_razzball_id, players.name AS players_name, players.team AS players_team, players.position AS players_position, players.fantrax_id AS players_fantrax_id, players.nfbc_id AS players_nfbc_id, players.created_at AS players_created_at 
FROM players 
WHERE players.fantrax_id = ?
 LIMIT ? OFFSET ?
2025-12-04 17:56:55,360 INFO sqlalchemy.engine.Engine [cached since 0.2343s ago] ('*04apj*', 1, 0)
2025-12-04 17:56:55,361 INFO sqlalchemy.engine.Engine SELECT players.id AS players_id, players.razzball_id AS players_razzball_id, players.name AS players_name, players.team AS players_team, players.position AS players_position, players.fantrax_id AS players_fantrax_id, players.nfbc_id AS players_nfbc_id, players.created_at AS players_created_at 
FROM players 
WHERE players.team = ? AND players.position LIKE ?
2025-12-04 17:56:55,361 INFO sqlalchemy.engine.Engine [cached since 0.234s ago] ('MIN/PHI', '%RP%')
2025-12-04 17:56:55,363 INFO sqlalchemy.engine.Engine SELECT players.id AS players_id, players.razzball_id AS players_razzball_id, players.name AS players_name, players.team AS players_team, players.position AS players_position, players.fantrax_id AS players_fantrax_id, players.nfbc_id AS players_nfbc_id, players.created_at AS players_created_at 
FROM players
2025-12-04 17:56:55,363 INFO sqlalchemy.engine.Engine [cached since 1.155s ago] ()
2025-12-04 17:56:55,373 INFO sqlalchemy.engine.Engine INSERT INTO players (razzball_id, name, team, position, fantrax_id, nfbc_id, created_at) VALUES (?, ?, ?, ?, ?, ?, ?)
2025-12-04 17:56:55,373 INFO sqlalchemy.engine.Engine [cached since 1.586s ago] (None, 'Jhoan Duran', 'MIN/PHI', 'RP', '*04apj*', None, '2025-12-04 12:56:55.373790')
2025-12-04 17:56:55,375 INFO sqlalchemy.engine.Engine INSERT INTO rosters (league_id, player_id, team_owner, status, created_at) VALUES (?, ?, ?, ?, ?)
2025-12-04 17:56:55,375 INFO sqlalchemy.engine.Engine [cached since 0.2072s ago] ('98107dd6-e7e6-4cb2-a703-326c3b1816d2', 139, 'TMcL', None, '2025-12-04 12:56:55.375758')
2025-12-04 17:56:55,375 INFO sqlalchemy.engine.Engine COMMIT
2025-12-04 17:56:55,382 INFO sqlalchemy.engine.Engine BEGIN (implicit)
2025-12-04 17:56:55,382 INFO sqlalchemy.engine.Engine SELECT players.id, players.razzball_id, players.name, players.team, players.position, players.fantrax_id, players.nfbc_id, players.created_at 
FROM players 
WHERE players.id = ?
2025-12-04 17:56:55,382 INFO sqlalchemy.engine.Engine [cached since 0.2336s ago] (140,)
2025-12-04 17:56:55,383 INFO sqlalchemy.engine.Engine SELECT leagues.id AS leagues_id, leagues.user_id AS leagues_user_id, leagues.league_type AS leagues_league_type, leagues.csv_filename AS leagues_csv_filename, leagues.uploaded_at AS leagues_uploaded_at 
FROM leagues 
WHERE leagues.id = ?
2025-12-04 17:56:55,384 INFO sqlalchemy.engine.Engine [cached since 0.2331s ago] ('98107dd6-e7e6-4cb2-a703-326c3b1816d2',)
2025-12-04 17:56:55,384 INFO sqlalchemy.engine.Engine SELECT players.id AS players_id, players.razzball_id AS players_razzball_id, players.name AS players_name, players.team AS players_team, players.position AS players_position, players.fantrax_id AS players_fantrax_id, players.nfbc_id AS players_nfbc_id, players.created_at AS players_created_at 
FROM players 
WHERE players.fantrax_id = ?
 LIMIT ? OFFSET ?
2025-12-04 17:56:55,385 INFO sqlalchemy.engine.Engine [cached since 0.2592s ago] ('*0403o*', 1, 0)
2025-12-04 17:56:55,386 INFO sqlalchemy.engine.Engine SELECT players.id AS players_id, players.razzball_id AS players_razzball_id, players.name AS players_name, players.team AS players_team, players.position AS players_position, players.fantrax_id AS players_fantrax_id, players.nfbc_id AS players_nfbc_id, players.created_at AS players_created_at 
FROM players 
WHERE players.team = ? AND players.position LIKE ?
2025-12-04 17:56:55,386 INFO sqlalchemy.engine.Engine [cached since 0.2587s ago] ('SEA', '%RP%')
2025-12-04 17:56:55,386 INFO sqlalchemy.engine.Engine SELECT players.id AS players_id, players.razzball_id AS players_razzball_id, players.name AS players_name, players.team AS players_team, players.position AS players_position, players.fantrax_id AS players_fantrax_id, players.nfbc_id AS players_nfbc_id, players.created_at AS players_created_at 
FROM players
2025-12-04 17:56:55,386 INFO sqlalchemy.engine.Engine [cached since 1.179s ago] ()
2025-12-04 17:56:55,396 INFO sqlalchemy.engine.Engine INSERT INTO players (razzball_id, name, team, position, fantrax_id, nfbc_id, created_at) VALUES (?, ?, ?, ?, ?, ?, ?)
2025-12-04 17:56:55,397 INFO sqlalchemy.engine.Engine [cached since 1.61s ago] (None, 'Andres Munoz', 'SEA', 'RP', '*0403o*', None, '2025-12-04 12:56:55.396716')
2025-12-04 17:56:55,399 INFO sqlalchemy.engine.Engine INSERT INTO rosters (league_id, player_id, team_owner, status, created_at) VALUES (?, ?, ?, ?, ?)
2025-12-04 17:56:55,399 INFO sqlalchemy.engine.Engine [cached since 0.231s ago] ('98107dd6-e7e6-4cb2-a703-326c3b1816d2', 140, 'Doc', None, '2025-12-04 12:56:55.399696')
2025-12-04 17:56:55,399 INFO sqlalchemy.engine.Engine COMMIT
2025-12-04 17:56:55,405 INFO sqlalchemy.engine.Engine BEGIN (implicit)
2025-12-04 17:56:55,405 INFO sqlalchemy.engine.Engine SELECT players.id, players.razzball_id, players.name, players.team, players.position, players.fantrax_id, players.nfbc_id, players.created_at 
FROM players 
WHERE players.id = ?
2025-12-04 17:56:55,405 INFO sqlalchemy.engine.Engine [cached since 0.2567s ago] (141,)
2025-12-04 17:56:55,406 INFO sqlalchemy.engine.Engine SELECT leagues.id AS leagues_id, leagues.user_id AS leagues_user_id, leagues.league_type AS leagues_league_type, leagues.csv_filename AS leagues_csv_filename, leagues.uploaded_at AS leagues_uploaded_at 
FROM leagues 
WHERE leagues.id = ?
2025-12-04 17:56:55,406 INFO sqlalchemy.engine.Engine [cached since 0.2557s ago] ('98107dd6-e7e6-4cb2-a703-326c3b1816d2',)
2025-12-04 17:56:55,407 INFO sqlalchemy.engine.Engine SELECT players.id AS players_id, players.razzball_id AS players_razzball_id, players.name AS players_name, players.team AS players_team, players.position AS players_position, players.fantrax_id AS players_fantrax_id, players.nfbc_id AS players_nfbc_id, players.created_at AS players_created_at 
FROM players 
WHERE players.fantrax_id = ?
 LIMIT ? OFFSET ?
2025-12-04 17:56:55,407 INFO sqlalchemy.engine.Engine [cached since 0.2816s ago] ('*05wru*', 1, 0)
2025-12-04 17:56:55,408 INFO sqlalchemy.engine.Engine SELECT players.id AS players_id, players.razzball_id AS players_razzball_id, players.name AS players_name, players.team AS players_team, players.position AS players_position, players.fantrax_id AS players_fantrax_id, players.nfbc_id AS players_nfbc_id, players.created_at AS players_created_at 
FROM players 
WHERE players.team = ? AND players.position LIKE ?
2025-12-04 17:56:55,408 INFO sqlalchemy.engine.Engine [cached since 0.2808s ago] ('PIT', '%SP%')
2025-12-04 17:56:55,408 INFO sqlalchemy.engine.Engine SELECT players.id AS players_id, players.razzball_id AS players_razzball_id, players.name AS players_name, players.team AS players_team, players.position AS players_position, players.fantrax_id AS players_fantrax_id, players.nfbc_id AS players_nfbc_id, players.created_at AS players_created_at 
FROM players
2025-12-04 17:56:55,408 INFO sqlalchemy.engine.Engine [cached since 1.201s ago] ()
2025-12-04 17:56:55,419 INFO sqlalchemy.engine.Engine INSERT INTO players (razzball_id, name, team, position, fantrax_id, nfbc_id, created_at) VALUES (?, ?, ?, ?, ?, ?, ?)
2025-12-04 17:56:55,419 INFO sqlalchemy.engine.Engine [cached since 1.633s ago] (None, 'Paul Skenes', 'PIT', 'SP', '*05wru*', None, '2025-12-04 12:56:55.419641')
2025-12-04 17:56:55,421 INFO sqlalchemy.engine.Engine INSERT INTO rosters (league_id, player_id, team_owner, status, created_at) VALUES (?, ?, ?, ?, ?)
2025-12-04 17:56:55,421 INFO sqlalchemy.engine.Engine [cached since 0.2534s ago] ('98107dd6-e7e6-4cb2-a703-326c3b1816d2', 141, 'RB', None, '2025-12-04 12:56:55.421638')
2025-12-04 17:56:55,422 INFO sqlalchemy.engine.Engine COMMIT
2025-12-04 17:56:55,429 INFO sqlalchemy.engine.Engine BEGIN (implicit)
2025-12-04 17:56:55,429 INFO sqlalchemy.engine.Engine SELECT players.id, players.razzball_id, players.name, players.team, players.position, players.fantrax_id, players.nfbc_id, players.created_at 
FROM players 
WHERE players.id = ?
2025-12-04 17:56:55,429 INFO sqlalchemy.engine.Engine [cached since 0.2806s ago] (142,)
2025-12-04 17:56:55,431 INFO sqlalchemy.engine.Engine SELECT leagues.id AS leagues_id, leagues.user_id AS leagues_user_id, leagues.league_type AS leagues_league_type, leagues.csv_filename AS leagues_csv_filename, leagues.uploaded_at AS leagues_uploaded_at 
FROM leagues 
WHERE leagues.id = ?
2025-12-04 17:56:55,431 INFO sqlalchemy.engine.Engine [cached since 0.2801s ago] ('98107dd6-e7e6-4cb2-a703-326c3b1816d2',)
2025-12-04 17:56:55,432 INFO sqlalchemy.engine.Engine SELECT players.id AS players_id, players.razzball_id AS players_razzball_id, players.name AS players_name, players.team AS players_team, players.position AS players_position, players.fantrax_id AS players_fantrax_id, players.nfbc_id AS players_nfbc_id, players.created_at AS players_created_at 
FROM players 
WHERE players.fantrax_id = ?
 LIMIT ? OFFSET ?
2025-12-04 17:56:55,432 INFO sqlalchemy.engine.Engine [cached since 0.3065s ago] ('*06alt*', 1, 0)
2025-12-04 17:56:55,433 INFO sqlalchemy.engine.Engine SELECT players.id AS players_id, players.razzball_id AS players_razzball_id, players.name AS players_name, players.team AS players_team, players.position AS players_position, players.fantrax_id AS players_fantrax_id, players.nfbc_id AS players_nfbc_id, players.created_at AS players_created_at 
FROM players 
WHERE players.team = ? AND players.position LIKE ?
2025-12-04 17:56:55,433 INFO sqlalchemy.engine.Engine [cached since 0.3057s ago] ('LAD', '%UT%')
2025-12-04 17:56:55,434 INFO sqlalchemy.engine.Engine SELECT players.id AS players_id, players.razzball_id AS players_razzball_id, players.name AS players_name, players.team AS players_team, players.position AS players_position, players.fantrax_id AS players_fantrax_id, players.nfbc_id AS players_nfbc_id, players.created_at AS players_created_at 
FROM players
2025-12-04 17:56:55,434 INFO sqlalchemy.engine.Engine [cached since 1.226s ago] ()
2025-12-04 17:56:55,446 INFO sqlalchemy.engine.Engine UPDATE players SET fantrax_id=? WHERE players.id = ?
2025-12-04 17:56:55,446 INFO sqlalchemy.engine.Engine [generated in 0.00037s] ('*06alt*', 9)
2025-12-04 17:56:55,448 INFO sqlalchemy.engine.Engine INSERT INTO rosters (league_id, player_id, team_owner, status, created_at) VALUES (?, ?, ?, ?, ?)
2025-12-04 17:56:55,448 INFO sqlalchemy.engine.Engine [cached since 0.2805s ago] ('98107dd6-e7e6-4cb2-a703-326c3b1816d2', 142, 'RM', None, '2025-12-04 12:56:55.448565')
2025-12-04 17:56:55,449 INFO sqlalchemy.engine.Engine COMMIT
2025-12-04 17:56:55,455 INFO sqlalchemy.engine.Engine BEGIN (implicit)
2025-12-04 17:56:55,456 INFO sqlalchemy.engine.Engine SELECT leagues.id AS leagues_id, leagues.user_id AS leagues_user_id, leagues.league_type AS leagues_league_type, leagues.csv_filename AS leagues_csv_filename, leagues.uploaded_at AS leagues_uploaded_at 
FROM leagues 
WHERE leagues.id = ?
2025-12-04 17:56:55,456 INFO sqlalchemy.engine.Engine [cached since 0.3052s ago] ('98107dd6-e7e6-4cb2-a703-326c3b1816d2',)
2025-12-04 17:56:55,457 INFO sqlalchemy.engine.Engine SELECT players.id AS players_id, players.razzball_id AS players_razzball_id, players.name AS players_name, players.team AS players_team, players.position AS players_position, players.fantrax_id AS players_fantrax_id, players.nfbc_id AS players_nfbc_id, players.created_at AS players_created_at 
FROM players 
WHERE players.id = ?
2025-12-04 17:56:55,457 INFO sqlalchemy.engine.Engine [generated in 0.00015s] (9,)
2025-12-04 17:56:55,458 INFO sqlalchemy.engine.Engine SELECT players.id AS players_id, players.razzball_id AS players_razzball_id, players.name AS players_name, players.team AS players_team, players.position AS players_position, players.fantrax_id AS players_fantrax_id, players.nfbc_id AS players_nfbc_id, players.created_at AS players_created_at 
FROM players 
WHERE players.fantrax_id = ?
 LIMIT ? OFFSET ?
2025-12-04 17:56:55,458 INFO sqlalchemy.engine.Engine [cached since 0.3326s ago] ('*05144*', 1, 0)
2025-12-04 17:56:55,459 INFO sqlalchemy.engine.Engine SELECT players.id AS players_id, players.razzball_id AS players_razzball_id, players.name AS players_name, players.team AS players_team, players.position AS players_position, players.fantrax_id AS players_fantrax_id, players.nfbc_id AS players_nfbc_id, players.created_at AS players_created_at 
FROM players 
WHERE players.team = ? AND players.position LIKE ?
2025-12-04 17:56:55,459 INFO sqlalchemy.engine.Engine [cached since 0.3318s ago] ('HOU', '%SP%')
2025-12-04 17:56:55,459 INFO sqlalchemy.engine.Engine SELECT players.id AS players_id, players.razzball_id AS players_razzball_id, players.name AS players_name, players.team AS players_team, players.position AS players_position, players.fantrax_id AS players_fantrax_id, players.nfbc_id AS players_nfbc_id, players.created_at AS players_created_at 
FROM players
2025-12-04 17:56:55,460 INFO sqlalchemy.engine.Engine [cached since 1.252s ago] ()
2025-12-04 17:56:55,473 INFO sqlalchemy.engine.Engine INSERT INTO players (razzball_id, name, team, position, fantrax_id, nfbc_id, created_at) VALUES (?, ?, ?, ?, ?, ?, ?)
2025-12-04 17:56:55,473 INFO sqlalchemy.engine.Engine [cached since 1.686s ago] (None, 'Hunter Brown', 'HOU', 'SP', '*05144*', None, '2025-12-04 12:56:55.473497')
2025-12-04 17:56:55,475 INFO sqlalchemy.engine.Engine INSERT INTO rosters (league_id, player_id, team_owner, status, created_at) VALUES (?, ?, ?, ?, ?)
2025-12-04 17:56:55,475 INFO sqlalchemy.engine.Engine [cached since 0.3073s ago] ('98107dd6-e7e6-4cb2-a703-326c3b1816d2', 9, 'RG', None, '2025-12-04 12:56:55.475495')
2025-12-04 17:56:55,476 INFO sqlalchemy.engine.Engine COMMIT
2025-12-04 17:56:55,482 INFO sqlalchemy.engine.Engine BEGIN (implicit)
2025-12-04 17:56:55,483 INFO sqlalchemy.engine.Engine SELECT players.id, players.razzball_id, players.name, players.team, players.position, players.fantrax_id, players.nfbc_id, players.created_at 
FROM players 
WHERE players.id = ?
2025-12-04 17:56:55,483 INFO sqlalchemy.engine.Engine [cached since 0.3337s ago] (143,)
2025-12-04 17:56:55,483 INFO sqlalchemy.engine.Engine SELECT leagues.id AS leagues_id, leagues.user_id AS leagues_user_id, leagues.league_type AS leagues_league_type, leagues.csv_filename AS leagues_csv_filename, leagues.uploaded_at AS leagues_uploaded_at 
FROM leagues 
WHERE leagues.id = ?
2025-12-04 17:56:55,484 INFO sqlalchemy.engine.Engine [cached since 0.3329s ago] ('98107dd6-e7e6-4cb2-a703-326c3b1816d2',)
2025-12-04 17:56:55,485 INFO sqlalchemy.engine.Engine SELECT players.id AS players_id, players.razzball_id AS players_razzball_id, players.name AS players_name, players.team AS players_team, players.position AS players_position, players.fantrax_id AS players_fantrax_id, players.nfbc_id AS players_nfbc_id, players.created_at AS players_created_at 
FROM players 
WHERE players.fantrax_id = ?
 LIMIT ? OFFSET ?
2025-12-04 17:56:55,485 INFO sqlalchemy.engine.Engine [cached since 0.359s ago] ('*052c8*', 1, 0)
2025-12-04 17:56:55,486 INFO sqlalchemy.engine.Engine SELECT players.id AS players_id, players.razzball_id AS players_razzball_id, players.name AS players_name, players.team AS players_team, players.position AS players_position, players.fantrax_id AS players_fantrax_id, players.nfbc_id AS players_nfbc_id, players.created_at AS players_created_at 
FROM players 
WHERE players.team = ? AND players.position LIKE ?
2025-12-04 17:56:55,486 INFO sqlalchemy.engine.Engine [cached since 0.3585s ago] ('PHI', '%SP%')
2025-12-04 17:56:55,486 INFO sqlalchemy.engine.Engine SELECT players.id AS players_id, players.razzball_id AS players_razzball_id, players.name AS players_name, players.team AS players_team, players.position AS players_position, players.fantrax_id AS players_fantrax_id, players.nfbc_id AS players_nfbc_id, players.created_at AS players_created_at 
FROM players
2025-12-04 17:56:55,486 INFO sqlalchemy.engine.Engine [cached since 1.278s ago] ()
2025-12-04 17:56:55,499 INFO sqlalchemy.engine.Engine INSERT INTO players (razzball_id, name, team, position, fantrax_id, nfbc_id, created_at) VALUES (?, ?, ?, ?, ?, ?, ?)
2025-12-04 17:56:55,499 INFO sqlalchemy.engine.Engine [cached since 1.712s ago] (None, 'Cristopher Sanchez', 'PHI', 'SP', '*052c8*', None, '2025-12-04 12:56:55.499429')
2025-12-04 17:56:55,501 INFO sqlalchemy.engine.Engine INSERT INTO rosters (league_id, player_id, team_owner, status, created_at) VALUES (?, ?, ?, ?, ?)
2025-12-04 17:56:55,501 INFO sqlalchemy.engine.Engine [cached since 0.333s ago] ('98107dd6-e7e6-4cb2-a703-326c3b1816d2', 143, 'GT', None, '2025-12-04 12:56:55.501425')
2025-12-04 17:56:55,501 INFO sqlalchemy.engine.Engine COMMIT
2025-12-04 17:56:55,508 INFO sqlalchemy.engine.Engine BEGIN (implicit)
2025-12-04 17:56:55,508 INFO sqlalchemy.engine.Engine SELECT players.id, players.razzball_id, players.name, players.team, players.position, players.fantrax_id, players.nfbc_id, players.created_at 
FROM players 
WHERE players.id = ?
2025-12-04 17:56:55,508 INFO sqlalchemy.engine.Engine [cached since 0.359s ago] (144,)
2025-12-04 17:56:55,509 INFO sqlalchemy.engine.Engine SELECT leagues.id AS leagues_id, leagues.user_id AS leagues_user_id, leagues.league_type AS leagues_league_type, leagues.csv_filename AS leagues_csv_filename, leagues.uploaded_at AS leagues_uploaded_at 
FROM leagues 
WHERE leagues.id = ?
2025-12-04 17:56:55,509 INFO sqlalchemy.engine.Engine [cached since 0.3579s ago] ('98107dd6-e7e6-4cb2-a703-326c3b1816d2',)
2025-12-04 17:56:55,509 INFO sqlalchemy.engine.Engine SELECT players.id AS players_id, players.razzball_id AS players_razzball_id, players.name AS players_name, players.team AS players_team, players.position AS players_position, players.fantrax_id AS players_fantrax_id, players.nfbc_id AS players_nfbc_id, players.created_at AS players_created_at 
FROM players 
WHERE players.fantrax_id = ?
 LIMIT ? OFFSET ?
2025-12-04 17:56:55,510 INFO sqlalchemy.engine.Engine [cached since 0.3838s ago] ('*05r8n*', 1, 0)
2025-12-04 17:56:55,510 INFO sqlalchemy.engine.Engine SELECT players.id AS players_id, players.razzball_id AS players_razzball_id, players.name AS players_name, players.team AS players_team, players.position AS players_position, players.fantrax_id AS players_fantrax_id, players.nfbc_id AS players_nfbc_id, players.created_at AS players_created_at 
FROM players 
WHERE players.team = ? AND players.position LIKE ?
2025-12-04 17:56:55,510 INFO sqlalchemy.engine.Engine [cached since 0.383s ago] ('LAD', '%SP%')
2025-12-04 17:56:55,512 INFO sqlalchemy.engine.Engine SELECT players.id AS players_id, players.razzball_id AS players_razzball_id, players.name AS players_name, players.team AS players_team, players.position AS players_position, players.fantrax_id AS players_fantrax_id, players.nfbc_id AS players_nfbc_id, players.created_at AS players_created_at 
FROM players
2025-12-04 17:56:55,512 INFO sqlalchemy.engine.Engine [cached since 1.304s ago] ()
2025-12-04 17:56:55,524 INFO sqlalchemy.engine.Engine INSERT INTO players (razzball_id, name, team, position, fantrax_id, nfbc_id, created_at) VALUES (?, ?, ?, ?, ?, ?, ?)
2025-12-04 17:56:55,524 INFO sqlalchemy.engine.Engine [cached since 1.737s ago] (None, 'Yoshinobu Yamamoto', 'LAD', 'SP', '*05r8n*', None, '2025-12-04 12:56:55.524388')
2025-12-04 17:56:55,525 INFO sqlalchemy.engine.Engine INSERT INTO rosters (league_id, player_id, team_owner, status, created_at) VALUES (?, ?, ?, ?, ?)
2025-12-04 17:56:55,525 INFO sqlalchemy.engine.Engine [cached since 0.3574s ago] ('98107dd6-e7e6-4cb2-a703-326c3b1816d2', 144, 'AR', None, '2025-12-04 12:56:55.525359')
2025-12-04 17:56:55,526 INFO sqlalchemy.engine.Engine COMMIT
2025-12-04 17:56:55,532 INFO sqlalchemy.engine.Engine BEGIN (implicit)
2025-12-04 17:56:55,533 INFO sqlalchemy.engine.Engine SELECT players.id, players.razzball_id, players.name, players.team, players.position, players.fantrax_id, players.nfbc_id, players.created_at 
FROM players 
WHERE players.id = ?
2025-12-04 17:56:55,533 INFO sqlalchemy.engine.Engine [cached since 0.3838s ago] (145,)
2025-12-04 17:56:55,534 INFO sqlalchemy.engine.Engine SELECT leagues.id AS leagues_id, leagues.user_id AS leagues_user_id, leagues.league_type AS leagues_league_type, leagues.csv_filename AS leagues_csv_filename, leagues.uploaded_at AS leagues_uploaded_at 
FROM leagues 
WHERE leagues.id = ?
2025-12-04 17:56:55,534 INFO sqlalchemy.engine.Engine [cached since 0.383s ago] ('98107dd6-e7e6-4cb2-a703-326c3b1816d2',)
2025-12-04 17:56:55,535 INFO sqlalchemy.engine.Engine SELECT players.id AS players_id, players.razzball_id AS players_razzball_id, players.name AS players_name, players.team AS players_team, players.position AS players_position, players.fantrax_id AS players_fantrax_id, players.nfbc_id AS players_nfbc_id, players.created_at AS players_created_at 
FROM players 
WHERE players.fantrax_id = ?
 LIMIT ? OFFSET ?
2025-12-04 17:56:55,535 INFO sqlalchemy.engine.Engine [cached since 0.4091s ago] ('*01ub6*', 1, 0)
2025-12-04 17:56:55,536 INFO sqlalchemy.engine.Engine SELECT players.id AS players_id, players.razzball_id AS players_razzball_id, players.name AS players_name, players.team AS players_team, players.position AS players_position, players.fantrax_id AS players_fantrax_id, players.nfbc_id AS players_nfbc_id, players.created_at AS players_created_at 
FROM players 
WHERE players.team = ? AND players.position LIKE ?
2025-12-04 17:56:55,536 INFO sqlalchemy.engine.Engine [cached since 0.4085s ago] ('CLE', '%3B%')
2025-12-04 17:56:55,537 INFO sqlalchemy.engine.Engine SELECT players.id AS players_id, players.razzball_id AS players_razzball_id, players.name AS players_name, players.team AS players_team, players.position AS players_position, players.fantrax_id AS players_fantrax_id, players.nfbc_id AS players_nfbc_id, players.created_at AS players_created_at 
FROM players
2025-12-04 17:56:55,537 INFO sqlalchemy.engine.Engine [cached since 1.329s ago] ()
2025-12-04 17:56:55,548 INFO sqlalchemy.engine.Engine INSERT INTO players (razzball_id, name, team, position, fantrax_id, nfbc_id, created_at) VALUES (?, ?, ?, ?, ?, ?, ?)
2025-12-04 17:56:55,549 INFO sqlalchemy.engine.Engine [cached since 1.761s ago] (None, 'Jose Ramirez', 'CLE', '3B', '*01ub6*', None, '2025-12-04 12:56:55.548304')
2025-12-04 17:56:55,550 INFO sqlalchemy.engine.Engine INSERT INTO rosters (league_id, player_id, team_owner, status, created_at) VALUES (?, ?, ?, ?, ?)
2025-12-04 17:56:55,550 INFO sqlalchemy.engine.Engine [cached since 0.3822s ago] ('98107dd6-e7e6-4cb2-a703-326c3b1816d2', 145, 'TMcL', None, '2025-12-04 12:56:55.550292')
2025-12-04 17:56:55,551 INFO sqlalchemy.engine.Engine COMMIT
2025-12-04 17:56:55,557 INFO sqlalchemy.engine.Engine BEGIN (implicit)
2025-12-04 17:56:55,557 INFO sqlalchemy.engine.Engine SELECT players.id, players.razzball_id, players.name, players.team, players.position, players.fantrax_id, players.nfbc_id, players.created_at 
FROM players 
WHERE players.id = ?
2025-12-04 17:56:55,557 INFO sqlalchemy.engine.Engine [cached since 0.4079s ago] (146,)
2025-12-04 17:56:55,558 INFO sqlalchemy.engine.Engine SELECT leagues.id AS leagues_id, leagues.user_id AS leagues_user_id, leagues.league_type AS leagues_league_type, leagues.csv_filename AS leagues_csv_filename, leagues.uploaded_at AS leagues_uploaded_at 
FROM leagues 
WHERE leagues.id = ?
2025-12-04 17:56:55,558 INFO sqlalchemy.engine.Engine [cached since 0.4068s ago] ('98107dd6-e7e6-4cb2-a703-326c3b1816d2',)
2025-12-04 17:56:55,559 INFO sqlalchemy.engine.Engine SELECT players.id AS players_id, players.razzball_id AS players_razzball_id, players.name AS players_name, players.team AS players_team, players.position AS players_position, players.fantrax_id AS players_fantrax_id, players.nfbc_id AS players_nfbc_id, players.created_at AS players_created_at 
FROM players 
WHERE players.fantrax_id = ?
 LIMIT ? OFFSET ?
2025-12-04 17:56:55,559 INFO sqlalchemy.engine.Engine [cached since 0.4328s ago] ('*04my4*', 1, 0)
2025-12-04 17:56:55,559 INFO sqlalchemy.engine.Engine SELECT players.id AS players_id, players.razzball_id AS players_razzball_id, players.name AS players_name, players.team AS players_team, players.position AS players_position, players.fantrax_id AS players_fantrax_id, players.nfbc_id AS players_nfbc_id, players.created_at AS players_created_at 
FROM players 
WHERE players.team = ? AND players.position LIKE ?
2025-12-04 17:56:55,559 INFO sqlalchemy.engine.Engine [cached since 0.4319s ago] ('SEA', '%C%')
2025-12-04 17:56:55,561 INFO sqlalchemy.engine.Engine UPDATE players SET fantrax_id=? WHERE players.id = ?
2025-12-04 17:56:55,561 INFO sqlalchemy.engine.Engine [cached since 0.1153s ago] ('*04my4*', 5)
2025-12-04 17:56:55,564 INFO sqlalchemy.engine.Engine INSERT INTO rosters (league_id, player_id, team_owner, status, created_at) VALUES (?, ?, ?, ?, ?)
2025-12-04 17:56:55,564 INFO sqlalchemy.engine.Engine [cached since 0.3959s ago] ('98107dd6-e7e6-4cb2-a703-326c3b1816d2', 146, 'RB', None, '2025-12-04 12:56:55.564256')
2025-12-04 17:56:55,565 INFO sqlalchemy.engine.Engine COMMIT
2025-12-04 17:56:55,571 INFO sqlalchemy.engine.Engine BEGIN (implicit)
2025-12-04 17:56:55,572 INFO sqlalchemy.engine.Engine SELECT leagues.id AS leagues_id, leagues.user_id AS leagues_user_id, leagues.league_type AS leagues_league_type, leagues.csv_filename AS leagues_csv_filename, leagues.uploaded_at AS leagues_uploaded_at 
FROM leagues 
WHERE leagues.id = ?
2025-12-04 17:56:55,572 INFO sqlalchemy.engine.Engine [cached since 0.4209s ago] ('98107dd6-e7e6-4cb2-a703-326c3b1816d2',)
2025-12-04 17:56:55,573 INFO sqlalchemy.engine.Engine SELECT players.id AS players_id, players.razzball_id AS players_razzball_id, players.name AS players_name, players.team AS players_team, players.position AS players_position, players.fantrax_id AS players_fantrax_id, players.nfbc_id AS players_nfbc_id, players.created_at AS players_created_at 
FROM players 
WHERE players.id = ?
2025-12-04 17:56:55,573 INFO sqlalchemy.engine.Engine [cached since 0.1153s ago] (5,)
2025-12-04 17:56:55,573 INFO sqlalchemy.engine.Engine SELECT players.id AS players_id, players.razzball_id AS players_razzball_id, players.name AS players_name, players.team AS players_team, players.position AS players_position, players.fantrax_id AS players_fantrax_id, players.nfbc_id AS players_nfbc_id, players.created_at AS players_created_at 
FROM players 
WHERE players.fantrax_id = ?
 LIMIT ? OFFSET ?
2025-12-04 17:56:55,573 INFO sqlalchemy.engine.Engine [cached since 0.4476s ago] ('*05r01*', 1, 0)
2025-12-04 17:56:55,574 INFO sqlalchemy.engine.Engine SELECT players.id AS players_id, players.razzball_id AS players_razzball_id, players.name AS players_name, players.team AS players_team, players.position AS players_position, players.fantrax_id AS players_fantrax_id, players.nfbc_id AS players_nfbc_id, players.created_at AS players_created_at 
FROM players 
WHERE players.team = ? AND players.position LIKE ?
2025-12-04 17:56:55,574 INFO sqlalchemy.engine.Engine [cached since 0.4467s ago] ('SD', '%RP%')
2025-12-04 17:56:55,575 INFO sqlalchemy.engine.Engine SELECT players.id AS players_id, players.razzball_id AS players_razzball_id, players.name AS players_name, players.team AS players_team, players.position AS players_position, players.fantrax_id AS players_fantrax_id, players.nfbc_id AS players_nfbc_id, players.created_at AS players_created_at 
FROM players
2025-12-04 17:56:55,575 INFO sqlalchemy.engine.Engine [cached since 1.367s ago] ()
2025-12-04 17:56:55,588 INFO sqlalchemy.engine.Engine INSERT INTO players (razzball_id, name, team, position, fantrax_id, nfbc_id, created_at) VALUES (?, ?, ?, ?, ?, ?, ?)
2025-12-04 17:56:55,588 INFO sqlalchemy.engine.Engine [cached since 1.801s ago] (None, 'Robert Suarez', 'SD', 'RP', '*05r01*', None, '2025-12-04 12:56:55.588191')
2025-12-04 17:56:55,590 INFO sqlalchemy.engine.Engine INSERT INTO rosters (league_id, player_id, team_owner, status, created_at) VALUES (?, ?, ?, ?, ?)
2025-12-04 17:56:55,590 INFO sqlalchemy.engine.Engine [cached since 0.4215s ago] ('98107dd6-e7e6-4cb2-a703-326c3b1816d2', 5, 'ST', None, '2025-12-04 12:56:55.590186')
2025-12-04 17:56:55,590 INFO sqlalchemy.engine.Engine COMMIT
2025-12-04 17:56:55,597 INFO sqlalchemy.engine.Engine BEGIN (implicit)
2025-12-04 17:56:55,598 INFO sqlalchemy.engine.Engine SELECT players.id, players.razzball_id, players.name, players.team, players.position, players.fantrax_id, players.nfbc_id, players.created_at 
FROM players 
WHERE players.id = ?
2025-12-04 17:56:55,598 INFO sqlalchemy.engine.Engine [cached since 0.449s ago] (147,)
2025-12-04 17:56:55,600 INFO sqlalchemy.engine.Engine SELECT leagues.id AS leagues_id, leagues.user_id AS leagues_user_id, leagues.league_type AS leagues_league_type, leagues.csv_filename AS leagues_csv_filename, leagues.uploaded_at AS leagues_uploaded_at 
FROM leagues 
WHERE leagues.id = ?
2025-12-04 17:56:55,600 INFO sqlalchemy.engine.Engine [cached since 0.4489s ago] ('98107dd6-e7e6-4cb2-a703-326c3b1816d2',)
2025-12-04 17:56:55,601 INFO sqlalchemy.engine.Engine SELECT players.id AS players_id, players.razzball_id AS players_razzball_id, players.name AS players_name, players.team AS players_team, players.position AS players_position, players.fantrax_id AS players_fantrax_id, players.nfbc_id AS players_nfbc_id, players.created_at AS players_created_at 
FROM players 
WHERE players.fantrax_id = ?
 LIMIT ? OFFSET ?
2025-12-04 17:56:55,601 INFO sqlalchemy.engine.Engine [cached since 0.4753s ago] ('*0316j*', 1, 0)
2025-12-04 17:56:55,602 INFO sqlalchemy.engine.Engine SELECT players.id AS players_id, players.razzball_id AS players_razzball_id, players.name AS players_name, players.team AS players_team, players.position AS players_position, players.fantrax_id AS players_fantrax_id, players.nfbc_id AS players_nfbc_id, players.created_at AS players_created_at 
FROM players 
WHERE players.team = ? AND players.position LIKE ?
2025-12-04 17:56:55,602 INFO sqlalchemy.engine.Engine [cached since 0.4748s ago] ('SD', '%SP%')
2025-12-04 17:56:55,603 INFO sqlalchemy.engine.Engine SELECT players.id AS players_id, players.razzball_id AS players_razzball_id, players.name AS players_name, players.team AS players_team, players.position AS players_position, players.fantrax_id AS players_fantrax_id, players.nfbc_id AS players_nfbc_id, players.created_at AS players_created_at 
FROM players
2025-12-04 17:56:55,603 INFO sqlalchemy.engine.Engine [cached since 1.395s ago] ()
2025-12-04 17:56:55,618 INFO sqlalchemy.engine.Engine INSERT INTO players (razzball_id, name, team, position, fantrax_id, nfbc_id, created_at) VALUES (?, ?, ?, ?, ?, ?, ?)
2025-12-04 17:56:55,618 INFO sqlalchemy.engine.Engine [cached since 1.831s ago] (None, 'Nick Pivetta', 'SD', 'SP', '*0316j*', None, '2025-12-04 12:56:55.618112')
2025-12-04 17:56:55,620 INFO sqlalchemy.engine.Engine INSERT INTO rosters (league_id, player_id, team_owner, status, created_at) VALUES (?, ?, ?, ?, ?)
2025-12-04 17:56:55,620 INFO sqlalchemy.engine.Engine [cached since 0.4515s ago] ('98107dd6-e7e6-4cb2-a703-326c3b1816d2', 147, 'RG', None, '2025-12-04 12:56:55.620106')
2025-12-04 17:56:55,620 INFO sqlalchemy.engine.Engine COMMIT
2025-12-04 17:56:55,626 INFO sqlalchemy.engine.Engine BEGIN (implicit)
2025-12-04 17:56:55,626 INFO sqlalchemy.engine.Engine SELECT players.id, players.razzball_id, players.name, players.team, players.position, players.fantrax_id, players.nfbc_id, players.created_at 
FROM players 
WHERE players.id = ?
2025-12-04 17:56:55,626 INFO sqlalchemy.engine.Engine [cached since 0.477s ago] (148,)
2025-12-04 17:56:55,627 INFO sqlalchemy.engine.Engine SELECT leagues.id AS leagues_id, leagues.user_id AS leagues_user_id, leagues.league_type AS leagues_league_type, leagues.csv_filename AS leagues_csv_filename, leagues.uploaded_at AS leagues_uploaded_at 
FROM leagues 
WHERE leagues.id = ?
2025-12-04 17:56:55,628 INFO sqlalchemy.engine.Engine [cached since 0.4765s ago] ('98107dd6-e7e6-4cb2-a703-326c3b1816d2',)
2025-12-04 17:56:55,630 INFO sqlalchemy.engine.Engine SELECT players.id AS players_id, players.razzball_id AS players_razzball_id, players.name AS players_name, players.team AS players_team, players.position AS players_position, players.fantrax_id AS players_fantrax_id, players.nfbc_id AS players_nfbc_id, players.created_at AS players_created_at 
FROM players 
WHERE players.fantrax_id = ?
 LIMIT ? OFFSET ?
2025-12-04 17:56:55,630 INFO sqlalchemy.engine.Engine [cached since 0.5044s ago] ('*04aqc*', 1, 0)
2025-12-04 17:56:55,632 INFO sqlalchemy.engine.Engine SELECT players.id AS players_id, players.razzball_id AS players_razzball_id, players.name AS players_name, players.team AS players_team, players.position AS players_position, players.fantrax_id AS players_fantrax_id, players.nfbc_id AS players_nfbc_id, players.created_at AS players_created_at 
FROM players 
WHERE players.team = ? AND players.position LIKE ?
2025-12-04 17:56:55,632 INFO sqlalchemy.engine.Engine [cached since 0.5043s ago] ('PIT/NYY', '%RP%')
2025-12-04 17:56:55,633 INFO sqlalchemy.engine.Engine SELECT players.id AS players_id, players.razzball_id AS players_razzball_id, players.name AS players_name, players.team AS players_team, players.position AS players_position, players.fantrax_id AS players_fantrax_id, players.nfbc_id AS players_nfbc_id, players.created_at AS players_created_at 
FROM players
2025-12-04 17:56:55,633 INFO sqlalchemy.engine.Engine [cached since 1.425s ago] ()
2025-12-04 17:56:55,645 INFO sqlalchemy.engine.Engine INSERT INTO players (razzball_id, name, team, position, fantrax_id, nfbc_id, created_at) VALUES (?, ?, ?, ?, ?, ?, ?)
2025-12-04 17:56:55,645 INFO sqlalchemy.engine.Engine [cached since 1.858s ago] (None, 'David Bednar', 'PIT/NYY', 'RP', '*04aqc*', None, '2025-12-04 12:56:55.645042')
2025-12-04 17:56:55,648 INFO sqlalchemy.engine.Engine INSERT INTO rosters (league_id, player_id, team_owner, status, created_at) VALUES (?, ?, ?, ?, ?)
2025-12-04 17:56:55,648 INFO sqlalchemy.engine.Engine [cached since 0.4797s ago] ('98107dd6-e7e6-4cb2-a703-326c3b1816d2', 148, 'RB', None, '2025-12-04 12:56:55.648031')
2025-12-04 17:56:55,649 INFO sqlalchemy.engine.Engine COMMIT
2025-12-04 17:56:55,655 INFO sqlalchemy.engine.Engine BEGIN (implicit)
2025-12-04 17:56:55,655 INFO sqlalchemy.engine.Engine SELECT players.id, players.razzball_id, players.name, players.team, players.position, players.fantrax_id, players.nfbc_id, players.created_at 
FROM players 
WHERE players.id = ?
2025-12-04 17:56:55,656 INFO sqlalchemy.engine.Engine [cached since 0.5061s ago] (149,)
2025-12-04 17:56:55,656 INFO sqlalchemy.engine.Engine SELECT leagues.id AS leagues_id, leagues.user_id AS leagues_user_id, leagues.league_type AS leagues_league_type, leagues.csv_filename AS leagues_csv_filename, leagues.uploaded_at AS leagues_uploaded_at 
FROM leagues 
WHERE leagues.id = ?
2025-12-04 17:56:55,656 INFO sqlalchemy.engine.Engine [cached since 0.5053s ago] ('98107dd6-e7e6-4cb2-a703-326c3b1816d2',)
2025-12-04 17:56:55,657 INFO sqlalchemy.engine.Engine SELECT players.id AS players_id, players.razzball_id AS players_razzball_id, players.name AS players_name, players.team AS players_team, players.position AS players_position, players.fantrax_id AS players_fantrax_id, players.nfbc_id AS players_nfbc_id, players.created_at AS players_created_at 
FROM players 
WHERE players.fantrax_id = ?
 LIMIT ? OFFSET ?
2025-12-04 17:56:55,657 INFO sqlalchemy.engine.Engine [cached since 0.5313s ago] ('*04fhb*', 1, 0)
2025-12-04 17:56:55,658 INFO sqlalchemy.engine.Engine SELECT players.id AS players_id, players.razzball_id AS players_razzball_id, players.name AS players_name, players.team AS players_team, players.position AS players_position, players.fantrax_id AS players_fantrax_id, players.nfbc_id AS players_nfbc_id, players.created_at AS players_created_at 
FROM players 
WHERE players.team = ? AND players.position LIKE ?
2025-12-04 17:56:55,658 INFO sqlalchemy.engine.Engine [cached since 0.5306s ago] ('SEA', '%OF%')
2025-12-04 17:56:55,659 INFO sqlalchemy.engine.Engine UPDATE players SET fantrax_id=? WHERE players.id = ?
2025-12-04 17:56:55,659 INFO sqlalchemy.engine.Engine [cached since 0.2137s ago] ('*04fhb*', 4)
2025-12-04 17:56:55,660 INFO sqlalchemy.engine.Engine INSERT INTO rosters (league_id, player_id, team_owner, status, created_at) VALUES (?, ?, ?, ?, ?)
2025-12-04 17:56:55,661 INFO sqlalchemy.engine.Engine [cached since 0.493s ago] ('98107dd6-e7e6-4cb2-a703-326c3b1816d2', 149, 'ST', None, '2025-12-04 12:56:55.660998')
2025-12-04 17:56:55,661 INFO sqlalchemy.engine.Engine COMMIT
2025-12-04 17:56:55,667 INFO sqlalchemy.engine.Engine BEGIN (implicit)
2025-12-04 17:56:55,668 INFO sqlalchemy.engine.Engine SELECT leagues.id AS leagues_id, leagues.user_id AS leagues_user_id, leagues.league_type AS leagues_league_type, leagues.csv_filename AS leagues_csv_filename, leagues.uploaded_at AS leagues_uploaded_at 
FROM leagues 
WHERE leagues.id = ?
2025-12-04 17:56:55,668 INFO sqlalchemy.engine.Engine [cached since 0.5176s ago] ('98107dd6-e7e6-4cb2-a703-326c3b1816d2',)
2025-12-04 17:56:55,669 INFO sqlalchemy.engine.Engine SELECT players.id AS players_id, players.razzball_id AS players_razzball_id, players.name AS players_name, players.team AS players_team, players.position AS players_position, players.fantrax_id AS players_fantrax_id, players.nfbc_id AS players_nfbc_id, players.created_at AS players_created_at 
FROM players 
WHERE players.id = ?
2025-12-04 17:56:55,669 INFO sqlalchemy.engine.Engine [cached since 0.2121s ago] (4,)
2025-12-04 17:56:55,670 INFO sqlalchemy.engine.Engine SELECT players.id AS players_id, players.razzball_id AS players_razzball_id, players.name AS players_name, players.team AS players_team, players.position AS players_position, players.fantrax_id AS players_fantrax_id, players.nfbc_id AS players_nfbc_id, players.created_at AS players_created_at 
FROM players 
WHERE players.fantrax_id = ?
 LIMIT ? OFFSET ?
2025-12-04 17:56:55,670 INFO sqlalchemy.engine.Engine [cached since 0.5445s ago] ('*02611*', 1, 0)
2025-12-04 17:56:55,670 INFO sqlalchemy.engine.Engine SELECT players.id AS players_id, players.razzball_id AS players_razzball_id, players.name AS players_name, players.team AS players_team, players.position AS players_position, players.fantrax_id AS players_fantrax_id, players.nfbc_id AS players_nfbc_id, players.created_at AS players_created_at 
FROM players 
WHERE players.team = ? AND players.position LIKE ?
2025-12-04 17:56:55,670 INFO sqlalchemy.engine.Engine [cached since 0.5436s ago] ('NYM', '%SS%')
2025-12-04 17:56:55,671 INFO sqlalchemy.engine.Engine SELECT players.id AS players_id, players.razzball_id AS players_razzball_id, players.name AS players_name, players.team AS players_team, players.position AS players_position, players.fantrax_id AS players_fantrax_id, players.nfbc_id AS players_nfbc_id, players.created_at AS players_created_at 
FROM players
2025-12-04 17:56:55,671 INFO sqlalchemy.engine.Engine [cached since 1.463s ago] ()
2025-12-04 17:56:55,682 INFO sqlalchemy.engine.Engine INSERT INTO players (razzball_id, name, team, position, fantrax_id, nfbc_id, created_at) VALUES (?, ?, ?, ?, ?, ?, ?)
2025-12-04 17:56:55,683 INFO sqlalchemy.engine.Engine [cached since 1.896s ago] (None, 'Francisco Lindor', 'NYM', 'SS', '*02611*', None, '2025-12-04 12:56:55.682938')
2025-12-04 17:56:55,685 INFO sqlalchemy.engine.Engine INSERT INTO rosters (league_id, player_id, team_owner, status, created_at) VALUES (?, ?, ?, ?, ?)
2025-12-04 17:56:55,686 INFO sqlalchemy.engine.Engine [cached since 0.5181s ago] ('98107dd6-e7e6-4cb2-a703-326c3b1816d2', 4, 'SV', None, '2025-12-04 12:56:55.685932')
2025-12-04 17:56:55,687 INFO sqlalchemy.engine.Engine COMMIT
2025-12-04 17:56:55,693 INFO sqlalchemy.engine.Engine BEGIN (implicit)
2025-12-04 17:56:55,694 INFO sqlalchemy.engine.Engine SELECT players.id, players.razzball_id, players.name, players.team, players.position, players.fantrax_id, players.nfbc_id, players.created_at 
FROM players 
WHERE players.id = ?
2025-12-04 17:56:55,694 INFO sqlalchemy.engine.Engine [cached since 0.5456s ago] (150,)
2025-12-04 17:56:55,696 INFO sqlalchemy.engine.Engine SELECT leagues.id AS leagues_id, leagues.user_id AS leagues_user_id, leagues.league_type AS leagues_league_type, leagues.csv_filename AS leagues_csv_filename, leagues.uploaded_at AS leagues_uploaded_at 
FROM leagues 
WHERE leagues.id = ?
2025-12-04 17:56:55,696 INFO sqlalchemy.engine.Engine [cached since 0.5461s ago] ('98107dd6-e7e6-4cb2-a703-326c3b1816d2',)
2025-12-04 17:56:55,698 INFO sqlalchemy.engine.Engine SELECT players.id AS players_id, players.razzball_id AS players_razzball_id, players.name AS players_name, players.team AS players_team, players.position AS players_position, players.fantrax_id AS players_fantrax_id, players.nfbc_id AS players_nfbc_id, players.created_at AS players_created_at 
FROM players 
WHERE players.fantrax_id = ?
 LIMIT ? OFFSET ?
2025-12-04 17:56:55,698 INFO sqlalchemy.engine.Engine [cached since 0.5727s ago] ('*02hjp*', 1, 0)
2025-12-04 17:56:55,699 INFO sqlalchemy.engine.Engine SELECT players.id AS players_id, players.razzball_id AS players_razzball_id, players.name AS players_name, players.team AS players_team, players.position AS players_position, players.fantrax_id AS players_fantrax_id, players.nfbc_id AS players_nfbc_id, players.created_at AS players_created_at 
FROM players 
WHERE players.team = ? AND players.position LIKE ?
2025-12-04 17:56:55,699 INFO sqlalchemy.engine.Engine [cached since 0.5719s ago] ('TEX', '%SP%')
2025-12-04 17:56:55,699 INFO sqlalchemy.engine.Engine SELECT players.id AS players_id, players.razzball_id AS players_razzball_id, players.name AS players_name, players.team AS players_team, players.position AS players_position, players.fantrax_id AS players_fantrax_id, players.nfbc_id AS players_nfbc_id, players.created_at AS players_created_at 
FROM players
2025-12-04 17:56:55,699 INFO sqlalchemy.engine.Engine [cached since 1.492s ago] ()
2025-12-04 17:56:55,716 INFO sqlalchemy.engine.Engine INSERT INTO players (razzball_id, name, team, position, fantrax_id, nfbc_id, created_at) VALUES (?, ?, ?, ?, ?, ?, ?)
2025-12-04 17:56:55,716 INFO sqlalchemy.engine.Engine [cached since 1.929s ago] (None, 'Jacob deGrom', 'TEX', 'SP', '*02hjp*', None, '2025-12-04 12:56:55.716847')
2025-12-04 17:56:55,718 INFO sqlalchemy.engine.Engine INSERT INTO rosters (league_id, player_id, team_owner, status, created_at) VALUES (?, ?, ?, ?, ?)
2025-12-04 17:56:55,718 INFO sqlalchemy.engine.Engine [cached since 0.5502s ago] ('98107dd6-e7e6-4cb2-a703-326c3b1816d2', 150, 'SS', None, '2025-12-04 12:56:55.718842')
2025-12-04 17:56:55,718 INFO sqlalchemy.engine.Engine COMMIT
2025-12-04 17:56:55,725 INFO sqlalchemy.engine.Engine BEGIN (implicit)
2025-12-04 17:56:55,725 INFO sqlalchemy.engine.Engine SELECT players.id, players.razzball_id, players.name, players.team, players.position, players.fantrax_id, players.nfbc_id, players.created_at 
FROM players 
WHERE players.id = ?
2025-12-04 17:56:55,725 INFO sqlalchemy.engine.Engine [cached since 0.5768s ago] (151,)
2025-12-04 17:56:55,726 INFO sqlalchemy.engine.Engine SELECT leagues.id AS leagues_id, leagues.user_id AS leagues_user_id, leagues.league_type AS leagues_league_type, leagues.csv_filename AS leagues_csv_filename, leagues.uploaded_at AS leagues_uploaded_at 
FROM leagues 
WHERE leagues.id = ?
2025-12-04 17:56:55,726 INFO sqlalchemy.engine.Engine [cached since 0.5759s ago] ('98107dd6-e7e6-4cb2-a703-326c3b1816d2',)
2025-12-04 17:56:55,728 INFO sqlalchemy.engine.Engine SELECT players.id AS players_id, players.razzball_id AS players_razzball_id, players.name AS players_name, players.team AS players_team, players.position AS players_position, players.fantrax_id AS players_fantrax_id, players.nfbc_id AS players_nfbc_id, players.created_at AS players_created_at 
FROM players 
WHERE players.fantrax_id = ?
 LIMIT ? OFFSET ?
2025-12-04 17:56:55,728 INFO sqlalchemy.engine.Engine [cached since 0.6031s ago] ('*02z0s*', 1, 0)
2025-12-04 17:56:55,730 INFO sqlalchemy.engine.Engine SELECT players.id AS players_id, players.razzball_id AS players_razzball_id, players.name AS players_name, players.team AS players_team, players.position AS players_position, players.fantrax_id AS players_fantrax_id, players.nfbc_id AS players_nfbc_id, players.created_at AS players_created_at 
FROM players 
WHERE players.team = ? AND players.position LIKE ?
2025-12-04 17:56:55,731 INFO sqlalchemy.engine.Engine [cached since 0.6037s ago] ('NYY', '%OF%')
2025-12-04 17:56:55,732 INFO sqlalchemy.engine.Engine UPDATE players SET fantrax_id=? WHERE players.id = ?
2025-12-04 17:56:55,733 INFO sqlalchemy.engine.Engine [cached since 0.2873s ago] ('*02z0s*', 1)
2025-12-04 17:56:55,734 INFO sqlalchemy.engine.Engine INSERT INTO rosters (league_id, player_id, team_owner, status, created_at) VALUES (?, ?, ?, ?, ?)
2025-12-04 17:56:55,735 INFO sqlalchemy.engine.Engine [cached since 0.5669s ago] ('98107dd6-e7e6-4cb2-a703-326c3b1816d2', 151, 'DJS', None, '2025-12-04 12:56:55.734801')
2025-12-04 17:56:55,735 INFO sqlalchemy.engine.Engine COMMIT
2025-12-04 17:56:55,741 INFO sqlalchemy.engine.Engine BEGIN (implicit)
2025-12-04 17:56:55,742 INFO sqlalchemy.engine.Engine SELECT leagues.id AS leagues_id, leagues.user_id AS leagues_user_id, leagues.league_type AS leagues_league_type, leagues.csv_filename AS leagues_csv_filename, leagues.uploaded_at AS leagues_uploaded_at 
FROM leagues 
WHERE leagues.id = ?
2025-12-04 17:56:55,742 INFO sqlalchemy.engine.Engine [cached since 0.5914s ago] ('98107dd6-e7e6-4cb2-a703-326c3b1816d2',)
2025-12-04 17:56:55,742 INFO sqlalchemy.engine.Engine SELECT players.id AS players_id, players.razzball_id AS players_razzball_id, players.name AS players_name, players.team AS players_team, players.position AS players_position, players.fantrax_id AS players_fantrax_id, players.nfbc_id AS players_nfbc_id, players.created_at AS players_created_at 
FROM players 
WHERE players.id = ?
2025-12-04 17:56:55,743 INFO sqlalchemy.engine.Engine [cached since 0.2858s ago] (1,)
2025-12-04 17:56:55,744 INFO sqlalchemy.engine.Engine SELECT players.id AS players_id, players.razzball_id AS players_razzball_id, players.name AS players_name, players.team AS players_team, players.position AS players_position, players.fantrax_id AS players_fantrax_id, players.nfbc_id AS players_nfbc_id, players.created_at AS players_created_at 
FROM players 
WHERE players.fantrax_id = ?
 LIMIT ? OFFSET ?
2025-12-04 17:56:55,744 INFO sqlalchemy.engine.Engine [cached since 0.6188s ago] ('*01sb3*', 1, 0)
2025-12-04 17:56:55,747 INFO sqlalchemy.engine.Engine SELECT players.id AS players_id, players.razzball_id AS players_razzball_id, players.name AS players_name, players.team AS players_team, players.position AS players_position, players.fantrax_id AS players_fantrax_id, players.nfbc_id AS players_nfbc_id, players.created_at AS players_created_at 
FROM players 
WHERE players.team = ? AND players.position LIKE ?
2025-12-04 17:56:55,747 INFO sqlalchemy.engine.Engine [cached since 0.62s ago] ('PHI', '%SP%')
2025-12-04 17:56:55,749 INFO sqlalchemy.engine.Engine INSERT INTO players (razzball_id, name, team, position, fantrax_id, nfbc_id, created_at) VALUES (?, ?, ?, ?, ?, ?, ?)
2025-12-04 17:56:55,749 INFO sqlalchemy.engine.Engine [cached since 1.962s ago] (None, 'Zack Wheeler', 'PHI', 'SP', '*01sb3*', None, '2025-12-04 12:56:55.749759')
2025-12-04 17:56:55,751 INFO sqlalchemy.engine.Engine INSERT INTO rosters (league_id, player_id, team_owner, status, created_at) VALUES (?, ?, ?, ?, ?)
2025-12-04 17:56:55,751 INFO sqlalchemy.engine.Engine [cached since 0.583s ago] ('98107dd6-e7e6-4cb2-a703-326c3b1816d2', 1, 'BE', None, '2025-12-04 12:56:55.750757')
2025-12-04 17:56:55,751 INFO sqlalchemy.engine.Engine COMMIT
2025-12-04 17:56:55,756 INFO sqlalchemy.engine.Engine BEGIN (implicit)
2025-12-04 17:56:55,757 INFO sqlalchemy.engine.Engine SELECT players.id, players.razzball_id, players.name, players.team, players.position, players.fantrax_id, players.nfbc_id, players.created_at 
FROM players 
WHERE players.id = ?
2025-12-04 17:56:55,757 INFO sqlalchemy.engine.Engine [cached since 0.608s ago] (152,)
2025-12-04 17:56:55,757 INFO sqlalchemy.engine.Engine SELECT leagues.id AS leagues_id, leagues.user_id AS leagues_user_id, leagues.league_type AS leagues_league_type, leagues.csv_filename AS leagues_csv_filename, leagues.uploaded_at AS leagues_uploaded_at 
FROM leagues 
WHERE leagues.id = ?
2025-12-04 17:56:55,758 INFO sqlalchemy.engine.Engine [cached since 0.6071s ago] ('98107dd6-e7e6-4cb2-a703-326c3b1816d2',)
2025-12-04 17:56:55,758 INFO sqlalchemy.engine.Engine SELECT players.id AS players_id, players.razzball_id AS players_razzball_id, players.name AS players_name, players.team AS players_team, players.position AS players_position, players.fantrax_id AS players_fantrax_id, players.nfbc_id AS players_nfbc_id, players.created_at AS players_created_at 
FROM players 
WHERE players.fantrax_id = ?
 LIMIT ? OFFSET ?
2025-12-04 17:56:55,758 INFO sqlalchemy.engine.Engine [cached since 0.633s ago] ('*01ut7*', 1, 0)
2025-12-04 17:56:55,759 INFO sqlalchemy.engine.Engine SELECT players.id AS players_id, players.razzball_id AS players_razzball_id, players.name AS players_name, players.team AS players_team, players.position AS players_position, players.fantrax_id AS players_fantrax_id, players.nfbc_id AS players_nfbc_id, players.created_at AS players_created_at 
FROM players 
WHERE players.team = ? AND players.position LIKE ?
2025-12-04 17:56:55,759 INFO sqlalchemy.engine.Engine [cached since 0.6322s ago] ('TEX', '%SP%')
2025-12-04 17:56:55,761 INFO sqlalchemy.engine.Engine INSERT INTO players (razzball_id, name, team, position, fantrax_id, nfbc_id, created_at) VALUES (?, ?, ?, ?, ?, ?, ?)
2025-12-04 17:56:55,761 INFO sqlalchemy.engine.Engine [cached since 1.974s ago] (None, 'Nathan Eovaldi', 'TEX', 'SP', '*01ut7*', None, '2025-12-04 12:56:55.760729')
2025-12-04 17:56:55,764 INFO sqlalchemy.engine.Engine INSERT INTO rosters (league_id, player_id, team_owner, status, created_at) VALUES (?, ?, ?, ?, ?)
2025-12-04 17:56:55,764 INFO sqlalchemy.engine.Engine [cached since 0.5964s ago] ('98107dd6-e7e6-4cb2-a703-326c3b1816d2', 152, 'GT', None, '2025-12-04 12:56:55.764720')
2025-12-04 17:56:55,765 INFO sqlalchemy.engine.Engine COMMIT
2025-12-04 17:56:55,770 INFO sqlalchemy.engine.Engine BEGIN (implicit)
2025-12-04 17:56:55,771 INFO sqlalchemy.engine.Engine SELECT players.id, players.razzball_id, players.name, players.team, players.position, players.fantrax_id, players.nfbc_id, players.created_at 
FROM players 
WHERE players.id = ?
2025-12-04 17:56:55,771 INFO sqlalchemy.engine.Engine [cached since 0.622s ago] (153,)
2025-12-04 17:56:55,771 INFO sqlalchemy.engine.Engine SELECT leagues.id AS leagues_id, leagues.user_id AS leagues_user_id, leagues.league_type AS leagues_league_type, leagues.csv_filename AS leagues_csv_filename, leagues.uploaded_at AS leagues_uploaded_at 
FROM leagues 
WHERE leagues.id = ?
2025-12-04 17:56:55,772 INFO sqlalchemy.engine.Engine [cached since 0.6211s ago] ('98107dd6-e7e6-4cb2-a703-326c3b1816d2',)
2025-12-04 17:56:55,772 INFO sqlalchemy.engine.Engine SELECT players.id AS players_id, players.razzball_id AS players_razzball_id, players.name AS players_name, players.team AS players_team, players.position AS players_position, players.fantrax_id AS players_fantrax_id, players.nfbc_id AS players_nfbc_id, players.created_at AS players_created_at 
FROM players 
WHERE players.fantrax_id = ?
 LIMIT ? OFFSET ?
2025-12-04 17:56:55,772 INFO sqlalchemy.engine.Engine [cached since 0.647s ago] ('*03mnq*', 1, 0)
2025-12-04 17:56:55,773 INFO sqlalchemy.engine.Engine SELECT players.id AS players_id, players.razzball_id AS players_razzball_id, players.name AS players_name, players.team AS players_team, players.position AS players_position, players.fantrax_id AS players_fantrax_id, players.nfbc_id AS players_nfbc_id, players.created_at AS players_created_at 
FROM players 
WHERE players.team = ? AND players.position LIKE ?
2025-12-04 17:56:55,773 INFO sqlalchemy.engine.Engine [cached since 0.6462s ago] ('KC', '%RP%')
2025-12-04 17:56:55,774 INFO sqlalchemy.engine.Engine SELECT players.id AS players_id, players.razzball_id AS players_razzball_id, players.name AS players_name, players.team AS players_team, players.position AS players_position, players.fantrax_id AS players_fantrax_id, players.nfbc_id AS players_nfbc_id, players.created_at AS players_created_at 
FROM players
2025-12-04 17:56:55,774 INFO sqlalchemy.engine.Engine [cached since 1.566s ago] ()
2025-12-04 17:56:55,784 INFO sqlalchemy.engine.Engine INSERT INTO players (razzball_id, name, team, position, fantrax_id, nfbc_id, created_at) VALUES (?, ?, ?, ?, ?, ?, ?)
2025-12-04 17:56:55,785 INFO sqlalchemy.engine.Engine [cached since 1.998s ago] (None, 'Carlos Estevez', 'KC', 'RP', '*03mnq*', None, '2025-12-04 12:56:55.784665')
2025-12-04 17:56:55,786 INFO sqlalchemy.engine.Engine INSERT INTO rosters (league_id, player_id, team_owner, status, created_at) VALUES (?, ?, ?, ?, ?)
2025-12-04 17:56:55,786 INFO sqlalchemy.engine.Engine [cached since 0.6184s ago] ('98107dd6-e7e6-4cb2-a703-326c3b1816d2', 153, 'RB', None, '2025-12-04 12:56:55.786660')
2025-12-04 17:56:55,787 INFO sqlalchemy.engine.Engine COMMIT
2025-12-04 17:56:55,792 INFO sqlalchemy.engine.Engine BEGIN (implicit)
2025-12-04 17:56:55,792 INFO sqlalchemy.engine.Engine SELECT players.id, players.razzball_id, players.name, players.team, players.position, players.fantrax_id, players.nfbc_id, players.created_at 
FROM players 
WHERE players.id = ?
2025-12-04 17:56:55,792 INFO sqlalchemy.engine.Engine [cached since 0.6437s ago] (154,)
2025-12-04 17:56:55,793 INFO sqlalchemy.engine.Engine SELECT leagues.id AS leagues_id, leagues.user_id AS leagues_user_id, leagues.league_type AS leagues_league_type, leagues.csv_filename AS leagues_csv_filename, leagues.uploaded_at AS leagues_uploaded_at 
FROM leagues 
WHERE leagues.id = ?
2025-12-04 17:56:55,793 INFO sqlalchemy.engine.Engine [cached since 0.6428s ago] ('98107dd6-e7e6-4cb2-a703-326c3b1816d2',)
2025-12-04 17:56:55,796 INFO sqlalchemy.engine.Engine SELECT players.id AS players_id, players.razzball_id AS players_razzball_id, players.name AS players_name, players.team AS players_team, players.position AS players_position, players.fantrax_id AS players_fantrax_id, players.nfbc_id AS players_nfbc_id, players.created_at AS players_created_at 
FROM players 
WHERE players.fantrax_id = ?
 LIMIT ? OFFSET ?
2025-12-04 17:56:55,796 INFO sqlalchemy.engine.Engine [cached since 0.6708s ago] ('*04lgp*', 1, 0)
2025-12-04 17:56:55,798 INFO sqlalchemy.engine.Engine SELECT players.id AS players_id, players.razzball_id AS players_razzball_id, players.name AS players_name, players.team AS players_team, players.position AS players_position, players.fantrax_id AS players_fantrax_id, players.nfbc_id AS players_nfbc_id, players.created_at AS players_created_at 
FROM players 
WHERE players.team = ? AND players.position LIKE ?
2025-12-04 17:56:55,798 INFO sqlalchemy.engine.Engine [cached since 0.6707s ago] ('KC', '%SS%')
2025-12-04 17:56:55,799 INFO sqlalchemy.engine.Engine SELECT players.id AS players_id, players.razzball_id AS players_razzball_id, players.name AS players_name, players.team AS players_team, players.position AS players_position, players.fantrax_id AS players_fantrax_id, players.nfbc_id AS players_nfbc_id, players.created_at AS players_created_at 
FROM players
2025-12-04 17:56:55,799 INFO sqlalchemy.engine.Engine [cached since 1.591s ago] ()
2025-12-04 17:56:55,813 INFO sqlalchemy.engine.Engine INSERT INTO players (razzball_id, name, team, position, fantrax_id, nfbc_id, created_at) VALUES (?, ?, ?, ?, ?, ?, ?)
2025-12-04 17:56:55,813 INFO sqlalchemy.engine.Engine [cached since 2.026s ago] (None, 'Bobby Witt Jr.', 'KC', 'SS', '*04lgp*', None, '2025-12-04 12:56:55.812591')
2025-12-04 17:56:55,815 INFO sqlalchemy.engine.Engine INSERT INTO rosters (league_id, player_id, team_owner, status, created_at) VALUES (?, ?, ?, ?, ?)
2025-12-04 17:56:55,815 INFO sqlalchemy.engine.Engine [cached since 0.6473s ago] ('98107dd6-e7e6-4cb2-a703-326c3b1816d2', 154, 'ST', None, '2025-12-04 12:56:55.815584')
2025-12-04 17:56:55,816 INFO sqlalchemy.engine.Engine COMMIT
2025-12-04 17:56:55,822 INFO sqlalchemy.engine.Engine BEGIN (implicit)
2025-12-04 17:56:55,823 INFO sqlalchemy.engine.Engine SELECT players.id, players.razzball_id, players.name, players.team, players.position, players.fantrax_id, players.nfbc_id, players.created_at 
FROM players 
WHERE players.id = ?
2025-12-04 17:56:55,823 INFO sqlalchemy.engine.Engine [cached since 0.6738s ago] (155,)
2025-12-04 17:56:55,823 INFO sqlalchemy.engine.Engine SELECT leagues.id AS leagues_id, leagues.user_id AS leagues_user_id, leagues.league_type AS leagues_league_type, leagues.csv_filename AS leagues_csv_filename, leagues.uploaded_at AS leagues_uploaded_at 
FROM leagues 
WHERE leagues.id = ?
2025-12-04 17:56:55,824 INFO sqlalchemy.engine.Engine [cached since 0.6729s ago] ('98107dd6-e7e6-4cb2-a703-326c3b1816d2',)
2025-12-04 17:56:55,824 INFO sqlalchemy.engine.Engine SELECT players.id AS players_id, players.razzball_id AS players_razzball_id, players.name AS players_name, players.team AS players_team, players.position AS players_position, players.fantrax_id AS players_fantrax_id, players.nfbc_id AS players_nfbc_id, players.created_at AS players_created_at 
FROM players 
WHERE players.fantrax_id = ?
 LIMIT ? OFFSET ?
2025-12-04 17:56:55,825 INFO sqlalchemy.engine.Engine [cached since 0.699s ago] ('*03cag*', 1, 0)
2025-12-04 17:56:55,825 INFO sqlalchemy.engine.Engine SELECT players.id AS players_id, players.razzball_id AS players_razzball_id, players.name AS players_name, players.team AS players_team, players.position AS players_position, players.fantrax_id AS players_fantrax_id, players.nfbc_id AS players_nfbc_id, players.created_at AS players_created_at 
FROM players 
WHERE players.team = ? AND players.position LIKE ?
2025-12-04 17:56:55,825 INFO sqlalchemy.engine.Engine [cached since 0.6983s ago] ('PHI', '%UT%')
2025-12-04 17:56:55,826 INFO sqlalchemy.engine.Engine SELECT players.id AS players_id, players.razzball_id AS players_razzball_id, players.name AS players_name, players.team AS players_team, players.position AS players_position, players.fantrax_id AS players_fantrax_id, players.nfbc_id AS players_nfbc_id, players.created_at AS players_created_at 
FROM players
2025-12-04 17:56:55,826 INFO sqlalchemy.engine.Engine [cached since 1.618s ago] ()
2025-12-04 17:56:55,838 INFO sqlalchemy.engine.Engine UPDATE players SET fantrax_id=? WHERE players.id = ?
2025-12-04 17:56:55,838 INFO sqlalchemy.engine.Engine [cached since 0.3928s ago] ('*03cag*', 17)
2025-12-04 17:56:55,840 INFO sqlalchemy.engine.Engine INSERT INTO rosters (league_id, player_id, team_owner, status, created_at) VALUES (?, ?, ?, ?, ?)
2025-12-04 17:56:55,840 INFO sqlalchemy.engine.Engine [cached since 0.6721s ago] ('98107dd6-e7e6-4cb2-a703-326c3b1816d2', 155, 'ST', None, '2025-12-04 12:56:55.840516')
2025-12-04 17:56:55,841 INFO sqlalchemy.engine.Engine COMMIT
2025-12-04 17:56:55,847 INFO sqlalchemy.engine.Engine BEGIN (implicit)
2025-12-04 17:56:55,848 INFO sqlalchemy.engine.Engine SELECT leagues.id AS leagues_id, leagues.user_id AS leagues_user_id, leagues.league_type AS leagues_league_type, leagues.csv_filename AS leagues_csv_filename, leagues.uploaded_at AS leagues_uploaded_at 
FROM leagues 
WHERE leagues.id = ?
2025-12-04 17:56:55,848 INFO sqlalchemy.engine.Engine [cached since 0.6976s ago] ('98107dd6-e7e6-4cb2-a703-326c3b1816d2',)
2025-12-04 17:56:55,850 INFO sqlalchemy.engine.Engine SELECT players.id AS players_id, players.razzball_id AS players_razzball_id, players.name AS players_name, players.team AS players_team, players.position AS players_position, players.fantrax_id AS players_fantrax_id, players.nfbc_id AS players_nfbc_id, players.created_at AS players_created_at 
FROM players 
WHERE players.id = ?
2025-12-04 17:56:55,850 INFO sqlalchemy.engine.Engine [cached since 0.3926s ago] (17,)
2025-12-04 17:56:55,851 INFO sqlalchemy.engine.Engine SELECT players.id AS players_id, players.razzball_id AS players_razzball_id, players.name AS players_name, players.team AS players_team, players.position AS players_position, players.fantrax_id AS players_fantrax_id, players.nfbc_id AS players_nfbc_id, players.created_at AS players_created_at 
FROM players 
WHERE players.fantrax_id = ?
 LIMIT ? OFFSET ?
2025-12-04 17:56:55,851 INFO sqlalchemy.engine.Engine [cached since 0.7254s ago] ('*051wv*', 1, 0)
2025-12-04 17:56:55,852 INFO sqlalchemy.engine.Engine SELECT players.id AS players_id, players.razzball_id AS players_razzball_id, players.name AS players_name, players.team AS players_team, players.position AS players_position, players.fantrax_id AS players_fantrax_id, players.nfbc_id AS players_nfbc_id, players.created_at AS players_created_at 
FROM players 
WHERE players.team = ? AND players.position LIKE ?
2025-12-04 17:56:55,852 INFO sqlalchemy.engine.Engine [cached since 0.7248s ago] ('CHC', '%OF%')
2025-12-04 17:56:55,854 INFO sqlalchemy.engine.Engine UPDATE players SET fantrax_id=? WHERE players.id = ?
2025-12-04 17:56:55,854 INFO sqlalchemy.engine.Engine [cached since 0.4085s ago] ('*051wv*', 19)
2025-12-04 17:56:55,856 INFO sqlalchemy.engine.Engine INSERT INTO rosters (league_id, player_id, team_owner, status, created_at) VALUES (?, ?, ?, ?, ?)
2025-12-04 17:56:55,856 INFO sqlalchemy.engine.Engine [cached since 0.6879s ago] ('98107dd6-e7e6-4cb2-a703-326c3b1816d2', 17, 'SS', None, '2025-12-04 12:56:55.856473')
2025-12-04 17:56:55,857 INFO sqlalchemy.engine.Engine COMMIT
2025-12-04 17:56:55,863 INFO sqlalchemy.engine.Engine BEGIN (implicit)
2025-12-04 17:56:55,864 INFO sqlalchemy.engine.Engine SELECT leagues.id AS leagues_id, leagues.user_id AS leagues_user_id, leagues.league_type AS leagues_league_type, leagues.csv_filename AS leagues_csv_filename, leagues.uploaded_at AS leagues_uploaded_at 
FROM leagues 
WHERE leagues.id = ?
2025-12-04 17:56:55,864 INFO sqlalchemy.engine.Engine [cached since 0.713s ago] ('98107dd6-e7e6-4cb2-a703-326c3b1816d2',)
2025-12-04 17:56:55,865 INFO sqlalchemy.engine.Engine SELECT players.id AS players_id, players.razzball_id AS players_razzball_id, players.name AS players_name, players.team AS players_team, players.position AS players_position, players.fantrax_id AS players_fantrax_id, players.nfbc_id AS players_nfbc_id, players.created_at AS players_created_at 
FROM players 
WHERE players.id = ?
2025-12-04 17:56:55,865 INFO sqlalchemy.engine.Engine [cached since 0.4077s ago] (19,)
2025-12-04 17:56:55,866 INFO sqlalchemy.engine.Engine SELECT players.id AS players_id, players.razzball_id AS players_razzball_id, players.name AS players_name, players.team AS players_team, players.position AS players_position, players.fantrax_id AS players_fantrax_id, players.nfbc_id AS players_nfbc_id, players.created_at AS players_created_at 
FROM players 
WHERE players.fantrax_id = ?
 LIMIT ? OFFSET ?
2025-12-04 17:56:55,866 INFO sqlalchemy.engine.Engine [cached since 0.7401s ago] ('*04y4e*', 1, 0)
2025-12-04 17:56:55,866 INFO sqlalchemy.engine.Engine SELECT players.id AS players_id, players.razzball_id AS players_razzball_id, players.name AS players_name, players.team AS players_team, players.position AS players_position, players.fantrax_id AS players_fantrax_id, players.nfbc_id AS players_nfbc_id, players.created_at AS players_created_at 
FROM players 
WHERE players.team = ? AND players.position LIKE ?
2025-12-04 17:56:55,867 INFO sqlalchemy.engine.Engine [cached since 0.7393s ago] ('ARI', '%OF%')
2025-12-04 17:56:55,867 INFO sqlalchemy.engine.Engine SELECT players.id AS players_id, players.razzball_id AS players_razzball_id, players.name AS players_name, players.team AS players_team, players.position AS players_position, players.fantrax_id AS players_fantrax_id, players.nfbc_id AS players_nfbc_id, players.created_at AS players_created_at 
FROM players
2025-12-04 17:56:55,867 INFO sqlalchemy.engine.Engine [cached since 1.659s ago] ()
2025-12-04 17:56:55,880 INFO sqlalchemy.engine.Engine INSERT INTO players (razzball_id, name, team, position, fantrax_id, nfbc_id, created_at) VALUES (?, ?, ?, ?, ?, ?, ?)
2025-12-04 17:56:55,880 INFO sqlalchemy.engine.Engine [cached since 2.093s ago] (None, 'Corbin Carroll', 'ARI', 'OF', '*04y4e*', None, '2025-12-04 12:56:55.880428')
2025-12-04 17:56:55,882 INFO sqlalchemy.engine.Engine INSERT INTO rosters (league_id, player_id, team_owner, status, created_at) VALUES (?, ?, ?, ?, ?)
2025-12-04 17:56:55,882 INFO sqlalchemy.engine.Engine [cached since 0.7142s ago] ('98107dd6-e7e6-4cb2-a703-326c3b1816d2', 19, 'GT', None, '2025-12-04 12:56:55.882404')
2025-12-04 17:56:55,883 INFO sqlalchemy.engine.Engine COMMIT
2025-12-04 17:56:55,889 INFO sqlalchemy.engine.Engine BEGIN (implicit)
2025-12-04 17:56:55,889 INFO sqlalchemy.engine.Engine SELECT players.id, players.razzball_id, players.name, players.team, players.position, players.fantrax_id, players.nfbc_id, players.created_at 
FROM players 
WHERE players.id = ?
2025-12-04 17:56:55,889 INFO sqlalchemy.engine.Engine [cached since 0.7405s ago] (156,)
2025-12-04 17:56:55,890 INFO sqlalchemy.engine.Engine SELECT leagues.id AS leagues_id, leagues.user_id AS leagues_user_id, leagues.league_type AS leagues_league_type, leagues.csv_filename AS leagues_csv_filename, leagues.uploaded_at AS leagues_uploaded_at 
FROM leagues 
WHERE leagues.id = ?
2025-12-04 17:56:55,890 INFO sqlalchemy.engine.Engine [cached since 0.7397s ago] ('98107dd6-e7e6-4cb2-a703-326c3b1816d2',)
2025-12-04 17:56:55,892 INFO sqlalchemy.engine.Engine SELECT players.id AS players_id, players.razzball_id AS players_razzball_id, players.name AS players_name, players.team AS players_team, players.position AS players_position, players.fantrax_id AS players_fantrax_id, players.nfbc_id AS players_nfbc_id, players.created_at AS players_created_at 
FROM players 
WHERE players.fantrax_id = ?
 LIMIT ? OFFSET ?
2025-12-04 17:56:55,892 INFO sqlalchemy.engine.Engine [cached since 0.7664s ago] ('*05udp*', 1, 0)
2025-12-04 17:56:55,893 INFO sqlalchemy.engine.Engine SELECT players.id AS players_id, players.razzball_id AS players_razzball_id, players.name AS players_name, players.team AS players_team, players.position AS players_position, players.fantrax_id AS players_fantrax_id, players.nfbc_id AS players_nfbc_id, players.created_at AS players_created_at 
FROM players 
WHERE players.team = ? AND players.position LIKE ?
2025-12-04 17:56:55,893 INFO sqlalchemy.engine.Engine [cached since 0.7661s ago] ('CIN', '%SS%')
2025-12-04 17:56:55,895 INFO sqlalchemy.engine.Engine SELECT players.id AS players_id, players.razzball_id AS players_razzball_id, players.name AS players_name, players.team AS players_team, players.position AS players_position, players.fantrax_id AS players_fantrax_id, players.nfbc_id AS players_nfbc_id, players.created_at AS players_created_at 
FROM players
2025-12-04 17:56:55,895 INFO sqlalchemy.engine.Engine [cached since 1.687s ago] ()
2025-12-04 17:56:55,909 INFO sqlalchemy.engine.Engine INSERT INTO players (razzball_id, name, team, position, fantrax_id, nfbc_id, created_at) VALUES (?, ?, ?, ?, ?, ?, ?)
2025-12-04 17:56:55,909 INFO sqlalchemy.engine.Engine [cached since 2.122s ago] (None, 'Elly De La Cruz', 'CIN', 'SS', '*05udp*', None, '2025-12-04 12:56:55.909333')
2025-12-04 17:56:55,912 INFO sqlalchemy.engine.Engine INSERT INTO rosters (league_id, player_id, team_owner, status, created_at) VALUES (?, ?, ?, ?, ?)
2025-12-04 17:56:55,912 INFO sqlalchemy.engine.Engine [cached since 0.7439s ago] ('98107dd6-e7e6-4cb2-a703-326c3b1816d2', 156, 'RM', None, '2025-12-04 12:56:55.912325')
2025-12-04 17:56:55,913 INFO sqlalchemy.engine.Engine COMMIT
2025-12-04 17:56:55,921 INFO sqlalchemy.engine.Engine BEGIN (implicit)
2025-12-04 17:56:55,922 INFO sqlalchemy.engine.Engine SELECT players.id, players.razzball_id, players.name, players.team, players.position, players.fantrax_id, players.nfbc_id, players.created_at 
FROM players 
WHERE players.id = ?
2025-12-04 17:56:55,923 INFO sqlalchemy.engine.Engine [cached since 0.7735s ago] (157,)
2025-12-04 17:56:55,925 INFO sqlalchemy.engine.Engine SELECT leagues.id AS leagues_id, leagues.user_id AS leagues_user_id, leagues.league_type AS leagues_league_type, leagues.csv_filename AS leagues_csv_filename, leagues.uploaded_at AS leagues_uploaded_at 
FROM leagues 
WHERE leagues.id = ?
2025-12-04 17:56:55,925 INFO sqlalchemy.engine.Engine [cached since 0.7741s ago] ('98107dd6-e7e6-4cb2-a703-326c3b1816d2',)
2025-12-04 17:56:55,928 INFO sqlalchemy.engine.Engine SELECT players.id AS players_id, players.razzball_id AS players_razzball_id, players.name AS players_name, players.team AS players_team, players.position AS players_position, players.fantrax_id AS players_fantrax_id, players.nfbc_id AS players_nfbc_id, players.created_at AS players_created_at 
FROM players 
WHERE players.fantrax_id = ?
 LIMIT ? OFFSET ?
2025-12-04 17:56:55,928 INFO sqlalchemy.engine.Engine [cached since 0.8021s ago] ('*031cy*', 1, 0)
2025-12-04 17:56:55,931 INFO sqlalchemy.engine.Engine SELECT players.id AS players_id, players.razzball_id AS players_razzball_id, players.name AS players_name, players.team AS players_team, players.position AS players_position, players.fantrax_id AS players_fantrax_id, players.nfbc_id AS players_nfbc_id, players.created_at AS players_created_at 
FROM players 
WHERE players.team = ? AND players.position LIKE ?
2025-12-04 17:56:55,932 INFO sqlalchemy.engine.Engine [cached since 0.8042s ago] ('CIN', '%RP%')
2025-12-04 17:56:55,934 INFO sqlalchemy.engine.Engine SELECT players.id AS players_id, players.razzball_id AS players_razzball_id, players.name AS players_name, players.team AS players_team, players.position AS players_position, players.fantrax_id AS players_fantrax_id, players.nfbc_id AS players_nfbc_id, players.created_at AS players_created_at 
FROM players
2025-12-04 17:56:55,934 INFO sqlalchemy.engine.Engine [cached since 1.725s ago] ()
2025-12-04 17:56:55,991 INFO sqlalchemy.engine.Engine INSERT INTO players (razzball_id, name, team, position, fantrax_id, nfbc_id, created_at) VALUES (?, ?, ?, ?, ?, ?, ?)
2025-12-04 17:56:55,991 INFO sqlalchemy.engine.Engine [cached since 2.204s ago] (None, 'Emilio Pagan', 'CIN', 'RP', '*031cy*', None, '2025-12-04 12:56:55.991113')
2025-12-04 17:56:55,993 INFO sqlalchemy.engine.Engine INSERT INTO rosters (league_id, player_id, team_owner, status, created_at) VALUES (?, ?, ?, ?, ?)
2025-12-04 17:56:55,993 INFO sqlalchemy.engine.Engine [cached since 0.8249s ago] ('98107dd6-e7e6-4cb2-a703-326c3b1816d2', 157, 'AA', None, '2025-12-04 12:56:55.993107')
2025-12-04 17:56:55,994 INFO sqlalchemy.engine.Engine COMMIT
2025-12-04 17:56:56,001 INFO sqlalchemy.engine.Engine BEGIN (implicit)
2025-12-04 17:56:56,001 INFO sqlalchemy.engine.Engine SELECT players.id, players.razzball_id, players.name, players.team, players.position, players.fantrax_id, players.nfbc_id, players.created_at 
FROM players 
WHERE players.id = ?
2025-12-04 17:56:56,002 INFO sqlalchemy.engine.Engine [cached since 0.8522s ago] (158,)
2025-12-04 17:56:56,002 INFO sqlalchemy.engine.Engine SELECT leagues.id AS leagues_id, leagues.user_id AS leagues_user_id, leagues.league_type AS leagues_league_type, leagues.csv_filename AS leagues_csv_filename, leagues.uploaded_at AS leagues_uploaded_at 
FROM leagues 
WHERE leagues.id = ?
2025-12-04 17:56:56,003 INFO sqlalchemy.engine.Engine [cached since 0.8514s ago] ('98107dd6-e7e6-4cb2-a703-326c3b1816d2',)
2025-12-04 17:56:56,004 INFO sqlalchemy.engine.Engine SELECT players.id AS players_id, players.razzball_id AS players_razzball_id, players.name AS players_name, players.team AS players_team, players.position AS players_position, players.fantrax_id AS players_fantrax_id, players.nfbc_id AS players_nfbc_id, players.created_at AS players_created_at 
FROM players 
WHERE players.fantrax_id = ?
 LIMIT ? OFFSET ?
2025-12-04 17:56:56,004 INFO sqlalchemy.engine.Engine [cached since 0.8776s ago] ('*01svz*', 1, 0)
2025-12-04 17:56:56,004 INFO sqlalchemy.engine.Engine SELECT players.id AS players_id, players.razzball_id AS players_razzball_id, players.name AS players_name, players.team AS players_team, players.position AS players_position, players.fantrax_id AS players_fantrax_id, players.nfbc_id AS players_nfbc_id, players.created_at AS players_created_at 
FROM players 
WHERE players.team = ? AND players.position LIKE ?
2025-12-04 17:56:56,004 INFO sqlalchemy.engine.Engine [cached since 0.8768s ago] ('LAA', '%RP%')
2025-12-04 17:56:56,005 INFO sqlalchemy.engine.Engine SELECT players.id AS players_id, players.razzball_id AS players_razzball_id, players.name AS players_name, players.team AS players_team, players.position AS players_position, players.fantrax_id AS players_fantrax_id, players.nfbc_id AS players_nfbc_id, players.created_at AS players_created_at 
FROM players
2025-12-04 17:56:56,005 INFO sqlalchemy.engine.Engine [cached since 1.797s ago] ()
2025-12-04 17:56:56,022 INFO sqlalchemy.engine.Engine INSERT INTO players (razzball_id, name, team, position, fantrax_id, nfbc_id, created_at) VALUES (?, ?, ?, ?, ?, ?, ?)
2025-12-04 17:56:56,022 INFO sqlalchemy.engine.Engine [cached since 2.235s ago] (None, 'Kenley Jansen', 'LAA', 'RP', '*01svz*', None, '2025-12-04 12:56:56.022032')
2025-12-04 17:56:56,024 INFO sqlalchemy.engine.Engine INSERT INTO rosters (league_id, player_id, team_owner, status, created_at) VALUES (?, ?, ?, ?, ?)
2025-12-04 17:56:56,025 INFO sqlalchemy.engine.Engine [cached since 0.8562s ago] ('98107dd6-e7e6-4cb2-a703-326c3b1816d2', 158, 'FA', None, '2025-12-04 12:56:56.024027')
2025-12-04 17:56:56,025 INFO sqlalchemy.engine.Engine COMMIT
2025-12-04 17:56:56,032 INFO sqlalchemy.engine.Engine BEGIN (implicit)
2025-12-04 17:56:56,032 INFO sqlalchemy.engine.Engine SELECT players.id, players.razzball_id, players.name, players.team, players.position, players.fantrax_id, players.nfbc_id, players.created_at 
FROM players 
WHERE players.id = ?
2025-12-04 17:56:56,032 INFO sqlalchemy.engine.Engine [cached since 0.8826s ago] (159,)
2025-12-04 17:56:56,033 INFO sqlalchemy.engine.Engine SELECT leagues.id AS leagues_id, leagues.user_id AS leagues_user_id, leagues.league_type AS leagues_league_type, leagues.csv_filename AS leagues_csv_filename, leagues.uploaded_at AS leagues_uploaded_at 
FROM leagues 
WHERE leagues.id = ?
2025-12-04 17:56:56,033 INFO sqlalchemy.engine.Engine [cached since 0.8816s ago] ('98107dd6-e7e6-4cb2-a703-326c3b1816d2',)
2025-12-04 17:56:56,033 INFO sqlalchemy.engine.Engine SELECT players.id AS players_id, players.razzball_id AS players_razzball_id, players.name AS players_name, players.team AS players_team, players.position AS players_position, players.fantrax_id AS players_fantrax_id, players.nfbc_id AS players_nfbc_id, players.created_at AS players_created_at 
FROM players 
WHERE players.fantrax_id = ?
 LIMIT ? OFFSET ?
2025-12-04 17:56:56,033 INFO sqlalchemy.engine.Engine [cached since 0.9076s ago] ('*04ps7*', 1, 0)
2025-12-04 17:56:56,033 INFO sqlalchemy.engine.Engine SELECT players.id AS players_id, players.razzball_id AS players_razzball_id, players.name AS players_name, players.team AS players_team, players.position AS players_position, players.fantrax_id AS players_fantrax_id, players.nfbc_id AS players_nfbc_id, players.created_at AS players_created_at 
FROM players 
WHERE players.team = ? AND players.position LIKE ?
2025-12-04 17:56:56,034 INFO sqlalchemy.engine.Engine [cached since 0.9068s ago] ('MIN', '%SP%')
2025-12-04 17:56:56,034 INFO sqlalchemy.engine.Engine SELECT players.id AS players_id, players.razzball_id AS players_razzball_id, players.name AS players_name, players.team AS players_team, players.position AS players_position, players.fantrax_id AS players_fantrax_id, players.nfbc_id AS players_nfbc_id, players.created_at AS players_created_at 
FROM players
2025-12-04 17:56:56,034 INFO sqlalchemy.engine.Engine [cached since 1.827s ago] ()
2025-12-04 17:56:56,047 INFO sqlalchemy.engine.Engine INSERT INTO players (razzball_id, name, team, position, fantrax_id, nfbc_id, created_at) VALUES (?, ?, ?, ?, ?, ?, ?)
2025-12-04 17:56:56,047 INFO sqlalchemy.engine.Engine [cached since 2.26s ago] (None, 'Joe Ryan', 'MIN', 'SP', '*04ps7*', None, '2025-12-04 12:56:56.047963')
2025-12-04 17:56:56,049 INFO sqlalchemy.engine.Engine INSERT INTO rosters (league_id, player_id, team_owner, status, created_at) VALUES (?, ?, ?, ?, ?)
2025-12-04 17:56:56,049 INFO sqlalchemy.engine.Engine [cached since 0.8813s ago] ('98107dd6-e7e6-4cb2-a703-326c3b1816d2', 159, 'RM', None, '2025-12-04 12:56:56.049956')
2025-12-04 17:56:56,049 INFO sqlalchemy.engine.Engine COMMIT
2025-12-04 17:56:56,056 INFO sqlalchemy.engine.Engine BEGIN (implicit)
2025-12-04 17:56:56,056 INFO sqlalchemy.engine.Engine SELECT players.id, players.razzball_id, players.name, players.team, players.position, players.fantrax_id, players.nfbc_id, players.created_at 
FROM players 
WHERE players.id = ?
2025-12-04 17:56:56,056 INFO sqlalchemy.engine.Engine [cached since 0.9075s ago] (160,)
2025-12-04 17:56:56,057 INFO sqlalchemy.engine.Engine SELECT leagues.id AS leagues_id, leagues.user_id AS leagues_user_id, leagues.league_type AS leagues_league_type, leagues.csv_filename AS leagues_csv_filename, leagues.uploaded_at AS leagues_uploaded_at 
FROM leagues 
WHERE leagues.id = ?
2025-12-04 17:56:56,057 INFO sqlalchemy.engine.Engine [cached since 0.9065s ago] ('98107dd6-e7e6-4cb2-a703-326c3b1816d2',)
2025-12-04 17:56:56,058 INFO sqlalchemy.engine.Engine SELECT players.id AS players_id, players.razzball_id AS players_razzball_id, players.name AS players_name, players.team AS players_team, players.position AS players_position, players.fantrax_id AS players_fantrax_id, players.nfbc_id AS players_nfbc_id, players.created_at AS players_created_at 
FROM players 
WHERE players.fantrax_id = ?
 LIMIT ? OFFSET ?
2025-12-04 17:56:56,058 INFO sqlalchemy.engine.Engine [cached since 0.9325s ago] ('*04eor*', 1, 0)
2025-12-04 17:56:56,058 INFO sqlalchemy.engine.Engine SELECT players.id AS players_id, players.razzball_id AS players_razzball_id, players.name AS players_name, players.team AS players_team, players.position AS players_position, players.fantrax_id AS players_fantrax_id, players.nfbc_id AS players_nfbc_id, players.created_at AS players_created_at 
FROM players 
WHERE players.team = ? AND players.position LIKE ?
2025-12-04 17:56:56,058 INFO sqlalchemy.engine.Engine [cached since 0.9316s ago] ('CLE', '%RP%')
2025-12-04 17:56:56,059 INFO sqlalchemy.engine.Engine SELECT players.id AS players_id, players.razzball_id AS players_razzball_id, players.name AS players_name, players.team AS players_team, players.position AS players_position, players.fantrax_id AS players_fantrax_id, players.nfbc_id AS players_nfbc_id, players.created_at AS players_created_at 
FROM players
2025-12-04 17:56:56,059 INFO sqlalchemy.engine.Engine [cached since 1.852s ago] ()
2025-12-04 17:56:56,074 INFO sqlalchemy.engine.Engine INSERT INTO players (razzball_id, name, team, position, fantrax_id, nfbc_id, created_at) VALUES (?, ?, ?, ?, ?, ?, ?)
2025-12-04 17:56:56,075 INFO sqlalchemy.engine.Engine [cached since 2.288s ago] (None, 'Cade Smith', 'CLE', 'RP', '*04eor*', None, '2025-12-04 12:56:56.074890')
2025-12-04 17:56:56,078 INFO sqlalchemy.engine.Engine INSERT INTO rosters (league_id, player_id, team_owner, status, created_at) VALUES (?, ?, ?, ?, ?)
2025-12-04 17:56:56,078 INFO sqlalchemy.engine.Engine [cached since 0.9104s ago] ('98107dd6-e7e6-4cb2-a703-326c3b1816d2', 160, 'DJS', None, '2025-12-04 12:56:56.077883')
2025-12-04 17:56:56,079 INFO sqlalchemy.engine.Engine COMMIT
2025-12-04 17:56:56,085 INFO sqlalchemy.engine.Engine BEGIN (implicit)
2025-12-04 17:56:56,085 INFO sqlalchemy.engine.Engine SELECT players.id, players.razzball_id, players.name, players.team, players.position, players.fantrax_id, players.nfbc_id, players.created_at 
FROM players 
WHERE players.id = ?
2025-12-04 17:56:56,085 INFO sqlalchemy.engine.Engine [cached since 0.9368s ago] (161,)
2025-12-04 17:56:56,086 INFO sqlalchemy.engine.Engine SELECT leagues.id AS leagues_id, leagues.user_id AS leagues_user_id, leagues.league_type AS leagues_league_type, leagues.csv_filename AS leagues_csv_filename, leagues.uploaded_at AS leagues_uploaded_at 
FROM leagues 
WHERE leagues.id = ?
2025-12-04 17:56:56,086 INFO sqlalchemy.engine.Engine [cached since 0.936s ago] ('98107dd6-e7e6-4cb2-a703-326c3b1816d2',)
2025-12-04 17:56:56,087 INFO sqlalchemy.engine.Engine SELECT players.id AS players_id, players.razzball_id AS players_razzball_id, players.name AS players_name, players.team AS players_team, players.position AS players_position, players.fantrax_id AS players_fantrax_id, players.nfbc_id AS players_nfbc_id, players.created_at AS players_created_at 
FROM players 
WHERE players.fantrax_id = ?
 LIMIT ? OFFSET ?
2025-12-04 17:56:56,087 INFO sqlalchemy.engine.Engine [cached since 0.9621s ago] ('*03dau*', 1, 0)
2025-12-04 17:56:56,088 INFO sqlalchemy.engine.Engine SELECT players.id AS players_id, players.razzball_id AS players_razzball_id, players.name AS players_name, players.team AS players_team, players.position AS players_position, players.fantrax_id AS players_fantrax_id, players.nfbc_id AS players_nfbc_id, players.created_at AS players_created_at 
FROM players 
WHERE players.team = ? AND players.position LIKE ?
2025-12-04 17:56:56,088 INFO sqlalchemy.engine.Engine [cached since 0.9613s ago] ('MIL', '%RP%')
2025-12-04 17:56:56,089 INFO sqlalchemy.engine.Engine SELECT players.id AS players_id, players.razzball_id AS players_razzball_id, players.name AS players_name, players.team AS players_team, players.position AS players_position, players.fantrax_id AS players_fantrax_id, players.nfbc_id AS players_nfbc_id, players.created_at AS players_created_at 
FROM players
2025-12-04 17:56:56,089 INFO sqlalchemy.engine.Engine [cached since 1.881s ago] ()
2025-12-04 17:56:56,104 INFO sqlalchemy.engine.Engine INSERT INTO players (razzball_id, name, team, position, fantrax_id, nfbc_id, created_at) VALUES (?, ?, ?, ?, ?, ?, ?)
2025-12-04 17:56:56,105 INFO sqlalchemy.engine.Engine [cached since 2.318s ago] (None, 'Trevor Megill', 'MIL', 'RP', '*03dau*', None, '2025-12-04 12:56:56.104809')
2025-12-04 17:56:56,107 INFO sqlalchemy.engine.Engine INSERT INTO rosters (league_id, player_id, team_owner, status, created_at) VALUES (?, ?, ?, ?, ?)
2025-12-04 17:56:56,107 INFO sqlalchemy.engine.Engine [cached since 0.9394s ago] ('98107dd6-e7e6-4cb2-a703-326c3b1816d2', 161, 'SV', None, '2025-12-04 12:56:56.107801')
2025-12-04 17:56:56,108 INFO sqlalchemy.engine.Engine COMMIT
2025-12-04 17:56:56,115 INFO sqlalchemy.engine.Engine BEGIN (implicit)
2025-12-04 17:56:56,116 INFO sqlalchemy.engine.Engine SELECT players.id, players.razzball_id, players.name, players.team, players.position, players.fantrax_id, players.nfbc_id, players.created_at 
FROM players 
WHERE players.id = ?
2025-12-04 17:56:56,116 INFO sqlalchemy.engine.Engine [cached since 0.9673s ago] (162,)
2025-12-04 17:56:56,118 INFO sqlalchemy.engine.Engine SELECT leagues.id AS leagues_id, leagues.user_id AS leagues_user_id, leagues.league_type AS leagues_league_type, leagues.csv_filename AS leagues_csv_filename, leagues.uploaded_at AS leagues_uploaded_at 
FROM leagues 
WHERE leagues.id = ?
2025-12-04 17:56:56,118 INFO sqlalchemy.engine.Engine [cached since 0.9674s ago] ('98107dd6-e7e6-4cb2-a703-326c3b1816d2',)
2025-12-04 17:56:56,119 INFO sqlalchemy.engine.Engine SELECT players.id AS players_id, players.razzball_id AS players_razzball_id, players.name AS players_name, players.team AS players_team, players.position AS players_position, players.fantrax_id AS players_fantrax_id, players.nfbc_id AS players_nfbc_id, players.created_at AS players_created_at 
FROM players 
WHERE players.fantrax_id = ?
 LIMIT ? OFFSET ?
2025-12-04 17:56:56,119 INFO sqlalchemy.engine.Engine [cached since 0.9935s ago] ('*03dbm*', 1, 0)
2025-12-04 17:56:56,120 INFO sqlalchemy.engine.Engine SELECT players.id AS players_id, players.razzball_id AS players_razzball_id, players.name AS players_name, players.team AS players_team, players.position AS players_position, players.fantrax_id AS players_fantrax_id, players.nfbc_id AS players_nfbc_id, players.created_at AS players_created_at 
FROM players 
WHERE players.team = ? AND players.position LIKE ?
2025-12-04 17:56:56,120 INFO sqlalchemy.engine.Engine [cached since 0.9927s ago] ('SF', '%SP%')
2025-12-04 17:56:56,120 INFO sqlalchemy.engine.Engine SELECT players.id AS players_id, players.razzball_id AS players_razzball_id, players.name AS players_name, players.team AS players_team, players.position AS players_position, players.fantrax_id AS players_fantrax_id, players.nfbc_id AS players_nfbc_id, players.created_at AS players_created_at 
FROM players
2025-12-04 17:56:56,120 INFO sqlalchemy.engine.Engine [cached since 1.913s ago] ()
2025-12-04 17:56:56,134 INFO sqlalchemy.engine.Engine INSERT INTO players (razzball_id, name, team, position, fantrax_id, nfbc_id, created_at) VALUES (?, ?, ?, ?, ?, ?, ?)
2025-12-04 17:56:56,134 INFO sqlalchemy.engine.Engine [cached since 2.347s ago] (None, 'Logan Webb', 'SF', 'SP', '*03dbm*', None, '2025-12-04 12:56:56.134730')
2025-12-04 17:56:56,136 INFO sqlalchemy.engine.Engine INSERT INTO rosters (league_id, player_id, team_owner, status, created_at) VALUES (?, ?, ?, ?, ?)
2025-12-04 17:56:56,137 INFO sqlalchemy.engine.Engine [cached since 0.969s ago] ('98107dd6-e7e6-4cb2-a703-326c3b1816d2', 162, 'SV', None, '2025-12-04 12:56:56.136725')
2025-12-04 17:56:56,138 INFO sqlalchemy.engine.Engine COMMIT
2025-12-04 17:56:56,143 INFO sqlalchemy.engine.Engine BEGIN (implicit)
2025-12-04 17:56:56,144 INFO sqlalchemy.engine.Engine SELECT players.id, players.razzball_id, players.name, players.team, players.position, players.fantrax_id, players.nfbc_id, players.created_at 
FROM players 
WHERE players.id = ?
2025-12-04 17:56:56,145 INFO sqlalchemy.engine.Engine [cached since 0.996s ago] (163,)
2025-12-04 17:56:56,146 INFO sqlalchemy.engine.Engine SELECT leagues.id AS leagues_id, leagues.user_id AS leagues_user_id, leagues.league_type AS leagues_league_type, leagues.csv_filename AS leagues_csv_filename, leagues.uploaded_at AS leagues_uploaded_at 
FROM leagues 
WHERE leagues.id = ?
2025-12-04 17:56:56,146 INFO sqlalchemy.engine.Engine [cached since 0.996s ago] ('98107dd6-e7e6-4cb2-a703-326c3b1816d2',)
2025-12-04 17:56:56,148 INFO sqlalchemy.engine.Engine SELECT players.id AS players_id, players.razzball_id AS players_razzball_id, players.name AS players_name, players.team AS players_team, players.position AS players_position, players.fantrax_id AS players_fantrax_id, players.nfbc_id AS players_nfbc_id, players.created_at AS players_created_at 
FROM players 
WHERE players.fantrax_id = ?
 LIMIT ? OFFSET ?
2025-12-04 17:56:56,148 INFO sqlalchemy.engine.Engine [cached since 1.022s ago] ('*02n4s*', 1, 0)
2025-12-04 17:56:56,148 INFO sqlalchemy.engine.Engine SELECT players.id AS players_id, players.razzball_id AS players_razzball_id, players.name AS players_name, players.team AS players_team, players.position AS players_position, players.fantrax_id AS players_fantrax_id, players.nfbc_id AS players_nfbc_id, players.created_at AS players_created_at 
FROM players 
WHERE players.team = ? AND players.position LIKE ?
2025-12-04 17:56:56,148 INFO sqlalchemy.engine.Engine [cached since 1.021s ago] ('CHC', '%SP%')
2025-12-04 17:56:56,149 INFO sqlalchemy.engine.Engine SELECT players.id AS players_id, players.razzball_id AS players_razzball_id, players.name AS players_name, players.team AS players_team, players.position AS players_position, players.fantrax_id AS players_fantrax_id, players.nfbc_id AS players_nfbc_id, players.created_at AS players_created_at 
FROM players
2025-12-04 17:56:56,149 INFO sqlalchemy.engine.Engine [cached since 1.941s ago] ()
2025-12-04 17:56:56,161 INFO sqlalchemy.engine.Engine INSERT INTO players (razzball_id, name, team, position, fantrax_id, nfbc_id, created_at) VALUES (?, ?, ?, ?, ?, ?, ?)
2025-12-04 17:56:56,162 INFO sqlalchemy.engine.Engine [cached since 2.375s ago] (None, 'Matthew Boyd', 'CHC', 'SP', '*02n4s*', None, '2025-12-04 12:56:56.161660')
2025-12-04 17:56:56,164 INFO sqlalchemy.engine.Engine INSERT INTO rosters (league_id, player_id, team_owner, status, created_at) VALUES (?, ?, ?, ?, ?)
2025-12-04 17:56:56,165 INFO sqlalchemy.engine.Engine [cached since 0.9968s ago] ('98107dd6-e7e6-4cb2-a703-326c3b1816d2', 163, 'SV', None, '2025-12-04 12:56:56.164678')
2025-12-04 17:56:56,165 INFO sqlalchemy.engine.Engine COMMIT
2025-12-04 17:56:56,171 INFO sqlalchemy.engine.Engine BEGIN (implicit)
2025-12-04 17:56:56,171 INFO sqlalchemy.engine.Engine SELECT players.id, players.razzball_id, players.name, players.team, players.position, players.fantrax_id, players.nfbc_id, players.created_at 
FROM players 
WHERE players.id = ?
2025-12-04 17:56:56,172 INFO sqlalchemy.engine.Engine [cached since 1.023s ago] (164,)
2025-12-04 17:56:56,172 INFO sqlalchemy.engine.Engine SELECT leagues.id AS leagues_id, leagues.user_id AS leagues_user_id, leagues.league_type AS leagues_league_type, leagues.csv_filename AS leagues_csv_filename, leagues.uploaded_at AS leagues_uploaded_at 
FROM leagues 
WHERE leagues.id = ?
2025-12-04 17:56:56,172 INFO sqlalchemy.engine.Engine [cached since 1.022s ago] ('98107dd6-e7e6-4cb2-a703-326c3b1816d2',)
2025-12-04 17:56:56,173 INFO sqlalchemy.engine.Engine SELECT players.id AS players_id, players.razzball_id AS players_razzball_id, players.name AS players_name, players.team AS players_team, players.position AS players_position, players.fantrax_id AS players_fantrax_id, players.nfbc_id AS players_nfbc_id, players.created_at AS players_created_at 
FROM players 
WHERE players.fantrax_id = ?
 LIMIT ? OFFSET ?
2025-12-04 17:56:56,173 INFO sqlalchemy.engine.Engine [cached since 1.048s ago] ('*043ia*', 1, 0)
2025-12-04 17:56:56,174 INFO sqlalchemy.engine.Engine SELECT players.id AS players_id, players.razzball_id AS players_razzball_id, players.name AS players_name, players.team AS players_team, players.position AS players_position, players.fantrax_id AS players_fantrax_id, players.nfbc_id AS players_nfbc_id, players.created_at AS players_created_at 
FROM players 
WHERE players.team = ? AND players.position LIKE ?
2025-12-04 17:56:56,174 INFO sqlalchemy.engine.Engine [cached since 1.047s ago] ('SD', '%RP%')
2025-12-04 17:56:56,175 INFO sqlalchemy.engine.Engine INSERT INTO players (razzball_id, name, team, position, fantrax_id, nfbc_id, created_at) VALUES (?, ?, ?, ?, ?, ?, ?)
2025-12-04 17:56:56,175 INFO sqlalchemy.engine.Engine [cached since 2.388s ago] (None, 'Adrian Morejon', 'SD', 'RP', '*043ia*', None, '2025-12-04 12:56:56.175620')
2025-12-04 17:56:56,177 INFO sqlalchemy.engine.Engine INSERT INTO rosters (league_id, player_id, team_owner, status, created_at) VALUES (?, ?, ?, ?, ?)
2025-12-04 17:56:56,177 INFO sqlalchemy.engine.Engine [cached since 1.009s ago] ('98107dd6-e7e6-4cb2-a703-326c3b1816d2', 164, 'SS', None, '2025-12-04 12:56:56.177617')
2025-12-04 17:56:56,178 INFO sqlalchemy.engine.Engine COMMIT
2025-12-04 17:56:56,186 INFO sqlalchemy.engine.Engine BEGIN (implicit)
2025-12-04 17:56:56,186 INFO sqlalchemy.engine.Engine SELECT players.id, players.razzball_id, players.name, players.team, players.position, players.fantrax_id, players.nfbc_id, players.created_at 
FROM players 
WHERE players.id = ?
2025-12-04 17:56:56,187 INFO sqlalchemy.engine.Engine [cached since 1.038s ago] (165,)
2025-12-04 17:56:56,188 INFO sqlalchemy.engine.Engine SELECT leagues.id AS leagues_id, leagues.user_id AS leagues_user_id, leagues.league_type AS leagues_league_type, leagues.csv_filename AS leagues_csv_filename, leagues.uploaded_at AS leagues_uploaded_at 
FROM leagues 
WHERE leagues.id = ?
2025-12-04 17:56:56,188 INFO sqlalchemy.engine.Engine [cached since 1.037s ago] ('98107dd6-e7e6-4cb2-a703-326c3b1816d2',)
2025-12-04 17:56:56,189 INFO sqlalchemy.engine.Engine SELECT players.id AS players_id, players.razzball_id AS players_razzball_id, players.name AS players_name, players.team AS players_team, players.position AS players_position, players.fantrax_id AS players_fantrax_id, players.nfbc_id AS players_nfbc_id, players.created_at AS players_created_at 
FROM players 
WHERE players.fantrax_id = ?
 LIMIT ? OFFSET ?
2025-12-04 17:56:56,189 INFO sqlalchemy.engine.Engine [cached since 1.064s ago] ('*02bqh*', 1, 0)
2025-12-04 17:56:56,190 INFO sqlalchemy.engine.Engine SELECT players.id AS players_id, players.razzball_id AS players_razzball_id, players.name AS players_name, players.team AS players_team, players.position AS players_position, players.fantrax_id AS players_fantrax_id, players.nfbc_id AS players_nfbc_id, players.created_at AS players_created_at 
FROM players 
WHERE players.team = ? AND players.position LIKE ?
2025-12-04 17:56:56,190 INFO sqlalchemy.engine.Engine [cached since 1.063s ago] ('BOS', '%SS%')
2025-12-04 17:56:56,191 INFO sqlalchemy.engine.Engine SELECT players.id AS players_id, players.razzball_id AS players_razzball_id, players.name AS players_name, players.team AS players_team, players.position AS players_position, players.fantrax_id AS players_fantrax_id, players.nfbc_id AS players_nfbc_id, players.created_at AS players_created_at 
FROM players
2025-12-04 17:56:56,191 INFO sqlalchemy.engine.Engine [cached since 1.983s ago] ()
2025-12-04 17:56:56,203 INFO sqlalchemy.engine.Engine INSERT INTO players (razzball_id, name, team, position, fantrax_id, nfbc_id, created_at) VALUES (?, ?, ?, ?, ?, ?, ?)
2025-12-04 17:56:56,203 INFO sqlalchemy.engine.Engine [cached since 2.416s ago] (None, 'Trevor Story', 'BOS', 'SS', '*02bqh*', None, '2025-12-04 12:56:56.203558')
2025-12-04 17:56:56,205 INFO sqlalchemy.engine.Engine INSERT INTO rosters (league_id, player_id, team_owner, status, created_at) VALUES (?, ?, ?, ?, ?)
2025-12-04 17:56:56,205 INFO sqlalchemy.engine.Engine [cached since 1.037s ago] ('98107dd6-e7e6-4cb2-a703-326c3b1816d2', 165, 'FA', None, '2025-12-04 12:56:56.205540')
2025-12-04 17:56:56,206 INFO sqlalchemy.engine.Engine COMMIT
2025-12-04 17:56:56,213 INFO sqlalchemy.engine.Engine BEGIN (implicit)
2025-12-04 17:56:56,214 INFO sqlalchemy.engine.Engine SELECT players.id, players.razzball_id, players.name, players.team, players.position, players.fantrax_id, players.nfbc_id, players.created_at 
FROM players 
WHERE players.id = ?
2025-12-04 17:56:56,214 INFO sqlalchemy.engine.Engine [cached since 1.065s ago] (166,)
2025-12-04 17:56:56,215 INFO sqlalchemy.engine.Engine SELECT leagues.id AS leagues_id, leagues.user_id AS leagues_user_id, leagues.league_type AS leagues_league_type, leagues.csv_filename AS leagues_csv_filename, leagues.uploaded_at AS leagues_uploaded_at 
FROM leagues 
WHERE leagues.id = ?
2025-12-04 17:56:56,215 INFO sqlalchemy.engine.Engine [cached since 1.064s ago] ('98107dd6-e7e6-4cb2-a703-326c3b1816d2',)
2025-12-04 17:56:56,216 INFO sqlalchemy.engine.Engine SELECT players.id AS players_id, players.razzball_id AS players_razzball_id, players.name AS players_name, players.team AS players_team, players.position AS players_position, players.fantrax_id AS players_fantrax_id, players.nfbc_id AS players_nfbc_id, players.created_at AS players_created_at 
FROM players 
WHERE players.fantrax_id = ?
 LIMIT ? OFFSET ?
2025-12-04 17:56:56,216 INFO sqlalchemy.engine.Engine [cached since 1.091s ago] ('*05ucd*', 1, 0)
2025-12-04 17:56:56,217 INFO sqlalchemy.engine.Engine SELECT players.id AS players_id, players.razzball_id AS players_razzball_id, players.name AS players_name, players.team AS players_team, players.position AS players_position, players.fantrax_id AS players_fantrax_id, players.nfbc_id AS players_nfbc_id, players.created_at AS players_created_at 
FROM players 
WHERE players.team = ? AND players.position LIKE ?
2025-12-04 17:56:56,217 INFO sqlalchemy.engine.Engine [cached since 1.09s ago] ('ATH/SD', '%RP%')
2025-12-04 17:56:56,217 INFO sqlalchemy.engine.Engine SELECT players.id AS players_id, players.razzball_id AS players_razzball_id, players.name AS players_name, players.team AS players_team, players.position AS players_position, players.fantrax_id AS players_fantrax_id, players.nfbc_id AS players_nfbc_id, players.created_at AS players_created_at 
FROM players
2025-12-04 17:56:56,218 INFO sqlalchemy.engine.Engine [cached since 2.01s ago] ()
2025-12-04 17:56:56,231 INFO sqlalchemy.engine.Engine INSERT INTO players (razzball_id, name, team, position, fantrax_id, nfbc_id, created_at) VALUES (?, ?, ?, ?, ?, ?, ?)
2025-12-04 17:56:56,231 INFO sqlalchemy.engine.Engine [cached since 2.444s ago] (None, 'Mason Miller', 'ATH/SD', 'RP', '*05ucd*', None, '2025-12-04 12:56:56.231472')
2025-12-04 17:56:56,233 INFO sqlalchemy.engine.Engine INSERT INTO rosters (league_id, player_id, team_owner, status, created_at) VALUES (?, ?, ?, ?, ?)
2025-12-04 17:56:56,234 INFO sqlalchemy.engine.Engine [cached since 1.066s ago] ('98107dd6-e7e6-4cb2-a703-326c3b1816d2', 166, 'RM', None, '2025-12-04 12:56:56.233467')
2025-12-04 17:56:56,234 INFO sqlalchemy.engine.Engine COMMIT
2025-12-04 17:56:56,239 INFO sqlalchemy.engine.Engine BEGIN (implicit)
2025-12-04 17:56:56,239 INFO sqlalchemy.engine.Engine SELECT players.id, players.razzball_id, players.name, players.team, players.position, players.fantrax_id, players.nfbc_id, players.created_at 
FROM players 
WHERE players.id = ?
2025-12-04 17:56:56,240 INFO sqlalchemy.engine.Engine [cached since 1.091s ago] (167,)
2025-12-04 17:56:56,240 INFO sqlalchemy.engine.Engine SELECT leagues.id AS leagues_id, leagues.user_id AS leagues_user_id, leagues.league_type AS leagues_league_type, leagues.csv_filename AS leagues_csv_filename, leagues.uploaded_at AS leagues_uploaded_at 
FROM leagues 
WHERE leagues.id = ?
2025-12-04 17:56:56,240 INFO sqlalchemy.engine.Engine [cached since 1.09s ago] ('98107dd6-e7e6-4cb2-a703-326c3b1816d2',)
2025-12-04 17:56:56,241 INFO sqlalchemy.engine.Engine SELECT players.id AS players_id, players.razzball_id AS players_razzball_id, players.name AS players_name, players.team AS players_team, players.position AS players_position, players.fantrax_id AS players_fantrax_id, players.nfbc_id AS players_nfbc_id, players.created_at AS players_created_at 
FROM players 
WHERE players.fantrax_id = ?
 LIMIT ? OFFSET ?
2025-12-04 17:56:56,241 INFO sqlalchemy.engine.Engine [cached since 1.116s ago] ('*03zbh*', 1, 0)
2025-12-04 17:56:56,242 INFO sqlalchemy.engine.Engine SELECT players.id AS players_id, players.razzball_id AS players_razzball_id, players.name AS players_name, players.team AS players_team, players.position AS players_position, players.fantrax_id AS players_fantrax_id, players.nfbc_id AS players_nfbc_id, players.created_at AS players_created_at 
FROM players 
WHERE players.team = ? AND players.position LIKE ?
2025-12-04 17:56:56,242 INFO sqlalchemy.engine.Engine [cached since 1.115s ago] ('SD', '%OF%')
2025-12-04 17:56:56,243 INFO sqlalchemy.engine.Engine SELECT players.id AS players_id, players.razzball_id AS players_razzball_id, players.name AS players_name, players.team AS players_team, players.position AS players_position, players.fantrax_id AS players_fantrax_id, players.nfbc_id AS players_nfbc_id, players.created_at AS players_created_at 
FROM players
2025-12-04 17:56:56,243 INFO sqlalchemy.engine.Engine [cached since 2.035s ago] ()
2025-12-04 17:56:56,258 INFO sqlalchemy.engine.Engine INSERT INTO players (razzball_id, name, team, position, fantrax_id, nfbc_id, created_at) VALUES (?, ?, ?, ?, ?, ?, ?)
2025-12-04 17:56:56,258 INFO sqlalchemy.engine.Engine [cached since 2.471s ago] (None, 'Fernando Tatis Jr.', 'SD', 'OF', '*03zbh*', None, '2025-12-04 12:56:56.258400')
2025-12-04 17:56:56,260 INFO sqlalchemy.engine.Engine INSERT INTO rosters (league_id, player_id, team_owner, status, created_at) VALUES (?, ?, ?, ?, ?)
2025-12-04 17:56:56,260 INFO sqlalchemy.engine.Engine [cached since 1.092s ago] ('98107dd6-e7e6-4cb2-a703-326c3b1816d2', 167, 'SS', None, '2025-12-04 12:56:56.260396')
2025-12-04 17:56:56,261 INFO sqlalchemy.engine.Engine COMMIT
2025-12-04 17:56:56,268 INFO sqlalchemy.engine.Engine BEGIN (implicit)
2025-12-04 17:56:56,268 INFO sqlalchemy.engine.Engine SELECT players.id, players.razzball_id, players.name, players.team, players.position, players.fantrax_id, players.nfbc_id, players.created_at 
FROM players 
WHERE players.id = ?
2025-12-04 17:56:56,268 INFO sqlalchemy.engine.Engine [cached since 1.119s ago] (168,)
2025-12-04 17:56:56,269 INFO sqlalchemy.engine.Engine SELECT leagues.id AS leagues_id, leagues.user_id AS leagues_user_id, leagues.league_type AS leagues_league_type, leagues.csv_filename AS leagues_csv_filename, leagues.uploaded_at AS leagues_uploaded_at 
FROM leagues 
WHERE leagues.id = ?
2025-12-04 17:56:56,269 INFO sqlalchemy.engine.Engine [cached since 1.118s ago] ('98107dd6-e7e6-4cb2-a703-326c3b1816d2',)
2025-12-04 17:56:56,270 INFO sqlalchemy.engine.Engine SELECT players.id AS players_id, players.razzball_id AS players_razzball_id, players.name AS players_name, players.team AS players_team, players.position AS players_position, players.fantrax_id AS players_fantrax_id, players.nfbc_id AS players_nfbc_id, players.created_at AS players_created_at 
FROM players 
WHERE players.fantrax_id = ?
 LIMIT ? OFFSET ?
2025-12-04 17:56:56,270 INFO sqlalchemy.engine.Engine [cached since 1.144s ago] ('*04pbq*', 1, 0)
2025-12-04 17:56:56,271 INFO sqlalchemy.engine.Engine SELECT players.id AS players_id, players.razzball_id AS players_razzball_id, players.name AS players_name, players.team AS players_team, players.position AS players_position, players.fantrax_id AS players_fantrax_id, players.nfbc_id AS players_nfbc_id, players.created_at AS players_created_at 
FROM players 
WHERE players.team = ? AND players.position LIKE ?
2025-12-04 17:56:56,271 INFO sqlalchemy.engine.Engine [cached since 1.143s ago] ('ARI', '%SS%')
2025-12-04 17:56:56,271 INFO sqlalchemy.engine.Engine SELECT players.id AS players_id, players.razzball_id AS players_razzball_id, players.name AS players_name, players.team AS players_team, players.position AS players_position, players.fantrax_id AS players_fantrax_id, players.nfbc_id AS players_nfbc_id, players.created_at AS players_created_at 
FROM players
2025-12-04 17:56:56,271 INFO sqlalchemy.engine.Engine [cached since 2.063s ago] ()
2025-12-04 17:56:56,285 INFO sqlalchemy.engine.Engine INSERT INTO players (razzball_id, name, team, position, fantrax_id, nfbc_id, created_at) VALUES (?, ?, ?, ?, ?, ?, ?)
2025-12-04 17:56:56,285 INFO sqlalchemy.engine.Engine [cached since 2.498s ago] (None, 'Geraldo Perdomo', 'ARI', 'SS', '*04pbq*', None, '2025-12-04 12:56:56.285327')
2025-12-04 17:56:56,286 INFO sqlalchemy.engine.Engine INSERT INTO rosters (league_id, player_id, team_owner, status, created_at) VALUES (?, ?, ?, ?, ?)
2025-12-04 17:56:56,286 INFO sqlalchemy.engine.Engine [cached since 1.118s ago] ('98107dd6-e7e6-4cb2-a703-326c3b1816d2', 168, 'DJS', None, '2025-12-04 12:56:56.286324')
2025-12-04 17:56:56,287 INFO sqlalchemy.engine.Engine COMMIT
2025-12-04 17:56:56,292 INFO sqlalchemy.engine.Engine BEGIN (implicit)
2025-12-04 17:56:56,293 INFO sqlalchemy.engine.Engine SELECT players.id, players.razzball_id, players.name, players.team, players.position, players.fantrax_id, players.nfbc_id, players.created_at 
FROM players 
WHERE players.id = ?
2025-12-04 17:56:56,293 INFO sqlalchemy.engine.Engine [cached since 1.144s ago] (169,)
2025-12-04 17:56:56,294 INFO sqlalchemy.engine.Engine SELECT leagues.id AS leagues_id, leagues.user_id AS leagues_user_id, leagues.league_type AS leagues_league_type, leagues.csv_filename AS leagues_csv_filename, leagues.uploaded_at AS leagues_uploaded_at 
FROM leagues 
WHERE leagues.id = ?
2025-12-04 17:56:56,295 INFO sqlalchemy.engine.Engine [cached since 1.144s ago] ('98107dd6-e7e6-4cb2-a703-326c3b1816d2',)
2025-12-04 17:56:56,297 INFO sqlalchemy.engine.Engine SELECT players.id AS players_id, players.razzball_id AS players_razzball_id, players.name AS players_name, players.team AS players_team, players.position AS players_position, players.fantrax_id AS players_fantrax_id, players.nfbc_id AS players_nfbc_id, players.created_at AS players_created_at 
FROM players 
WHERE players.fantrax_id = ?
 LIMIT ? OFFSET ?
2025-12-04 17:56:56,297 INFO sqlalchemy.engine.Engine [cached since 1.171s ago] ('*03aqv*', 1, 0)
2025-12-04 17:56:56,298 INFO sqlalchemy.engine.Engine SELECT players.id AS players_id, players.razzball_id AS players_razzball_id, players.name AS players_name, players.team AS players_team, players.position AS players_position, players.fantrax_id AS players_fantrax_id, players.nfbc_id AS players_nfbc_id, players.created_at AS players_created_at 
FROM players 
WHERE players.team = ? AND players.position LIKE ?
2025-12-04 17:56:56,298 INFO sqlalchemy.engine.Engine [cached since 1.171s ago] ('ATL', '%RP%')
2025-12-04 17:56:56,299 INFO sqlalchemy.engine.Engine SELECT players.id AS players_id, players.razzball_id AS players_razzball_id, players.name AS players_name, players.team AS players_team, players.position AS players_position, players.fantrax_id AS players_fantrax_id, players.nfbc_id AS players_nfbc_id, players.created_at AS players_created_at 
FROM players
2025-12-04 17:56:56,299 INFO sqlalchemy.engine.Engine [cached since 2.091s ago] ()
2025-12-04 17:56:56,308 INFO sqlalchemy.engine.Engine INSERT INTO players (razzball_id, name, team, position, fantrax_id, nfbc_id, created_at) VALUES (?, ?, ?, ?, ?, ?, ?)
2025-12-04 17:56:56,308 INFO sqlalchemy.engine.Engine [cached since 2.521s ago] (None, 'Raisel Iglesias', 'ATL', 'RP', '*03aqv*', None, '2025-12-04 12:56:56.308265')
2025-12-04 17:56:56,310 INFO sqlalchemy.engine.Engine INSERT INTO rosters (league_id, player_id, team_owner, status, created_at) VALUES (?, ?, ?, ?, ?)
2025-12-04 17:56:56,310 INFO sqlalchemy.engine.Engine [cached since 1.142s ago] ('98107dd6-e7e6-4cb2-a703-326c3b1816d2', 169, 'FA', None, '2025-12-04 12:56:56.310261')
2025-12-04 17:56:56,311 INFO sqlalchemy.engine.Engine COMMIT
2025-12-04 17:56:56,318 INFO sqlalchemy.engine.Engine BEGIN (implicit)
2025-12-04 17:56:56,319 INFO sqlalchemy.engine.Engine SELECT players.id, players.razzball_id, players.name, players.team, players.position, players.fantrax_id, players.nfbc_id, players.created_at 
FROM players 
WHERE players.id = ?
2025-12-04 17:56:56,319 INFO sqlalchemy.engine.Engine [cached since 1.169s ago] (170,)
2025-12-04 17:56:56,319 INFO sqlalchemy.engine.Engine SELECT leagues.id AS leagues_id, leagues.user_id AS leagues_user_id, leagues.league_type AS leagues_league_type, leagues.csv_filename AS leagues_csv_filename, leagues.uploaded_at AS leagues_uploaded_at 
FROM leagues 
WHERE leagues.id = ?
2025-12-04 17:56:56,320 INFO sqlalchemy.engine.Engine [cached since 1.169s ago] ('98107dd6-e7e6-4cb2-a703-326c3b1816d2',)
2025-12-04 17:56:56,320 INFO sqlalchemy.engine.Engine SELECT players.id AS players_id, players.razzball_id AS players_razzball_id, players.name AS players_name, players.team AS players_team, players.position AS players_position, players.fantrax_id AS players_fantrax_id, players.nfbc_id AS players_nfbc_id, players.created_at AS players_created_at 
FROM players 
WHERE players.fantrax_id = ?
 LIMIT ? OFFSET ?
2025-12-04 17:56:56,321 INFO sqlalchemy.engine.Engine [cached since 1.195s ago] ('*040b5*', 1, 0)
2025-12-04 17:56:56,321 INFO sqlalchemy.engine.Engine SELECT players.id AS players_id, players.razzball_id AS players_razzball_id, players.name AS players_name, players.team AS players_team, players.position AS players_position, players.fantrax_id AS players_fantrax_id, players.nfbc_id AS players_nfbc_id, players.created_at AS players_created_at 
FROM players 
WHERE players.team = ? AND players.position LIKE ?
2025-12-04 17:56:56,321 INFO sqlalchemy.engine.Engine [cached since 1.194s ago] ('SEA', '%OF%')
2025-12-04 17:56:56,323 INFO sqlalchemy.engine.Engine UPDATE players SET fantrax_id=? WHERE players.id = ?
2025-12-04 17:56:56,323 INFO sqlalchemy.engine.Engine [cached since 0.8771s ago] ('*040b5*', 14)
2025-12-04 17:56:56,324 INFO sqlalchemy.engine.Engine INSERT INTO rosters (league_id, player_id, team_owner, status, created_at) VALUES (?, ?, ?, ?, ?)
2025-12-04 17:56:56,325 INFO sqlalchemy.engine.Engine [cached since 1.156s ago] ('98107dd6-e7e6-4cb2-a703-326c3b1816d2', 170, 'MG', None, '2025-12-04 12:56:56.324223')
2025-12-04 17:56:56,325 INFO sqlalchemy.engine.Engine COMMIT
2025-12-04 17:56:56,332 INFO sqlalchemy.engine.Engine BEGIN (implicit)
2025-12-04 17:56:56,332 INFO sqlalchemy.engine.Engine SELECT leagues.id AS leagues_id, leagues.user_id AS leagues_user_id, leagues.league_type AS leagues_league_type, leagues.csv_filename AS leagues_csv_filename, leagues.uploaded_at AS leagues_uploaded_at 
FROM leagues 
WHERE leagues.id = ?
2025-12-04 17:56:56,332 INFO sqlalchemy.engine.Engine [cached since 1.181s ago] ('98107dd6-e7e6-4cb2-a703-326c3b1816d2',)
2025-12-04 17:56:56,333 INFO sqlalchemy.engine.Engine SELECT players.id AS players_id, players.razzball_id AS players_razzball_id, players.name AS players_name, players.team AS players_team, players.position AS players_position, players.fantrax_id AS players_fantrax_id, players.nfbc_id AS players_nfbc_id, players.created_at AS players_created_at 
FROM players 
WHERE players.id = ?
2025-12-04 17:56:56,333 INFO sqlalchemy.engine.Engine [cached since 0.8757s ago] (14,)
2025-12-04 17:56:56,334 INFO sqlalchemy.engine.Engine SELECT players.id AS players_id, players.razzball_id AS players_razzball_id, players.name AS players_name, players.team AS players_team, players.position AS players_position, players.fantrax_id AS players_fantrax_id, players.nfbc_id AS players_nfbc_id, players.created_at AS players_created_at 
FROM players 
WHERE players.fantrax_id = ?
 LIMIT ? OFFSET ?
2025-12-04 17:56:56,334 INFO sqlalchemy.engine.Engine [cached since 1.208s ago] ('*041r1*', 1, 0)
2025-12-04 17:56:56,335 INFO sqlalchemy.engine.Engine SELECT players.id AS players_id, players.razzball_id AS players_razzball_id, players.name AS players_name, players.team AS players_team, players.position AS players_position, players.fantrax_id AS players_fantrax_id, players.nfbc_id AS players_nfbc_id, players.created_at AS players_created_at 
FROM players 
WHERE players.team = ? AND players.position LIKE ?
2025-12-04 17:56:56,335 INFO sqlalchemy.engine.Engine [cached since 1.207s ago] ('PHI', '%SP%')
2025-12-04 17:56:56,336 INFO sqlalchemy.engine.Engine INSERT INTO players (razzball_id, name, team, position, fantrax_id, nfbc_id, created_at) VALUES (?, ?, ?, ?, ?, ?, ?)
2025-12-04 17:56:56,336 INFO sqlalchemy.engine.Engine [cached since 2.549s ago] (None, 'Jesus Luzardo', 'PHI', 'SP', '*041r1*', None, '2025-12-04 12:56:56.336191')
2025-12-04 17:56:56,337 INFO sqlalchemy.engine.Engine INSERT INTO rosters (league_id, player_id, team_owner, status, created_at) VALUES (?, ?, ?, ?, ?)
2025-12-04 17:56:56,338 INFO sqlalchemy.engine.Engine [cached since 1.169s ago] ('98107dd6-e7e6-4cb2-a703-326c3b1816d2', 14, 'RM', None, '2025-12-04 12:56:56.337189')
2025-12-04 17:56:56,338 INFO sqlalchemy.engine.Engine COMMIT
2025-12-04 17:56:56,345 INFO sqlalchemy.engine.Engine BEGIN (implicit)
2025-12-04 17:56:56,346 INFO sqlalchemy.engine.Engine SELECT players.id, players.razzball_id, players.name, players.team, players.position, players.fantrax_id, players.nfbc_id, players.created_at 
FROM players 
WHERE players.id = ?
2025-12-04 17:56:56,346 INFO sqlalchemy.engine.Engine [cached since 1.197s ago] (171,)
2025-12-04 17:56:56,348 INFO sqlalchemy.engine.Engine SELECT leagues.id AS leagues_id, leagues.user_id AS leagues_user_id, leagues.league_type AS leagues_league_type, leagues.csv_filename AS leagues_csv_filename, leagues.uploaded_at AS leagues_uploaded_at 
FROM leagues 
WHERE leagues.id = ?
2025-12-04 17:56:56,348 INFO sqlalchemy.engine.Engine [cached since 1.197s ago] ('98107dd6-e7e6-4cb2-a703-326c3b1816d2',)
2025-12-04 17:56:56,349 INFO sqlalchemy.engine.Engine SELECT players.id AS players_id, players.razzball_id AS players_razzball_id, players.name AS players_name, players.team AS players_team, players.position AS players_position, players.fantrax_id AS players_fantrax_id, players.nfbc_id AS players_nfbc_id, players.created_at AS players_created_at 
FROM players 
WHERE players.fantrax_id = ?
 LIMIT ? OFFSET ?
2025-12-04 17:56:56,349 INFO sqlalchemy.engine.Engine [cached since 1.223s ago] ('*03ann*', 1, 0)
2025-12-04 17:56:56,350 INFO sqlalchemy.engine.Engine SELECT players.id AS players_id, players.razzball_id AS players_razzball_id, players.name AS players_name, players.team AS players_team, players.position AS players_position, players.fantrax_id AS players_fantrax_id, players.nfbc_id AS players_nfbc_id, players.created_at AS players_created_at 
FROM players 
WHERE players.team = ? AND players.position LIKE ?
2025-12-04 17:56:56,350 INFO sqlalchemy.engine.Engine [cached since 1.222s ago] ('TOR', '%RP%')
2025-12-04 17:56:56,350 INFO sqlalchemy.engine.Engine SELECT players.id AS players_id, players.razzball_id AS players_razzball_id, players.name AS players_name, players.team AS players_team, players.position AS players_position, players.fantrax_id AS players_fantrax_id, players.nfbc_id AS players_nfbc_id, players.created_at AS players_created_at 
FROM players
2025-12-04 17:56:56,351 INFO sqlalchemy.engine.Engine [cached since 2.142s ago] ()
2025-12-04 17:56:56,363 INFO sqlalchemy.engine.Engine INSERT INTO players (razzball_id, name, team, position, fantrax_id, nfbc_id, created_at) VALUES (?, ?, ?, ?, ?, ?, ?)
2025-12-04 17:56:56,364 INFO sqlalchemy.engine.Engine [cached since 2.576s ago] (None, 'Jeff Hoffman', 'TOR', 'RP', '*03ann*', None, '2025-12-04 12:56:56.363122')
2025-12-04 17:56:56,365 INFO sqlalchemy.engine.Engine INSERT INTO rosters (league_id, player_id, team_owner, status, created_at) VALUES (?, ?, ?, ?, ?)
2025-12-04 17:56:56,366 INFO sqlalchemy.engine.Engine [cached since 1.197s ago] ('98107dd6-e7e6-4cb2-a703-326c3b1816d2', 171, 'BE', None, '2025-12-04 12:56:56.365116')
2025-12-04 17:56:56,366 INFO sqlalchemy.engine.Engine COMMIT
2025-12-04 17:56:56,372 INFO sqlalchemy.engine.Engine BEGIN (implicit)
2025-12-04 17:56:56,372 INFO sqlalchemy.engine.Engine SELECT players.id, players.razzball_id, players.name, players.team, players.position, players.fantrax_id, players.nfbc_id, players.created_at 
FROM players 
WHERE players.id = ?
2025-12-04 17:56:56,372 INFO sqlalchemy.engine.Engine [cached since 1.223s ago] (172,)
2025-12-04 17:56:56,373 INFO sqlalchemy.engine.Engine SELECT leagues.id AS leagues_id, leagues.user_id AS leagues_user_id, leagues.league_type AS leagues_league_type, leagues.csv_filename AS leagues_csv_filename, leagues.uploaded_at AS leagues_uploaded_at 
FROM leagues 
WHERE leagues.id = ?
2025-12-04 17:56:56,373 INFO sqlalchemy.engine.Engine [cached since 1.222s ago] ('98107dd6-e7e6-4cb2-a703-326c3b1816d2',)
2025-12-04 17:56:56,374 INFO sqlalchemy.engine.Engine INSERT INTO rosters (league_id, player_id, team_owner, status, created_at) VALUES (?, ?, ?, ?, ?)
2025-12-04 17:56:56,374 INFO sqlalchemy.engine.Engine [cached since 1.206s ago] ('98107dd6-e7e6-4cb2-a703-326c3b1816d2', 172, 'ST', None, '2025-12-04 12:56:56.374089')
2025-12-04 17:56:56,375 INFO sqlalchemy.engine.Engine COMMIT
   [OK] Stored 50 roster entries

Step 4: Querying rosters...
2025-12-04 17:56:56,381 INFO sqlalchemy.engine.Engine BEGIN (implicit)
2025-12-04 17:56:56,382 INFO sqlalchemy.engine.Engine SELECT leagues.id AS leagues_id, leagues.user_id AS leagues_user_id, leagues.league_type AS leagues_league_type, leagues.csv_filename AS leagues_csv_filename, leagues.uploaded_at AS leagues_uploaded_at 
FROM leagues 
WHERE leagues.id = ?
2025-12-04 17:56:56,382 INFO sqlalchemy.engine.Engine [cached since 1.231s ago] ('98107dd6-e7e6-4cb2-a703-326c3b1816d2',)
2025-12-04 17:56:56,384 INFO sqlalchemy.engine.Engine SELECT rosters.id AS rosters_id, rosters.league_id AS rosters_league_id, rosters.player_id AS rosters_player_id, rosters.team_owner AS rosters_team_owner, rosters.status AS rosters_status, rosters.created_at AS rosters_created_at 
FROM rosters 
WHERE rosters.league_id = ?
2025-12-04 17:56:56,384 INFO sqlalchemy.engine.Engine [generated in 0.00016s] ('98107dd6-e7e6-4cb2-a703-326c3b1816d2',)
   [OK] Total rosters: 50
   [OK] Free agents: 0

Step 5: Sample roster with projections:
2025-12-04 17:56:56,388 INFO sqlalchemy.engine.Engine SELECT players.id AS players_id, players.razzball_id AS players_razzball_id, players.name AS players_name, players.team AS players_team, players.position AS players_position, players.fantrax_id AS players_fantrax_id, players.nfbc_id AS players_nfbc_id, players.created_at AS players_created_at 
FROM players 
WHERE players.id = ?
2025-12-04 17:56:56,388 INFO sqlalchemy.engine.Engine [generated in 0.00035s] (130,)
2025-12-04 17:56:56,390 INFO sqlalchemy.engine.Engine SELECT projections_daily.id AS projections_daily_id, projections_daily.player_id AS projections_daily_player_id, projections_daily.date AS projections_daily_date, projections_daily.pa AS projections_daily_pa, projections_daily.ab AS projections_daily_ab, projections_daily.h AS projections_daily_h, projections_daily.r AS projections_daily_r, projections_daily.hr AS projections_daily_hr, projections_daily.rbi AS projections_daily_rbi, projections_daily.sb AS projections_daily_sb, projections_daily.bb AS projections_daily_bb, projections_daily.so AS projections_daily_so, projections_daily.avg AS projections_daily_avg, projections_daily.obp AS projections_daily_obp, projections_daily.slg AS projections_daily_slg, projections_daily.ip AS projections_daily_ip, projections_daily.k AS projections_daily_k, projections_daily.w AS projections_daily_w, projections_daily.l AS projections_daily_l, projections_daily.sv AS projections_daily_sv, projections_daily.era AS projections_daily_era, projections_daily.whip AS projections_daily_whip, projections_daily.fetched_at AS projections_daily_fetched_at 
FROM projections_daily 
WHERE ? = projections_daily.player_id
2025-12-04 17:56:56,390 INFO sqlalchemy.engine.Engine [generated in 0.00019s] (130,)
   - Garrett Crochet (AA): No projections
2025-12-04 17:56:56,391 INFO sqlalchemy.engine.Engine SELECT players.id AS players_id, players.razzball_id AS players_razzball_id, players.name AS players_name, players.team AS players_team, players.position AS players_position, players.fantrax_id AS players_fantrax_id, players.nfbc_id AS players_nfbc_id, players.created_at AS players_created_at 
FROM players 
WHERE players.id = ?
2025-12-04 17:56:56,391 INFO sqlalchemy.engine.Engine [cached since 0.003791s ago] (131,)
2025-12-04 17:56:56,392 INFO sqlalchemy.engine.Engine SELECT projections_daily.id AS projections_daily_id, projections_daily.player_id AS projections_daily_player_id, projections_daily.date AS projections_daily_date, projections_daily.pa AS projections_daily_pa, projections_daily.ab AS projections_daily_ab, projections_daily.h AS projections_daily_h, projections_daily.r AS projections_daily_r, projections_daily.hr AS projections_daily_hr, projections_daily.rbi AS projections_daily_rbi, projections_daily.sb AS projections_daily_sb, projections_daily.bb AS projections_daily_bb, projections_daily.so AS projections_daily_so, projections_daily.avg AS projections_daily_avg, projections_daily.obp AS projections_daily_obp, projections_daily.slg AS projections_daily_slg, projections_daily.ip AS projections_daily_ip, projections_daily.k AS projections_daily_k, projections_daily.w AS projections_daily_w, projections_daily.l AS projections_daily_l, projections_daily.sv AS projections_daily_sv, projections_daily.era AS projections_daily_era, projections_daily.whip AS projections_daily_whip, projections_daily.fetched_at AS projections_daily_fetched_at 
FROM projections_daily 
WHERE ? = projections_daily.player_id
2025-12-04 17:56:56,392 INFO sqlalchemy.engine.Engine [cached since 0.00193s ago] (131,)
   - Juan Soto (MG): No projections
2025-12-04 17:56:56,393 INFO sqlalchemy.engine.Engine SELECT players.id AS players_id, players.razzball_id AS players_razzball_id, players.name AS players_name, players.team AS players_team, players.position AS players_position, players.fantrax_id AS players_fantrax_id, players.nfbc_id AS players_nfbc_id, players.created_at AS players_created_at 
FROM players 
WHERE players.id = ?
2025-12-04 17:56:56,393 INFO sqlalchemy.engine.Engine [cached since 0.005304s ago] (132,)
2025-12-04 17:56:56,393 INFO sqlalchemy.engine.Engine SELECT projections_daily.id AS projections_daily_id, projections_daily.player_id AS projections_daily_player_id, projections_daily.date AS projections_daily_date, projections_daily.pa AS projections_daily_pa, projections_daily.ab AS projections_daily_ab, projections_daily.h AS projections_daily_h, projections_daily.r AS projections_daily_r, projections_daily.hr AS projections_daily_hr, projections_daily.rbi AS projections_daily_rbi, projections_daily.sb AS projections_daily_sb, projections_daily.bb AS projections_daily_bb, projections_daily.so AS projections_daily_so, projections_daily.avg AS projections_daily_avg, projections_daily.obp AS projections_daily_obp, projections_daily.slg AS projections_daily_slg, projections_daily.ip AS projections_daily_ip, projections_daily.k AS projections_daily_k, projections_daily.w AS projections_daily_w, projections_daily.l AS projections_daily_l, projections_daily.sv AS projections_daily_sv, projections_daily.era AS projections_daily_era, projections_daily.whip AS projections_daily_whip, projections_daily.fetched_at AS projections_daily_fetched_at 
FROM projections_daily 
WHERE ? = projections_daily.player_id
2025-12-04 17:56:56,394 INFO sqlalchemy.engine.Engine [cached since 0.003517s ago] (132,)
   - Aroldis Chapman (Doc): No projections
2025-12-04 17:56:56,395 INFO sqlalchemy.engine.Engine SELECT players.id AS players_id, players.razzball_id AS players_razzball_id, players.name AS players_name, players.team AS players_team, players.position AS players_position, players.fantrax_id AS players_fantrax_id, players.nfbc_id AS players_nfbc_id, players.created_at AS players_created_at 
FROM players 
WHERE players.id = ?
2025-12-04 17:56:56,395 INFO sqlalchemy.engine.Engine [cached since 0.007949s ago] (133,)
2025-12-04 17:56:56,398 INFO sqlalchemy.engine.Engine SELECT projections_daily.id AS projections_daily_id, projections_daily.player_id AS projections_daily_player_id, projections_daily.date AS projections_daily_date, projections_daily.pa AS projections_daily_pa, projections_daily.ab AS projections_daily_ab, projections_daily.h AS projections_daily_h, projections_daily.r AS projections_daily_r, projections_daily.hr AS projections_daily_hr, projections_daily.rbi AS projections_daily_rbi, projections_daily.sb AS projections_daily_sb, projections_daily.bb AS projections_daily_bb, projections_daily.so AS projections_daily_so, projections_daily.avg AS projections_daily_avg, projections_daily.obp AS projections_daily_obp, projections_daily.slg AS projections_daily_slg, projections_daily.ip AS projections_daily_ip, projections_daily.k AS projections_daily_k, projections_daily.w AS projections_daily_w, projections_daily.l AS projections_daily_l, projections_daily.sv AS projections_daily_sv, projections_daily.era AS projections_daily_era, projections_daily.whip AS projections_daily_whip, projections_daily.fetched_at AS projections_daily_fetched_at 
FROM projections_daily 
WHERE ? = projections_daily.player_id
2025-12-04 17:56:56,398 INFO sqlalchemy.engine.Engine [cached since 0.007875s ago] (133,)
   - Edwin Diaz (AA): No projections
2025-12-04 17:56:56,399 INFO sqlalchemy.engine.Engine SELECT players.id AS players_id, players.razzball_id AS players_razzball_id, players.name AS players_name, players.team AS players_team, players.position AS players_position, players.fantrax_id AS players_fantrax_id, players.nfbc_id AS players_nfbc_id, players.created_at AS players_created_at 
FROM players 
WHERE players.id = ?
2025-12-04 17:56:56,399 INFO sqlalchemy.engine.Engine [cached since 0.01168s ago] (134,)
2025-12-04 17:56:56,400 INFO sqlalchemy.engine.Engine SELECT projections_daily.id AS projections_daily_id, projections_daily.player_id AS projections_daily_player_id, projections_daily.date AS projections_daily_date, projections_daily.pa AS projections_daily_pa, projections_daily.ab AS projections_daily_ab, projections_daily.h AS projections_daily_h, projections_daily.r AS projections_daily_r, projections_daily.hr AS projections_daily_hr, projections_daily.rbi AS projections_daily_rbi, projections_daily.sb AS projections_daily_sb, projections_daily.bb AS projections_daily_bb, projections_daily.so AS projections_daily_so, projections_daily.avg AS projections_daily_avg, projections_daily.obp AS projections_daily_obp, projections_daily.slg AS projections_daily_slg, projections_daily.ip AS projections_daily_ip, projections_daily.k AS projections_daily_k, projections_daily.w AS projections_daily_w, projections_daily.l AS projections_daily_l, projections_daily.sv AS projections_daily_sv, projections_daily.era AS projections_daily_era, projections_daily.whip AS projections_daily_whip, projections_daily.fetched_at AS projections_daily_fetched_at 
FROM projections_daily 
WHERE ? = projections_daily.player_id
2025-12-04 17:56:56,400 INFO sqlalchemy.engine.Engine [cached since 0.01004s ago] (134,)
   - Tarik Skubal (SW): No projections

[OK] FULL WORKFLOW SUCCESS!


============================================================
TEST SUMMARY
============================================================

[OK] PASS - Csv Parsing
[OK] PASS - Projections
[OK] PASS - Player Matching
[OK] PASS - Full Workflow

============================================================
[SUCCESS] ALL TESTS PASSED!
============================================================

2025-12-04 17:56:56,403 INFO sqlalchemy.engine.Engine ROLLBACK
